routes=['window_to_rl', 'ralow_to_ratop', 'lifts_to_sng_mega', 'ring_to_ratop', 'sngspawn_a_to_mega', 'sngspawn_b_to_mega', 'tunnel_to_ra']  n_per_route=2048  human_k=0  envs=7  total_slots=14336  T=64  gamma=0.999
  window_to_rl           navmesh                      path    2002 u  n= 2048  gate  2.75s  needs    728 u/s average
  ralow_to_ratop         navmesh                      path    3052 u  n= 2048  gate  7.71s  needs    396 u/s average
  lifts_to_sng_mega      navmesh                      path    2325 u  n= 2048  gate  7.93s  needs    293 u/s average
  ring_to_ratop          navmesh                      path    2842 u  n= 2048  gate  9.26s  needs    307 u/s average
  sngspawn_a_to_mega     navmesh                      path    2540 u  n= 2048  gate  9.98s  needs    255 u/s average
  sngspawn_b_to_mega     navmesh                      path    3110 u  n= 2048  gate  9.98s  needs    312 u/s average
  tunnel_to_ra           navmesh                      path    3885 u  n= 2048  gate 12.13s  needs    320 u/s average
[it     1/4000 critic_warmup] rew -0.0217 vl    0.962 ent +0.304 kl 0.0000 spd 0.601 jmp 0.115 lo 0.75 3s | window:100%/0.36 ralow:100%/0.77 lifts:100%/0.48 ring:100%/0.67 sngspa:100%/0.53 sngspa:  0%/  -   tunnel:  0%/  -  
[it    10/4000 critic_warmup] rew -0.0422 vl    0.372 ent +0.311 kl 0.0000 spd 0.193 jmp 0.175 lo 0.75 18s | window:100%/1.57 ralow:100%/1.80 lifts:100%/2.66 ring:100%/1.74 sngspa:100%/2.07 sngspa:100%/1.86 tunnel:100%/4.89
[it    20/4000           ppo] rew -0.0289 vl    3.993 ent +0.179 kl 0.0130 spd 0.298 jmp 0.152 lo 0.74 34s | window: 71%/0.60 ralow:  5%/0.73 lifts: 10%/0.52 ring:  0%/  -   sngspa:  0%/  -   sngspa:  0%/  -   tunnel:  0%/  -  
[it    30/4000           ppo] rew -0.0202 vl    4.739 ent +0.034 kl 0.0094 spd 0.352 jmp 0.185 lo 0.74 51s | window: 71%/0.52 ralow: 68%/3.51 lifts: 89%/1.61 ring:  7%/0.80 sngspa: 11%/1.02 sngspa:  4%/1.16 tunnel:  1%/1.02
[it    40/4000           ppo] rew -0.0212 vl    3.366 ent +0.011 kl 0.0112 spd 0.449 jmp 0.165 lo 0.74 68s | window: 92%/0.53 ralow:  5%/0.71 lifts: 17%/0.69 ring:  0%/  -   sngspa:  0%/  -   sngspa:  0%/  -   tunnel:100%/7.57
[it    50/4000           ppo] rew -0.0015 vl    2.695 ent +0.051 kl 0.0097 spd 0.449 jmp 0.182 lo 0.73 85s | window: 92%/0.50 ralow:  8%/3.85 lifts: 54%/1.01 ring: 10%/0.81 sngspa: 16%/0.85 sngspa:  8%/1.18 tunnel:  1%/0.92
[it    60/4000           ppo] rew -0.0012 vl    2.680 ent +0.075 kl 0.0075 spd 0.419 jmp 0.203 lo 0.73 102s | window: 97%/0.52 ralow:  6%/0.73 lifts: 17%/0.80 ring:  0%/  -   sngspa:100%/1.48 sngspa:  0%/  -   tunnel: 38%/4.55
[it    70/4000           ppo] rew +0.0239 vl   17.143 ent +0.052 kl 0.0129 spd 0.380 jmp 0.210 lo 0.73 120s | window: 96%/0.52 ralow:  0%/  -   lifts: 41%/1.20 ring: 11%/0.84 sngspa: 18%/0.98 sngspa: 11%/1.22 tunnel:  0%/  -  
[it    80/4000           ppo] rew +0.0007 vl    1.944 ent +0.120 kl 0.0082 spd 0.304 jmp 0.221 lo 0.73 137s | window: 97%/0.52 ralow:  7%/0.77 lifts: 17%/0.92 ring:100%/11.84 sngspa: 50%/1.11 sngspa:100%/1.65 tunnel: 43%/1.48
[it    90/4000           ppo] rew +0.0041 vl    2.322 ent +0.088 kl 0.0086 spd 0.317 jmp 0.226 lo 0.72 154s | window: 97%/0.52 ralow:  0%/  -   lifts: 50%/1.62 ring: 11%/0.88 sngspa: 18%/1.13 sngspa: 12%/1.29 tunnel:  0%/  -  
[it   100/4000           ppo] rew +0.0061 vl    1.759 ent +0.032 kl 0.0077 spd 0.351 jmp 0.222 lo 0.72 171s | window: 98%/0.53 ralow:  6%/0.77 lifts: 17%/1.04 ring:  0%/  -   sngspa: 75%/2.55 sngspa: 83%/1.88 tunnel:  1%/1.30
[it   110/4000           ppo] rew +0.0220 vl   15.098 ent -0.035 kl 0.0083 spd 0.392 jmp 0.208 lo 0.72 188s | window: 98%/0.52 ralow:  0%/  -   lifts: 42%/1.23 ring:  9%/0.88 sngspa: 19%/1.11 sngspa: 13%/1.27 tunnel: 33%/15.34
[it   120/4000           ppo] rew +0.0049 vl    2.579 ent -0.080 kl 0.0088 spd 0.386 jmp 0.206 lo 0.71 205s | window: 97%/0.50 ralow: 16%/0.73 lifts: 24%/0.85 ring:  0%/  -   sngspa: 63%/2.00 sngspa: 70%/2.30 tunnel:  0%/1.04
[it   130/4000           ppo] rew +0.0206 vl   14.833 ent -0.199 kl 0.0078 spd 0.416 jmp 0.197 lo 0.71 222s | window: 97%/0.52 ralow:  4%/0.71 lifts:  1%/1.00 ring: 10%/0.81 sngspa: 22%/1.09 sngspa: 15%/1.23 tunnel:  4%/5.43
[it   140/4000           ppo] rew +0.0025 vl    5.094 ent -0.176 kl 0.0089 spd 0.283 jmp 0.211 lo 0.71 239s | window: 97%/0.52 ralow: 19%/0.85 lifts: 32%/0.95 ring:  0%/  -   sngspa: 59%/1.31 sngspa: 62%/2.14 tunnel:  0%/0.90
[it   150/4000           ppo] rew +0.0161 vl   14.171 ent -0.176 kl 0.0128 spd 0.316 jmp 0.214 lo 0.7 256s | window: 97%/0.52 ralow:  4%/0.70 lifts: 10%/0.83 ring:  8%/0.81 sngspa: 17%/1.09 sngspa: 12%/1.27 tunnel:  7%/3.31
[it   160/4000           ppo] rew -0.0009 vl    2.175 ent -0.102 kl 0.0137 spd 0.237 jmp 0.251 lo 0.7 273s | window: 96%/0.50 ralow:  5%/0.67 lifts: 36%/1.12 ring:  0%/  -   sngspa: 38%/1.22 sngspa: 41%/1.88 tunnel:  0%/  -  
[it   170/4000           ppo] rew +0.0147 vl   13.537 ent -0.217 kl 0.0071 spd 0.360 jmp 0.235 lo 0.7 290s | window: 96%/0.50 ralow:  3%/0.71 lifts: 13%/0.88 ring:  8%/0.80 sngspa: 13%/1.01 sngspa:  9%/1.20 tunnel:  1%/0.91
[it   180/4000           ppo] rew -0.0024 vl    1.949 ent -0.067 kl 0.0103 spd 0.219 jmp 0.277 lo 0.69 308s | window: 96%/0.49 ralow:  0%/  -   lifts: 34%/1.11 ring:  0%/  -   sngspa: 29%/1.13 sngspa: 26%/1.36 tunnel:  0%/  -  
[it   190/4000           ppo] rew +0.0114 vl   12.672 ent -0.170 kl 0.0139 spd 0.311 jmp 0.288 lo 0.69 325s | window: 95%/0.49 ralow:  4%/0.68 lifts: 17%/0.99 ring:  7%/0.77 sngspa: 11%/1.08 sngspa:  6%/1.12 tunnel:  1%/0.81
[it   200/4000           ppo] rew -0.0046 vl    2.384 ent -0.059 kl 0.0076 spd 0.216 jmp 0.298 lo 0.69 342s | window: 95%/0.49 ralow:  0%/  -   lifts: 36%/1.11 ring:  0%/  -   sngspa: 27%/1.15 sngspa: 19%/1.30 tunnel:  5%/5.04
[it   210/4000           ppo] rew +0.0110 vl   13.740 ent -0.222 kl 0.0093 spd 0.324 jmp 0.273 lo 0.68 358s | window: 95%/0.49 ralow:  3%/0.69 lifts: 17%/0.98 ring:  5%/0.76 sngspa:  9%/0.81 sngspa:  5%/1.04 tunnel:  0%/0.73
[it   220/4000           ppo] rew +0.0044 vl   11.464 ent -0.085 kl 0.0071 spd 0.213 jmp 0.310 lo 0.68 375s | window: 94%/0.49 ralow:  0%/  -   lifts: 35%/1.09 ring:  0%/  -   sngspa: 22%/1.13 sngspa: 16%/1.16 tunnel:  2%/0.74
[it   230/4000           ppo] rew +0.0043 vl   10.905 ent -0.029 kl 0.0113 spd 0.229 jmp 0.343 lo 0.68 392s | window: 94%/0.49 ralow:  7%/0.67 lifts: 22%/0.80 ring:  6%/0.73 sngspa:  6%/0.61 sngspa:  1%/1.12 tunnel:  0%/  -  
[it   240/4000           ppo] rew -0.0057 vl    5.705 ent -0.121 kl 0.0077 spd 0.230 jmp 0.361 lo 0.68 408s | window: 94%/0.48 ralow:  3%/0.67 lifts: 37%/1.08 ring:  0%/  -   sngspa: 21%/0.94 sngspa: 13%/1.12 tunnel:  1%/0.88
[it   250/4000           ppo] rew -0.0091 vl    3.054 ent +0.021 kl 0.0094 spd 0.181 jmp 0.427 lo 0.67 425s | window: 94%/0.48 ralow:  8%/0.71 lifts: 21%/0.83 ring:  5%/0.74 sngspa: 12%/1.50 sngspa: 12%/1.34 tunnel:  0%/  -  
[it   260/4000           ppo] rew -0.0056 vl    5.152 ent -0.129 kl 0.0074 spd 0.220 jmp 0.373 lo 0.67 442s | window: 94%/0.49 ralow:  3%/0.63 lifts: 20%/0.99 ring:  0%/  -   sngspa: 17%/0.91 sngspa:  9%/1.08 tunnel:  0%/0.85
[it   270/4000           ppo] rew -0.0114 vl    2.770 ent -0.015 kl 0.0093 spd 0.172 jmp 0.370 lo 0.67 459s | window: 94%/0.48 ralow: 10%/1.02 lifts: 20%/0.78 ring:  5%/0.70 sngspa: 24%/0.88 sngspa: 24%/1.35 tunnel:  0%/  -  
[it   280/4000           ppo] rew -0.0054 vl    6.940 ent -0.209 kl 0.0076 spd 0.231 jmp 0.341 lo 0.66 476s | window: 93%/0.49 ralow:  3%/0.67 lifts: 14%/0.54 ring:  0%/  -   sngspa: 17%/0.85 sngspa: 10%/1.06 tunnel:  0%/0.76
[it   290/4000           ppo] rew -0.0126 vl    2.402 ent -0.039 kl 0.0083 spd 0.170 jmp 0.396 lo 0.66 492s | window: 93%/0.49 ralow:  0%/  -   lifts: 24%/0.73 ring:  5%/0.72 sngspa: 31%/1.13 sngspa: 20%/1.06 tunnel:  5%/5.78
[it   300/4000           ppo] rew -0.0027 vl    7.004 ent -0.148 kl 0.0069 spd 0.217 jmp 0.385 lo 0.66 509s | window: 93%/0.49 ralow:  3%/0.70 lifts: 16%/0.69 ring:  0%/  -   sngspa: 16%/0.82 sngspa: 10%/1.04 tunnel: 33%/20.27
[it   310/4000           ppo] rew -0.0132 vl    2.311 ent -0.084 kl 0.0080 spd 0.167 jmp 0.407 lo 0.65 526s | window: 93%/0.49 ralow:100%/8.62 lifts: 25%/0.77 ring:  5%/0.71 sngspa: 33%/0.87 sngspa: 13%/1.18 tunnel:  1%/4.75
[it   320/4000           ppo] rew -0.0036 vl    7.716 ent -0.156 kl 0.0086 spd 0.225 jmp 0.427 lo 0.65 543s | window: 93%/0.49 ralow:  3%/0.71 lifts: 17%/0.63 ring: 50%/13.03 sngspa: 15%/0.84 sngspa:  8%/1.03 tunnel: 50%/17.23
[it   330/4000           ppo] rew -0.0028 vl   10.181 ent -0.156 kl 0.0092 spd 0.183 jmp 0.418 lo 0.65 559s | window: 93%/0.49 ralow:  0%/4.06 lifts: 27%/0.77 ring:  6%/0.76 sngspa: 27%/0.88 sngspa: 21%/1.13 tunnel:  1%/3.82
[it   340/4000           ppo] rew -0.0034 vl    7.418 ent -0.218 kl 0.0087 spd 0.231 jmp 0.410 lo 0.64 576s | window: 93%/0.49 ralow:  5%/0.71 lifts: 17%/0.71 ring: 33%/10.96 sngspa: 12%/0.84 sngspa:  8%/1.11 tunnel: 22%/6.33
[it   350/4000           ppo] rew -0.0087 vl    5.013 ent -0.372 kl 0.0079 spd 0.226 jmp 0.378 lo 0.64 593s | window: 93%/0.48 ralow:  2%/0.63 lifts: 23%/0.71 ring:  4%/0.70 sngspa: 27%/0.92 sngspa: 21%/1.27 tunnel:  1%/0.85
[it   360/4000           ppo] rew -0.0046 vl    7.817 ent -0.283 kl 0.0095 spd 0.235 jmp 0.382 lo 0.64 609s | window: 93%/0.49 ralow: 12%/3.85 lifts: 17%/0.71 ring: 40%/12.96 sngspa: 13%/0.78 sngspa:  9%/0.97 tunnel: 18%/4.52
[it   370/4000           ppo] rew +0.0070 vl   15.524 ent -0.382 kl 0.0110 spd 0.229 jmp 0.360 lo 0.63 626s | window: 92%/0.50 ralow:  2%/0.67 lifts: 29%/0.84 ring:  4%/0.71 sngspa: 23%/0.87 sngspa: 19%/1.48 tunnel:  0%/  -  
[it   380/4000           ppo] rew -0.0061 vl    7.875 ent -0.282 kl 0.0121 spd 0.229 jmp 0.392 lo 0.63 642s | window: 93%/0.49 ralow:  6%/3.96 lifts: 14%/0.74 ring:  0%/  -   sngspa: 12%/0.76 sngspa:  7%/1.03 tunnel:  5%/1.04
[it   390/4000           ppo] rew -0.0144 vl    2.864 ent -0.271 kl 0.0099 spd 0.179 jmp 0.404 lo 0.63 659s | window: 92%/0.48 ralow:  2%/0.66 lifts: 17%/1.03 ring:  3%/0.77 sngspa: 22%/0.89 sngspa: 14%/1.16 tunnel:  0%/  -  
[it   400/4000           ppo] rew -0.0068 vl    7.919 ent -0.341 kl 0.0083 spd 0.221 jmp 0.396 lo 0.63 676s | window: 92%/0.48 ralow:  3%/0.67 lifts: 14%/0.73 ring: 29%/0.78 sngspa:  9%/0.74 sngspa:  5%/0.84 tunnel:  1%/0.88
[it   410/4000           ppo] rew -0.0151 vl    3.692 ent -0.315 kl 0.0080 spd 0.179 jmp 0.408 lo 0.62 692s | window: 92%/0.49 ralow:  1%/0.64 lifts: 14%/0.78 ring:  3%/0.77 sngspa: 18%/0.84 sngspa: 12%/1.30 tunnel:  0%/  -  
[it   420/4000           ppo] rew -0.0091 vl    7.586 ent -0.380 kl 0.0063 spd 0.210 jmp 0.424 lo 0.62 708s | window: 91%/0.49 ralow:  0%/  -   lifts: 14%/0.70 ring: 17%/0.71 sngspa:  7%/0.79 sngspa:  3%/0.90 tunnel:  1%/0.92
[it   430/4000           ppo] rew -0.0142 vl    4.161 ent -0.312 kl 0.0070 spd 0.188 jmp 0.408 lo 0.62 725s | window: 92%/0.49 ralow:  1%/0.68 lifts: 10%/0.70 ring:  2%/0.76 sngspa: 15%/0.87 sngspa: 12%/1.11 tunnel:  4%/3.88
[it   440/4000           ppo] rew +0.0042 vl   14.581 ent -0.470 kl 0.0101 spd 0.250 jmp 0.371 lo 0.61 742s | window: 92%/0.49 ralow:  0%/0.28 lifts: 15%/0.67 ring:  0%/  -   sngspa:  7%/0.67 sngspa:  3%/0.84 tunnel:  0%/0.81
[it   450/4000           ppo] rew -0.0122 vl    4.477 ent -0.288 kl 0.0072 spd 0.207 jmp 0.439 lo 0.61 758s | window: 93%/0.49 ralow:  2%/0.68 lifts:  9%/0.57 ring:  3%/0.73 sngspa: 16%/0.83 sngspa: 11%/1.15 tunnel:  3%/1.64
[it   460/4000           ppo] rew -0.0090 vl    7.986 ent -0.351 kl 0.0070 spd 0.203 jmp 0.405 lo 0.61 775s | window: 93%/0.50 ralow:  1%/0.62 lifts: 15%/0.73 ring:  0%/  -   sngspa: 10%/1.04 sngspa:  3%/0.91 tunnel:  0%/  -  
[it   470/4000           ppo] rew -0.0127 vl    4.789 ent -0.322 kl 0.0061 spd 0.220 jmp 0.423 lo 0.6 792s | window: 93%/0.49 ralow:  2%/0.87 lifts: 14%/0.64 ring:  2%/0.67 sngspa: 14%/0.78 sngspa: 11%/1.11 tunnel:  1%/0.84
[it   480/4000           ppo] rew -0.0125 vl    4.385 ent -0.299 kl 0.0084 spd 0.181 jmp 0.404 lo 0.6 808s | window: 93%/0.49 ralow:  1%/0.73 lifts: 19%/0.76 ring:  0%/  -   sngspa: 22%/1.12 sngspa:  5%/1.16 tunnel:  0%/  -  
[it   490/4000           ppo] rew -0.0116 vl    5.092 ent -0.351 kl 0.0072 spd 0.229 jmp 0.401 lo 0.6 827s | window: 94%/0.52 ralow:  4%/0.71 lifts: 13%/0.70 ring:  2%/0.73 sngspa: 14%/0.80 sngspa:  7%/1.06 tunnel:  0%/0.86
[it   500/4000           ppo] rew -0.0175 vl    2.084 ent -0.305 kl 0.0068 spd 0.168 jmp 0.394 lo 0.59 846s | window: 94%/0.50 ralow:  1%/0.59 lifts: 21%/0.71 ring:  0%/  -   sngspa: 21%/0.90 sngspa: 17%/1.18 tunnel:  0%/  -  
[it   510/4000           ppo] rew -0.0086 vl    6.423 ent -0.496 kl 0.0132 spd 0.254 jmp 0.341 lo 0.59 862s | window: 93%/0.49 ralow:  0%/  -   lifts: 13%/0.64 ring:  3%/0.73 sngspa: 11%/0.74 sngspa:  7%/1.00 tunnel:  1%/0.87
[it   520/4000           ppo] rew -0.0197 vl    1.914 ent -0.320 kl 0.0054 spd 0.167 jmp 0.369 lo 0.59 880s | window: 93%/0.50 ralow:  1%/0.66 lifts: 22%/0.74 ring:  0%/  -   sngspa: 17%/0.91 sngspa: 17%/1.01 tunnel:  0%/  -  
[it   530/4000           ppo] rew -0.0119 vl    5.455 ent -0.391 kl 0.0057 spd 0.211 jmp 0.352 lo 0.58 900s | window: 91%/0.49 ralow:  0%/  -   lifts: 12%/0.63 ring:  2%/0.75 sngspa: 11%/0.67 sngspa:  6%/0.94 tunnel:  0%/  -  
[it   540/4000           ppo] rew -0.0206 vl    2.694 ent -0.350 kl 0.0065 spd 0.168 jmp 0.354 lo 0.58 916s | window: 92%/0.49 ralow:  0%/0.63 lifts: 17%/0.64 ring:  0%/  -   sngspa: 18%/0.83 sngspa: 13%/1.41 tunnel:  0%/0.95
