resumed from pipeline/out/race/race_v7.pt
routes=['window_to_rl', 'ralow_to_ratop', 'lifts_to_sng_mega', 'quad_to_ra', 'ring_to_ratop', 'sngspawn_a_to_mega', 'sngspawn_b_to_mega', 'tunnel_to_ra']  n_per_route=2048  human_k=6  envs=48  total_slots=16368  T=64  gamma=0.999
  window_to_rl           human:6796@2.069             path    1327 u  n=  341  gate  2.75s  needs    482 u/s average
  window_to_rl           human:56762@2.174            path    1237 u  n=  341  gate  2.75s  needs    450 u/s average
  window_to_rl           human:22269@2.178            path    1134 u  n=  341  gate  2.75s  needs    412 u/s average
  window_to_rl           human:28039@2.179            path    1133 u  n=  341  gate  2.75s  needs    412 u/s average
  window_to_rl           human:55363@2.185            path    1249 u  n=  341  gate  2.75s  needs    454 u/s average
  window_to_rl           human:18302@2.204            path    1216 u  n=  341  gate  2.75s  needs    442 u/s average
  ralow_to_ratop         human:44665@5.348            path    2562 u  n=  341  gate  7.71s  needs    332 u/s average
  ralow_to_ratop         human:38678@5.62             path    2559 u  n=  341  gate  7.71s  needs    332 u/s average
  ralow_to_ratop         human:22675@5.631            path    2642 u  n=  341  gate  7.71s  needs    343 u/s average
  ralow_to_ratop         human:43489@5.762            path    2579 u  n=  341  gate  7.71s  needs    334 u/s average
  ralow_to_ratop         human:19017@5.783            path    2198 u  n=  341  gate  7.71s  needs    285 u/s average
  ralow_to_ratop         human:11339@5.842            path    2562 u  n=  341  gate  7.71s  needs    332 u/s average
  lifts_to_sng_mega      human:48877@4.958            path    2171 u  n=  341  gate  7.93s  needs    274 u/s average
  lifts_to_sng_mega      human:55716@4.971            path    2139 u  n=  341  gate  7.93s  needs    270 u/s average
  lifts_to_sng_mega      human:29817@4.98             path    2161 u  n=  341  gate  7.93s  needs    273 u/s average
  lifts_to_sng_mega      human:50580@4.98             path    2194 u  n=  341  gate  7.93s  needs    277 u/s average
  lifts_to_sng_mega      human:26750@4.987            path    2212 u  n=  341  gate  7.93s  needs    279 u/s average
  lifts_to_sng_mega      human:21055@5.01             path    2159 u  n=  341  gate  7.93s  needs    272 u/s average
  quad_to_ra             human:22919@6.705            path    3133 u  n=  341  gate  8.96s  needs    350 u/s average
  quad_to_ra             human:21963@6.963            path    2955 u  n=  341  gate  8.96s  needs    330 u/s average
  quad_to_ra             human:31815@7.045            path    3210 u  n=  341  gate  8.96s  needs    358 u/s average
  quad_to_ra             human:26736@7.076            path    3221 u  n=  341  gate  8.96s  needs    359 u/s average
  quad_to_ra             human:27014@7.088            path    3271 u  n=  341  gate  8.96s  needs    365 u/s average
  quad_to_ra             human:4150@7.205             path    3287 u  n=  341  gate  8.96s  needs    367 u/s average
  ring_to_ratop          human:50580@5.679            path    2423 u  n=  341  gate  9.26s  needs    262 u/s average
  ring_to_ratop          human:12764@5.788            path    2480 u  n=  341  gate  9.26s  needs    268 u/s average
  ring_to_ratop          human:43734@5.986            path    2525 u  n=  341  gate  9.26s  needs    273 u/s average
  ring_to_ratop          human:18643@6.136            path    2639 u  n=  341  gate  9.26s  needs    285 u/s average
  ring_to_ratop          human:23831@6.233            path    2650 u  n=  341  gate  9.26s  needs    286 u/s average
  ring_to_ratop          human:7969@6.374             path    2570 u  n=  341  gate  9.26s  needs    278 u/s average
  sngspawn_a_to_mega     human:54935@6.545            path    2719 u  n=  341  gate  9.98s  needs    272 u/s average
  sngspawn_a_to_mega     human:11862@6.635            path    2760 u  n=  341  gate  9.98s  needs    277 u/s average
  sngspawn_a_to_mega     human:45738@6.735            path    2656 u  n=  341  gate  9.98s  needs    266 u/s average
  sngspawn_a_to_mega     human:2234@6.748             path    2781 u  n=  341  gate  9.98s  needs    279 u/s average
  sngspawn_a_to_mega     human:45576@6.896            path    2829 u  n=  341  gate  9.98s  needs    283 u/s average
  sngspawn_a_to_mega     human:7948@6.93              path    2734 u  n=  341  gate  9.98s  needs    274 u/s average
  sngspawn_b_to_mega     human:54935@6.545            path    2719 u  n=  341  gate  9.98s  needs    272 u/s average
  sngspawn_b_to_mega     human:11862@6.635            path    2760 u  n=  341  gate  9.98s  needs    277 u/s average
  sngspawn_b_to_mega     human:45738@6.735            path    2656 u  n=  341  gate  9.98s  needs    266 u/s average
  sngspawn_b_to_mega     human:2234@6.748             path    2781 u  n=  341  gate  9.98s  needs    279 u/s average
  sngspawn_b_to_mega     human:45576@6.896            path    2829 u  n=  341  gate  9.98s  needs    283 u/s average
  sngspawn_b_to_mega     human:7948@6.93              path    2734 u  n=  341  gate  9.98s  needs    274 u/s average
  tunnel_to_ra           human:4783@9.999             path    3799 u  n=  341  gate 12.13s  needs    313 u/s average
  tunnel_to_ra           human:3199@10.653            path    4134 u  n=  341  gate 12.13s  needs    341 u/s average
  tunnel_to_ra           human:47035@11.144           path    4253 u  n=  341  gate 12.13s  needs    351 u/s average
  tunnel_to_ra           human:7089@11.222            path    4283 u  n=  341  gate 12.13s  needs    353 u/s average
  tunnel_to_ra           human:47148@11.234           path    4628 u  n=  341  gate 12.13s  needs    382 u/s average
  tunnel_to_ra           human:30305@11.286           path    4438 u  n=  341  gate 12.13s  needs    366 u/s average
[it     1/2500 critic_warmup] rew +0.0056 vl   23.236 ent -1.238 kl 0.0000 spd 0.986 jmp 0.291 lo 0.75 3s | window:100%/0.44 ralow:100%/0.75 lifts:100%/0.59 quad:  0%/  -   ring:100%/0.75 sngspa:100%/0.70 sngspa:100%/0.71 tunnel:  0%/  -  
[it    10/2500 critic_warmup] rew -0.0263 vl    1.004 ent -0.372 kl 0.0000 spd 0.182 jmp 0.487 lo 0.75 21s | window:100%/0.44 ralow:100%/1.77 lifts:100%/0.62 quad:100%/2.23 ring:100%/2.35 sngspa:100%/0.95 sngspa:100%/1.07 tunnel:100%/3.40
[it    20/2500           ppo] rew +0.0433 vl   33.830 ent -0.241 kl 0.0059 spd 0.226 jmp 0.467 lo 0.74 40s | window: 91%/0.45 ralow:  1%/1.64 lifts:  0%/  -   quad:100%/1.73 ring:100%/1.74 sngspa:  0%/  -   sngspa:  0%/  -   tunnel:100%/3.51
[it    30/2500           ppo] rew -0.0015 vl    2.467 ent -0.085 kl 0.0063 spd 0.181 jmp 0.472 lo 0.74 60s | window: 98%/0.47 ralow: 79%/1.56 lifts: 92%/0.66 quad: 28%/1.90 ring: 27%/1.64 sngspa: 19%/0.75 sngspa: 18%/0.75 tunnel: 10%/2.68
[it    40/2500           ppo] rew +0.0243 vl   24.385 ent -0.003 kl 0.0062 spd 0.201 jmp 0.463 lo 0.73 80s | window: 97%/0.49 ralow:  3%/1.51 lifts:  0%/  -   quad: 85%/2.01 ring: 82%/1.48 sngspa:  0%/  -   sngspa:100%/2.23 tunnel: 79%/3.08
[it    50/2500           ppo] rew +0.0204 vl   21.185 ent +0.025 kl 0.0059 spd 0.254 jmp 0.458 lo 0.73 100s | window: 97%/0.49 ralow: 55%/1.55 lifts: 58%/0.62 quad: 34%/1.92 ring: 29%/1.56 sngspa: 27%/0.75 sngspa: 27%/0.74 tunnel:  1%/2.38
[it    60/2500           ppo] rew +0.0084 vl    9.827 ent +0.155 kl 0.0066 spd 0.212 jmp 0.468 lo 0.72 119s | window: 96%/0.51 ralow:  9%/1.51 lifts:  1%/0.77 quad: 86%/2.12 ring: 77%/1.66 sngspa: 88%/0.86 sngspa: 91%/0.88 tunnel: 62%/2.94
[it    70/2500           ppo] rew +0.0138 vl    8.919 ent +0.021 kl 0.0051 spd 0.327 jmp 0.447 lo 0.72 138s | window: 95%/0.49 ralow: 47%/1.50 lifts: 60%/0.68 quad: 32%/1.97 ring: 31%/1.55 sngspa: 19%/0.86 sngspa: 20%/0.87 tunnel: 86%/2.99
[it    80/2500           ppo] rew +0.0111 vl    7.789 ent +0.151 kl 0.0252 spd 0.262 jmp 0.462 lo 0.71 157s | window: 97%/0.48 ralow: 17%/1.45 lifts:  1%/1.26 quad: 71%/2.01 ring: 65%/1.71 sngspa: 69%/1.17 sngspa: 68%/1.15 tunnel: 18%/2.96
[it    90/2500           ppo] rew +0.0200 vl   17.183 ent +0.105 kl 0.0054 spd 0.296 jmp 0.457 lo 0.71 176s | window: 97%/0.51 ralow: 45%/1.45 lifts: 57%/0.70 quad: 32%/1.94 ring: 25%/1.43 sngspa:  2%/1.34 sngspa:  2%/1.88 tunnel: 69%/3.23
[it   100/2500           ppo] rew +0.0125 vl   15.564 ent +0.192 kl 0.0101 spd 0.288 jmp 0.455 lo 0.7 194s | window: 95%/0.49 ralow: 27%/1.55 lifts: 26%/0.82 quad: 62%/2.00 ring: 59%/1.69 sngspa: 60%/1.27 sngspa: 60%/1.34 tunnel: 14%/3.01
[it   110/2500           ppo] rew +0.0077 vl    7.604 ent +0.101 kl 0.0055 spd 0.314 jmp 0.438 lo 0.7 214s | window: 95%/0.49 ralow: 44%/1.49 lifts: 67%/0.90 quad: 35%/1.91 ring: 29%/1.65 sngspa: 92%/1.19 sngspa: 92%/1.17 tunnel: 44%/2.90
[it   120/2500           ppo] rew +0.0055 vl    8.449 ent +0.066 kl 0.0082 spd 0.345 jmp 0.435 lo 0.69 233s | window: 95%/0.55 ralow: 32%/1.56 lifts: 81%/1.32 quad: 55%/1.97 ring: 53%/1.60 sngspa: 50%/1.40 sngspa: 50%/1.40 tunnel: 66%/3.01
[it   130/2500           ppo] rew +0.0081 vl    9.496 ent +0.067 kl 0.0064 spd 0.340 jmp 0.447 lo 0.69 253s | window: 93%/0.49 ralow: 51%/1.60 lifts: 66%/0.97 quad: 55%/2.08 ring: 60%/1.89 sngspa: 87%/1.56 sngspa: 87%/1.55 tunnel: 27%/2.94
[it   140/2500           ppo] rew +0.0140 vl    9.985 ent -0.033 kl 0.0061 spd 0.394 jmp 0.428 lo 0.68 272s | window: 93%/0.52 ralow: 47%/1.62 lifts: 85%/1.17 quad: 51%/2.10 ring: 49%/1.76 sngspa: 55%/1.26 sngspa: 54%/1.29 tunnel: 58%/3.05
[it   150/2500           ppo] rew +0.0149 vl    8.786 ent -0.013 kl 0.0068 spd 0.387 jmp 0.433 lo 0.68 292s | window: 92%/0.55 ralow: 49%/1.58 lifts: 69%/1.12 quad: 66%/2.16 ring: 75%/1.86 sngspa: 79%/1.47 sngspa: 80%/1.42 tunnel: 39%/3.10
[it   160/2500           ppo] rew +0.0108 vl    9.975 ent -0.037 kl 0.0067 spd 0.392 jmp 0.427 lo 0.67 312s | window: 92%/0.55 ralow: 50%/1.69 lifts: 85%/1.21 quad: 50%/2.00 ring: 44%/1.76 sngspa: 75%/1.55 sngspa: 75%/1.51 tunnel: 49%/2.99
[it   170/2500           ppo] rew +0.0134 vl    7.933 ent -0.035 kl 0.0069 spd 0.406 jmp 0.428 lo 0.67 332s | window: 92%/0.55 ralow: 46%/1.69 lifts: 74%/1.16 quad: 62%/2.26 ring: 63%/1.92 sngspa: 74%/1.44 sngspa: 74%/1.42 tunnel: 68%/3.00
[it   180/2500           ppo] rew +0.0067 vl    8.795 ent -0.040 kl 0.0070 spd 0.403 jmp 0.416 lo 0.66 352s | window: 91%/0.57 ralow: 49%/1.84 lifts: 79%/1.22 quad: 55%/2.18 ring: 49%/1.84 sngspa: 85%/1.57 sngspa: 85%/1.58 tunnel: 47%/3.00
[it   190/2500           ppo] rew +0.0169 vl    8.882 ent -0.046 kl 0.0063 spd 0.433 jmp 0.415 lo 0.66 372s | window: 90%/0.57 ralow: 51%/1.58 lifts: 79%/1.23 quad: 61%/2.21 ring: 59%/1.88 sngspa: 73%/1.53 sngspa: 73%/1.53 tunnel: 63%/2.99
[it   200/2500           ppo] rew +0.0160 vl    8.328 ent -0.076 kl 0.0064 spd 0.452 jmp 0.408 lo 0.65 392s | window: 91%/0.57 ralow: 50%/1.82 lifts: 82%/1.21 quad: 59%/2.31 ring: 55%/1.84 sngspa: 82%/1.51 sngspa: 82%/1.51 tunnel: 60%/2.92
[it   210/2500           ppo] rew +0.0137 vl    8.974 ent -0.044 kl 0.0062 spd 0.442 jmp 0.408 lo 0.65 412s | window: 92%/0.58 ralow: 51%/1.81 lifts: 82%/1.26 quad: 57%/2.31 ring: 49%/1.92 sngspa: 79%/1.60 sngspa: 80%/1.53 tunnel: 58%/2.99
[it   220/2500           ppo] rew +0.0149 vl    7.807 ent -0.043 kl 0.0064 spd 0.450 jmp 0.403 lo 0.64 432s | window: 92%/0.60 ralow: 47%/1.81 lifts: 80%/1.29 quad: 59%/2.34 ring: 59%/1.95 sngspa: 78%/1.58 sngspa: 77%/1.60 tunnel: 66%/3.06
[it   230/2500           ppo] rew +0.0147 vl    8.975 ent -0.041 kl 0.0061 spd 0.464 jmp 0.402 lo 0.64 452s | window: 90%/0.60 ralow: 56%/1.73 lifts: 81%/1.22 quad: 56%/2.32 ring: 55%/1.95 sngspa: 83%/1.56 sngspa: 82%/1.55 tunnel: 57%/3.05
[it   240/2500           ppo] rew +0.0153 vl    8.619 ent -0.035 kl 0.0067 spd 0.467 jmp 0.390 lo 0.63 471s | window: 89%/0.60 ralow: 49%/1.84 lifts: 82%/1.25 quad: 64%/2.38 ring: 62%/1.95 sngspa: 79%/1.65 sngspa: 79%/1.64 tunnel: 67%/2.90
[it   250/2500           ppo] rew +0.0089 vl    8.907 ent -0.003 kl 0.0063 spd 0.447 jmp 0.392 lo 0.63 491s | window: 89%/0.60 ralow: 55%/1.77 lifts: 80%/1.23 quad: 60%/2.45 ring: 56%/2.06 sngspa: 79%/1.68 sngspa: 80%/1.68 tunnel: 65%/2.95
[it   260/2500           ppo] rew +0.0163 vl    9.156 ent -0.038 kl 0.0061 spd 0.476 jmp 0.389 lo 0.62 510s | window: 88%/0.60 ralow: 50%/1.84 lifts: 79%/1.23 quad: 62%/2.49 ring: 58%/2.03 sngspa: 77%/1.64 sngspa: 77%/1.66 tunnel: 66%/2.94
[it   270/2500           ppo] rew +0.0072 vl    8.664 ent -0.001 kl 0.0058 spd 0.450 jmp 0.390 lo 0.62 529s | window: 89%/0.60 ralow: 56%/1.87 lifts: 79%/1.31 quad: 60%/2.56 ring: 59%/2.08 sngspa: 81%/1.55 sngspa: 79%/1.57 tunnel: 73%/2.99
[it   280/2500           ppo] rew +0.0078 vl    8.839 ent -0.010 kl 0.0054 spd 0.454 jmp 0.395 lo 0.61 549s | window: 86%/0.60 ralow: 46%/2.03 lifts: 78%/1.38 quad: 61%/2.65 ring: 58%/2.14 sngspa: 75%/1.64 sngspa: 76%/1.65 tunnel: 63%/3.00
[it   290/2500           ppo] rew +0.0081 vl    8.905 ent +0.004 kl 0.0058 spd 0.452 jmp 0.393 lo 0.61 568s | window: 88%/0.64 ralow: 57%/2.01 lifts: 76%/1.32 quad: 61%/2.60 ring: 63%/2.21 sngspa: 75%/1.64 sngspa: 75%/1.65 tunnel: 63%/3.01
[it   300/2500           ppo] rew +0.0108 vl    8.992 ent -0.025 kl 0.0059 spd 0.473 jmp 0.389 lo 0.6 588s | window: 86%/0.62 ralow: 52%/2.03 lifts: 76%/1.36 quad: 62%/2.57 ring: 59%/2.13 sngspa: 77%/1.66 sngspa: 76%/1.65 tunnel: 66%/3.03
[it   310/2500           ppo] rew +0.0050 vl    8.591 ent +0.013 kl 0.0062 spd 0.451 jmp 0.392 lo 0.6 607s | window: 87%/0.62 ralow: 65%/2.06 lifts: 72%/1.35 quad: 66%/2.65 ring: 63%/2.20 sngspa: 76%/1.61 sngspa: 75%/1.65 tunnel: 64%/3.03
[it   320/2500           ppo] rew +0.0040 vl    8.958 ent +0.016 kl 0.0054 spd 0.446 jmp 0.392 lo 0.59 627s | window: 85%/0.62 ralow: 52%/2.10 lifts: 72%/1.32 quad: 62%/2.69 ring: 61%/2.16 sngspa: 71%/1.69 sngspa: 71%/1.66 tunnel: 68%/3.08
[it   330/2500           ppo] rew +0.0025 vl    8.352 ent +0.046 kl 0.0061 spd 0.436 jmp 0.402 lo 0.59 647s | window: 86%/0.61 ralow: 59%/2.10 lifts: 69%/1.31 quad: 62%/2.69 ring: 55%/2.23 sngspa: 74%/1.68 sngspa: 73%/1.69 tunnel: 66%/3.16
[it   340/2500           ppo] rew +0.0050 vl    8.853 ent +0.031 kl 0.0054 spd 0.453 jmp 0.402 lo 0.58 667s | window: 86%/0.58 ralow: 48%/2.32 lifts: 69%/1.39 quad: 57%/2.79 ring: 55%/2.18 sngspa: 71%/1.70 sngspa: 71%/1.70 tunnel: 63%/3.14
[it   350/2500           ppo] rew +0.0024 vl    8.826 ent +0.046 kl 0.0052 spd 0.445 jmp 0.401 lo 0.58 687s | window: 87%/0.61 ralow: 62%/2.18 lifts: 68%/1.32 quad: 60%/2.75 ring: 59%/2.22 sngspa: 73%/1.65 sngspa: 75%/1.73 tunnel: 63%/3.08
[it   360/2500           ppo] rew +0.0004 vl    8.715 ent +0.042 kl 0.0053 spd 0.450 jmp 0.410 lo 0.57 706s | window: 85%/0.68 ralow: 52%/2.21 lifts: 63%/1.34 quad: 62%/2.69 ring: 58%/2.27 sngspa: 70%/1.70 sngspa: 70%/1.69 tunnel: 63%/3.13
[it   370/2500           ppo] rew +0.0017 vl    8.876 ent +0.076 kl 0.0053 spd 0.439 jmp 0.410 lo 0.57 726s | window: 85%/0.69 ralow: 63%/2.29 lifts: 61%/1.27 quad: 58%/2.81 ring: 61%/2.32 sngspa: 71%/1.62 sngspa: 71%/1.69 tunnel: 64%/3.07
[it   380/2500           ppo] rew +0.0002 vl    8.899 ent +0.054 kl 0.0053 spd 0.449 jmp 0.407 lo 0.56 745s | window: 85%/0.66 ralow: 53%/2.65 lifts: 62%/1.39 quad: 57%/2.79 ring: 60%/2.30 sngspa: 69%/1.68 sngspa: 71%/1.70 tunnel: 61%/3.15
[it   390/2500           ppo] rew -0.0028 vl    8.606 ent +0.058 kl 0.0053 spd 0.439 jmp 0.407 lo 0.56 764s | window: 84%/0.66 ralow: 60%/2.51 lifts: 63%/1.31 quad: 56%/3.01 ring: 59%/2.27 sngspa: 70%/1.79 sngspa: 71%/1.75 tunnel: 59%/3.19
[it   400/2500           ppo] rew -0.0075 vl    8.206 ent +0.073 kl 0.0051 spd 0.433 jmp 0.398 lo 0.55 783s | window: 78%/0.68 ralow: 49%/2.65 lifts: 62%/1.38 quad: 56%/2.84 ring: 59%/2.26 sngspa: 69%/1.75 sngspa: 70%/1.75 tunnel: 61%/3.13
[it   410/2500           ppo] rew -0.0022 vl    8.584 ent +0.070 kl 0.0052 spd 0.438 jmp 0.402 lo 0.55 802s | window: 76%/0.70 ralow: 59%/2.62 lifts: 56%/1.31 quad: 57%/2.86 ring: 58%/2.33 sngspa: 69%/1.64 sngspa: 67%/1.73 tunnel: 53%/3.05
[it   420/2500           ppo] rew -0.0046 vl    8.701 ent +0.088 kl 0.0052 spd 0.433 jmp 0.405 lo 0.54 821s | window: 81%/0.71 ralow: 44%/2.58 lifts: 58%/1.26 quad: 53%/2.94 ring: 57%/2.43 sngspa: 72%/1.74 sngspa: 71%/1.73 tunnel: 55%/3.00
[it   430/2500           ppo] rew -0.0048 vl    8.918 ent +0.108 kl 0.0059 spd 0.427 jmp 0.402 lo 0.54 841s | window: 77%/0.68 ralow: 58%/2.29 lifts: 60%/1.35 quad: 53%/2.90 ring: 55%/2.36 sngspa: 68%/1.77 sngspa: 68%/1.73 tunnel: 53%/3.21
[it   440/2500           ppo] rew -0.0071 vl    8.635 ent +0.128 kl 0.0051 spd 0.422 jmp 0.405 lo 0.53 860s | window: 81%/0.70 ralow: 45%/2.49 lifts: 57%/1.26 quad: 53%/2.94 ring: 55%/2.42 sngspa: 69%/1.82 sngspa: 70%/1.78 tunnel: 50%/3.14
[it   450/2500           ppo] rew -0.0100 vl    8.775 ent +0.130 kl 0.0054 spd 0.415 jmp 0.408 lo 0.53 879s | window: 78%/0.68 ralow: 51%/2.43 lifts: 48%/1.17 quad: 49%/2.88 ring: 56%/2.40 sngspa: 67%/1.83 sngspa: 69%/1.77 tunnel: 48%/3.05
[it   460/2500           ppo] rew -0.0108 vl    8.594 ent +0.142 kl 0.0049 spd 0.417 jmp 0.410 lo 0.52 898s | window: 69%/0.66 ralow: 41%/2.73 lifts: 54%/1.34 quad: 51%/2.84 ring: 53%/2.38 sngspa: 67%/1.86 sngspa: 67%/1.88 tunnel: 50%/3.11
[it   470/2500           ppo] rew -0.0078 vl    8.724 ent +0.109 kl 0.0050 spd 0.424 jmp 0.411 lo 0.52 917s | window: 74%/0.69 ralow: 50%/2.51 lifts: 59%/1.32 quad: 46%/2.90 ring: 53%/2.27 sngspa: 67%/1.74 sngspa: 67%/1.74 tunnel: 47%/2.96
[it   480/2500           ppo] rew -0.0071 vl    8.773 ent +0.121 kl 0.0049 spd 0.425 jmp 0.413 lo 0.51 936s | window: 78%/0.71 ralow: 45%/2.62 lifts: 56%/1.36 quad: 47%/2.73 ring: 52%/2.45 sngspa: 67%/1.86 sngspa: 66%/1.83 tunnel: 46%/3.10
[it   490/2500           ppo] rew -0.0123 vl    7.933 ent +0.133 kl 0.0049 spd 0.407 jmp 0.425 lo 0.51 955s | window: 77%/0.70 ralow: 51%/2.52 lifts: 50%/1.18 quad: 49%/2.78 ring: 54%/2.51 sngspa: 64%/1.84 sngspa: 65%/1.81 tunnel: 47%/2.97
[it   500/2500           ppo] rew -0.0097 vl    8.340 ent +0.101 kl 0.0047 spd 0.425 jmp 0.415 lo 0.5 974s | window: 74%/0.71 ralow: 42%/2.49 lifts: 53%/1.31 quad: 49%/3.04 ring: 56%/2.47 sngspa: 64%/1.77 sngspa: 65%/1.82 tunnel: 45%/3.22
[it   510/2500           ppo] rew -0.0121 vl    8.498 ent +0.107 kl 0.0050 spd 0.427 jmp 0.415 lo 0.5 993s | window: 76%/0.74 ralow: 50%/2.53 lifts: 51%/1.40 quad: 48%/2.84 ring: 57%/2.48 sngspa: 63%/1.79 sngspa: 65%/1.82 tunnel: 43%/3.18
[it   520/2500           ppo] rew -0.0107 vl    8.451 ent +0.124 kl 0.0050 spd 0.416 jmp 0.415 lo 0.49 1012s | window: 72%/0.70 ralow: 37%/2.81 lifts: 50%/1.34 quad: 46%/2.82 ring: 55%/2.52 sngspa: 66%/1.82 sngspa: 65%/1.90 tunnel: 45%/3.01
[it   530/2500           ppo] rew -0.0116 vl    8.336 ent +0.127 kl 0.0047 spd 0.413 jmp 0.416 lo 0.49 1031s | window: 75%/0.69 ralow: 46%/2.73 lifts: 47%/1.47 quad: 44%/2.88 ring: 52%/2.42 sngspa: 63%/1.91 sngspa: 62%/1.91 tunnel: 43%/3.06
[it   540/2500           ppo] rew -0.0114 vl    8.320 ent +0.100 kl 0.0052 spd 0.420 jmp 0.409 lo 0.48 1050s | window: 75%/0.71 ralow: 41%/2.58 lifts: 50%/1.36 quad: 47%/2.90 ring: 55%/2.55 sngspa: 63%/1.75 sngspa: 65%/1.87 tunnel: 42%/3.17
[it   550/2500           ppo] rew -0.0138 vl    8.370 ent +0.107 kl 0.0056 spd 0.417 jmp 0.408 lo 0.48 1069s | window: 70%/0.71 ralow: 53%/2.70 lifts: 47%/1.29 quad: 47%/2.68 ring: 54%/2.73 sngspa: 60%/1.92 sngspa: 60%/1.96 tunnel: 40%/2.99
[it   560/2500           ppo] rew -0.0118 vl    8.132 ent +0.105 kl 0.0046 spd 0.419 jmp 0.411 lo 0.47 1088s | window: 69%/0.65 ralow: 41%/2.83 lifts: 48%/1.27 quad: 43%/3.19 ring: 55%/2.74 sngspa: 61%/1.88 sngspa: 64%/1.90 tunnel: 44%/2.91
[it   570/2500           ppo] rew -0.0090 vl    8.338 ent +0.099 kl 0.0048 spd 0.421 jmp 0.413 lo 0.47 1107s | window: 75%/0.69 ralow: 53%/2.65 lifts: 47%/1.27 quad: 43%/2.99 ring: 54%/2.66 sngspa: 61%/1.87 sngspa: 61%/1.83 tunnel: 43%/3.01
[it   580/2500           ppo] rew -0.0113 vl    7.814 ent +0.095 kl 0.0050 spd 0.427 jmp 0.409 lo 0.46 1126s | window: 77%/0.73 ralow: 38%/2.96 lifts: 42%/1.21 quad: 42%/3.17 ring: 50%/2.71 sngspa: 61%/1.94 sngspa: 60%/1.92 tunnel: 43%/3.13
[it   590/2500           ppo] rew -0.0151 vl    7.848 ent +0.102 kl 0.0058 spd 0.420 jmp 0.407 lo 0.46 1144s | window: 71%/0.74 ralow: 45%/2.62 lifts: 42%/1.21 quad: 40%/3.06 ring: 47%/2.68 sngspa: 61%/1.91 sngspa: 59%/1.88 tunnel: 39%/3.12
[it   600/2500           ppo] rew -0.0142 vl    8.036 ent +0.095 kl 0.0046 spd 0.422 jmp 0.403 lo 0.45 1164s | window: 69%/0.77 ralow: 34%/2.83 lifts: 46%/1.21 quad: 39%/2.75 ring: 49%/2.60 sngspa: 61%/1.99 sngspa: 58%/1.96 tunnel: 37%/3.21
[it   610/2500           ppo] rew -0.0095 vl    9.605 ent +0.081 kl 0.0052 spd 0.428 jmp 0.404 lo 0.45 1183s | window: 74%/0.71 ralow: 33%/2.60 lifts: 39%/1.42 quad: 39%/2.99 ring: 47%/2.61 sngspa: 59%/1.95 sngspa: 58%/1.95 tunnel: 39%/2.95
[it   620/2500           ppo] rew -0.0146 vl    7.875 ent +0.083 kl 0.0054 spd 0.430 jmp 0.405 lo 0.44 1202s | window: 73%/0.73 ralow: 43%/2.62 lifts: 42%/1.16 quad: 36%/2.86 ring: 48%/2.88 sngspa: 59%/1.94 sngspa: 60%/1.97 tunnel: 39%/3.14
[it   630/2500           ppo] rew -0.0121 vl    9.493 ent +0.079 kl 0.0061 spd 0.438 jmp 0.405 lo 0.44 1221s | window: 68%/0.69 ralow: 36%/2.78 lifts: 43%/1.25 quad: 38%/2.94 ring: 44%/2.68 sngspa: 59%/1.99 sngspa: 59%/2.01 tunnel: 34%/3.01
[it   640/2500           ppo] rew -0.0155 vl    7.149 ent +0.101 kl 0.0050 spd 0.427 jmp 0.410 lo 0.43 1240s | window: 70%/0.74 ralow: 41%/2.34 lifts: 41%/1.14 quad: 35%/2.61 ring: 44%/2.64 sngspa: 59%/1.94 sngspa: 58%/1.92 tunnel: 33%/3.03
[it   650/2500           ppo] rew -0.0091 vl    9.341 ent +0.054 kl 0.0051 spd 0.452 jmp 0.409 lo 0.43 1259s | window: 73%/0.77 ralow: 32%/2.88 lifts: 42%/1.16 quad: 32%/3.00 ring: 44%/2.75 sngspa: 56%/1.94 sngspa: 54%/1.95 tunnel: 33%/3.06
[it   660/2500           ppo] rew -0.0144 vl    7.566 ent +0.082 kl 0.0054 spd 0.436 jmp 0.402 lo 0.42 1278s | window: 70%/0.74 ralow: 41%/3.03 lifts: 36%/1.29 quad: 37%/2.79 ring: 47%/2.81 sngspa: 60%/1.95 sngspa: 58%/1.99 tunnel: 35%/3.04
[it   670/2500           ppo] rew -0.0138 vl    7.483 ent +0.065 kl 0.0051 spd 0.442 jmp 0.399 lo 0.42 1298s | window: 67%/0.73 ralow: 30%/2.47 lifts: 38%/1.22 quad: 35%/3.01 ring: 44%/2.81 sngspa: 56%/1.88 sngspa: 55%/1.96 tunnel: 38%/3.25
[it   680/2500           ppo] rew -0.0139 vl    7.438 ent +0.073 kl 0.0048 spd 0.440 jmp 0.397 lo 0.41 1317s | window: 70%/0.75 ralow: 36%/2.58 lifts: 42%/1.39 quad: 32%/2.60 ring: 46%/2.86 sngspa: 52%/1.97 sngspa: 56%/1.96 tunnel: 34%/3.25
[it   690/2500           ppo] rew -0.0159 vl    7.079 ent +0.060 kl 0.0048 spd 0.444 jmp 0.401 lo 0.41 1336s | window: 71%/0.71 ralow: 30%/2.55 lifts: 36%/1.27 quad: 35%/2.62 ring: 42%/2.93 sngspa: 50%/1.96 sngspa: 54%/1.92 tunnel: 34%/3.25
[it   700/2500           ppo] rew -0.0174 vl    7.101 ent +0.087 kl 0.0050 spd 0.435 jmp 0.400 lo 0.4 1355s | window: 66%/0.77 ralow: 39%/2.62 lifts: 31%/1.25 quad: 31%/2.80 ring: 42%/3.01 sngspa: 52%/1.93 sngspa: 50%/2.04 tunnel: 34%/3.06
[it   710/2500           ppo] rew -0.0170 vl    7.096 ent +0.062 kl 0.0047 spd 0.445 jmp 0.392 lo 0.4 1374s | window: 63%/0.79 ralow: 29%/2.68 lifts: 36%/1.23 quad: 32%/2.96 ring: 42%/2.82 sngspa: 48%/1.88 sngspa: 46%/1.92 tunnel: 31%/2.97
[it   720/2500           ppo] rew -0.0172 vl    7.034 ent +0.076 kl 0.0050 spd 0.440 jmp 0.395 lo 0.39 1392s | window: 63%/0.83 ralow: 35%/2.70 lifts: 35%/1.29 quad: 30%/3.08 ring: 44%/2.75 sngspa: 48%/2.00 sngspa: 47%/2.01 tunnel: 31%/3.04
[it   730/2500           ppo] rew -0.0178 vl    6.764 ent +0.070 kl 0.0048 spd 0.445 jmp 0.395 lo 0.39 1411s | window: 68%/0.79 ralow: 28%/2.40 lifts: 33%/1.27 quad: 31%/2.66 ring: 44%/2.73 sngspa: 48%/1.96 sngspa: 47%/1.96 tunnel: 29%/3.03
[it   740/2500           ppo] rew -0.0198 vl    6.715 ent +0.083 kl 0.0048 spd 0.425 jmp 0.400 lo 0.38 1430s | window: 60%/0.82 ralow: 33%/2.35 lifts: 31%/1.13 quad: 25%/3.19 ring: 40%/2.70 sngspa: 44%/1.87 sngspa: 44%/1.88 tunnel: 27%/3.00
[it   750/2500           ppo] rew -0.0200 vl    6.510 ent +0.066 kl 0.0049 spd 0.438 jmp 0.395 lo 0.38 1449s | window: 61%/0.81 ralow: 24%/2.23 lifts: 33%/1.27 quad: 24%/2.51 ring: 31%/2.92 sngspa: 43%/1.95 sngspa: 43%/1.95 tunnel: 26%/2.79
[it   760/2500           ppo] rew -0.0186 vl    6.477 ent +0.090 kl 0.0043 spd 0.422 jmp 0.401 lo 0.37 1468s | window: 64%/0.81 ralow: 28%/2.18 lifts: 30%/1.38 quad: 24%/2.92 ring: 30%/2.66 sngspa: 42%/1.84 sngspa: 44%/1.88 tunnel: 25%/2.81
[it   770/2500           ppo] rew -0.0173 vl    6.429 ent +0.054 kl 0.0048 spd 0.446 jmp 0.403 lo 0.37 1486s | window: 69%/0.82 ralow: 20%/2.27 lifts: 32%/1.36 quad: 26%/2.79 ring: 29%/2.25 sngspa: 42%/1.78 sngspa: 44%/1.82 tunnel: 28%/3.00
[it   780/2500           ppo] rew -0.0184 vl    6.747 ent +0.056 kl 0.0043 spd 0.437 jmp 0.413 lo 0.36 1506s | window: 65%/0.81 ralow: 27%/2.41 lifts: 28%/1.25 quad: 27%/2.56 ring: 31%/2.69 sngspa: 45%/1.82 sngspa: 47%/1.86 tunnel: 26%/3.23
[it   790/2500           ppo] rew -0.0199 vl    6.280 ent +0.046 kl 0.0050 spd 0.443 jmp 0.408 lo 0.36 1524s | window: 58%/0.80 ralow: 23%/2.35 lifts: 23%/1.14 quad: 29%/2.81 ring: 37%/2.91 sngspa: 42%/1.99 sngspa: 41%/1.96 tunnel: 28%/2.88
[it   800/2500           ppo] rew -0.0207 vl    6.036 ent +0.067 kl 0.0044 spd 0.429 jmp 0.405 lo 0.35 1544s | window: 61%/0.75 ralow: 28%/2.32 lifts: 26%/1.29 quad: 24%/2.92 ring: 36%/2.71 sngspa: 39%/1.86 sngspa: 38%/1.87 tunnel: 26%/2.88
[it   810/2500           ppo] rew -0.0175 vl    6.288 ent +0.036 kl 0.0043 spd 0.445 jmp 0.403 lo 0.35 1563s | window: 68%/0.78 ralow: 19%/2.16 lifts: 24%/1.26 quad: 22%/3.16 ring: 31%/2.73 sngspa: 38%/1.97 sngspa: 35%/1.93 tunnel: 26%/2.88
[it   820/2500           ppo] rew -0.0208 vl    5.779 ent +0.053 kl 0.0046 spd 0.428 jmp 0.408 lo 0.34 1582s | window: 68%/0.79 ralow: 25%/2.61 lifts: 26%/1.29 quad: 25%/2.94 ring: 30%/2.69 sngspa: 38%/2.06 sngspa: 40%/1.95 tunnel: 24%/2.99
[it   830/2500           ppo] rew -0.0206 vl    5.969 ent +0.035 kl 0.0054 spd 0.444 jmp 0.402 lo 0.34 1601s | window: 61%/0.78 ralow: 18%/2.96 lifts: 25%/1.25 quad: 21%/2.21 ring: 29%/2.88 sngspa: 39%/1.88 sngspa: 39%/1.98 tunnel: 24%/3.14
[it   840/2500           ppo] rew -0.0209 vl    5.951 ent +0.063 kl 0.0046 spd 0.430 jmp 0.402 lo 0.33 1620s | window: 60%/0.84 ralow: 22%/2.66 lifts: 26%/1.25 quad: 21%/2.45 ring: 25%/3.01 sngspa: 36%/1.77 sngspa: 36%/1.70 tunnel: 25%/3.29
[it   850/2500           ppo] rew -0.0210 vl    5.907 ent +0.047 kl 0.0045 spd 0.440 jmp 0.385 lo 0.33 1639s | window: 59%/0.81 ralow: 18%/2.17 lifts: 28%/1.17 quad: 24%/2.40 ring: 27%/2.73 sngspa: 39%/1.73 sngspa: 39%/1.81 tunnel: 25%/3.21
[it   860/2500           ppo] rew -0.0200 vl    6.053 ent +0.055 kl 0.0041 spd 0.432 jmp 0.395 lo 0.32 1658s | window: 60%/0.81 ralow: 20%/1.92 lifts: 27%/1.38 quad: 24%/2.59 ring: 27%/2.80 sngspa: 35%/2.03 sngspa: 37%/1.94 tunnel: 24%/2.62
[it   870/2500           ppo] rew -0.0205 vl    5.951 ent +0.036 kl 0.0049 spd 0.445 jmp 0.387 lo 0.32 1677s | window: 61%/0.82 ralow: 16%/2.19 lifts: 25%/1.29 quad: 24%/2.86 ring: 28%/2.61 sngspa: 34%/1.79 sngspa: 35%/1.97 tunnel: 23%/2.88
[it   880/2500           ppo] rew -0.0204 vl    5.823 ent +0.020 kl 0.0047 spd 0.433 jmp 0.390 lo 0.31 1696s | window: 61%/0.82 ralow: 22%/2.68 lifts: 31%/1.21 quad: 23%/2.83 ring: 31%/2.30 sngspa: 33%/1.88 sngspa: 33%/1.88 tunnel: 21%/2.86
[it   890/2500           ppo] rew -0.0197 vl    5.687 ent +0.006 kl 0.0039 spd 0.448 jmp 0.383 lo 0.31 1716s | window: 57%/0.82 ralow: 19%/2.16 lifts: 30%/1.23 quad: 23%/2.77 ring: 29%/2.60 sngspa: 36%/1.87 sngspa: 36%/1.97 tunnel: 23%/2.94
[it   900/2500           ppo] rew -0.0211 vl    5.845 ent +0.032 kl 0.0044 spd 0.436 jmp 0.395 lo 0.3 1735s | window: 59%/0.81 ralow: 21%/2.40 lifts: 24%/1.34 quad: 24%/2.68 ring: 31%/2.38 sngspa: 34%/2.03 sngspa: 33%/1.84 tunnel: 21%/2.84
[it   910/2500           ppo] rew -0.0199 vl    5.931 ent +0.007 kl 0.0043 spd 0.446 jmp 0.392 lo 0.3 1754s | window: 57%/0.82 ralow: 18%/2.45 lifts: 25%/1.40 quad: 20%/2.43 ring: 26%/2.79 sngspa: 33%/1.81 sngspa: 31%/1.94 tunnel: 21%/3.13
[it   920/2500           ppo] rew -0.0192 vl    5.711 ent +0.026 kl 0.0043 spd 0.434 jmp 0.395 lo 0.29 1774s | window: 61%/0.83 ralow: 19%/2.83 lifts: 27%/1.21 quad: 20%/2.78 ring: 27%/2.69 sngspa: 34%/1.71 sngspa: 36%/1.78 tunnel: 18%/3.09
[it   930/2500           ppo] rew -0.0210 vl    5.718 ent +0.004 kl 0.0041 spd 0.457 jmp 0.392 lo 0.29 1794s | window: 61%/0.84 ralow: 13%/2.18 lifts: 27%/1.22 quad: 22%/2.61 ring: 27%/2.69 sngspa: 33%/1.83 sngspa: 35%/1.95 tunnel: 18%/2.75
[it   940/2500           ppo] rew -0.0221 vl    5.358 ent +0.025 kl 0.0048 spd 0.430 jmp 0.388 lo 0.28 1813s | window: 54%/0.82 ralow: 16%/2.19 lifts: 27%/1.00 quad: 18%/3.35 ring: 22%/2.88 sngspa: 29%/1.73 sngspa: 29%/1.91 tunnel: 20%/2.95
[it   950/2500           ppo] rew -0.0205 vl    5.514 ent +0.002 kl 0.0044 spd 0.448 jmp 0.371 lo 0.28 1833s | window: 57%/0.86 ralow: 13%/2.08 lifts: 30%/1.08 quad: 17%/2.62 ring: 25%/2.62 sngspa: 28%/1.71 sngspa: 30%/1.86 tunnel: 20%/3.24
[it   960/2500           ppo] rew -0.0212 vl    5.324 ent +0.013 kl 0.0039 spd 0.441 jmp 0.376 lo 0.27 1853s | window: 57%/0.91 ralow: 18%/1.95 lifts: 22%/1.19 quad: 17%/3.12 ring: 19%/2.89 sngspa: 31%/1.77 sngspa: 30%/1.69 tunnel: 18%/2.79
[it   970/2500           ppo] rew -0.0202 vl    5.427 ent -0.004 kl 0.0046 spd 0.449 jmp 0.374 lo 0.27 1873s | window: 58%/0.90 ralow: 12%/1.65 lifts: 21%/1.23 quad: 17%/3.01 ring: 25%/2.72 sngspa: 33%/1.90 sngspa: 33%/1.96 tunnel: 19%/2.83
[it   980/2500           ppo] rew -0.0219 vl    5.200 ent -0.004 kl 0.0044 spd 0.432 jmp 0.380 lo 0.26 1892s | window: 54%/0.88 ralow: 18%/2.04 lifts: 21%/1.25 quad: 18%/2.58 ring: 23%/2.56 sngspa: 28%/1.88 sngspa: 29%/1.77 tunnel: 19%/2.94
[it   990/2500           ppo] rew -0.0214 vl    5.195 ent -0.015 kl 0.0039 spd 0.451 jmp 0.379 lo 0.26 1911s | window: 52%/0.91 ralow: 12%/2.20 lifts: 25%/1.18 quad: 17%/2.82 ring: 24%/2.43 sngspa: 30%/1.68 sngspa: 26%/1.64 tunnel: 18%/3.27
[it  1000/2500           ppo] rew -0.0217 vl    5.304 ent -0.002 kl 0.0038 spd 0.429 jmp 0.382 lo 0.25 1930s | window: 54%/0.96 ralow: 21%/1.93 lifts: 22%/1.09 quad: 17%/2.38 ring: 23%/2.41 sngspa: 25%/1.81 sngspa: 25%/1.83 tunnel: 16%/2.81
[it  1010/2500           ppo] rew -0.0217 vl    5.196 ent -0.004 kl 0.0043 spd 0.445 jmp 0.381 lo 0.25 1950s | window: 51%/0.93 ralow: 11%/2.62 lifts: 21%/1.00 quad: 18%/2.36 ring: 23%/2.36 sngspa: 29%/1.55 sngspa: 30%/1.70 tunnel: 14%/2.94
[it  1020/2500           ppo] rew -0.0212 vl    5.317 ent -0.001 kl 0.0042 spd 0.439 jmp 0.382 lo 0.24 1969s | window: 52%/0.90 ralow: 15%/1.96 lifts: 20%/1.26 quad: 18%/2.40 ring: 23%/2.34 sngspa: 26%/1.86 sngspa: 27%/1.84 tunnel: 16%/2.66
[it  1030/2500           ppo] rew -0.0213 vl    5.174 ent -0.003 kl 0.0040 spd 0.451 jmp 0.382 lo 0.24 1988s | window: 51%/0.97 ralow: 14%/2.16 lifts: 18%/1.31 quad: 15%/3.08 ring: 25%/2.23 sngspa: 28%/1.93 sngspa: 28%/1.81 tunnel: 15%/2.92
[it  1040/2500           ppo] rew -0.0218 vl    5.352 ent +0.002 kl 0.0044 spd 0.440 jmp 0.379 lo 0.23 2007s | window: 54%/0.92 ralow: 17%/1.84 lifts: 16%/1.29 quad: 16%/2.81 ring: 23%/2.52 sngspa: 28%/1.79 sngspa: 28%/1.92 tunnel: 15%/2.68
[it  1050/2500           ppo] rew -0.0221 vl    5.090 ent -0.013 kl 0.0037 spd 0.446 jmp 0.369 lo 0.23 2026s | window: 49%/0.96 ralow: 13%/2.03 lifts: 20%/1.31 quad: 16%/3.00 ring: 23%/2.51 sngspa: 26%/1.84 sngspa: 30%/1.66 tunnel: 14%/2.69
[it  1060/2500           ppo] rew -0.0216 vl    4.992 ent -0.023 kl 0.0037 spd 0.441 jmp 0.368 lo 0.22 2046s | window: 53%/0.88 ralow: 17%/1.83 lifts: 20%/1.47 quad: 15%/2.64 ring: 19%/2.32 sngspa: 27%/2.06 sngspa: 24%/1.96 tunnel: 12%/2.84
[it  1070/2500           ppo] rew -0.0223 vl    5.052 ent -0.031 kl 0.0038 spd 0.449 jmp 0.363 lo 0.22 2068s | window: 52%/0.84 ralow: 13%/2.06 lifts: 21%/1.22 quad: 20%/2.17 ring: 21%/2.42 sngspa: 24%/1.90 sngspa: 24%/1.97 tunnel: 12%/2.80
[it  1080/2500           ppo] rew -0.0223 vl    4.803 ent -0.016 kl 0.0046 spd 0.446 jmp 0.369 lo 0.21 2089s | window: 50%/0.91 ralow: 18%/2.13 lifts: 22%/1.23 quad: 17%/2.66 ring: 21%/2.27 sngspa: 22%/2.12 sngspa: 22%/2.05 tunnel: 12%/2.66
[it  1090/2500           ppo] rew -0.0227 vl    4.811 ent -0.030 kl 0.0042 spd 0.458 jmp 0.368 lo 0.21 2108s | window: 50%/0.88 ralow: 13%/1.68 lifts: 15%/1.39 quad: 17%/2.53 ring: 25%/2.51 sngspa: 21%/1.99 sngspa: 21%/1.90 tunnel: 13%/2.81
[it  1100/2500           ppo] rew -0.0219 vl    4.988 ent -0.046 kl 0.0040 spd 0.446 jmp 0.366 lo 0.2 2128s | window: 48%/0.82 ralow: 20%/2.25 lifts: 18%/1.26 quad: 19%/2.74 ring: 22%/2.81 sngspa: 21%/2.00 sngspa: 22%/1.97 tunnel: 16%/2.52
[it  1110/2500           ppo] rew -0.0241 vl    4.666 ent -0.045 kl 0.0038 spd 0.453 jmp 0.371 lo 0.2 2147s | window: 49%/0.92 ralow: 13%/2.86 lifts: 16%/1.26 quad: 15%/2.62 ring: 20%/2.77 sngspa: 23%/1.62 sngspa: 23%/1.70 tunnel: 12%/3.08
[it  1120/2500           ppo] rew -0.0234 vl    4.768 ent -0.049 kl 0.0041 spd 0.439 jmp 0.371 lo 0.19 2166s | window: 42%/0.90 ralow: 17%/2.02 lifts: 19%/1.32 quad: 13%/2.96 ring: 19%/2.43 sngspa: 22%/1.87 sngspa: 18%/1.81 tunnel: 14%/3.16
[it  1130/2500           ppo] rew -0.0234 vl    4.600 ent -0.062 kl 0.0042 spd 0.450 jmp 0.368 lo 0.19 2187s | window: 34%/0.91 ralow: 12%/1.86 lifts: 19%/1.26 quad: 17%/2.60 ring: 20%/2.47 sngspa: 25%/1.78 sngspa: 22%/1.76 tunnel: 14%/2.49
[it  1140/2500           ppo] rew -0.0229 vl    4.741 ent -0.065 kl 0.0038 spd 0.438 jmp 0.373 lo 0.18 2206s | window: 41%/0.81 ralow: 19%/2.40 lifts: 21%/1.04 quad: 18%/2.74 ring: 22%/2.55 sngspa: 21%/2.03 sngspa: 20%/1.91 tunnel: 13%/2.71
[it  1150/2500           ppo] rew -0.0211 vl    4.845 ent -0.096 kl 0.0042 spd 0.459 jmp 0.368 lo 0.18 2226s | window: 48%/0.91 ralow: 15%/2.09 lifts: 18%/1.16 quad: 19%/2.81 ring: 22%/2.54 sngspa: 22%/1.71 sngspa: 25%/1.73 tunnel: 16%/2.56
[it  1160/2500           ppo] rew -0.0217 vl    4.969 ent -0.100 kl 0.0035 spd 0.454 jmp 0.368 lo 0.17 2246s | window: 49%/0.90 ralow: 24%/2.01 lifts: 16%/1.22 quad: 20%/2.71 ring: 24%/2.96 sngspa: 22%/1.87 sngspa: 24%/1.78 tunnel: 14%/3.14
[it  1170/2500           ppo] rew -0.0216 vl    4.656 ent -0.095 kl 0.0038 spd 0.463 jmp 0.369 lo 0.17 2265s | window: 47%/0.94 ralow: 15%/2.08 lifts: 17%/1.14 quad: 14%/2.71 ring: 22%/2.45 sngspa: 22%/1.86 sngspa: 21%/1.94 tunnel: 16%/3.32
[it  1180/2500           ppo] rew -0.0218 vl    4.872 ent -0.095 kl 0.0045 spd 0.446 jmp 0.367 lo 0.16 2284s | window: 44%/0.91 ralow: 20%/1.69 lifts: 17%/1.05 quad: 17%/2.69 ring: 21%/2.53 sngspa: 24%/1.82 sngspa: 22%/1.78 tunnel: 16%/2.66
[it  1190/2500           ppo] rew -0.0236 vl    4.475 ent -0.094 kl 0.0041 spd 0.455 jmp 0.368 lo 0.16 2304s | window: 36%/0.95 ralow: 12%/2.16 lifts: 17%/1.21 quad: 16%/2.66 ring: 18%/2.42 sngspa: 23%/1.97 sngspa: 22%/1.80 tunnel: 12%/2.41
[it  1200/2500           ppo] rew -0.0200 vl    6.130 ent -0.081 kl 0.0035 spd 0.444 jmp 0.379 lo 0.15 2323s | window: 36%/0.95 ralow: 13%/1.91 lifts: 15%/1.10 quad: 18%/2.56 ring: 22%/1.94 sngspa: 18%/1.68 sngspa: 21%/1.89 tunnel: 11%/2.81
[it  1210/2500           ppo] rew -0.0224 vl    4.516 ent -0.094 kl 0.0038 spd 0.468 jmp 0.369 lo 0.15 2343s | window: 40%/0.91 ralow: 18%/2.05 lifts: 15%/1.23 quad: 17%/2.68 ring: 18%/2.49 sngspa: 17%/1.60 sngspa: 21%/1.92 tunnel: 11%/3.16
[it  1220/2500           ppo] rew -0.0196 vl    6.005 ent -0.093 kl 0.0035 spd 0.452 jmp 0.371 lo 0.14 2363s | window: 44%/0.91 ralow: 11%/2.05 lifts: 18%/1.21 quad: 13%/2.14 ring: 19%/2.65 sngspa: 21%/1.69 sngspa: 18%/1.81 tunnel: 12%/2.42
[it  1230/2500           ppo] rew -0.0220 vl    4.609 ent -0.108 kl 0.0036 spd 0.466 jmp 0.368 lo 0.14 2382s | window: 42%/0.95 ralow: 16%/2.10 lifts: 16%/1.30 quad: 14%/2.53 ring: 17%/2.36 sngspa: 20%/1.86 sngspa: 15%/1.65 tunnel: 10%/2.58
[it  1240/2500           ppo] rew -0.0195 vl    5.603 ent -0.115 kl 0.0037 spd 0.457 jmp 0.367 lo 0.13 2402s | window: 43%/0.96 ralow: 13%/1.75 lifts: 14%/1.32 quad: 15%/2.89 ring: 18%/2.38 sngspa: 18%/1.87 sngspa: 16%/1.94 tunnel: 11%/2.64
[it  1250/2500           ppo] rew -0.0221 vl    4.679 ent -0.133 kl 0.0039 spd 0.466 jmp 0.357 lo 0.13 2421s | window: 38%/0.94 ralow: 15%/1.78 lifts: 15%/1.31 quad: 15%/2.93 ring: 20%/2.44 sngspa: 20%/1.73 sngspa: 20%/1.95 tunnel: 12%/2.29
[it  1260/2500           ppo] rew -0.0226 vl    4.407 ent -0.144 kl 0.0034 spd 0.460 jmp 0.362 lo 0.12 2440s | window: 34%/0.92 ralow: 10%/2.44 lifts: 19%/1.27 quad: 14%/2.84 ring: 23%/2.81 sngspa: 18%/1.55 sngspa: 19%/1.62 tunnel: 15%/2.75
[it  1270/2500           ppo] rew -0.0225 vl    4.685 ent -0.138 kl 0.0040 spd 0.458 jmp 0.366 lo 0.12 2459s | window: 31%/0.96 ralow: 15%/2.18 lifts: 18%/1.16 quad: 14%/2.40 ring: 19%/2.40 sngspa: 21%/1.68 sngspa: 22%/1.91 tunnel: 13%/2.97
[it  1280/2500           ppo] rew -0.0214 vl    4.746 ent -0.165 kl 0.0039 spd 0.470 jmp 0.360 lo 0.11 2478s | window: 38%/0.92 ralow: 15%/2.57 lifts: 15%/1.19 quad: 14%/2.65 ring: 20%/2.44 sngspa: 21%/1.92 sngspa: 21%/2.03 tunnel: 13%/2.52
[it  1290/2500           ppo] rew -0.0222 vl    4.628 ent -0.136 kl 0.0034 spd 0.455 jmp 0.368 lo 0.11 2498s | window: 39%/0.86 ralow: 15%/2.12 lifts: 11%/1.19 quad: 14%/2.57 ring: 20%/2.56 sngspa: 23%/1.95 sngspa: 21%/1.81 tunnel: 14%/2.52
[it  1300/2500           ppo] rew -0.0218 vl    4.520 ent -0.171 kl 0.0037 spd 0.469 jmp 0.362 lo 0.1 2517s | window: 37%/0.95 ralow: 12%/1.74 lifts: 11%/1.23 quad: 14%/2.38 ring: 19%/2.05 sngspa: 20%/1.92 sngspa: 19%/1.95 tunnel: 12%/2.66
[it  1310/2500           ppo] rew -0.0225 vl    4.306 ent -0.157 kl 0.0038 spd 0.456 jmp 0.368 lo 0.1 2537s | window: 39%/0.87 ralow: 16%/2.07 lifts: 16%/1.08 quad: 13%/2.61 ring: 16%/2.31 sngspa: 19%/1.99 sngspa: 18%/1.96 tunnel: 12%/2.71
[it  1320/2500           ppo] rew -0.0219 vl    4.611 ent -0.195 kl 0.0033 spd 0.475 jmp 0.359 lo 0.09 2557s | window: 36%/0.89 ralow:  9%/1.96 lifts: 14%/1.26 quad: 13%/2.35 ring: 16%/2.49 sngspa: 18%/1.90 sngspa: 18%/1.93 tunnel: 13%/2.65
[it  1330/2500           ppo] rew -0.0227 vl    4.398 ent -0.157 kl 0.0035 spd 0.459 jmp 0.368 lo 0.09 2576s | window: 32%/0.99 ralow: 15%/1.75 lifts: 14%/1.21 quad: 14%/2.49 ring: 15%/1.94 sngspa: 20%/1.83 sngspa: 19%/1.68 tunnel: 11%/2.81
[it  1340/2500           ppo] rew -0.0218 vl    4.351 ent -0.196 kl 0.0038 spd 0.477 jmp 0.358 lo 0.08 2596s | window: 33%/0.95 ralow: 12%/2.05 lifts: 15%/1.00 quad: 11%/2.36 ring: 18%/2.06 sngspa: 14%/1.96 sngspa: 17%/1.79 tunnel: 14%/2.87
[it  1350/2500           ppo] rew -0.0238 vl    4.013 ent -0.168 kl 0.0036 spd 0.459 jmp 0.363 lo 0.08 2616s | window: 32%/0.92 ralow: 16%/2.05 lifts:  8%/1.13 quad: 10%/2.74 ring: 18%/2.58 sngspa: 17%/1.94 sngspa: 19%/1.86 tunnel: 10%/2.42
[it  1360/2500           ppo] rew -0.0219 vl    4.200 ent -0.183 kl 0.0034 spd 0.481 jmp 0.365 lo 0.07 2635s | window: 32%/1.08 ralow:  8%/2.40 lifts: 11%/1.36 quad: 12%/2.46 ring: 15%/2.77 sngspa: 15%/1.88 sngspa: 14%/1.83 tunnel: 11%/2.47
[it  1370/2500           ppo] rew -0.0231 vl    4.140 ent -0.176 kl 0.0033 spd 0.456 jmp 0.372 lo 0.07 2655s | window: 32%/1.01 ralow: 12%/1.99 lifts: 14%/1.03 quad: 15%/2.86 ring: 16%/2.40 sngspa: 15%/1.97 sngspa: 11%/1.73 tunnel: 10%/2.75
[it  1380/2500           ppo] rew -0.0214 vl    4.409 ent -0.236 kl 0.0036 spd 0.478 jmp 0.369 lo 0.06 2674s | window: 30%/0.92 ralow:  8%/1.91 lifts: 14%/1.04 quad: 11%/2.75 ring: 15%/2.08 sngspa: 13%/1.96 sngspa: 15%/1.71 tunnel: 11%/2.88
[it  1390/2500           ppo] rew -0.0227 vl    4.133 ent -0.212 kl 0.0033 spd 0.462 jmp 0.380 lo 0.06 2694s | window: 34%/1.07 ralow:  9%/2.16 lifts: 15%/1.21 quad: 14%/2.36 ring: 18%/2.16 sngspa: 14%/1.66 sngspa: 14%/1.79 tunnel: 10%/2.71
[it  1400/2500           ppo] rew -0.0215 vl    4.319 ent -0.258 kl 0.0036 spd 0.475 jmp 0.379 lo 0.05 2713s | window: 28%/1.10 ralow: 11%/2.05 lifts: 11%/1.32 quad: 14%/2.79 ring: 17%/2.73 sngspa: 15%/1.65 sngspa: 13%/1.86 tunnel: 11%/3.09
[it  1410/2500           ppo] rew -0.0213 vl    4.209 ent -0.250 kl 0.0038 spd 0.465 jmp 0.375 lo 0.05 2732s | window: 33%/1.03 ralow: 14%/1.85 lifts: 14%/0.99 quad: 13%/2.87 ring: 21%/2.62 sngspa: 16%/1.43 sngspa: 15%/1.58 tunnel: 13%/3.11
[it  1420/2500           ppo] rew -0.0211 vl    4.476 ent -0.275 kl 0.0033 spd 0.478 jmp 0.370 lo 0.04 2751s | window: 32%/1.01 ralow:  9%/1.66 lifts: 16%/1.10 quad: 12%/2.84 ring: 21%/3.23 sngspa: 14%/1.79 sngspa: 16%/1.59 tunnel: 14%/3.27
[it  1430/2500           ppo] rew -0.0212 vl    4.480 ent -0.299 kl 0.0036 spd 0.474 jmp 0.376 lo 0.04 2771s | window: 35%/1.06 ralow: 14%/2.29 lifts: 16%/1.14 quad: 15%/2.69 ring: 22%/3.24 sngspa: 15%/1.61 sngspa: 12%/1.66 tunnel: 14%/3.21
[it  1440/2500           ppo] rew -0.0209 vl    4.228 ent -0.322 kl 0.0032 spd 0.485 jmp 0.364 lo 0.03 2790s | window: 32%/1.05 ralow:  8%/1.70 lifts: 15%/1.21 quad: 13%/2.64 ring: 23%/4.27 sngspa: 17%/1.83 sngspa: 15%/1.84 tunnel: 16%/3.96
[it  1450/2500           ppo] rew -0.0231 vl    4.027 ent -0.318 kl 0.0036 spd 0.462 jmp 0.371 lo 0.03 2810s | window: 32%/1.16 ralow: 11%/2.07 lifts: 14%/1.32 quad: 13%/2.66 ring: 21%/3.97 sngspa: 17%/1.57 sngspa: 18%/1.79 tunnel: 13%/3.62
[it  1460/2500           ppo] rew -0.0210 vl    4.299 ent -0.342 kl 0.0033 spd 0.484 jmp 0.367 lo 0.02 2829s | window: 31%/1.09 ralow:  8%/2.06 lifts: 13%/1.26 quad: 11%/2.51 ring: 22%/3.67 sngspa: 14%/2.00 sngspa: 11%/1.92 tunnel: 11%/3.64
[it  1470/2500           ppo] rew -0.0212 vl    4.389 ent -0.341 kl 0.0036 spd 0.473 jmp 0.365 lo 0.02 2848s | window: 35%/1.22 ralow: 13%/2.10 lifts: 10%/0.94 quad: 12%/2.68 ring: 23%/3.75 sngspa: 13%/1.87 sngspa: 14%/1.75 tunnel: 16%/4.40
[it  1480/2500           ppo] rew -0.0202 vl    4.471 ent -0.378 kl 0.0030 spd 0.490 jmp 0.362 lo 0.01 2868s | window: 38%/1.27 ralow:  7%/2.43 lifts: 11%/1.11 quad:  9%/2.84 ring: 26%/4.75 sngspa: 13%/1.85 sngspa: 12%/1.71 tunnel: 19%/4.26
[it  1490/2500           ppo] rew -0.0215 vl    4.275 ent -0.366 kl 0.0034 spd 0.477 jmp 0.361 lo 0.01 2887s | window: 44%/1.30 ralow: 13%/1.93 lifts: 11%/1.06 quad: 13%/2.36 ring: 26%/5.88 sngspa: 10%/1.90 sngspa:  9%/2.17 tunnel: 20%/4.52
[it  1500/2500           ppo] rew -0.0203 vl    4.474 ent -0.369 kl 0.0033 spd 0.486 jmp 0.364 lo 0.0 2906s | window: 40%/1.43 ralow:  8%/1.90 lifts: 10%/1.29 quad: 14%/2.66 ring: 27%/6.45 sngspa: 10%/1.73 sngspa: 10%/1.70 tunnel: 21%/7.56
[it  1510/2500           ppo] rew -0.0213 vl    4.217 ent -0.371 kl 0.0033 spd 0.482 jmp 0.364 lo 0.0 2925s | window: 44%/1.19 ralow:  8%/2.45 lifts:  8%/1.18 quad: 10%/2.81 ring: 26%/6.71 sngspa: 11%/1.54 sngspa: 11%/1.48 tunnel: 22%/8.48
[it  1520/2500           ppo] rew -0.0194 vl    4.798 ent -0.395 kl 0.0038 spd 0.498 jmp 0.352 lo 0.0 2945s | window: 43%/1.26 ralow:  9%/1.83 lifts: 13%/1.19 quad: 13%/2.95 ring: 28%/6.56 sngspa: 11%/1.55 sngspa: 11%/1.69 tunnel: 21%/10.32
[it  1530/2500           ppo] rew -0.0205 vl    4.387 ent -0.386 kl 0.0035 spd 0.486 jmp 0.352 lo 0.0 2964s | window: 38%/1.46 ralow: 12%/1.81 lifts: 12%/1.38 quad: 15%/3.00 ring: 29%/6.43 sngspa: 10%/1.64 sngspa: 12%/1.81 tunnel: 19%/5.42
[it  1540/2500           ppo] rew -0.0195 vl    4.769 ent -0.409 kl 0.0033 spd 0.496 jmp 0.358 lo 0.0 2983s | window: 44%/1.36 ralow:  8%/1.86 lifts: 12%/1.30 quad: 15%/2.78 ring: 31%/6.62 sngspa: 14%/1.65 sngspa: 13%/2.01 tunnel: 20%/5.81
[it  1550/2500           ppo] rew -0.0204 vl    4.389 ent -0.409 kl 0.0032 spd 0.479 jmp 0.360 lo 0.0 3003s | window: 45%/1.61 ralow: 12%/2.40 lifts: 12%/1.25 quad: 15%/3.16 ring: 33%/6.79 sngspa: 16%/1.60 sngspa: 19%/1.57 tunnel: 19%/9.60
[it  1560/2500           ppo] rew -0.0196 vl    4.559 ent -0.424 kl 0.0032 spd 0.497 jmp 0.355 lo 0.0 3022s | window: 44%/1.56 ralow: 10%/1.74 lifts: 11%/1.49 quad: 13%/2.98 ring: 36%/6.68 sngspa: 15%/2.06 sngspa: 15%/1.81 tunnel: 23%/8.07
[it  1570/2500           ppo] rew -0.0207 vl    4.392 ent -0.426 kl 0.0031 spd 0.486 jmp 0.346 lo 0.0 3042s | window: 41%/1.47 ralow: 14%/2.34 lifts: 10%/1.22 quad: 13%/2.94 ring: 34%/7.00 sngspa: 14%/2.13 sngspa: 11%/1.73 tunnel: 24%/7.62
[it  1580/2500           ppo] rew -0.0190 vl    4.831 ent -0.451 kl 0.0032 spd 0.507 jmp 0.337 lo 0.0 3062s | window: 43%/1.52 ralow: 10%/2.30 lifts: 16%/1.15 quad: 13%/3.12 ring: 39%/7.09 sngspa: 12%/1.61 sngspa: 12%/1.62 tunnel: 22%/8.04
[it  1590/2500           ppo] rew -0.0192 vl    4.501 ent -0.439 kl 0.0031 spd 0.488 jmp 0.345 lo 0.0 3082s | window: 48%/1.32 ralow: 15%/2.23 lifts: 11%/0.90 quad: 14%/3.22 ring: 42%/7.10 sngspa: 10%/1.62 sngspa: 11%/1.87 tunnel: 29%/8.99
[it  1600/2500           ppo] rew -0.0184 vl    4.657 ent -0.447 kl 0.0031 spd 0.506 jmp 0.347 lo 0.0 3101s | window: 43%/1.55 ralow: 10%/2.42 lifts: 11%/1.08 quad: 15%/2.95 ring: 41%/7.27 sngspa: 13%/1.75 sngspa: 13%/1.71 tunnel: 28%/10.27
[it  1610/2500           ppo] rew -0.0189 vl    4.530 ent -0.452 kl 0.0033 spd 0.494 jmp 0.356 lo 0.0 3120s | window: 47%/1.65 ralow: 15%/2.08 lifts: 10%/1.42 quad: 15%/3.16 ring: 40%/7.16 sngspa: 13%/1.95 sngspa: 13%/1.92 tunnel: 26%/10.40
[it  1620/2500           ppo] rew -0.0187 vl    4.736 ent -0.467 kl 0.0027 spd 0.501 jmp 0.360 lo 0.0 3140s | window: 47%/1.61 ralow:  8%/2.08 lifts: 14%/1.38 quad: 13%/3.09 ring: 41%/7.04 sngspa: 12%/1.53 sngspa: 14%/1.57 tunnel: 28%/9.86
[it  1630/2500           ppo] rew -0.0190 vl    4.718 ent -0.464 kl 0.0028 spd 0.492 jmp 0.355 lo 0.0 3159s | window: 46%/1.71 ralow: 15%/2.40 lifts: 10%/1.36 quad: 13%/2.87 ring: 39%/7.19 sngspa: 12%/1.68 sngspa: 14%/1.64 tunnel: 27%/9.64
[it  1640/2500           ppo] rew -0.0180 vl    4.802 ent -0.481 kl 0.0040 spd 0.505 jmp 0.346 lo 0.0 3178s | window: 45%/1.69 ralow:  9%/2.17 lifts: 11%/1.42 quad: 14%/2.92 ring: 45%/7.08 sngspa: 13%/2.03 sngspa: 13%/1.79 tunnel: 25%/9.21
[it  1650/2500           ppo] rew -0.0197 vl    4.436 ent -0.480 kl 0.0030 spd 0.490 jmp 0.351 lo 0.0 3198s | window: 45%/1.66 ralow: 13%/2.27 lifts:  9%/1.45 quad: 14%/2.81 ring: 44%/7.22 sngspa: 13%/2.14 sngspa: 10%/1.81 tunnel: 26%/10.01
[it  1660/2500           ppo] rew -0.0185 vl    4.767 ent -0.511 kl 0.0032 spd 0.508 jmp 0.348 lo 0.0 3217s | window: 46%/1.64 ralow:  9%/1.91 lifts:  9%/1.38 quad: 15%/3.23 ring: 44%/7.06 sngspa: 12%/1.66 sngspa: 11%/1.83 tunnel: 23%/9.15
[it  1670/2500           ppo] rew -0.0197 vl    4.435 ent -0.515 kl 0.0032 spd 0.494 jmp 0.357 lo 0.0 3236s | window: 44%/1.35 ralow: 14%/2.42 lifts: 10%/1.51 quad: 16%/2.86 ring: 47%/6.89 sngspa: 12%/1.91 sngspa: 13%/1.95 tunnel: 26%/9.58
[it  1680/2500           ppo] rew -0.0181 vl    4.868 ent -0.513 kl 0.0030 spd 0.501 jmp 0.353 lo 0.0 3256s | window: 44%/1.61 ralow: 11%/2.48 lifts: 11%/1.51 quad: 15%/3.05 ring: 50%/7.19 sngspa: 13%/1.81 sngspa: 13%/1.96 tunnel: 30%/10.79
[it  1690/2500           ppo] rew -0.0179 vl    4.847 ent -0.527 kl 0.0031 spd 0.504 jmp 0.338 lo 0.0 3287s | window: 46%/1.66 ralow: 16%/2.32 lifts: 15%/1.47 quad: 18%/2.73 ring: 48%/7.05 sngspa: 13%/2.00 sngspa: 15%/2.01 tunnel: 31%/9.92
[it  1700/2500           ppo] rew -0.0179 vl    4.663 ent -0.521 kl 0.0034 spd 0.506 jmp 0.335 lo 0.0 3315s | window: 48%/1.69 ralow: 11%/2.39 lifts: 11%/1.39 quad: 16%/3.07 ring: 50%/7.14 sngspa: 13%/1.66 sngspa: 11%/1.99 tunnel: 31%/10.39
[it  1710/2500           ppo] rew -0.0189 vl    4.697 ent -0.506 kl 0.0032 spd 0.495 jmp 0.341 lo 0.0 3334s | window: 47%/1.66 ralow: 16%/1.98 lifts: 12%/1.31 quad: 17%/3.19 ring: 46%/7.07 sngspa: 13%/1.95 sngspa: 11%/1.92 tunnel: 28%/10.15
[it  1720/2500           ppo] rew -0.0186 vl    4.517 ent -0.522 kl 0.0029 spd 0.497 jmp 0.350 lo 0.0 3353s | window: 46%/1.65 ralow:  9%/1.95 lifts: 13%/1.32 quad: 14%/3.04 ring: 46%/7.04 sngspa: 14%/1.97 sngspa: 13%/1.92 tunnel: 22%/7.82
[it  1730/2500           ppo] rew -0.0198 vl    4.318 ent -0.500 kl 0.0031 spd 0.493 jmp 0.353 lo 0.0 3372s | window: 47%/1.82 ralow: 14%/2.48 lifts: 11%/1.31 quad: 14%/2.98 ring: 43%/7.21 sngspa: 13%/1.71 sngspa: 12%/2.00 tunnel: 25%/7.70
[it  1740/2500           ppo] rew -0.0186 vl    4.837 ent -0.508 kl 0.0028 spd 0.494 jmp 0.351 lo 0.0 3391s | window: 46%/1.56 ralow:  9%/2.18 lifts: 11%/1.49 quad: 17%/3.16 ring: 44%/7.08 sngspa: 13%/1.91 sngspa: 15%/1.94 tunnel: 25%/9.97
[it  1750/2500           ppo] rew -0.0201 vl    4.305 ent -0.522 kl 0.0031 spd 0.496 jmp 0.352 lo 0.0 3410s | window: 43%/1.62 ralow: 14%/2.11 lifts: 12%/1.16 quad: 15%/3.12 ring: 44%/7.01 sngspa: 11%/1.65 sngspa: 11%/1.90 tunnel: 25%/9.42
[it  1760/2500           ppo] rew -0.0196 vl    4.630 ent -0.502 kl 0.0032 spd 0.484 jmp 0.355 lo 0.0 3430s | window: 46%/1.58 ralow:  9%/2.26 lifts: 11%/1.55 quad: 13%/2.69 ring: 42%/7.10 sngspa: 13%/2.06 sngspa: 14%/2.09 tunnel: 20%/8.67
[it  1770/2500           ppo] rew -0.0193 vl    4.519 ent -0.512 kl 0.0029 spd 0.503 jmp 0.357 lo 0.0 3449s | window: 44%/1.55 ralow: 11%/2.08 lifts: 13%/1.53 quad: 14%/3.10 ring: 42%/7.05 sngspa: 12%/2.09 sngspa: 15%/2.39 tunnel: 26%/9.86
[it  1780/2500           ppo] rew -0.0192 vl    4.865 ent -0.496 kl 0.0029 spd 0.483 jmp 0.356 lo 0.0 3469s | window: 48%/1.69 ralow: 10%/2.03 lifts: 10%/1.40 quad: 15%/2.90 ring: 41%/6.99 sngspa: 14%/1.96 sngspa: 16%/2.14 tunnel: 23%/7.59
[it  1790/2500           ppo] rew -0.0183 vl    4.690 ent -0.514 kl 0.0029 spd 0.497 jmp 0.350 lo 0.0 3488s | window: 48%/1.67 ralow: 16%/2.69 lifts:  9%/1.09 quad: 12%/2.86 ring: 44%/6.97 sngspa: 14%/2.23 sngspa: 10%/1.97 tunnel: 24%/9.43
[it  1800/2500           ppo] rew -0.0200 vl    4.741 ent -0.510 kl 0.0032 spd 0.490 jmp 0.363 lo 0.0 3507s | window: 44%/1.79 ralow: 12%/2.10 lifts: 10%/1.14 quad: 17%/3.03 ring: 45%/7.25 sngspa: 12%/2.00 sngspa: 12%/2.12 tunnel: 28%/7.83
[it  1810/2500           ppo] rew -0.0153 vl    6.281 ent -0.514 kl 0.0030 spd 0.489 jmp 0.361 lo 0.0 3527s | window: 45%/1.71 ralow: 10%/2.47 lifts: 12%/1.30 quad: 13%/3.01 ring: 46%/7.02 sngspa: 11%/1.77 sngspa: 10%/2.05 tunnel: 25%/7.55
[it  1820/2500           ppo] rew -0.0199 vl    4.540 ent -0.515 kl 0.0028 spd 0.492 jmp 0.362 lo 0.0 3546s | window: 42%/1.71 ralow: 13%/2.21 lifts: 14%/1.26 quad: 15%/2.82 ring: 39%/7.00 sngspa: 14%/1.78 sngspa: 12%/2.16 tunnel: 19%/6.66
[it  1830/2500           ppo] rew -0.0160 vl    6.145 ent -0.544 kl 0.0029 spd 0.495 jmp 0.368 lo 0.0 3565s | window: 39%/1.70 ralow: 10%/2.26 lifts: 14%/1.34 quad: 17%/2.96 ring: 42%/6.82 sngspa: 15%/1.71 sngspa: 16%/2.68 tunnel: 17%/9.71
[it  1840/2500           ppo] rew -0.0188 vl    4.642 ent -0.543 kl 0.0031 spd 0.481 jmp 0.358 lo 0.0 3585s | window: 43%/1.64 ralow: 14%/2.57 lifts: 11%/1.24 quad: 15%/2.80 ring: 41%/6.97 sngspa: 15%/2.05 sngspa: 15%/1.91 tunnel: 21%/5.14
[it  1850/2500           ppo] rew -0.0156 vl    5.862 ent -0.564 kl 0.0026 spd 0.504 jmp 0.358 lo 0.0 3605s | window: 46%/1.51 ralow: 12%/2.50 lifts: 12%/1.51 quad: 15%/3.03 ring: 46%/7.06 sngspa: 14%/2.22 sngspa: 12%/2.27 tunnel: 22%/8.04
[it  1860/2500           ppo] rew -0.0187 vl    4.584 ent -0.578 kl 0.0033 spd 0.484 jmp 0.362 lo 0.0 3625s | window: 48%/1.65 ralow: 16%/2.44 lifts: 12%/1.10 quad: 13%/3.04 ring: 45%/6.94 sngspa: 13%/2.18 sngspa: 15%/1.79 tunnel: 23%/7.65
[it  1870/2500           ppo] rew -0.0186 vl    4.633 ent -0.577 kl 0.0030 spd 0.506 jmp 0.347 lo 0.0 3645s | window: 47%/1.70 ralow: 11%/2.29 lifts: 11%/1.27 quad: 13%/2.73 ring: 45%/6.86 sngspa: 14%/2.31 sngspa: 15%/2.18 tunnel: 24%/10.04
[it  1880/2500           ppo] rew -0.0183 vl    4.816 ent -0.548 kl 0.0030 spd 0.486 jmp 0.355 lo 0.0 3665s | window: 45%/1.75 ralow: 12%/2.58 lifts: 10%/1.39 quad: 15%/2.97 ring: 46%/7.05 sngspa: 14%/2.05 sngspa: 15%/1.99 tunnel: 26%/8.91
[it  1890/2500           ppo] rew -0.0182 vl    4.707 ent -0.596 kl 0.0029 spd 0.520 jmp 0.338 lo 0.0 3686s | window: 45%/1.81 ralow: 12%/2.32 lifts:  9%/1.31 quad: 14%/3.03 ring: 47%/6.86 sngspa: 14%/2.82 sngspa: 17%/2.06 tunnel: 26%/10.08
[it  1900/2500           ppo] rew -0.0177 vl    4.919 ent -0.561 kl 0.0030 spd 0.483 jmp 0.352 lo 0.0 3709s | window: 45%/1.90 ralow: 15%/2.50 lifts: 11%/1.40 quad: 15%/3.04 ring: 52%/6.92 sngspa: 14%/1.92 sngspa: 13%/2.19 tunnel: 28%/10.06
[it  1910/2500           ppo] rew -0.0170 vl    4.816 ent -0.595 kl 0.0030 spd 0.516 jmp 0.350 lo 0.0 3732s | window: 48%/1.87 ralow: 11%/2.36 lifts:  9%/1.23 quad: 16%/2.79 ring: 48%/6.92 sngspa: 20%/2.03 sngspa: 16%/2.12 tunnel: 26%/9.38
[it  1920/2500           ppo] rew -0.0183 vl    4.680 ent -0.578 kl 0.0028 spd 0.484 jmp 0.353 lo 0.0 3754s | window: 52%/1.83 ralow: 13%/1.95 lifts: 11%/1.65 quad: 16%/2.97 ring: 49%/6.84 sngspa: 15%/2.14 sngspa: 16%/1.71 tunnel: 24%/8.85
[it  1930/2500           ppo] rew -0.0160 vl    4.901 ent -0.621 kl 0.0028 spd 0.513 jmp 0.341 lo 0.0 3774s | window: 51%/1.90 ralow: 10%/2.43 lifts: 13%/1.34 quad: 15%/2.91 ring: 44%/6.69 sngspa: 15%/2.08 sngspa: 16%/2.03 tunnel: 27%/9.61
[it  1940/2500           ppo] rew -0.0175 vl    4.941 ent -0.597 kl 0.0029 spd 0.486 jmp 0.350 lo 0.0 3793s | window: 51%/1.82 ralow: 17%/2.48 lifts: 12%/1.76 quad: 15%/2.71 ring: 48%/6.94 sngspa: 17%/2.00 sngspa: 17%/5.90 tunnel: 26%/8.86
[it  1950/2500           ppo] rew -0.0173 vl    4.835 ent -0.616 kl 0.0026 spd 0.509 jmp 0.338 lo 0.0 3812s | window: 50%/1.77 ralow: 10%/2.42 lifts: 14%/1.73 quad: 17%/2.97 ring: 48%/6.74 sngspa: 17%/2.84 sngspa: 17%/7.03 tunnel: 28%/9.42
[it  1960/2500           ppo] rew -0.0181 vl    4.778 ent -0.593 kl 0.0030 spd 0.475 jmp 0.345 lo 0.0 3831s | window: 48%/1.80 ralow: 12%/2.40 lifts: 12%/1.68 quad: 15%/3.00 ring: 47%/7.00 sngspa: 18%/3.33 sngspa: 17%/3.43 tunnel: 27%/9.79
[it  1970/2500           ppo] rew -0.0161 vl    4.745 ent -0.626 kl 0.0029 spd 0.515 jmp 0.335 lo 0.0 3851s | window: 50%/1.87 ralow: 10%/2.34 lifts: 13%/1.74 quad: 14%/2.82 ring: 48%/7.00 sngspa: 16%/2.27 sngspa: 17%/2.59 tunnel: 26%/9.58
[it  1980/2500           ppo] rew -0.0172 vl    4.916 ent -0.623 kl 0.0031 spd 0.495 jmp 0.339 lo 0.0 3870s | window: 50%/1.87 ralow: 15%/2.64 lifts: 15%/1.91 quad: 16%/3.05 ring: 49%/6.91 sngspa: 16%/2.10 sngspa: 19%/4.08 tunnel: 28%/9.45
[it  1990/2500           ppo] rew -0.0158 vl    4.994 ent -0.654 kl 0.0026 spd 0.509 jmp 0.331 lo 0.0 3889s | window: 49%/1.86 ralow: 12%/2.37 lifts: 15%/1.88 quad: 14%/2.87 ring: 51%/6.73 sngspa: 18%/2.46 sngspa: 17%/2.59 tunnel: 26%/9.66
[it  2000/2500           ppo] rew -0.0166 vl    4.958 ent -0.633 kl 0.0024 spd 0.492 jmp 0.339 lo 0.0 3908s | window: 50%/1.73 ralow: 16%/2.68 lifts: 14%/1.81 quad: 14%/2.70 ring: 51%/6.79 sngspa: 17%/2.74 sngspa: 17%/2.12 tunnel: 30%/9.51
[it  2010/2500           ppo] rew -0.0162 vl    4.997 ent -0.663 kl 0.0028 spd 0.520 jmp 0.334 lo 0.0 3928s | window: 52%/1.79 ralow: 12%/2.42 lifts: 15%/1.87 quad: 16%/2.84 ring: 52%/6.64 sngspa: 19%/5.83 sngspa: 18%/3.17 tunnel: 27%/9.14
[it  2020/2500           ppo] rew -0.0159 vl    5.061 ent -0.656 kl 0.0027 spd 0.493 jmp 0.342 lo 0.0 3947s | window: 54%/1.71 ralow: 16%/2.79 lifts: 15%/3.44 quad: 16%/3.06 ring: 52%/6.94 sngspa: 19%/3.14 sngspa: 16%/4.96 tunnel: 32%/9.99
[it  2030/2500           ppo] rew -0.0152 vl    4.956 ent -0.682 kl 0.0028 spd 0.528 jmp 0.331 lo 0.0 3966s | window: 56%/1.82 ralow: 13%/2.64 lifts: 14%/3.19 quad: 17%/2.99 ring: 52%/6.70 sngspa: 18%/6.48 sngspa: 18%/2.14 tunnel: 30%/9.75
[it  2040/2500           ppo] rew -0.0160 vl    5.098 ent -0.653 kl 0.0029 spd 0.504 jmp 0.355 lo 0.0 3986s | window: 55%/1.84 ralow: 14%/2.69 lifts: 17%/4.08 quad: 15%/2.77 ring: 54%/6.96 sngspa: 16%/4.32 sngspa: 18%/2.17 tunnel: 30%/9.50
[it  2050/2500           ppo] rew -0.0169 vl    4.828 ent -0.692 kl 0.0026 spd 0.522 jmp 0.345 lo 0.0 4006s | window: 54%/1.79 ralow: 11%/2.34 lifts: 15%/3.92 quad: 13%/2.62 ring: 51%/6.94 sngspa: 17%/2.26 sngspa: 16%/2.48 tunnel: 27%/9.08
[it  2060/2500           ppo] rew -0.0156 vl    5.055 ent -0.664 kl 0.0027 spd 0.510 jmp 0.350 lo 0.0 4026s | window: 53%/1.87 ralow: 15%/2.64 lifts: 19%/3.12 quad: 16%/2.64 ring: 53%/6.90 sngspa: 14%/2.38 sngspa: 16%/3.03 tunnel: 26%/9.26
[it  2070/2500           ppo] rew -0.0149 vl    4.930 ent -0.719 kl 0.0027 spd 0.543 jmp 0.338 lo 0.0 4046s | window: 53%/2.03 ralow: 14%/2.56 lifts: 18%/3.82 quad: 16%/2.96 ring: 54%/6.94 sngspa: 19%/5.24 sngspa: 21%/6.55 tunnel: 31%/9.67
[it  2080/2500           ppo] rew -0.0161 vl    4.801 ent -0.675 kl 0.0024 spd 0.505 jmp 0.342 lo 0.0 4068s | window: 53%/1.87 ralow: 18%/2.45 lifts: 17%/4.24 quad: 16%/3.00 ring: 56%/6.75 sngspa: 16%/5.68 sngspa: 17%/3.42 tunnel: 29%/9.78
[it  2090/2500           ppo] rew -0.0146 vl    5.000 ent -0.720 kl 0.0028 spd 0.543 jmp 0.334 lo 0.0 4088s | window: 53%/1.94 ralow: 12%/2.48 lifts: 16%/3.18 quad: 16%/3.29 ring: 53%/6.86 sngspa: 15%/2.66 sngspa: 16%/2.19 tunnel: 31%/9.88
[it  2100/2500           ppo] rew -0.0161 vl    4.954 ent -0.687 kl 0.0023 spd 0.512 jmp 0.347 lo 0.0 4110s | window: 54%/1.78 ralow: 17%/2.79 lifts: 15%/1.77 quad: 16%/3.57 ring: 58%/6.83 sngspa: 16%/4.52 sngspa: 15%/7.06 tunnel: 35%/9.77
[it  2110/2500           ppo] rew -0.0149 vl    5.080 ent -0.729 kl 0.0026 spd 0.535 jmp 0.343 lo 0.0 4129s | window: 53%/1.73 ralow: 11%/2.58 lifts: 17%/3.08 quad: 15%/3.19 ring: 53%/6.88 sngspa: 15%/6.38 sngspa: 15%/3.84 tunnel: 35%/9.88
[it  2120/2500           ppo] rew -0.0150 vl    5.403 ent -0.714 kl 0.0026 spd 0.514 jmp 0.348 lo 0.0 4149s | window: 55%/1.90 ralow: 17%/2.58 lifts: 19%/1.88 quad: 17%/2.98 ring: 54%/6.75 sngspa: 16%/6.77 sngspa: 18%/5.48 tunnel: 33%/9.71
[it  2130/2500           ppo] rew -0.0149 vl    5.186 ent -0.716 kl 0.0025 spd 0.537 jmp 0.341 lo 0.0 4169s | window: 54%/1.92 ralow: 12%/2.73 lifts: 19%/5.10 quad: 14%/3.04 ring: 55%/6.79 sngspa: 18%/6.78 sngspa: 19%/6.74 tunnel: 33%/9.99
[it  2140/2500           ppo] rew -0.0145 vl    5.151 ent -0.689 kl 0.0024 spd 0.521 jmp 0.354 lo 0.0 4189s | window: 54%/2.05 ralow: 15%/2.71 lifts: 25%/3.92 quad: 20%/3.10 ring: 55%/6.88 sngspa: 20%/6.75 sngspa: 20%/6.74 tunnel: 32%/9.75
[it  2150/2500           ppo] rew -0.0149 vl    4.992 ent -0.693 kl 0.0025 spd 0.534 jmp 0.352 lo 0.0 4212s | window: 56%/2.05 ralow: 12%/2.54 lifts: 23%/6.38 quad: 17%/3.02 ring: 57%/6.82 sngspa: 21%/6.83 sngspa: 24%/6.22 tunnel: 33%/9.52
[it  2160/2500           ppo] rew -0.0152 vl    5.225 ent -0.689 kl 0.0025 spd 0.515 jmp 0.354 lo 0.0 4231s | window: 57%/2.08 ralow: 15%/2.55 lifts: 24%/6.30 quad: 16%/3.22 ring: 54%/6.82 sngspa: 22%/6.42 sngspa: 23%/6.86 tunnel: 34%/9.73
[it  2170/2500           ppo] rew -0.0141 vl    5.212 ent -0.704 kl 0.0024 spd 0.542 jmp 0.345 lo 0.0 4251s | window: 58%/1.83 ralow: 11%/2.41 lifts: 26%/6.38 quad: 15%/2.89 ring: 54%/6.86 sngspa: 24%/6.43 sngspa: 22%/7.29 tunnel: 31%/9.34
[it  2180/2500           ppo] rew -0.0149 vl    5.100 ent -0.705 kl 0.0023 spd 0.516 jmp 0.348 lo 0.0 4271s | window: 57%/1.95 ralow: 17%/2.44 lifts: 25%/6.28 quad: 17%/2.97 ring: 54%/6.97 sngspa: 28%/6.14 sngspa: 25%/7.01 tunnel: 33%/9.78
[it  2190/2500           ppo] rew -0.0142 vl    5.422 ent -0.748 kl 0.0023 spd 0.550 jmp 0.341 lo 0.0 4292s | window: 57%/2.09 ralow: 12%/2.22 lifts: 24%/6.34 quad: 15%/3.04 ring: 57%/6.88 sngspa: 25%/6.92 sngspa: 25%/7.10 tunnel: 34%/10.01
[it  2200/2500           ppo] rew -0.0144 vl    5.336 ent -0.733 kl 0.0025 spd 0.513 jmp 0.351 lo 0.0 4312s | window: 60%/2.47 ralow: 16%/2.82 lifts: 24%/4.44 quad: 15%/2.82 ring: 57%/6.79 sngspa: 26%/6.78 sngspa: 25%/7.31 tunnel: 32%/8.78
[it  2210/2500           ppo] rew -0.0138 vl    5.396 ent -0.769 kl 0.0024 spd 0.544 jmp 0.345 lo 0.0 4331s | window: 60%/1.95 ralow: 12%/2.57 lifts: 22%/5.10 quad: 18%/3.68 ring: 55%/6.86 sngspa: 26%/7.16 sngspa: 26%/7.13 tunnel: 30%/9.92
[it  2220/2500           ppo] rew -0.0129 vl    5.465 ent -0.776 kl 0.0024 spd 0.536 jmp 0.351 lo 0.0 4351s | window: 58%/1.94 ralow: 16%/2.56 lifts: 24%/6.44 quad: 15%/3.44 ring: 59%/6.83 sngspa: 31%/6.99 sngspa: 31%/7.18 tunnel: 32%/9.60
[it  2230/2500           ppo] rew -0.0120 vl    5.365 ent -0.801 kl 0.0024 spd 0.544 jmp 0.361 lo 0.0 4370s | window: 60%/2.51 ralow: 11%/2.47 lifts: 24%/5.39 quad: 19%/3.91 ring: 58%/6.86 sngspa: 31%/7.03 sngspa: 33%/6.79 tunnel: 33%/9.77
[it  2240/2500           ppo] rew -0.0110 vl    5.510 ent -0.790 kl 0.0025 spd 0.543 jmp 0.357 lo 0.0 4390s | window: 61%/2.08 ralow: 16%/2.82 lifts: 25%/4.39 quad: 21%/3.40 ring: 60%/6.90 sngspa: 39%/6.90 sngspa: 39%/6.90 tunnel: 32%/9.62
[it  2250/2500           ppo] rew -0.0119 vl    5.442 ent -0.792 kl 0.0021 spd 0.559 jmp 0.353 lo 0.0 4409s | window: 59%/1.86 ralow: 11%/2.69 lifts: 26%/4.49 quad: 20%/4.23 ring: 58%/6.82 sngspa: 40%/6.86 sngspa: 39%/6.82 tunnel: 35%/9.92
[it  2260/2500           ppo] rew -0.0110 vl    5.491 ent -0.786 kl 0.0025 spd 0.555 jmp 0.355 lo 0.0 4429s | window: 58%/2.12 ralow: 17%/2.29 lifts: 30%/4.27 quad: 22%/4.06 ring: 60%/6.94 sngspa: 44%/6.73 sngspa: 44%/6.77 tunnel: 37%/9.77
[it  2270/2500           ppo] rew -0.0105 vl    5.439 ent -0.794 kl 0.0024 spd 0.574 jmp 0.352 lo 0.0 4449s | window: 57%/2.04 ralow: 12%/2.73 lifts: 29%/5.12 quad: 23%/3.75 ring: 60%/6.92 sngspa: 49%/6.84 sngspa: 47%/6.74 tunnel: 35%/9.66
[it  2280/2500           ppo] rew -0.0104 vl    5.642 ent -0.796 kl 0.0026 spd 0.559 jmp 0.354 lo 0.0 4468s | window: 56%/1.91 ralow: 17%/2.64 lifts: 31%/6.31 quad: 20%/3.87 ring: 61%/6.78 sngspa: 54%/6.70 sngspa: 54%/6.81 tunnel: 33%/9.75
[it  2290/2500           ppo] rew -0.0093 vl    5.445 ent -0.797 kl 0.0022 spd 0.575 jmp 0.346 lo 0.0 4488s | window: 57%/2.03 ralow: 12%/2.74 lifts: 31%/6.35 quad: 23%/3.95 ring: 59%/6.91 sngspa: 57%/6.73 sngspa: 53%/6.74 tunnel: 31%/9.78
[it  2300/2500           ppo] rew -0.0101 vl    5.565 ent -0.794 kl 0.0025 spd 0.578 jmp 0.333 lo 0.0 4507s | window: 56%/1.99 ralow: 16%/2.73 lifts: 33%/6.59 quad: 22%/3.73 ring: 60%/6.87 sngspa: 58%/6.73 sngspa: 57%/6.66 tunnel: 34%/9.57
[it  2310/2500           ppo] rew -0.0099 vl    5.321 ent -0.817 kl 0.0021 spd 0.585 jmp 0.333 lo 0.0 4526s | window: 52%/1.92 ralow: 13%/2.67 lifts: 37%/6.68 quad: 22%/3.95 ring: 64%/6.96 sngspa: 59%/6.73 sngspa: 59%/6.70 tunnel: 32%/9.61
[it  2320/2500           ppo] rew -0.0078 vl    5.482 ent -0.827 kl 0.0021 spd 0.585 jmp 0.331 lo 0.0 4546s | window: 56%/2.05 ralow: 16%/2.75 lifts: 34%/6.56 quad: 19%/4.32 ring: 63%/6.94 sngspa: 61%/6.58 sngspa: 60%/6.69 tunnel: 34%/9.81
[it  2330/2500           ppo] rew -0.0078 vl    5.390 ent -0.845 kl 0.0023 spd 0.601 jmp 0.327 lo 0.0 4565s | window: 54%/1.90 ralow: 13%/2.81 lifts: 40%/6.49 quad: 20%/3.92 ring: 62%/6.84 sngspa: 64%/6.57 sngspa: 68%/6.62 tunnel: 32%/9.75
[it  2340/2500           ppo] rew -0.0063 vl    5.417 ent -0.862 kl 0.0019 spd 0.605 jmp 0.336 lo 0.0 4585s | window: 54%/1.94 ralow: 17%/2.62 lifts: 46%/6.51 quad: 20%/3.95 ring: 64%/6.82 sngspa: 68%/6.60 sngspa: 68%/6.57 tunnel: 32%/9.65
[it  2350/2500           ppo] rew -0.0065 vl    5.514 ent -0.867 kl 0.0020 spd 0.613 jmp 0.332 lo 0.0 4604s | window: 55%/1.88 ralow: 13%/2.44 lifts: 46%/6.58 quad: 21%/4.34 ring: 65%/6.86 sngspa: 71%/6.55 sngspa: 69%/6.53 tunnel: 32%/9.61
[it  2360/2500           ppo] rew -0.0064 vl    5.463 ent -0.857 kl 0.0021 spd 0.608 jmp 0.333 lo 0.0 4624s | window: 54%/1.79 ralow: 16%/2.77 lifts: 47%/6.57 quad: 25%/4.65 ring: 66%/6.87 sngspa: 72%/6.60 sngspa: 72%/6.61 tunnel: 29%/9.62
[it  2370/2500           ppo] rew -0.0053 vl    5.563 ent -0.864 kl 0.0023 spd 0.620 jmp 0.334 lo 0.0 4644s | window: 50%/1.95 ralow: 12%/2.68 lifts: 43%/6.64 quad: 24%/4.83 ring: 64%/6.91 sngspa: 70%/6.55 sngspa: 72%/6.57 tunnel: 27%/9.90
[it  2380/2500           ppo] rew -0.0055 vl    5.436 ent -0.881 kl 0.0020 spd 0.604 jmp 0.342 lo 0.0 4663s | window: 51%/2.01 ralow: 15%/2.12 lifts: 44%/6.52 quad: 21%/3.99 ring: 63%/6.81 sngspa: 74%/6.60 sngspa: 76%/6.55 tunnel: 29%/9.87
[it  2390/2500           ppo] rew -0.0052 vl    5.362 ent -0.904 kl 0.0021 spd 0.635 jmp 0.331 lo 0.0 4682s | window: 53%/1.81 ralow: 11%/2.47 lifts: 47%/6.60 quad: 22%/4.32 ring: 61%/6.83 sngspa: 73%/6.56 sngspa: 74%/6.51 tunnel: 31%/9.84
[it  2400/2500           ppo] rew -0.0007 vl    7.136 ent -0.921 kl 0.0018 spd 0.618 jmp 0.334 lo 0.0 4702s | window: 51%/1.77 ralow: 11%/2.52 lifts: 48%/6.60 quad: 25%/4.10 ring: 67%/6.83 sngspa: 75%/6.54 sngspa: 75%/6.57 tunnel: 32%/9.56
[it  2410/2500           ppo] rew -0.0039 vl    5.694 ent -0.913 kl 0.0019 spd 0.621 jmp 0.336 lo 0.0 4721s | window: 52%/1.82 ralow: 14%/2.59 lifts: 46%/6.55 quad: 23%/3.99 ring: 65%/6.80 sngspa: 76%/6.52 sngspa: 76%/6.52 tunnel: 28%/9.60
[it  2420/2500           ppo] rew -0.0010 vl    7.371 ent -0.925 kl 0.0019 spd 0.636 jmp 0.339 lo 0.0 4740s | window: 53%/1.82 ralow: 12%/2.50 lifts: 45%/6.49 quad: 24%/4.46 ring: 67%/6.81 sngspa: 75%/6.53 sngspa: 75%/6.52 tunnel: 27%/9.45
[it  2430/2500           ppo] rew -0.0038 vl    5.717 ent -0.932 kl 0.0022 spd 0.624 jmp 0.337 lo 0.0 4759s | window: 55%/1.91 ralow: 16%/2.62 lifts: 50%/6.56 quad: 22%/4.55 ring: 67%/6.77 sngspa: 78%/6.47 sngspa: 77%/6.55 tunnel: 30%/9.58
[it  2440/2500           ppo] rew +0.0002 vl    7.174 ent -0.944 kl 0.0021 spd 0.636 jmp 0.333 lo 0.0 4779s | window: 50%/2.04 ralow: 13%/2.73 lifts: 49%/6.51 quad: 25%/4.38 ring: 66%/6.82 sngspa: 76%/6.52 sngspa: 75%/6.56 tunnel: 28%/9.56
[it  2450/2500           ppo] rew -0.0040 vl    5.502 ent -0.943 kl 0.0022 spd 0.631 jmp 0.332 lo 0.0 4798s | window: 51%/1.97 ralow: 16%/2.56 lifts: 53%/6.45 quad: 22%/4.78 ring: 68%/6.78 sngspa: 76%/6.53 sngspa: 76%/6.47 tunnel: 29%/9.44
[it  2460/2500           ppo] rew -0.0035 vl    5.604 ent -0.932 kl 0.0019 spd 0.647 jmp 0.331 lo 0.0 4817s | window: 50%/2.03 ralow: 12%/2.51 lifts: 54%/6.57 quad: 23%/4.53 ring: 68%/6.78 sngspa: 77%/6.47 sngspa: 76%/6.43 tunnel: 26%/9.49
[it  2470/2500           ppo] rew -0.0030 vl    5.497 ent -0.933 kl 0.0019 spd 0.640 jmp 0.324 lo 0.0 4837s | window: 50%/1.83 ralow: 15%/2.62 lifts: 57%/6.52 quad: 21%/3.91 ring: 66%/6.75 sngspa: 78%/6.43 sngspa: 76%/6.38 tunnel: 27%/9.10
[it  2480/2500           ppo] rew -0.0020 vl    5.641 ent -0.939 kl 0.0018 spd 0.656 jmp 0.319 lo 0.0 4856s | window: 48%/1.90 ralow: 14%/2.19 lifts: 56%/6.48 quad: 23%/3.91 ring: 69%/6.68 sngspa: 79%/6.43 sngspa: 79%/6.40 tunnel: 27%/9.52
[it  2490/2500           ppo] rew -0.0029 vl    5.429 ent -0.947 kl 0.0018 spd 0.638 jmp 0.321 lo 0.0 4876s | window: 48%/1.69 ralow: 16%/2.56 lifts: 55%/6.52 quad: 23%/4.27 ring: 66%/6.71 sngspa: 79%/6.39 sngspa: 79%/6.44 tunnel: 27%/9.61
[it  2500/2500           ppo] rew -0.0022 vl    5.575 ent -0.970 kl 0.0018 spd 0.658 jmp 0.325 lo 0.0 4895s | window: 47%/1.74 ralow: 10%/2.58 lifts: 59%/6.51 quad: 23%/3.77 ring: 68%/6.68 sngspa: 80%/6.43 sngspa: 80%/6.40 tunnel: 27%/9.44
saved /home/benjamin-adm/rex-ml/pipeline/out/race/race_v8.pt
