resumed from pipeline/out/race/race_v8.pt
human_paths_for(sngspawn_a_to_mega): dropped 1/24 tracks starting >96 u from route start (-880.0, -232.0, -16.0) (e.g. track[0]=[-632.0, -680.0, -16.0])
human_paths_for(sngspawn_b_to_mega): dropped 23/24 tracks starting >96 u from route start (-632.0, -680.0, -16.0) (e.g. track[0]=[-880.0, -232.0, -16.0])
routes=['window_to_rl', 'ralow_to_ratop', 'lifts_to_sng_mega', 'quad_to_ra', 'ring_to_ratop', 'sngspawn_a_to_mega', 'sngspawn_b_to_mega', 'tunnel_to_ra', 'sng_to_quad']  n_per_route=2048  human_k=6  envs=55  total_slots=18403  T=64  gamma=0.999
  window_to_rl           human:6796@2.069             path    1327 u  n=  292  gate  2.75s  needs    482 u/s average
  window_to_rl           human:56762@2.174            path    1237 u  n=  292  gate  2.75s  needs    450 u/s average
  window_to_rl           human:22269@2.178            path    1134 u  n=  292  gate  2.75s  needs    412 u/s average
  window_to_rl           human:28039@2.179            path    1133 u  n=  292  gate  2.75s  needs    412 u/s average
  window_to_rl           human:55363@2.185            path    1249 u  n=  292  gate  2.75s  needs    454 u/s average
  window_to_rl           human:18302@2.204            path    1216 u  n=  292  gate  2.75s  needs    442 u/s average
  window_to_rl           navmesh                      path    2002 u  n=  292  gate  2.75s  needs    728 u/s average
  ralow_to_ratop         human:44665@5.348            path    2562 u  n=  292  gate  7.71s  needs    332 u/s average
  ralow_to_ratop         human:25062@5.408            path    2148 u  n=  292  gate  7.71s  needs    279 u/s average
  ralow_to_ratop         human:22060@5.476            path    2169 u  n=  292  gate  7.71s  needs    281 u/s average
  ralow_to_ratop         human:13680@5.531            path    2571 u  n=  292  gate  7.71s  needs    333 u/s average
  ralow_to_ratop         human:14675@5.542            path    2575 u  n=  292  gate  7.71s  needs    334 u/s average
  ralow_to_ratop         human:28746@5.574            path    2642 u  n=  292  gate  7.71s  needs    343 u/s average
  ralow_to_ratop         navmesh                      path    3052 u  n=  292  gate  7.71s  needs    396 u/s average
  lifts_to_sng_mega      human:48877@4.958            path    2171 u  n=  292  gate  7.93s  needs    274 u/s average
  lifts_to_sng_mega      human:55716@4.971            path    2139 u  n=  292  gate  7.93s  needs    270 u/s average
  lifts_to_sng_mega      human:29817@4.98             path    2161 u  n=  292  gate  7.93s  needs    273 u/s average
  lifts_to_sng_mega      human:50580@4.98             path    2194 u  n=  292  gate  7.93s  needs    277 u/s average
  lifts_to_sng_mega      human:26750@4.987            path    2212 u  n=  292  gate  7.93s  needs    279 u/s average
  lifts_to_sng_mega      human:21055@5.01             path    2159 u  n=  292  gate  7.93s  needs    272 u/s average
  lifts_to_sng_mega      navmesh                      path    2325 u  n=  292  gate  7.93s  needs    293 u/s average
  quad_to_ra             human:22919@6.705            path    3133 u  n=  341  gate  8.96s  needs    350 u/s average
  quad_to_ra             human:21963@6.963            path    2955 u  n=  341  gate  8.96s  needs    330 u/s average
  quad_to_ra             human:31815@7.045            path    3210 u  n=  341  gate  8.96s  needs    358 u/s average
  quad_to_ra             human:26736@7.076            path    3221 u  n=  341  gate  8.96s  needs    359 u/s average
  quad_to_ra             human:27014@7.088            path    3271 u  n=  341  gate  8.96s  needs    365 u/s average
  quad_to_ra             human:4150@7.205             path    3287 u  n=  341  gate  8.96s  needs    367 u/s average
  ring_to_ratop          human:50580@5.679            path    2423 u  n=  292  gate  9.26s  needs    262 u/s average
  ring_to_ratop          human:12764@5.788            path    2480 u  n=  292  gate  9.26s  needs    268 u/s average
  ring_to_ratop          human:43734@5.986            path    2525 u  n=  292  gate  9.26s  needs    273 u/s average
  ring_to_ratop          human:18643@6.136            path    2639 u  n=  292  gate  9.26s  needs    285 u/s average
  ring_to_ratop          human:23831@6.233            path    2650 u  n=  292  gate  9.26s  needs    286 u/s average
  ring_to_ratop          human:7969@6.374             path    2570 u  n=  292  gate  9.26s  needs    278 u/s average
  ring_to_ratop          navmesh                      path    2842 u  n=  292  gate  9.26s  needs    307 u/s average
  sngspawn_a_to_mega     human:54935@6.545            path    2719 u  n=  292  gate  9.98s  needs    272 u/s average
  sngspawn_a_to_mega     human:11862@6.635            path    2760 u  n=  292  gate  9.98s  needs    277 u/s average
  sngspawn_a_to_mega     human:45738@6.735            path    2656 u  n=  292  gate  9.98s  needs    266 u/s average
  sngspawn_a_to_mega     human:2234@6.748             path    2781 u  n=  292  gate  9.98s  needs    279 u/s average
  sngspawn_a_to_mega     human:45576@6.896            path    2829 u  n=  292  gate  9.98s  needs    283 u/s average
  sngspawn_a_to_mega     human:7948@6.93              path    2734 u  n=  292  gate  9.98s  needs    274 u/s average
  sngspawn_a_to_mega     navmesh                      path    2540 u  n=  292  gate  9.98s  needs    255 u/s average
  sngspawn_b_to_mega     human:19865@7.42             path    3338 u  n= 1024  gate  9.98s  needs    334 u/s average
  sngspawn_b_to_mega     navmesh                      path    3110 u  n= 1024  gate  9.98s  needs    312 u/s average
  tunnel_to_ra           human:51305@8.701            path    3542 u  n=  292  gate 12.13s  needs    292 u/s average
  tunnel_to_ra           human:45662@9.006            path    3716 u  n=  292  gate 12.13s  needs    306 u/s average
  tunnel_to_ra           human:24339@9.065            path    3927 u  n=  292  gate 12.13s  needs    324 u/s average
  tunnel_to_ra           human:26238@9.128            path    3775 u  n=  292  gate 12.13s  needs    311 u/s average
  tunnel_to_ra           human:31673@9.193            path    3719 u  n=  292  gate 12.13s  needs    307 u/s average
  tunnel_to_ra           human:22180@9.282            path    3929 u  n=  292  gate 12.13s  needs    324 u/s average
  tunnel_to_ra           navmesh                      path    3885 u  n=  292  gate 12.13s  needs    320 u/s average
  sng_to_quad            human:43887@5.266            path    2480 u  n=  409  gate  6.04s  needs    411 u/s average
  sng_to_quad            human:6621@5.426             path    2450 u  n=  409  gate  6.04s  needs    406 u/s average
  sng_to_quad            human:24005@6.04             path    2724 u  n=  409  gate  6.04s  needs    451 u/s average
  sng_to_quad            human:32076@6.486            path    2510 u  n=  409  gate  6.04s  needs    416 u/s average
  sng_to_quad            navmesh                      path    5946 u  n=  409  gate  6.04s  needs    984 u/s average
[probe it     1] strict-navmesh sampled n=16 | window: 38%/5.51 ralow:  0%/  -   lifts:  0%/  -   ring:  0%/  -   sngspa:  0%/  -   sngspa:  0%/  -   tunnel:  0%/  -   sng:  0%/  -  
[it     1/2500 critic_warmup] rew +0.0181 vl   15.125 ent -1.098 kl 0.0000 spd 1.078 jmp 0.331 lo 0.75 3s | window:100%/0.48 ralow:100%/0.66 lifts:100%/0.61 quad:100%/0.68 ring:100%/0.66 sngspa:100%/0.70 sngspa:100%/0.73 tunnel:100%/0.71 sng:100%/0.68
[it    10/2500 critic_warmup] rew +0.0305 vl    3.577 ent -0.701 kl 0.0000 spd 0.494 jmp 0.381 lo 0.75 41s | window:100%/0.52 ralow:100%/1.38 lifts:100%/0.95 quad:100%/1.71 ring:100%/1.55 sngspa:100%/1.19 sngspa:100%/1.49 tunnel:100%/1.98 sng:100%/1.29
[it    20/2500           ppo] rew +0.0513 vl   18.419 ent -0.320 kl 0.0059 spd 0.370 jmp 0.406 lo 0.74 62s | window: 97%/0.49 ralow:  7%/1.17 lifts: 72%/0.88 quad:100%/1.60 ring:100%/1.22 sngspa:100%/1.06 sngspa:100%/1.45 tunnel:100%/1.83 sng: 56%/1.13
[it    30/2500           ppo] rew +0.0524 vl    6.446 ent -0.388 kl 0.0057 spd 0.543 jmp 0.387 lo 0.74 84s | window: 98%/0.51 ralow: 84%/1.18 lifts: 94%/0.86 quad: 53%/1.40 ring: 51%/1.18 sngspa: 85%/1.09 sngspa: 73%/1.31 tunnel: 45%/1.69 sng: 96%/1.17
[it    40/2500           ppo] rew +0.0420 vl   10.060 ent -0.148 kl 0.0058 spd 0.426 jmp 0.408 lo 0.73 106s | window: 97%/0.53 ralow: 32%/1.18 lifts: 93%/0.94 quad: 83%/1.42 ring: 77%/1.25 sngspa: 95%/1.12 sngspa: 95%/1.39 tunnel: 86%/1.77 sng: 76%/1.27
[it    50/2500           ppo] rew +0.0563 vl   10.870 ent -0.258 kl 0.0056 spd 0.521 jmp 0.400 lo 0.73 128s | window: 97%/0.51 ralow: 70%/1.18 lifts: 87%/0.94 quad: 52%/1.47 ring: 51%/1.21 sngspa: 91%/1.14 sngspa: 80%/1.44 tunnel: 37%/1.86 sng: 88%/1.30
[it    60/2500           ppo] rew +0.0469 vl    8.010 ent -0.211 kl 0.0056 spd 0.511 jmp 0.402 lo 0.72 151s | window: 97%/0.55 ralow: 51%/1.16 lifts: 92%/0.92 quad: 77%/1.56 ring: 77%/1.27 sngspa: 92%/1.22 sngspa: 87%/1.49 tunnel: 64%/1.82 sng: 76%/1.18
[it    70/2500           ppo] rew +0.0457 vl    7.972 ent -0.180 kl 0.0054 spd 0.519 jmp 0.405 lo 0.72 173s | window: 96%/0.52 ralow: 67%/1.21 lifts: 89%/0.95 quad: 52%/1.52 ring: 51%/1.26 sngspa: 92%/1.25 sngspa: 87%/1.42 tunnel: 82%/1.87 sng: 89%/1.17
[it    80/2500           ppo] rew +0.0458 vl    8.727 ent -0.215 kl 0.0057 spd 0.531 jmp 0.397 lo 0.71 195s | window: 97%/0.52 ralow: 63%/1.26 lifts: 90%/1.00 quad: 71%/1.68 ring: 70%/1.29 sngspa: 91%/1.23 sngspa: 83%/1.39 tunnel: 51%/1.79 sng: 73%/1.34
[it    90/2500           ppo] rew +0.0377 vl    8.617 ent -0.175 kl 0.0053 spd 0.498 jmp 0.398 lo 0.71 217s | window: 97%/0.56 ralow: 68%/1.26 lifts: 89%/0.99 quad: 64%/1.66 ring: 57%/1.26 sngspa: 92%/1.22 sngspa: 84%/1.32 tunnel: 67%/1.94 sng: 73%/1.39
[probe it   100] strict-navmesh sampled n=16 | window: 62%/5.56 ralow:  0%/  -   lifts:  0%/  -   ring:  0%/  -   sngspa:  0%/  -   sngspa:  0%/  -   tunnel:  0%/  -   sng:  0%/  -  
[it   100/2500           ppo] rew +0.0358 vl    9.559 ent -0.189 kl 0.0053 spd 0.515 jmp 0.395 lo 0.7 239s | window: 96%/0.55 ralow: 62%/1.29 lifts: 89%/0.96 quad: 66%/1.68 ring: 62%/1.31 sngspa: 89%/1.26 sngspa: 78%/1.39 tunnel: 74%/1.94 sng: 79%/1.25
[it   110/2500           ppo] rew +0.0371 vl    8.513 ent -0.153 kl 0.0054 spd 0.502 jmp 0.396 lo 0.7 281s | window: 95%/0.55 ralow: 69%/1.26 lifts: 89%/0.97 quad: 69%/1.68 ring: 72%/1.39 sngspa: 89%/1.29 sngspa: 75%/1.39 tunnel: 57%/1.94 sng: 72%/1.26
[it   120/2500           ppo] rew +0.0284 vl    8.974 ent -0.162 kl 0.0049 spd 0.517 jmp 0.396 lo 0.69 302s | window: 96%/0.60 ralow: 60%/1.29 lifts: 88%/0.95 quad: 65%/1.65 ring: 59%/1.32 sngspa: 91%/1.32 sngspa: 75%/1.38 tunnel: 70%/1.96 sng: 76%/1.35
[it   130/2500           ppo] rew +0.0273 vl    8.088 ent -0.083 kl 0.0052 spd 0.492 jmp 0.408 lo 0.69 324s | window: 94%/0.56 ralow: 70%/1.21 lifts: 87%/1.00 quad: 70%/1.69 ring: 71%/1.43 sngspa: 90%/1.34 sngspa: 75%/1.36 tunnel: 63%/1.99 sng: 70%/1.21
[it   140/2500           ppo] rew +0.0250 vl    8.982 ent -0.129 kl 0.0052 spd 0.511 jmp 0.393 lo 0.68 346s | window: 94%/0.57 ralow: 58%/1.12 lifts: 86%/1.03 quad: 65%/1.70 ring: 60%/1.47 sngspa: 89%/1.34 sngspa: 72%/1.40 tunnel: 63%/2.08 sng: 76%/1.18
[it   150/2500           ppo] rew +0.0270 vl    7.828 ent -0.092 kl 0.0050 spd 0.492 jmp 0.386 lo 0.68 367s | window: 93%/0.60 ralow: 70%/1.26 lifts: 87%/1.04 quad: 67%/1.75 ring: 68%/1.40 sngspa: 88%/1.31 sngspa: 72%/1.42 tunnel: 69%/2.19 sng: 67%/1.22
[it   160/2500           ppo] rew +0.0259 vl    9.769 ent -0.100 kl 0.0055 spd 0.510 jmp 0.391 lo 0.67 389s | window: 94%/0.60 ralow: 57%/1.40 lifts: 85%/1.08 quad: 63%/1.75 ring: 64%/1.43 sngspa: 89%/1.35 sngspa: 68%/1.38 tunnel: 61%/2.15 sng: 62%/1.39
[it   170/2500           ppo] rew +0.0210 vl    8.240 ent -0.046 kl 0.0049 spd 0.487 jmp 0.389 lo 0.67 410s | window: 92%/0.60 ralow: 69%/1.42 lifts: 87%/1.06 quad: 67%/1.80 ring: 66%/1.44 sngspa: 88%/1.40 sngspa: 66%/1.38 tunnel: 64%/2.16 sng: 69%/1.32
[it   180/2500           ppo] rew +0.0149 vl    9.036 ent -0.064 kl 0.0049 spd 0.491 jmp 0.387 lo 0.66 432s | window: 93%/0.61 ralow: 56%/1.31 lifts: 85%/1.13 quad: 66%/1.75 ring: 66%/1.42 sngspa: 85%/1.39 sngspa: 67%/1.40 tunnel: 62%/2.22 sng: 60%/1.22
[it   190/2500           ppo] rew +0.0193 vl    8.388 ent -0.037 kl 0.0050 spd 0.489 jmp 0.390 lo 0.66 452s | window: 91%/0.61 ralow: 70%/1.25 lifts: 85%/1.10 quad: 66%/1.71 ring: 65%/1.47 sngspa: 83%/1.39 sngspa: 67%/1.44 tunnel: 63%/2.21 sng: 70%/1.21
[probe it   200] strict-navmesh sampled n=16 | window: 25%/6.23 ralow:  0%/  -   lifts:  0%/  -   ring:  0%/  -   sngspa:  0%/  -   sngspa:  0%/  -   tunnel:  0%/  -   sng:  0%/  -  
[it   200/2500           ppo] rew +0.0193 vl    8.481 ent -0.061 kl 0.0052 spd 0.502 jmp 0.388 lo 0.65 474s | window: 93%/0.61 ralow: 56%/1.38 lifts: 84%/1.12 quad: 64%/1.82 ring: 68%/1.54 sngspa: 85%/1.42 sngspa: 61%/1.44 tunnel: 67%/2.23 sng: 62%/1.22
[it   210/2500           ppo] rew +0.0173 vl    8.606 ent -0.057 kl 0.0043 spd 0.508 jmp 0.390 lo 0.65 514s | window: 94%/0.64 ralow: 68%/1.43 lifts: 85%/1.13 quad: 63%/1.92 ring: 62%/1.55 sngspa: 83%/1.40 sngspa: 64%/1.42 tunnel: 61%/2.32 sng: 71%/1.22
[it   220/2500           ppo] rew +0.0154 vl    8.211 ent -0.030 kl 0.0053 spd 0.500 jmp 0.390 lo 0.64 536s | window: 92%/0.64 ralow: 54%/1.43 lifts: 84%/1.18 quad: 65%/2.01 ring: 68%/1.51 sngspa: 83%/1.44 sngspa: 65%/1.47 tunnel: 68%/2.43 sng: 59%/1.26
[it   230/2500           ppo] rew +0.0186 vl    9.480 ent -0.024 kl 0.0047 spd 0.500 jmp 0.394 lo 0.64 557s | window: 92%/0.65 ralow: 64%/1.42 lifts: 84%/1.14 quad: 65%/1.87 ring: 65%/1.53 sngspa: 80%/1.45 sngspa: 62%/1.47 tunnel: 64%/2.26 sng: 58%/1.32
[it   240/2500           ppo] rew +0.0139 vl    8.477 ent -0.044 kl 0.0047 spd 0.508 jmp 0.381 lo 0.63 578s | window: 91%/0.61 ralow: 48%/1.51 lifts: 84%/1.17 quad: 65%/1.92 ring: 69%/1.58 sngspa: 80%/1.44 sngspa: 63%/1.48 tunnel: 63%/2.35 sng: 72%/1.29
[it   250/2500           ppo] rew +0.0103 vl    8.510 ent -0.009 kl 0.0052 spd 0.485 jmp 0.387 lo 0.63 599s | window: 91%/0.64 ralow: 63%/1.51 lifts: 78%/1.17 quad: 69%/1.97 ring: 68%/1.64 sngspa: 76%/1.48 sngspa: 64%/1.56 tunnel: 66%/2.42 sng: 58%/1.18
[it   260/2500           ppo] rew +0.0135 vl    8.644 ent -0.037 kl 0.0045 spd 0.516 jmp 0.380 lo 0.62 620s | window: 90%/0.64 ralow: 47%/1.49 lifts: 80%/1.16 quad: 67%/2.13 ring: 65%/1.64 sngspa: 76%/1.48 sngspa: 65%/1.57 tunnel: 61%/2.44 sng: 70%/1.22
[it   270/2500           ppo] rew +0.0092 vl    8.272 ent -0.012 kl 0.0043 spd 0.503 jmp 0.383 lo 0.62 642s | window: 91%/0.65 ralow: 63%/1.48 lifts: 78%/1.19 quad: 68%/2.17 ring: 65%/1.66 sngspa: 78%/1.48 sngspa: 67%/1.57 tunnel: 64%/2.38 sng: 60%/1.25
[it   280/2500           ppo] rew +0.0062 vl    8.470 ent -0.015 kl 0.0045 spd 0.508 jmp 0.385 lo 0.61 663s | window: 89%/0.66 ralow: 46%/1.58 lifts: 78%/1.26 quad: 64%/2.18 ring: 66%/1.74 sngspa: 76%/1.48 sngspa: 67%/1.65 tunnel: 62%/2.40 sng: 70%/1.31
[it   290/2500           ppo] rew +0.0080 vl    8.282 ent +0.008 kl 0.0043 spd 0.497 jmp 0.390 lo 0.61 684s | window: 89%/0.68 ralow: 61%/1.56 lifts: 76%/1.21 quad: 66%/2.12 ring: 65%/1.75 sngspa: 78%/1.45 sngspa: 62%/1.65 tunnel: 59%/2.39 sng: 55%/1.32
[probe it   300] strict-navmesh sampled n=16 | window: 81%/5.81 ralow:  0%/  -   lifts:  0%/  -   ring:  0%/  -   sngspa:  0%/  -   sngspa:  0%/  -   tunnel:  0%/  -   sng:  0%/  -  
[it   300/2500           ppo] rew +0.0064 vl    8.225 ent -0.005 kl 0.0044 spd 0.508 jmp 0.385 lo 0.6 705s | window: 89%/0.66 ralow: 48%/1.58 lifts: 75%/1.26 quad: 63%/2.18 ring: 65%/1.73 sngspa: 75%/1.52 sngspa: 63%/1.68 tunnel: 65%/2.49 sng: 66%/1.35
[it   310/2500           ppo] rew +0.0065 vl    8.209 ent +0.013 kl 0.0044 spd 0.492 jmp 0.381 lo 0.6 746s | window: 89%/0.66 ralow: 63%/1.62 lifts: 72%/1.26 quad: 65%/2.18 ring: 68%/1.81 sngspa: 76%/1.55 sngspa: 63%/1.70 tunnel: 59%/2.36 sng: 55%/1.33
[it   320/2500           ppo] rew +0.0070 vl    8.186 ent -0.039 kl 0.0050 spd 0.518 jmp 0.379 lo 0.59 767s | window: 88%/0.66 ralow: 47%/1.60 lifts: 71%/1.21 quad: 65%/2.22 ring: 63%/1.79 sngspa: 75%/1.56 sngspa: 67%/1.71 tunnel: 62%/2.51 sng: 55%/1.38
[it   330/2500           ppo] rew +0.0070 vl    8.125 ent -0.017 kl 0.0044 spd 0.509 jmp 0.376 lo 0.59 788s | window: 88%/0.66 ralow: 62%/1.64 lifts: 70%/1.18 quad: 66%/2.32 ring: 62%/1.82 sngspa: 78%/1.58 sngspa: 69%/1.73 tunnel: 59%/2.55 sng: 69%/1.32
[it   340/2500           ppo] rew +0.0090 vl    7.883 ent -0.049 kl 0.0043 spd 0.532 jmp 0.372 lo 0.58 810s | window: 88%/0.65 ralow: 46%/1.66 lifts: 69%/1.25 quad: 64%/2.29 ring: 61%/1.81 sngspa: 79%/1.62 sngspa: 70%/1.74 tunnel: 59%/2.51 sng: 55%/1.36
[it   350/2500           ppo] rew +0.0069 vl    8.054 ent -0.041 kl 0.0043 spd 0.518 jmp 0.375 lo 0.58 831s | window: 89%/0.66 ralow: 62%/1.66 lifts: 71%/1.29 quad: 60%/2.21 ring: 63%/1.87 sngspa: 80%/1.62 sngspa: 68%/1.82 tunnel: 60%/2.53 sng: 67%/1.35
[it   360/2500           ppo] rew +0.0024 vl    7.678 ent -0.038 kl 0.0043 spd 0.522 jmp 0.366 lo 0.57 852s | window: 88%/0.70 ralow: 44%/1.57 lifts: 63%/1.28 quad: 63%/2.22 ring: 63%/1.84 sngspa: 78%/1.65 sngspa: 70%/1.82 tunnel: 56%/2.56 sng: 56%/1.26
[it   370/2500           ppo] rew +0.0065 vl    7.785 ent -0.035 kl 0.0045 spd 0.518 jmp 0.370 lo 0.57 874s | window: 87%/0.71 ralow: 58%/1.69 lifts: 64%/1.23 quad: 62%/2.31 ring: 63%/1.90 sngspa: 77%/1.65 sngspa: 72%/1.83 tunnel: 59%/2.43 sng: 60%/1.25
[it   380/2500           ppo] rew +0.0040 vl    7.681 ent -0.053 kl 0.0044 spd 0.538 jmp 0.368 lo 0.56 895s | window: 88%/0.69 ralow: 47%/1.64 lifts: 67%/1.16 quad: 61%/2.29 ring: 64%/1.96 sngspa: 78%/1.64 sngspa: 68%/1.90 tunnel: 56%/2.69 sng: 53%/1.17
[it   390/2500           ppo] rew +0.0038 vl    7.833 ent -0.036 kl 0.0041 spd 0.513 jmp 0.379 lo 0.56 916s | window: 86%/0.70 ralow: 62%/1.78 lifts: 65%/1.16 quad: 61%/2.32 ring: 65%/1.90 sngspa: 76%/1.70 sngspa: 69%/1.81 tunnel: 58%/2.51 sng: 54%/1.22
[probe it   400] strict-navmesh sampled n=16 | window:100%/5.97 ralow:  0%/  -   lifts:  0%/  -   ring:  0%/  -   sngspa:  0%/  -   sngspa:  0%/  -   tunnel:  0%/  -   sng:  0%/  -  
[it   400/2500           ppo] rew -0.0007 vl    7.811 ent -0.038 kl 0.0039 spd 0.523 jmp 0.374 lo 0.55 937s | window: 85%/0.73 ralow: 44%/1.75 lifts: 64%/1.23 quad: 60%/2.31 ring: 65%/1.88 sngspa: 74%/1.64 sngspa: 67%/1.95 tunnel: 59%/2.74 sng: 66%/1.05
[it   410/2500           ppo] rew +0.0002 vl    7.552 ent -0.019 kl 0.0038 spd 0.515 jmp 0.370 lo 0.55 977s | window: 82%/0.75 ralow: 57%/1.79 lifts: 62%/1.22 quad: 58%/2.42 ring: 65%/1.92 sngspa: 76%/1.68 sngspa: 66%/1.80 tunnel: 51%/2.47 sng: 56%/1.14
[it   420/2500           ppo] rew +0.0021 vl    7.438 ent -0.039 kl 0.0042 spd 0.528 jmp 0.367 lo 0.54 998s | window: 85%/0.73 ralow: 40%/1.77 lifts: 62%/1.22 quad: 59%/2.45 ring: 66%/1.90 sngspa: 74%/1.74 sngspa: 65%/1.90 tunnel: 54%/2.66 sng: 68%/1.34
[it   430/2500           ppo] rew +0.0011 vl    8.071 ent -0.053 kl 0.0040 spd 0.518 jmp 0.370 lo 0.54 1019s | window: 85%/0.71 ralow: 58%/1.74 lifts: 64%/1.27 quad: 58%/2.47 ring: 64%/2.06 sngspa: 74%/1.73 sngspa: 63%/2.01 tunnel: 52%/2.51 sng: 59%/1.29
[it   440/2500           ppo] rew -0.0021 vl    7.804 ent -0.036 kl 0.0041 spd 0.518 jmp 0.366 lo 0.53 1040s | window: 83%/0.73 ralow: 43%/1.77 lifts: 60%/1.18 quad: 58%/2.32 ring: 66%/2.04 sngspa: 73%/1.81 sngspa: 66%/1.90 tunnel: 49%/2.64 sng: 66%/1.29
[it   450/2500           ppo] rew -0.0033 vl    7.615 ent -0.017 kl 0.0040 spd 0.496 jmp 0.371 lo 0.53 1061s | window: 82%/0.73 ralow: 55%/1.86 lifts: 54%/1.12 quad: 58%/2.54 ring: 66%/2.06 sngspa: 71%/1.71 sngspa: 61%/1.95 tunnel: 52%/2.78 sng: 50%/1.35
[it   460/2500           ppo] rew +0.0002 vl    9.070 ent -0.035 kl 0.0043 spd 0.505 jmp 0.369 lo 0.52 1082s | window: 79%/0.73 ralow: 38%/1.83 lifts: 56%/1.22 quad: 55%/2.42 ring: 64%/2.09 sngspa: 72%/1.80 sngspa: 66%/1.88 tunnel: 47%/2.69 sng: 52%/1.30
[it   470/2500           ppo] rew +0.0010 vl    7.434 ent -0.055 kl 0.0040 spd 0.511 jmp 0.377 lo 0.52 1103s | window: 82%/0.73 ralow: 56%/1.81 lifts: 60%/1.22 quad: 56%/2.35 ring: 65%/2.10 sngspa: 71%/1.78 sngspa: 64%/1.97 tunnel: 48%/2.61 sng: 64%/1.26
[it   480/2500           ppo] rew -0.0017 vl    7.441 ent -0.071 kl 0.0043 spd 0.518 jmp 0.367 lo 0.51 1124s | window: 85%/0.74 ralow: 39%/1.86 lifts: 60%/1.19 quad: 58%/2.42 ring: 64%/2.18 sngspa: 72%/1.75 sngspa: 65%/1.87 tunnel: 45%/2.75 sng: 45%/1.26
[it   490/2500           ppo] rew -0.0054 vl    7.489 ent -0.029 kl 0.0040 spd 0.500 jmp 0.367 lo 0.51 1145s | window: 80%/0.73 ralow: 53%/1.82 lifts: 56%/1.23 quad: 54%/2.54 ring: 64%/2.19 sngspa: 71%/1.91 sngspa: 63%/1.95 tunnel: 44%/2.58 sng: 57%/1.30
[probe it   500] strict-navmesh sampled n=16 | window:100%/5.88 ralow:  0%/  -   lifts:  0%/  -   ring:  0%/  -   sngspa:  0%/  -   sngspa:  0%/  -   tunnel:  0%/  -   sng:  0%/  -  
[it   500/2500           ppo] rew -0.0013 vl    7.262 ent -0.036 kl 0.0041 spd 0.519 jmp 0.370 lo 0.5 1166s | window: 78%/0.77 ralow: 36%/1.81 lifts: 56%/1.35 quad: 52%/2.62 ring: 64%/2.17 sngspa: 73%/1.83 sngspa: 63%/1.90 tunnel: 48%/2.66 sng: 49%/1.38
[it   510/2500           ppo] rew -0.0029 vl    7.374 ent -0.016 kl 0.0043 spd 0.517 jmp 0.377 lo 0.5 1206s | window: 83%/0.75 ralow: 51%/1.68 lifts: 58%/1.31 quad: 54%/2.34 ring: 65%/2.23 sngspa: 70%/1.83 sngspa: 62%/1.94 tunnel: 47%/2.70 sng: 62%/1.35
[it   520/2500           ppo] rew -0.0016 vl    7.511 ent -0.020 kl 0.0040 spd 0.522 jmp 0.369 lo 0.49 1226s | window: 81%/0.74 ralow: 37%/1.82 lifts: 52%/1.31 quad: 53%/2.48 ring: 64%/2.31 sngspa: 70%/1.84 sngspa: 62%/2.06 tunnel: 45%/2.53 sng: 53%/1.44
[it   530/2500           ppo] rew -0.0039 vl    7.570 ent +0.011 kl 0.0041 spd 0.507 jmp 0.381 lo 0.49 1247s | window: 82%/0.73 ralow: 51%/1.88 lifts: 51%/1.29 quad: 54%/2.43 ring: 65%/2.29 sngspa: 69%/1.86 sngspa: 61%/1.95 tunnel: 45%/2.90 sng: 63%/1.45
[it   540/2500           ppo] rew -0.0060 vl    7.501 ent -0.022 kl 0.0040 spd 0.512 jmp 0.374 lo 0.48 1268s | window: 82%/0.75 ralow: 41%/1.75 lifts: 49%/1.32 quad: 55%/2.52 ring: 65%/2.38 sngspa: 71%/1.84 sngspa: 60%/2.23 tunnel: 44%/2.79 sng: 49%/1.36
[it   550/2500           ppo] rew -0.0081 vl    7.329 ent +0.001 kl 0.0039 spd 0.497 jmp 0.378 lo 0.48 1289s | window: 77%/0.77 ralow: 52%/1.93 lifts: 48%/1.35 quad: 51%/2.57 ring: 65%/2.39 sngspa: 68%/1.86 sngspa: 61%/2.14 tunnel: 47%/2.66 sng: 47%/1.32
[it   560/2500           ppo] rew -0.0036 vl    7.482 ent -0.031 kl 0.0037 spd 0.519 jmp 0.380 lo 0.47 1310s | window: 80%/0.74 ralow: 39%/1.88 lifts: 53%/1.29 quad: 51%/2.52 ring: 65%/2.45 sngspa: 64%/1.87 sngspa: 60%/2.05 tunnel: 44%/2.81 sng: 59%/1.40
[it   570/2500           ppo] rew -0.0050 vl    7.079 ent -0.048 kl 0.0038 spd 0.513 jmp 0.367 lo 0.47 1331s | window: 83%/0.77 ralow: 54%/1.86 lifts: 53%/1.35 quad: 52%/2.61 ring: 68%/2.43 sngspa: 63%/1.86 sngspa: 59%/2.27 tunnel: 46%/2.83 sng: 45%/1.34
[it   580/2500           ppo] rew -0.0090 vl    6.952 ent -0.052 kl 0.0038 spd 0.504 jmp 0.361 lo 0.46 1353s | window: 81%/0.78 ralow: 35%/1.86 lifts: 48%/1.29 quad: 51%/2.77 ring: 65%/2.44 sngspa: 63%/1.90 sngspa: 58%/1.96 tunnel: 48%/2.71 sng: 56%/1.55
[it   590/2500           ppo] rew -0.0074 vl    7.360 ent -0.053 kl 0.0043 spd 0.511 jmp 0.358 lo 0.46 1374s | window: 77%/0.82 ralow: 49%/1.91 lifts: 47%/1.17 quad: 47%/2.51 ring: 61%/2.58 sngspa: 65%/1.86 sngspa: 52%/2.35 tunnel: 42%/2.86 sng: 47%/1.61
[probe it   600] strict-navmesh sampled n=16 | window:100%/5.81 ralow:  0%/  -   lifts:  0%/  -   ring: 12%/8.17 sngspa:  0%/  -   sngspa:  0%/  -   tunnel:  0%/  -   sng:  0%/  -  
[it   600/2500           ppo] rew -0.0063 vl    6.892 ent -0.059 kl 0.0040 spd 0.510 jmp 0.350 lo 0.45 1394s | window: 81%/0.79 ralow: 34%/1.94 lifts: 50%/1.27 quad: 43%/2.45 ring: 62%/2.48 sngspa: 63%/1.94 sngspa: 56%/1.92 tunnel: 41%/2.78 sng: 59%/1.30
[it   610/2500           ppo] rew -0.0037 vl    9.000 ent -0.093 kl 0.0037 spd 0.505 jmp 0.344 lo 0.45 1434s | window: 80%/0.82 ralow: 42%/1.90 lifts: 44%/1.35 quad: 47%/2.53 ring: 61%/2.60 sngspa: 62%/1.90 sngspa: 55%/2.23 tunnel: 39%/2.99 sng: 46%/1.36
[it   620/2500           ppo] rew -0.0085 vl    7.355 ent -0.048 kl 0.0037 spd 0.496 jmp 0.345 lo 0.44 1455s | window: 77%/0.78 ralow: 45%/1.84 lifts: 48%/1.23 quad: 47%/2.49 ring: 65%/2.66 sngspa: 61%/1.77 sngspa: 58%/2.45 tunnel: 39%/2.79 sng: 44%/1.51
[it   630/2500           ppo] rew -0.0069 vl    8.419 ent -0.071 kl 0.0037 spd 0.494 jmp 0.338 lo 0.44 1476s | window: 77%/0.79 ralow: 36%/1.92 lifts: 46%/1.19 quad: 45%/2.47 ring: 60%/2.49 sngspa: 60%/2.01 sngspa: 55%/2.18 tunnel: 38%/2.84 sng: 47%/1.58
[it   640/2500           ppo] rew -0.0095 vl    6.908 ent -0.059 kl 0.0039 spd 0.498 jmp 0.343 lo 0.43 1497s | window: 77%/0.81 ralow: 40%/1.99 lifts: 45%/1.11 quad: 44%/2.47 ring: 59%/2.32 sngspa: 59%/1.79 sngspa: 51%/2.30 tunnel: 36%/2.69 sng: 35%/1.42
[it   650/2500           ppo] rew -0.0049 vl    8.539 ent -0.084 kl 0.0036 spd 0.507 jmp 0.341 lo 0.43 1518s | window: 76%/0.79 ralow: 36%/1.83 lifts: 47%/1.05 quad: 42%/2.68 ring: 59%/2.62 sngspa: 57%/1.86 sngspa: 50%/2.30 tunnel: 44%/2.95 sng: 50%/1.44
[it   660/2500           ppo] rew -0.0110 vl    6.695 ent -0.058 kl 0.0038 spd 0.502 jmp 0.339 lo 0.42 1539s | window: 76%/0.81 ralow: 39%/1.99 lifts: 44%/1.26 quad: 42%/2.64 ring: 54%/2.57 sngspa: 59%/1.91 sngspa: 52%/2.01 tunnel: 39%/2.95 sng: 43%/1.48
[it   670/2500           ppo] rew -0.0092 vl    7.720 ent -0.078 kl 0.0040 spd 0.506 jmp 0.340 lo 0.42 1560s | window: 76%/0.82 ralow: 30%/1.87 lifts: 40%/1.18 quad: 41%/2.60 ring: 54%/2.42 sngspa: 60%/1.81 sngspa: 52%/2.16 tunnel: 39%/2.86 sng: 48%/1.68
[it   680/2500           ppo] rew -0.0126 vl    6.807 ent -0.051 kl 0.0037 spd 0.485 jmp 0.336 lo 0.41 1581s | window: 73%/0.81 ralow: 39%/1.88 lifts: 43%/1.23 quad: 39%/2.53 ring: 54%/2.45 sngspa: 57%/1.96 sngspa: 46%/2.35 tunnel: 37%/3.01 sng: 36%/1.62
[it   690/2500           ppo] rew -0.0062 vl    8.664 ent -0.084 kl 0.0040 spd 0.510 jmp 0.328 lo 0.41 1602s | window: 74%/0.84 ralow: 30%/1.90 lifts: 37%/1.25 quad: 39%/2.47 ring: 54%/2.52 sngspa: 57%/1.96 sngspa: 48%/1.88 tunnel: 33%/2.95 sng: 34%/1.57
[probe it   700] strict-navmesh sampled n=16 | window:100%/5.68 ralow:  0%/  -   lifts:  0%/  -   ring:  6%/7.66 sngspa:  0%/  -   sngspa:  0%/  -   tunnel:  0%/  -   sng:  0%/  -  
[it   700/2500           ppo] rew -0.0112 vl    6.706 ent -0.077 kl 0.0037 spd 0.499 jmp 0.321 lo 0.4 1623s | window: 77%/0.83 ralow: 43%/1.87 lifts: 39%/1.27 quad: 39%/2.57 ring: 53%/2.43 sngspa: 53%/1.96 sngspa: 49%/2.29 tunnel: 34%/2.86 sng: 49%/1.60
[it   710/2500           ppo] rew -0.0107 vl    7.194 ent -0.083 kl 0.0036 spd 0.515 jmp 0.325 lo 0.4 1662s | window: 72%/0.79 ralow: 32%/1.91 lifts: 43%/1.27 quad: 40%/2.65 ring: 53%/2.46 sngspa: 57%/2.03 sngspa: 47%/2.31 tunnel: 34%/2.83 sng: 37%/1.47
[it   720/2500           ppo] rew -0.0124 vl    6.729 ent -0.069 kl 0.0037 spd 0.501 jmp 0.330 lo 0.39 1683s | window: 71%/0.81 ralow: 40%/1.94 lifts: 43%/1.40 quad: 40%/2.83 ring: 53%/2.47 sngspa: 55%/2.13 sngspa: 45%/2.23 tunnel: 34%/2.53 sng: 49%/1.82
[it   730/2500           ppo] rew -0.0103 vl    7.166 ent -0.098 kl 0.0037 spd 0.521 jmp 0.340 lo 0.39 1704s | window: 73%/0.84 ralow: 27%/1.95 lifts: 43%/1.46 quad: 39%/2.69 ring: 50%/2.69 sngspa: 58%/2.08 sngspa: 44%/2.31 tunnel: 34%/2.78 sng: 43%/1.97
[it   740/2500           ppo] rew -0.0132 vl    6.697 ent -0.066 kl 0.0037 spd 0.503 jmp 0.336 lo 0.38 1725s | window: 71%/0.86 ralow: 35%/1.86 lifts: 41%/1.31 quad: 34%/2.88 ring: 46%/2.69 sngspa: 56%/2.05 sngspa: 46%/2.41 tunnel: 32%/2.90 sng: 56%/1.66
[it   750/2500           ppo] rew -0.0097 vl    7.272 ent -0.129 kl 0.0038 spd 0.523 jmp 0.323 lo 0.38 1746s | window: 75%/0.82 ralow: 25%/1.77 lifts: 41%/1.31 quad: 34%/2.69 ring: 48%/2.71 sngspa: 56%/2.16 sngspa: 47%/2.04 tunnel: 33%/3.01 sng: 41%/1.99
[it   760/2500           ppo] rew -0.0088 vl    7.876 ent -0.108 kl 0.0036 spd 0.509 jmp 0.325 lo 0.37 1767s | window: 72%/0.84 ralow: 36%/1.91 lifts: 40%/1.44 quad: 37%/2.44 ring: 47%/2.69 sngspa: 56%/2.28 sngspa: 49%/2.43 tunnel: 34%/3.03 sng: 42%/2.10
[it   770/2500           ppo] rew -0.0130 vl    6.802 ent -0.117 kl 0.0037 spd 0.514 jmp 0.317 lo 0.37 1788s | window: 71%/0.83 ralow: 23%/1.99 lifts: 39%/1.40 quad: 31%/2.57 ring: 46%/2.66 sngspa: 60%/2.38 sngspa: 50%/2.53 tunnel: 34%/2.53 sng: 56%/2.33
[it   780/2500           ppo] rew -0.0127 vl    6.698 ent -0.103 kl 0.0035 spd 0.509 jmp 0.322 lo 0.36 1809s | window: 68%/0.86 ralow: 32%/1.96 lifts: 34%/1.25 quad: 31%/2.45 ring: 44%/2.69 sngspa: 59%/2.29 sngspa: 49%/2.36 tunnel: 32%/2.82 sng: 46%/1.93
[it   790/2500           ppo] rew -0.0107 vl    7.046 ent -0.128 kl 0.0038 spd 0.530 jmp 0.323 lo 0.36 1829s | window: 68%/0.77 ralow: 21%/1.87 lifts: 37%/1.25 quad: 36%/2.49 ring: 50%/2.73 sngspa: 58%/2.40 sngspa: 51%/2.39 tunnel: 30%/3.07 sng: 55%/2.27
[probe it   800] strict-navmesh sampled n=16 | window:100%/5.58 ralow:  0%/  -   lifts:  0%/  -   ring:  0%/  -   sngspa:  0%/  -   sngspa:  0%/  -   tunnel:  0%/  -   sng:  0%/  -  
[it   800/2500           ppo] rew -0.0135 vl    6.403 ent -0.086 kl 0.0036 spd 0.513 jmp 0.328 lo 0.35 1850s | window: 73%/0.77 ralow: 38%/2.01 lifts: 32%/1.32 quad: 34%/2.71 ring: 48%/2.49 sngspa: 59%/2.34 sngspa: 47%/2.55 tunnel: 30%/2.95 sng: 42%/2.23
[it   810/2500           ppo] rew -0.0136 vl    6.525 ent -0.136 kl 0.0034 spd 0.518 jmp 0.310 lo 0.35 1890s | window: 69%/0.83 ralow: 22%/1.87 lifts: 32%/1.27 quad: 32%/2.94 ring: 44%/2.52 sngspa: 58%/2.29 sngspa: 44%/2.65 tunnel: 24%/2.91 sng: 52%/1.92
[it   820/2500           ppo] rew -0.0134 vl    6.402 ent -0.132 kl 0.0038 spd 0.501 jmp 0.316 lo 0.34 1911s | window: 72%/0.82 ralow: 31%/2.03 lifts: 34%/1.22 quad: 34%/2.55 ring: 42%/2.73 sngspa: 52%/2.38 sngspa: 42%/2.56 tunnel: 27%/2.61 sng: 43%/2.08
[it   830/2500           ppo] rew -0.0122 vl    6.644 ent -0.181 kl 0.0035 spd 0.524 jmp 0.304 lo 0.34 1932s | window: 70%/0.82 ralow: 23%/2.04 lifts: 35%/1.38 quad: 39%/2.30 ring: 41%/2.70 sngspa: 55%/2.23 sngspa: 46%/2.38 tunnel: 31%/3.03 sng: 52%/2.31
[it   840/2500           ppo] rew -0.0135 vl    6.479 ent -0.128 kl 0.0037 spd 0.495 jmp 0.314 lo 0.33 1952s | window: 69%/0.82 ralow: 35%/2.03 lifts: 35%/1.27 quad: 37%/2.79 ring: 47%/2.69 sngspa: 50%/2.17 sngspa: 44%/2.51 tunnel: 27%/3.12 sng: 38%/2.31
[it   850/2500           ppo] rew -0.0132 vl    6.729 ent -0.190 kl 0.0038 spd 0.520 jmp 0.302 lo 0.33 1973s | window: 67%/0.86 ralow: 22%/2.11 lifts: 35%/1.18 quad: 38%/3.00 ring: 48%/2.82 sngspa: 50%/2.26 sngspa: 40%/2.44 tunnel: 30%/3.04 sng: 38%/2.58
[it   860/2500           ppo] rew -0.0148 vl    6.486 ent -0.147 kl 0.0034 spd 0.505 jmp 0.309 lo 0.32 1994s | window: 67%/0.83 ralow: 35%/1.96 lifts: 32%/1.26 quad: 37%/2.74 ring: 46%/2.73 sngspa: 49%/2.32 sngspa: 45%/2.39 tunnel: 27%/3.16 sng: 48%/2.31
[it   870/2500           ppo] rew -0.0142 vl    5.930 ent -0.159 kl 0.0035 spd 0.524 jmp 0.312 lo 0.32 2015s | window: 67%/0.84 ralow: 22%/2.06 lifts: 30%/1.16 quad: 35%/2.55 ring: 41%/2.61 sngspa: 53%/2.42 sngspa: 43%/2.27 tunnel: 29%/2.79 sng: 40%/2.60
[it   880/2500           ppo] rew -0.0155 vl    6.186 ent -0.127 kl 0.0034 spd 0.499 jmp 0.312 lo 0.31 2036s | window: 71%/0.82 ralow: 31%/1.88 lifts: 31%/1.13 quad: 29%/2.50 ring: 38%/2.48 sngspa: 48%/2.34 sngspa: 43%/2.57 tunnel: 23%/3.22 sng: 46%/2.47
[it   890/2500           ppo] rew -0.0153 vl    6.120 ent -0.174 kl 0.0034 spd 0.524 jmp 0.310 lo 0.31 2057s | window: 65%/0.88 ralow: 19%/1.90 lifts: 36%/1.27 quad: 28%/2.83 ring: 36%/2.73 sngspa: 52%/2.39 sngspa: 41%/2.48 tunnel: 23%/2.71 sng: 37%/2.03
[probe it   900] strict-navmesh sampled n=16 | window:100%/5.38 ralow:  0%/  -   lifts:  0%/  -   ring:  0%/  -   sngspa:  0%/  -   sngspa:  0%/  -   tunnel:  0%/  -   sng:  0%/  -  
[it   900/2500           ppo] rew -0.0164 vl    6.070 ent -0.155 kl 0.0033 spd 0.502 jmp 0.308 lo 0.3 2078s | window: 62%/0.87 ralow: 29%/2.04 lifts: 27%/1.30 quad: 26%/2.92 ring: 39%/2.64 sngspa: 51%/2.55 sngspa: 46%/2.44 tunnel: 26%/2.95 sng: 44%/2.43
[it   910/2500           ppo] rew -0.0161 vl    6.194 ent -0.177 kl 0.0037 spd 0.513 jmp 0.304 lo 0.3 2117s | window: 64%/0.83 ralow: 20%/2.01 lifts: 29%/1.12 quad: 33%/2.60 ring: 35%/2.64 sngspa: 50%/2.40 sngspa: 44%/2.43 tunnel: 25%/2.68 sng: 37%/2.34
[it   920/2500           ppo] rew -0.0152 vl    6.582 ent -0.163 kl 0.0033 spd 0.496 jmp 0.310 lo 0.29 2138s | window: 66%/0.84 ralow: 29%/1.96 lifts: 33%/1.29 quad: 31%/2.64 ring: 39%/2.29 sngspa: 45%/2.43 sngspa: 39%/2.77 tunnel: 25%/2.55 sng: 35%/2.50
[it   930/2500           ppo] rew -0.0151 vl    6.191 ent -0.198 kl 0.0033 spd 0.513 jmp 0.296 lo 0.29 2160s | window: 69%/0.86 ralow: 18%/1.87 lifts: 29%/1.18 quad: 34%/2.86 ring: 39%/2.73 sngspa: 50%/2.38 sngspa: 38%/2.60 tunnel: 22%/2.83 sng: 43%/2.74
[it   940/2500           ppo] rew -0.0155 vl    6.147 ent -0.212 kl 0.0039 spd 0.495 jmp 0.299 lo 0.28 2180s | window: 66%/0.86 ralow: 29%/2.10 lifts: 29%/1.13 quad: 31%/2.73 ring: 40%/2.86 sngspa: 43%/2.53 sngspa: 37%/2.64 tunnel: 25%/3.06 sng: 38%/2.62
[it   950/2500           ppo] rew -0.0145 vl    6.092 ent -0.212 kl 0.0033 spd 0.512 jmp 0.300 lo 0.28 2201s | window: 63%/0.91 ralow: 20%/2.00 lifts: 34%/1.11 quad: 30%/3.08 ring: 38%/2.78 sngspa: 47%/2.36 sngspa: 39%/2.48 tunnel: 23%/3.08 sng: 52%/2.88
[it   960/2500           ppo] rew -0.0163 vl    5.913 ent -0.183 kl 0.0034 spd 0.491 jmp 0.311 lo 0.27 2222s | window: 63%/0.91 ralow: 29%/2.00 lifts: 26%/1.28 quad: 30%/2.95 ring: 38%/2.34 sngspa: 47%/2.41 sngspa: 42%/2.56 tunnel: 24%/3.01 sng: 37%/2.79
[it   970/2500           ppo] rew -0.0158 vl    6.054 ent -0.235 kl 0.0036 spd 0.518 jmp 0.295 lo 0.27 2243s | window: 63%/0.96 ralow: 17%/1.86 lifts: 26%/1.19 quad: 30%/2.91 ring: 36%/2.64 sngspa: 46%/2.71 sngspa: 36%/2.62 tunnel: 23%/3.06 sng: 48%/3.22
[it   980/2500           ppo] rew -0.0159 vl    5.966 ent -0.208 kl 0.0033 spd 0.492 jmp 0.295 lo 0.26 2264s | window: 62%/1.01 ralow: 28%/2.32 lifts: 26%/1.28 quad: 28%/2.87 ring: 39%/2.92 sngspa: 50%/2.78 sngspa: 37%/2.68 tunnel: 24%/2.90 sng: 37%/3.84
[it   990/2500           ppo] rew -0.0128 vl    6.791 ent -0.230 kl 0.0036 spd 0.523 jmp 0.293 lo 0.26 2285s | window: 61%/1.00 ralow: 18%/2.37 lifts: 29%/1.26 quad: 30%/3.14 ring: 42%/3.03 sngspa: 50%/2.66 sngspa: 39%/2.61 tunnel: 23%/3.09 sng: 36%/3.25
[probe it  1000] strict-navmesh sampled n=16 | window:100%/5.49 ralow:  0%/  -   lifts:  0%/  -   ring:  0%/  -   sngspa:  0%/  -   sngspa:  0%/  -   tunnel:  0%/  -   sng:  0%/  -  
[it  1000/2500           ppo] rew -0.0159 vl    5.891 ent -0.237 kl 0.0033 spd 0.507 jmp 0.293 lo 0.25 2305s | window: 60%/0.99 ralow: 28%/1.88 lifts: 24%/1.25 quad: 27%/3.10 ring: 39%/2.92 sngspa: 48%/2.83 sngspa: 43%/3.27 tunnel: 24%/3.19 sng: 47%/3.23
[it  1010/2500           ppo] rew -0.0161 vl    5.791 ent -0.256 kl 0.0035 spd 0.514 jmp 0.285 lo 0.25 2346s | window: 55%/1.05 ralow: 17%/1.84 lifts: 23%/1.22 quad: 29%/2.79 ring: 41%/2.91 sngspa: 47%/3.01 sngspa: 48%/3.57 tunnel: 21%/3.16 sng: 36%/2.83
[it  1020/2500           ppo] rew -0.0154 vl    5.994 ent -0.263 kl 0.0035 spd 0.514 jmp 0.283 lo 0.24 2366s | window: 58%/1.00 ralow: 27%/2.01 lifts: 22%/1.39 quad: 30%/2.94 ring: 41%/2.95 sngspa: 46%/3.08 sngspa: 47%/3.47 tunnel: 22%/3.03 sng: 51%/3.61
[it  1030/2500           ppo] rew -0.0149 vl    5.787 ent -0.270 kl 0.0033 spd 0.523 jmp 0.284 lo 0.24 2387s | window: 56%/1.06 ralow: 17%/2.19 lifts: 22%/1.39 quad: 33%/3.01 ring: 42%/3.47 sngspa: 50%/3.06 sngspa: 46%/3.21 tunnel: 24%/2.86 sng: 41%/3.09
[it  1040/2500           ppo] rew -0.0156 vl    5.820 ent -0.257 kl 0.0033 spd 0.511 jmp 0.281 lo 0.23 2408s | window: 61%/1.05 ralow: 25%/2.00 lifts: 21%/1.43 quad: 25%/3.19 ring: 41%/3.42 sngspa: 48%/3.34 sngspa: 44%/3.43 tunnel: 20%/3.10 sng: 48%/3.40
[it  1050/2500           ppo] rew -0.0157 vl    5.821 ent -0.270 kl 0.0033 spd 0.523 jmp 0.286 lo 0.23 2429s | window: 58%/1.01 ralow: 17%/1.77 lifts: 25%/1.40 quad: 29%/3.26 ring: 37%/2.88 sngspa: 48%/3.19 sngspa: 47%/3.64 tunnel: 19%/3.24 sng: 41%/4.18
[it  1060/2500           ppo] rew -0.0152 vl    5.846 ent -0.253 kl 0.0034 spd 0.505 jmp 0.284 lo 0.22 2450s | window: 53%/0.99 ralow: 26%/1.86 lifts: 27%/1.38 quad: 25%/3.14 ring: 35%/3.18 sngspa: 52%/3.29 sngspa: 41%/3.68 tunnel: 18%/3.23 sng: 46%/4.99
[it  1070/2500           ppo] rew -0.0156 vl    5.866 ent -0.276 kl 0.0033 spd 0.526 jmp 0.281 lo 0.22 2471s | window: 55%/1.10 ralow: 17%/1.84 lifts: 26%/1.33 quad: 24%/2.44 ring: 33%/2.89 sngspa: 54%/3.03 sngspa: 43%/3.76 tunnel: 19%/2.76 sng: 42%/4.06
[it  1080/2500           ppo] rew -0.0153 vl    5.821 ent -0.254 kl 0.0035 spd 0.512 jmp 0.280 lo 0.21 2492s | window: 55%/1.08 ralow: 24%/2.23 lifts: 22%/1.30 quad: 26%/2.84 ring: 30%/2.51 sngspa: 54%/3.44 sngspa: 47%/3.96 tunnel: 19%/2.90 sng: 42%/4.49
[it  1090/2500           ppo] rew -0.0147 vl    5.894 ent -0.296 kl 0.0032 spd 0.543 jmp 0.284 lo 0.21 2513s | window: 59%/1.12 ralow: 15%/1.88 lifts: 23%/1.27 quad: 24%/3.19 ring: 30%/2.57 sngspa: 58%/3.72 sngspa: 51%/3.46 tunnel: 19%/2.29 sng: 54%/4.14
[probe it  1100] strict-navmesh sampled n=16 | window: 88%/5.34 ralow:  0%/  -   lifts:  0%/  -   ring:  0%/  -   sngspa:  0%/  -   sngspa:  0%/  -   tunnel:  0%/  -   sng:  0%/  -  
[it  1100/2500           ppo] rew -0.0155 vl    5.743 ent -0.272 kl 0.0033 spd 0.515 jmp 0.291 lo 0.2 2534s | window: 56%/1.06 ralow: 23%/1.81 lifts: 26%/1.27 quad: 24%/2.52 ring: 30%/2.34 sngspa: 53%/3.87 sngspa: 53%/3.60 tunnel: 22%/3.00 sng: 46%/4.06
[it  1110/2500           ppo] rew -0.0160 vl    5.719 ent -0.293 kl 0.0032 spd 0.529 jmp 0.285 lo 0.2 2575s | window: 54%/1.03 ralow: 14%/2.32 lifts: 19%/1.19 quad: 24%/3.08 ring: 26%/2.97 sngspa: 52%/3.69 sngspa: 48%/3.51 tunnel: 18%/2.99 sng: 54%/4.04
[it  1120/2500           ppo] rew -0.0159 vl    5.584 ent -0.297 kl 0.0030 spd 0.515 jmp 0.284 lo 0.19 2596s | window: 50%/1.10 ralow: 21%/2.14 lifts: 22%/1.30 quad: 21%/3.16 ring: 30%/2.96 sngspa: 54%/3.86 sngspa: 50%/3.69 tunnel: 19%/2.58 sng: 44%/4.43
[it  1130/2500           ppo] rew -0.0160 vl    5.730 ent -0.296 kl 0.0034 spd 0.532 jmp 0.273 lo 0.19 2617s | window: 48%/1.19 ralow: 13%/2.09 lifts: 25%/1.35 quad: 23%/3.30 ring: 30%/2.94 sngspa: 53%/4.32 sngspa: 48%/4.25 tunnel: 18%/2.96 sng: 51%/4.44
[it  1140/2500           ppo] rew -0.0164 vl    5.525 ent -0.296 kl 0.0034 spd 0.514 jmp 0.271 lo 0.18 2638s | window: 48%/1.17 ralow: 20%/2.10 lifts: 21%/1.30 quad: 25%/3.19 ring: 32%/3.21 sngspa: 53%/3.74 sngspa: 45%/4.32 tunnel: 20%/2.71 sng: 45%/4.28
[it  1150/2500           ppo] rew -0.0147 vl    5.929 ent -0.300 kl 0.0030 spd 0.536 jmp 0.280 lo 0.18 2659s | window: 54%/1.10 ralow: 14%/1.90 lifts: 20%/1.35 quad: 24%/3.09 ring: 34%/3.40 sngspa: 53%/3.90 sngspa: 45%/4.08 tunnel: 18%/3.05 sng: 44%/4.42
[it  1160/2500           ppo] rew -0.0156 vl    5.647 ent -0.284 kl 0.0031 spd 0.510 jmp 0.274 lo 0.17 2681s | window: 56%/1.09 ralow: 23%/1.99 lifts: 23%/1.35 quad: 24%/2.67 ring: 34%/3.02 sngspa: 52%/4.40 sngspa: 44%/4.41 tunnel: 15%/2.94 sng: 54%/4.42
[it  1170/2500           ppo] rew -0.0168 vl    5.641 ent -0.277 kl 0.0033 spd 0.521 jmp 0.276 lo 0.17 2702s | window: 50%/1.12 ralow: 13%/2.01 lifts: 23%/1.31 quad: 24%/2.95 ring: 33%/3.39 sngspa: 48%/3.79 sngspa: 41%/4.33 tunnel: 16%/2.55 sng: 43%/4.29
[it  1180/2500           ppo] rew -0.0151 vl    6.046 ent -0.294 kl 0.0030 spd 0.514 jmp 0.279 lo 0.16 2723s | window: 49%/1.13 ralow: 25%/2.32 lifts: 23%/1.26 quad: 25%/3.08 ring: 37%/3.58 sngspa: 47%/3.72 sngspa: 37%/3.46 tunnel: 17%/3.12 sng: 58%/4.01
[it  1190/2500           ppo] rew -0.0158 vl    5.768 ent -0.306 kl 0.0031 spd 0.533 jmp 0.283 lo 0.16 2744s | window: 48%/1.19 ralow: 15%/2.28 lifts: 18%/1.30 quad: 24%/3.90 ring: 37%/4.02 sngspa: 47%/4.45 sngspa: 37%/3.48 tunnel: 18%/2.77 sng: 48%/4.33
[probe it  1200] strict-navmesh sampled n=16 | window: 94%/5.31 ralow:  0%/  -   lifts:  0%/  -   ring:  0%/  -   sngspa:  0%/  -   sngspa:  0%/  -   tunnel:  0%/  -   sng:  0%/  -  
[it  1200/2500           ppo] rew -0.0127 vl    6.712 ent -0.307 kl 0.0032 spd 0.523 jmp 0.284 lo 0.15 2764s | window: 47%/1.17 ralow: 16%/2.32 lifts: 14%/1.27 quad: 27%/3.52 ring: 38%/4.32 sngspa: 48%/4.52 sngspa: 40%/3.65 tunnel: 19%/2.94 sng: 55%/4.51
[it  1210/2500           ppo] rew -0.0155 vl    5.427 ent -0.319 kl 0.0032 spd 0.540 jmp 0.286 lo 0.15 2805s | window: 48%/1.21 ralow: 20%/1.97 lifts: 17%/1.26 quad: 25%/3.27 ring: 44%/4.56 sngspa: 48%/4.61 sngspa: 39%/4.03 tunnel: 18%/2.58 sng: 48%/4.52
[it  1220/2500           ppo] rew -0.0106 vl    7.232 ent -0.331 kl 0.0042 spd 0.531 jmp 0.291 lo 0.14 2826s | window: 53%/1.10 ralow: 15%/2.34 lifts: 21%/1.30 quad: 26%/3.60 ring: 45%/5.75 sngspa: 51%/4.23 sngspa: 39%/3.84 tunnel: 17%/2.73 sng: 47%/4.49
[it  1230/2500           ppo] rew -0.0146 vl    5.726 ent -0.337 kl 0.0033 spd 0.533 jmp 0.287 lo 0.14 2847s | window: 48%/1.19 ralow: 15%/2.19 lifts: 23%/1.32 quad: 24%/3.33 ring: 44%/5.59 sngspa: 50%/4.66 sngspa: 40%/3.56 tunnel: 16%/2.97 sng: 57%/4.47
[it  1240/2500           ppo] rew -0.0122 vl    7.020 ent -0.347 kl 0.0033 spd 0.521 jmp 0.282 lo 0.13 2868s | window: 47%/1.21 ralow: 12%/2.01 lifts: 20%/1.38 quad: 24%/4.05 ring: 44%/5.77 sngspa: 48%/4.22 sngspa: 38%/3.51 tunnel: 14%/2.83 sng: 45%/4.51
[it  1250/2500           ppo] rew -0.0169 vl    5.398 ent -0.350 kl 0.0033 spd 0.530 jmp 0.270 lo 0.13 2889s | window: 48%/1.05 ralow: 13%/1.81 lifts: 17%/1.34 quad: 25%/3.78 ring: 40%/4.42 sngspa: 48%/4.58 sngspa: 36%/3.60 tunnel: 15%/2.65 sng: 60%/4.52
[it  1260/2500           ppo] rew -0.0148 vl    5.951 ent -0.378 kl 0.0033 spd 0.534 jmp 0.272 lo 0.12 2910s | window: 42%/1.23 ralow: 13%/2.23 lifts: 19%/1.31 quad: 23%/4.06 ring: 37%/5.10 sngspa: 50%/5.12 sngspa: 35%/4.32 tunnel: 13%/2.70 sng: 49%/4.60
[it  1270/2500           ppo] rew -0.0165 vl    5.464 ent -0.351 kl 0.0030 spd 0.527 jmp 0.272 lo 0.12 2930s | window: 42%/1.18 ralow: 14%/2.14 lifts: 21%/1.23 quad: 23%/3.32 ring: 42%/5.31 sngspa: 46%/5.00 sngspa: 32%/4.09 tunnel: 18%/3.25 sng: 58%/4.73
[it  1280/2500           ppo] rew -0.0140 vl    6.177 ent -0.373 kl 0.0030 spd 0.539 jmp 0.269 lo 0.11 2951s | window: 42%/1.23 ralow: 13%/1.84 lifts: 17%/1.30 quad: 25%/3.57 ring: 44%/6.59 sngspa: 44%/5.02 sngspa: 32%/4.21 tunnel: 17%/2.90 sng: 43%/4.65
[it  1290/2500           ppo] rew -0.0149 vl    5.982 ent -0.352 kl 0.0035 spd 0.527 jmp 0.262 lo 0.11 2973s | window: 45%/1.13 ralow: 17%/2.44 lifts: 16%/1.49 quad: 22%/3.51 ring: 41%/7.00 sngspa: 48%/5.96 sngspa: 36%/5.37 tunnel: 13%/2.97 sng: 47%/4.98
[probe it  1300] strict-navmesh sampled n=16 | window:100%/5.37 ralow:  0%/  -   lifts:  0%/  -   ring:  0%/  -   sngspa:  0%/  -   sngspa:  0%/  -   tunnel:  0%/  -   sng:  0%/  -  
[it  1300/2500           ppo] rew -0.0134 vl    6.052 ent -0.386 kl 0.0033 spd 0.545 jmp 0.258 lo 0.1 2994s | window: 51%/1.22 ralow:  9%/2.03 lifts: 16%/1.43 quad: 20%/3.64 ring: 42%/5.32 sngspa: 54%/5.95 sngspa: 39%/5.34 tunnel: 14%/2.88 sng: 48%/4.94
[it  1310/2500           ppo] rew -0.0158 vl    5.444 ent -0.337 kl 0.0030 spd 0.532 jmp 0.266 lo 0.1 3035s | window: 49%/1.09 ralow: 16%/1.84 lifts: 18%/1.43 quad: 18%/3.71 ring: 37%/5.64 sngspa: 56%/5.86 sngspa: 45%/4.90 tunnel: 13%/2.76 sng: 46%/4.81
[it  1320/2500           ppo] rew -0.0145 vl    6.106 ent -0.382 kl 0.0033 spd 0.548 jmp 0.271 lo 0.09 3056s | window: 42%/1.21 ralow: 10%/2.16 lifts: 15%/1.47 quad: 21%/3.27 ring: 35%/5.49 sngspa: 55%/5.99 sngspa: 42%/5.35 tunnel: 13%/2.47 sng: 54%/5.09
[it  1330/2500           ppo] rew -0.0160 vl    5.492 ent -0.367 kl 0.0032 spd 0.528 jmp 0.272 lo 0.09 3076s | window: 43%/1.34 ralow: 14%/1.89 lifts: 16%/1.19 quad: 19%/3.23 ring: 37%/4.87 sngspa: 56%/5.97 sngspa: 45%/5.19 tunnel: 13%/2.89 sng: 43%/4.90
[it  1340/2500           ppo] rew -0.0145 vl    5.856 ent -0.396 kl 0.0032 spd 0.552 jmp 0.276 lo 0.08 3097s | window: 40%/1.27 ralow:  9%/1.88 lifts: 16%/1.23 quad: 19%/3.77 ring: 35%/5.53 sngspa: 56%/6.00 sngspa: 46%/5.74 tunnel: 12%/2.86 sng: 56%/4.71
[it  1350/2500           ppo] rew -0.0159 vl    5.471 ent -0.377 kl 0.0032 spd 0.526 jmp 0.271 lo 0.08 3118s | window: 37%/1.27 ralow: 14%/2.36 lifts: 12%/1.42 quad: 21%/3.71 ring: 33%/5.62 sngspa: 56%/6.05 sngspa: 44%/7.21 tunnel:  9%/2.56 sng: 48%/4.87
[it  1360/2500           ppo] rew -0.0135 vl    6.135 ent -0.403 kl 0.0031 spd 0.549 jmp 0.269 lo 0.07 3140s | window: 40%/1.31 ralow:  8%/2.08 lifts: 13%/1.34 quad: 21%/3.83 ring: 31%/5.26 sngspa: 53%/6.10 sngspa: 44%/7.48 tunnel: 11%/2.23 sng: 51%/4.84
[it  1370/2500           ppo] rew -0.0154 vl    5.595 ent -0.391 kl 0.0029 spd 0.528 jmp 0.269 lo 0.07 3160s | window: 43%/1.30 ralow: 17%/2.49 lifts: 13%/1.31 quad: 20%/3.52 ring: 33%/6.29 sngspa: 54%/6.05 sngspa: 44%/7.58 tunnel: 12%/3.03 sng: 50%/4.60
[it  1380/2500           ppo] rew -0.0147 vl    5.755 ent -0.432 kl 0.0032 spd 0.551 jmp 0.267 lo 0.06 3182s | window: 44%/1.27 ralow:  9%/2.34 lifts: 15%/1.22 quad: 19%/3.51 ring: 34%/6.33 sngspa: 52%/6.06 sngspa: 45%/7.12 tunnel: 11%/2.92 sng: 45%/4.95
[it  1390/2500           ppo] rew -0.0156 vl    5.431 ent -0.386 kl 0.0031 spd 0.525 jmp 0.268 lo 0.06 3202s | window: 46%/1.43 ralow: 14%/2.45 lifts: 17%/1.32 quad: 17%/2.99 ring: 34%/6.01 sngspa: 52%/6.16 sngspa: 45%/6.53 tunnel: 12%/2.99 sng: 55%/5.09
[probe it  1400] strict-navmesh sampled n=16 | window: 94%/5.62 ralow:  0%/  -   lifts:  0%/  -   ring:  0%/  -   sngspa:  0%/  -   sngspa:  6%/8.31 tunnel:  0%/  -   sng:  0%/  -  
[it  1400/2500           ppo] rew -0.0144 vl    5.374 ent -0.436 kl 0.0029 spd 0.555 jmp 0.262 lo 0.05 3223s | window: 40%/1.48 ralow:  9%/1.94 lifts: 17%/1.68 quad: 21%/3.84 ring: 36%/6.06 sngspa: 51%/6.21 sngspa: 40%/6.86 tunnel: 12%/2.96 sng: 45%/5.19
[it  1410/2500           ppo] rew -0.0152 vl    5.667 ent -0.409 kl 0.0027 spd 0.528 jmp 0.257 lo 0.05 3263s | window: 37%/1.48 ralow: 19%/2.27 lifts: 18%/1.29 quad: 19%/4.19 ring: 37%/6.95 sngspa: 51%/6.19 sngspa: 42%/6.94 tunnel: 12%/2.68 sng: 53%/5.01
[it  1420/2500           ppo] rew -0.0143 vl    5.425 ent -0.457 kl 0.0030 spd 0.561 jmp 0.258 lo 0.04 3284s | window: 41%/1.36 ralow:  8%/2.17 lifts: 18%/1.31 quad: 18%/4.36 ring: 41%/6.62 sngspa: 51%/6.29 sngspa: 40%/7.64 tunnel: 11%/3.10 sng: 43%/5.19
[it  1430/2500           ppo] rew -0.0137 vl    5.496 ent -0.434 kl 0.0032 spd 0.534 jmp 0.253 lo 0.04 3305s | window: 40%/1.44 ralow: 17%/1.92 lifts: 18%/1.40 quad: 20%/3.83 ring: 41%/6.95 sngspa: 52%/6.13 sngspa: 43%/7.39 tunnel: 13%/3.16 sng: 52%/5.17
[it  1440/2500           ppo] rew -0.0148 vl    5.496 ent -0.462 kl 0.0030 spd 0.565 jmp 0.256 lo 0.03 3325s | window: 42%/1.32 ralow: 10%/1.84 lifts: 18%/1.68 quad: 18%/4.40 ring: 38%/6.92 sngspa: 51%/6.19 sngspa: 41%/7.68 tunnel: 10%/3.00 sng: 50%/5.32
[it  1450/2500           ppo] rew -0.0154 vl    5.493 ent -0.415 kl 0.0031 spd 0.529 jmp 0.259 lo 0.03 3346s | window: 41%/1.29 ralow: 14%/2.62 lifts: 18%/1.44 quad: 20%/4.27 ring: 41%/7.05 sngspa: 48%/6.31 sngspa: 41%/7.81 tunnel: 10%/3.01 sng: 45%/5.31
[it  1460/2500           ppo] rew -0.0148 vl    5.249 ent -0.471 kl 0.0031 spd 0.564 jmp 0.251 lo 0.02 3367s | window: 42%/1.27 ralow:  8%/2.28 lifts: 13%/1.75 quad: 20%/3.99 ring: 41%/6.94 sngspa: 46%/6.23 sngspa: 39%/7.81 tunnel: 10%/3.03 sng: 56%/5.12
[it  1470/2500           ppo] rew -0.0174 vl    5.052 ent -0.449 kl 0.0031 spd 0.515 jmp 0.245 lo 0.02 3388s | window: 39%/1.25 ralow: 11%/2.03 lifts: 12%/1.56 quad: 18%/3.61 ring: 41%/7.06 sngspa: 43%/6.36 sngspa: 37%/7.69 tunnel: 10%/3.10 sng: 41%/5.61
[it  1480/2500           ppo] rew -0.0156 vl    5.288 ent -0.483 kl 0.0027 spd 0.556 jmp 0.256 lo 0.01 3408s | window: 36%/1.79 ralow:  6%/2.29 lifts: 12%/1.31 quad: 16%/4.32 ring: 38%/6.99 sngspa: 40%/6.29 sngspa: 36%/7.86 tunnel: 10%/3.01 sng: 53%/5.49
[it  1490/2500           ppo] rew -0.0149 vl    5.438 ent -0.489 kl 0.0030 spd 0.538 jmp 0.251 lo 0.01 3429s | window: 40%/1.44 ralow: 14%/1.95 lifts: 14%/1.33 quad: 20%/4.26 ring: 39%/7.32 sngspa: 46%/6.30 sngspa: 39%/7.74 tunnel: 12%/3.06 sng: 44%/5.58
[probe it  1500] strict-navmesh sampled n=16 | window: 75%/5.38 ralow:  0%/  -   lifts:  0%/  -   ring:  0%/  -   sngspa:  0%/  -   sngspa:  0%/  -   tunnel:  0%/  -   sng:  0%/  -  
[it  1500/2500           ppo] rew -0.0146 vl    5.333 ent -0.517 kl 0.0029 spd 0.559 jmp 0.248 lo 0.0 3450s | window: 40%/1.36 ralow:  8%/2.26 lifts: 15%/1.38 quad: 19%/4.14 ring: 42%/7.10 sngspa: 46%/6.23 sngspa: 40%/7.87 tunnel: 10%/3.09 sng: 53%/5.60
[it  1510/2500           ppo] rew -0.0155 vl    5.454 ent -0.528 kl 0.0030 spd 0.534 jmp 0.240 lo 0.0 3490s | window: 38%/1.34 ralow: 16%/2.30 lifts: 14%/1.65 quad: 23%/5.00 ring: 40%/7.02 sngspa: 45%/6.48 sngspa: 39%/8.05 tunnel: 10%/3.26 sng: 47%/5.84
[it  1520/2500           ppo] rew -0.0137 vl    5.699 ent -0.531 kl 0.0031 spd 0.550 jmp 0.239 lo 0.0 3511s | window: 39%/1.44 ralow: 11%/1.95 lifts: 16%/1.48 quad: 22%/5.64 ring: 40%/7.30 sngspa: 44%/6.51 sngspa: 38%/7.80 tunnel:  9%/3.09 sng: 41%/5.94
[it  1530/2500           ppo] rew -0.0166 vl    4.897 ent -0.514 kl 0.0028 spd 0.523 jmp 0.233 lo 0.0 3532s | window: 39%/1.65 ralow: 15%/1.96 lifts: 19%/1.53 quad: 19%/4.88 ring: 35%/6.94 sngspa: 47%/6.32 sngspa: 34%/7.66 tunnel:  8%/3.36 sng: 51%/5.65
[it  1540/2500           ppo] rew -0.0156 vl    4.776 ent -0.547 kl 0.0030 spd 0.556 jmp 0.234 lo 0.0 3552s | window: 43%/1.66 ralow:  8%/2.16 lifts: 16%/1.34 quad: 20%/5.02 ring: 33%/6.98 sngspa: 45%/6.40 sngspa: 31%/7.86 tunnel:  8%/3.13 sng: 42%/5.76
[it  1550/2500           ppo] rew -0.0158 vl    5.171 ent -0.510 kl 0.0030 spd 0.531 jmp 0.244 lo 0.0 3573s | window: 41%/1.77 ralow: 12%/2.27 lifts: 13%/1.51 quad: 23%/5.78 ring: 35%/7.01 sngspa: 46%/6.35 sngspa: 34%/7.94 tunnel:  9%/3.53 sng: 51%/5.51
[it  1560/2500           ppo] rew -0.0152 vl    4.963 ent -0.549 kl 0.0031 spd 0.568 jmp 0.243 lo 0.0 3594s | window: 41%/1.79 ralow:  8%/2.26 lifts: 13%/1.64 quad: 21%/5.84 ring: 35%/7.17 sngspa: 50%/6.32 sngspa: 32%/7.97 tunnel: 10%/3.42 sng: 42%/5.64
[it  1570/2500           ppo] rew -0.0144 vl    5.336 ent -0.516 kl 0.0030 spd 0.539 jmp 0.242 lo 0.0 3614s | window: 45%/1.78 ralow: 15%/2.69 lifts: 16%/1.53 quad: 24%/4.88 ring: 39%/7.26 sngspa: 52%/6.41 sngspa: 39%/8.03 tunnel:  7%/3.40 sng: 50%/5.77
[it  1580/2500           ppo] rew -0.0149 vl    5.028 ent -0.557 kl 0.0028 spd 0.568 jmp 0.240 lo 0.0 3635s | window: 47%/1.68 ralow:  7%/2.43 lifts: 14%/1.42 quad: 19%/4.38 ring: 37%/7.06 sngspa: 55%/6.38 sngspa: 41%/8.03 tunnel:  8%/2.95 sng: 42%/5.33
[it  1590/2500           ppo] rew -0.0142 vl    5.328 ent -0.541 kl 0.0029 spd 0.540 jmp 0.226 lo 0.0 3656s | window: 44%/1.74 ralow: 13%/2.32 lifts: 13%/1.37 quad: 20%/4.69 ring: 37%/7.05 sngspa: 59%/6.43 sngspa: 43%/8.25 tunnel:  6%/3.47 sng: 44%/5.39
[probe it  1600] strict-navmesh sampled n=16 | window:100%/5.50 ralow:  0%/  -   lifts:  0%/  -   ring:  0%/  -   sngspa:  0%/  -   sngspa:  0%/  -   tunnel:  0%/  -   sng:  0%/  -  
[it  1600/2500           ppo] rew -0.0149 vl    5.009 ent -0.575 kl 0.0027 spd 0.573 jmp 0.228 lo 0.0 3677s | window: 42%/1.77 ralow:  8%/2.14 lifts: 14%/1.25 quad: 18%/4.31 ring: 36%/6.95 sngspa: 58%/6.39 sngspa: 45%/8.11 tunnel:  8%/2.95 sng: 47%/5.39
[it  1610/2500           ppo] rew -0.0149 vl    5.053 ent -0.534 kl 0.0027 spd 0.540 jmp 0.235 lo 0.0 3718s | window: 45%/1.78 ralow: 11%/1.91 lifts: 12%/1.52 quad: 18%/5.35 ring: 37%/7.13 sngspa: 56%/6.26 sngspa: 44%/8.18 tunnel:  7%/3.16 sng: 41%/5.70
[it  1620/2500           ppo] rew -0.0138 vl    5.429 ent -0.553 kl 0.0029 spd 0.570 jmp 0.238 lo 0.0 3739s | window: 48%/1.69 ralow:  8%/2.60 lifts: 13%/1.65 quad: 18%/4.79 ring: 37%/7.19 sngspa: 53%/6.36 sngspa: 46%/8.22 tunnel:  9%/3.01 sng: 56%/5.25
[it  1630/2500           ppo] rew -0.0149 vl    5.201 ent -0.530 kl 0.0030 spd 0.542 jmp 0.239 lo 0.0 3760s | window: 46%/1.82 ralow: 13%/2.32 lifts: 15%/1.66 quad: 20%/5.64 ring: 39%/6.90 sngspa: 53%/6.45 sngspa: 43%/8.12 tunnel:  8%/3.21 sng: 47%/5.36
[it  1640/2500           ppo] rew -0.0140 vl    5.276 ent -0.555 kl 0.0026 spd 0.572 jmp 0.237 lo 0.0 3781s | window: 43%/1.81 ralow:  7%/1.71 lifts: 13%/1.50 quad: 20%/5.59 ring: 36%/7.00 sngspa: 58%/6.32 sngspa: 45%/7.99 tunnel:  8%/2.94 sng: 55%/5.62
[it  1650/2500           ppo] rew -0.0148 vl    5.240 ent -0.564 kl 0.0027 spd 0.551 jmp 0.236 lo 0.0 3801s | window: 40%/1.81 ralow: 10%/2.17 lifts: 12%/1.88 quad: 21%/4.87 ring: 40%/7.00 sngspa: 60%/6.38 sngspa: 45%/8.00 tunnel:  8%/2.99 sng: 44%/5.21
[it  1660/2500           ppo] rew -0.0139 vl    5.406 ent -0.577 kl 0.0027 spd 0.558 jmp 0.234 lo 0.0 3822s | window: 45%/1.74 ralow:  7%/2.39 lifts: 14%/1.60 quad: 21%/4.39 ring: 39%/7.04 sngspa: 59%/6.40 sngspa: 49%/8.22 tunnel:  8%/3.10 sng: 49%/5.13
[it  1670/2500           ppo] rew -0.0143 vl    5.155 ent -0.607 kl 0.0028 spd 0.550 jmp 0.230 lo 0.0 3843s | window: 48%/1.69 ralow: 14%/2.13 lifts: 11%/1.71 quad: 20%/3.92 ring: 40%/7.05 sngspa: 58%/6.35 sngspa: 46%/8.30 tunnel:  9%/2.74 sng: 44%/5.47
[it  1680/2500           ppo] rew -0.0136 vl    5.243 ent -0.622 kl 0.0030 spd 0.567 jmp 0.235 lo 0.0 3864s | window: 46%/1.91 ralow: 10%/2.49 lifts: 14%/1.65 quad: 21%/5.29 ring: 41%/6.95 sngspa: 57%/6.30 sngspa: 45%/8.18 tunnel:  9%/2.91 sng: 43%/5.29
[it  1690/2500           ppo] rew -0.0152 vl    5.084 ent -0.608 kl 0.0031 spd 0.541 jmp 0.236 lo 0.0 3885s | window: 45%/1.90 ralow: 11%/2.01 lifts: 14%/1.70 quad: 23%/5.39 ring: 39%/7.08 sngspa: 54%/6.33 sngspa: 42%/8.10 tunnel:  8%/3.34 sng: 51%/5.17
[probe it  1700] strict-navmesh sampled n=16 | window:100%/5.63 ralow:  0%/  -   lifts:  0%/  -   ring:  0%/  -   sngspa:  0%/  -   sngspa:  0%/  -   tunnel:  0%/  -   sng:  0%/  -  
[it  1700/2500           ppo] rew -0.0145 vl    5.014 ent -0.618 kl 0.0027 spd 0.562 jmp 0.237 lo 0.0 3906s | window: 45%/1.89 ralow:  7%/2.26 lifts: 15%/1.73 quad: 20%/5.77 ring: 40%/7.00 sngspa: 52%/6.23 sngspa: 40%/8.03 tunnel:  8%/2.67 sng: 41%/5.48
[it  1710/2500           ppo] rew -0.0140 vl    5.121 ent -0.607 kl 0.0025 spd 0.541 jmp 0.233 lo 0.0 3945s | window: 46%/2.08 ralow: 13%/2.38 lifts: 15%/1.51 quad: 24%/6.91 ring: 40%/7.03 sngspa: 52%/6.35 sngspa: 43%/7.74 tunnel:  9%/2.45 sng: 52%/5.42
[it  1720/2500           ppo] rew -0.0131 vl    5.430 ent -0.619 kl 0.0026 spd 0.567 jmp 0.238 lo 0.0 3966s | window: 48%/2.47 ralow:  7%/2.19 lifts: 13%/1.51 quad: 20%/5.94 ring: 41%/6.95 sngspa: 57%/6.25 sngspa: 44%/7.69 tunnel: 10%/2.93 sng: 43%/5.49
[it  1730/2500           ppo] rew -0.0123 vl    5.524 ent -0.592 kl 0.0029 spd 0.545 jmp 0.239 lo 0.0 3987s | window: 46%/2.51 ralow: 16%/2.01 lifts: 15%/1.55 quad: 20%/5.99 ring: 40%/6.91 sngspa: 53%/6.27 sngspa: 48%/7.83 tunnel: 10%/2.84 sng: 54%/5.35
[it  1740/2500           ppo] rew -0.0125 vl    5.485 ent -0.626 kl 0.0028 spd 0.578 jmp 0.244 lo 0.0 4008s | window: 45%/2.45 ralow:  8%/2.64 lifts: 13%/1.44 quad: 22%/7.95 ring: 43%/6.92 sngspa: 59%/6.16 sngspa: 51%/7.81 tunnel: 10%/2.57 sng: 52%/5.16
[it  1750/2500           ppo] rew -0.0117 vl    5.539 ent -0.629 kl 0.0027 spd 0.558 jmp 0.244 lo 0.0 4029s | window: 47%/1.88 ralow: 14%/1.71 lifts: 12%/1.45 quad: 25%/6.52 ring: 43%/7.12 sngspa: 59%/6.14 sngspa: 55%/7.82 tunnel:  9%/2.62 sng: 49%/5.22
[it  1760/2500           ppo] rew -0.0128 vl    5.314 ent -0.647 kl 0.0025 spd 0.574 jmp 0.247 lo 0.0 4050s | window: 46%/2.16 ralow:  8%/1.91 lifts: 12%/1.69 quad: 25%/7.40 ring: 46%/6.96 sngspa: 55%/6.13 sngspa: 50%/8.06 tunnel: 11%/3.16 sng: 62%/5.05
[it  1770/2500           ppo] rew -0.0120 vl    5.509 ent -0.638 kl 0.0027 spd 0.560 jmp 0.249 lo 0.0 4071s | window: 46%/2.53 ralow: 15%/1.62 lifts: 13%/1.42 quad: 24%/6.01 ring: 47%/6.87 sngspa: 55%/6.13 sngspa: 48%/7.88 tunnel: 10%/2.95 sng: 50%/5.14
[it  1780/2500           ppo] rew -0.0124 vl    5.307 ent -0.641 kl 0.0028 spd 0.562 jmp 0.246 lo 0.0 4092s | window: 46%/1.82 ralow:  7%/2.29 lifts: 15%/1.73 quad: 23%/5.52 ring: 48%/6.84 sngspa: 55%/6.23 sngspa: 51%/8.18 tunnel: 12%/2.78 sng: 62%/5.23
[it  1790/2500           ppo] rew -0.0109 vl    5.460 ent -0.672 kl 0.0026 spd 0.563 jmp 0.247 lo 0.0 4113s | window: 49%/1.91 ralow: 15%/2.35 lifts: 16%/1.60 quad: 25%/6.19 ring: 47%/6.88 sngspa: 58%/6.25 sngspa: 50%/8.21 tunnel: 11%/2.73 sng: 49%/5.23
[probe it  1800] strict-navmesh sampled n=16 | window: 94%/5.25 ralow:  0%/  -   lifts:  0%/  -   ring:  0%/  -   sngspa:  0%/  -   sngspa:  0%/  -   tunnel:  0%/  -   sng:  0%/  -  
[it  1800/2500           ppo] rew -0.0115 vl    5.448 ent -0.662 kl 0.0026 spd 0.568 jmp 0.251 lo 0.0 4134s | window: 49%/1.97 ralow: 10%/2.74 lifts: 14%/1.51 quad: 26%/7.51 ring: 50%/6.95 sngspa: 60%/6.30 sngspa: 48%/8.22 tunnel: 11%/2.77 sng: 56%/5.14
[it  1810/2500           ppo] rew -0.0088 vl    6.374 ent -0.674 kl 0.0025 spd 0.571 jmp 0.244 lo 0.0 4174s | window: 48%/1.92 ralow: 12%/2.73 lifts: 16%/1.38 quad: 26%/6.29 ring: 43%/6.94 sngspa: 61%/6.35 sngspa: 51%/8.19 tunnel: 10%/3.32 sng: 52%/5.23
[it  1820/2500           ppo] rew -0.0112 vl    5.557 ent -0.662 kl 0.0024 spd 0.561 jmp 0.242 lo 0.0 4195s | window: 48%/1.92 ralow: 11%/2.53 lifts: 17%/1.52 quad: 25%/5.65 ring: 45%/6.88 sngspa: 59%/6.26 sngspa: 52%/8.19 tunnel: 10%/2.85 sng: 51%/5.21
[it  1830/2500           ppo] rew -0.0081 vl    6.624 ent -0.698 kl 0.0024 spd 0.572 jmp 0.238 lo 0.0 4216s | window: 49%/1.91 ralow: 11%/2.47 lifts: 16%/1.55 quad: 26%/6.03 ring: 46%/6.86 sngspa: 56%/6.32 sngspa: 50%/8.25 tunnel: 11%/2.94 sng: 59%/5.22
[it  1840/2500           ppo] rew -0.0111 vl    5.260 ent -0.704 kl 0.0025 spd 0.570 jmp 0.240 lo 0.0 4237s | window: 48%/2.04 ralow: 11%/2.51 lifts: 18%/1.83 quad: 28%/7.21 ring: 48%/7.05 sngspa: 59%/6.42 sngspa: 47%/8.18 tunnel: 11%/2.68 sng: 50%/5.09
[it  1850/2500           ppo] rew -0.0079 vl    6.625 ent -0.706 kl 0.0028 spd 0.571 jmp 0.248 lo 0.0 4258s | window: 52%/2.45 ralow:  9%/2.35 lifts: 14%/1.99 quad: 29%/6.84 ring: 47%/6.95 sngspa: 57%/6.44 sngspa: 44%/8.29 tunnel:  7%/3.90 sng: 60%/5.16
[it  1860/2500           ppo] rew -0.0118 vl    5.246 ent -0.715 kl 0.0024 spd 0.566 jmp 0.243 lo 0.0 4279s | window: 50%/1.99 ralow: 11%/2.68 lifts: 14%/1.47 quad: 25%/5.68 ring: 49%/6.74 sngspa: 60%/6.27 sngspa: 45%/8.23 tunnel:  9%/2.74 sng: 49%/5.16
[it  1870/2500           ppo] rew -0.0097 vl    5.923 ent -0.750 kl 0.0024 spd 0.588 jmp 0.235 lo 0.0 4300s | window: 49%/1.91 ralow:  9%/2.79 lifts: 15%/1.65 quad: 26%/6.65 ring: 48%/6.74 sngspa: 59%/6.25 sngspa: 50%/8.00 tunnel:  9%/2.99 sng: 60%/5.17
[it  1880/2500           ppo] rew -0.0108 vl    5.450 ent -0.726 kl 0.0026 spd 0.571 jmp 0.234 lo 0.0 4321s | window: 51%/1.99 ralow: 11%/2.10 lifts: 13%/1.97 quad: 27%/6.21 ring: 49%/6.92 sngspa: 63%/6.31 sngspa: 56%/8.14 tunnel:  9%/2.70 sng: 51%/5.05
[it  1890/2500           ppo] rew -0.0086 vl    6.087 ent -0.771 kl 0.0025 spd 0.587 jmp 0.225 lo 0.0 4342s | window: 49%/2.36 ralow:  7%/2.55 lifts: 14%/1.82 quad: 26%/5.29 ring: 48%/6.82 sngspa: 62%/6.34 sngspa: 53%/8.18 tunnel:  9%/3.25 sng: 52%/5.16
[probe it  1900] strict-navmesh sampled n=16 | window:100%/4.96 ralow:  0%/  -   lifts:  6%/5.96 ring:  0%/  -   sngspa:  0%/  -   sngspa:  0%/  -   tunnel:  0%/  -   sng:  0%/  -  
[it  1900/2500           ppo] rew -0.0117 vl    5.508 ent -0.747 kl 0.0028 spd 0.567 jmp 0.219 lo 0.0 4363s | window: 51%/2.55 ralow: 12%/2.16 lifts: 12%/1.88 quad: 26%/6.77 ring: 49%/6.83 sngspa: 58%/6.22 sngspa: 57%/8.30 tunnel: 10%/3.10 sng: 53%/5.12
[it  1910/2500           ppo] rew -0.0103 vl    5.761 ent -0.764 kl 0.0026 spd 0.571 jmp 0.218 lo 0.0 4404s | window: 51%/2.55 ralow: 11%/2.61 lifts: 11%/1.88 quad: 24%/5.24 ring: 49%/6.77 sngspa: 55%/6.29 sngspa: 49%/8.19 tunnel:  8%/2.97 sng: 48%/5.18
[it  1920/2500           ppo] rew -0.0116 vl    5.440 ent -0.755 kl 0.0023 spd 0.575 jmp 0.214 lo 0.0 4425s | window: 54%/2.53 ralow: 12%/2.30 lifts: 15%/1.90 quad: 24%/6.29 ring: 48%/6.86 sngspa: 55%/6.29 sngspa: 49%/8.09 tunnel:  9%/3.34 sng: 59%/4.92
[it  1930/2500           ppo] rew -0.0100 vl    5.657 ent -0.776 kl 0.0026 spd 0.584 jmp 0.213 lo 0.0 4446s | window: 54%/2.03 ralow:  9%/1.92 lifts: 17%/2.81 quad: 25%/4.41 ring: 51%/6.91 sngspa: 56%/6.19 sngspa: 51%/8.00 tunnel: 10%/2.87 sng: 48%/4.98
[it  1940/2500           ppo] rew -0.0115 vl    5.353 ent -0.747 kl 0.0025 spd 0.575 jmp 0.209 lo 0.0 4467s | window: 53%/2.52 ralow: 14%/2.19 lifts: 17%/2.17 quad: 24%/5.05 ring: 48%/6.84 sngspa: 60%/6.26 sngspa: 51%/8.23 tunnel:  6%/2.84 sng: 59%/4.88
[it  1950/2500           ppo] rew -0.0098 vl    5.515 ent -0.800 kl 0.0024 spd 0.592 jmp 0.214 lo 0.0 4488s | window: 53%/2.05 ralow:  8%/2.31 lifts: 18%/2.00 quad: 27%/6.60 ring: 45%/6.73 sngspa: 61%/6.18 sngspa: 50%/7.99 tunnel:  7%/2.67 sng: 52%/4.94
[it  1960/2500           ppo] rew -0.0099 vl    5.730 ent -0.781 kl 0.0024 spd 0.578 jmp 0.209 lo 0.0 4509s | window: 52%/2.52 ralow: 14%/2.25 lifts: 16%/2.08 quad: 24%/7.13 ring: 46%/6.78 sngspa: 60%/6.34 sngspa: 51%/7.87 tunnel:  9%/3.07 sng: 57%/4.96
[it  1970/2500           ppo] rew -0.0093 vl    5.470 ent -0.825 kl 0.0025 spd 0.605 jmp 0.212 lo 0.0 4530s | window: 54%/2.56 ralow:  8%/2.69 lifts: 18%/2.08 quad: 25%/7.21 ring: 47%/6.73 sngspa: 63%/6.31 sngspa: 53%/7.90 tunnel:  9%/2.99 sng: 57%/4.74
[it  1980/2500           ppo] rew -0.0092 vl    5.596 ent -0.810 kl 0.0024 spd 0.577 jmp 0.207 lo 0.0 4550s | window: 55%/2.51 ralow: 13%/2.25 lifts: 18%/3.09 quad: 27%/8.79 ring: 48%/6.79 sngspa: 64%/6.17 sngspa: 54%/8.03 tunnel:  7%/2.61 sng: 51%/5.00
[it  1990/2500           ppo] rew -0.0082 vl    5.821 ent -0.851 kl 0.0025 spd 0.608 jmp 0.207 lo 0.0 4571s | window: 56%/2.24 ralow:  7%/2.06 lifts: 18%/1.96 quad: 25%/7.98 ring: 47%/6.75 sngspa: 63%/6.14 sngspa: 54%/7.90 tunnel:  8%/2.43 sng: 65%/5.05
[probe it  2000] strict-navmesh sampled n=16 | window: 69%/5.44 ralow:  0%/  -   lifts:  0%/  -   ring:  0%/  -   sngspa:  0%/  -   sngspa:  0%/  -   tunnel:  0%/  -   sng:  0%/  -  
[it  2000/2500           ppo] rew -0.0090 vl    5.323 ent -0.833 kl 0.0025 spd 0.586 jmp 0.203 lo 0.0 4592s | window: 57%/2.01 ralow: 13%/2.22 lifts: 17%/2.11 quad: 28%/8.65 ring: 50%/6.73 sngspa: 65%/6.19 sngspa: 53%/8.00 tunnel:  7%/2.55 sng: 51%/5.01
[it  2010/2500           ppo] rew -0.0081 vl    5.708 ent -0.861 kl 0.0024 spd 0.612 jmp 0.205 lo 0.0 4634s | window: 57%/2.10 ralow:  7%/1.99 lifts: 18%/3.05 quad: 30%/7.99 ring: 49%/6.88 sngspa: 68%/6.26 sngspa: 53%/8.06 tunnel:  7%/2.62 sng: 63%/5.03
[it  2020/2500           ppo] rew -0.0089 vl    5.374 ent -0.845 kl 0.0024 spd 0.593 jmp 0.205 lo 0.0 4655s | window: 54%/2.53 ralow: 12%/1.98 lifts: 19%/1.79 quad: 29%/8.53 ring: 50%/6.91 sngspa: 67%/6.32 sngspa: 55%/8.00 tunnel:  7%/3.47 sng: 53%/4.92
[it  2030/2500           ppo] rew -0.0069 vl    5.857 ent -0.864 kl 0.0022 spd 0.620 jmp 0.208 lo 0.0 4675s | window: 55%/2.52 ralow:  8%/2.39 lifts: 17%/3.14 quad: 31%/7.75 ring: 47%/6.75 sngspa: 66%/6.23 sngspa: 55%/7.90 tunnel:  9%/2.64 sng: 56%/4.96
[it  2040/2500           ppo] rew -0.0091 vl    5.461 ent -0.848 kl 0.0025 spd 0.591 jmp 0.201 lo 0.0 4696s | window: 58%/2.55 ralow: 14%/1.94 lifts: 17%/3.08 quad: 31%/8.67 ring: 48%/6.92 sngspa: 67%/6.29 sngspa: 53%/8.10 tunnel:  7%/2.81 sng: 56%/5.19
[it  2050/2500           ppo] rew -0.0064 vl    5.583 ent -0.891 kl 0.0026 spd 0.621 jmp 0.204 lo 0.0 4717s | window: 59%/2.53 ralow:  8%/1.99 lifts: 19%/4.69 quad: 29%/8.90 ring: 51%/6.78 sngspa: 68%/6.25 sngspa: 54%/8.10 tunnel:  8%/2.66 sng: 50%/5.04
[it  2060/2500           ppo] rew -0.0095 vl    5.213 ent -0.847 kl 0.0024 spd 0.583 jmp 0.197 lo 0.0 4738s | window: 61%/2.53 ralow: 14%/2.54 lifts: 20%/4.31 quad: 31%/7.53 ring: 53%/6.78 sngspa: 68%/6.23 sngspa: 56%/8.26 tunnel: 10%/2.93 sng: 63%/4.75
[it  2070/2500           ppo] rew -0.0073 vl    5.505 ent -0.897 kl 0.0023 spd 0.626 jmp 0.202 lo 0.0 4759s | window: 55%/2.52 ralow: 10%/2.14 lifts: 20%/4.68 quad: 30%/9.03 ring: 54%/6.92 sngspa: 67%/6.31 sngspa: 54%/8.26 tunnel:  9%/2.48 sng: 49%/5.05
[it  2080/2500           ppo] rew -0.0096 vl    5.304 ent -0.861 kl 0.0025 spd 0.580 jmp 0.196 lo 0.0 4780s | window: 56%/2.55 ralow: 17%/2.01 lifts: 18%/3.73 quad: 37%/8.97 ring: 51%/6.83 sngspa: 66%/6.47 sngspa: 54%/8.29 tunnel:  8%/3.82 sng: 60%/4.96
[it  2090/2500           ppo] rew -0.0069 vl    5.595 ent -0.906 kl 0.0022 spd 0.613 jmp 0.192 lo 0.0 4801s | window: 58%/2.53 ralow:  8%/1.81 lifts: 17%/2.55 quad: 34%/9.30 ring: 49%/6.72 sngspa: 67%/6.42 sngspa: 52%/8.51 tunnel:  9%/2.57 sng: 51%/5.03
[probe it  2100] strict-navmesh sampled n=16 | window: 88%/5.52 ralow:  0%/  -   lifts:  0%/  -   ring:  0%/  -   sngspa:  6%/6.47 sngspa:  6%/7.91 tunnel:  0%/  -   sng:  0%/  -  
[it  2100/2500           ppo] rew -0.0090 vl    5.240 ent -0.872 kl 0.0024 spd 0.581 jmp 0.191 lo 0.0 4821s | window: 56%/2.55 ralow: 16%/1.71 lifts: 20%/3.09 quad: 35%/9.21 ring: 49%/6.91 sngspa: 64%/6.35 sngspa: 51%/8.33 tunnel: 12%/3.16 sng: 61%/4.88
[it  2110/2500           ppo] rew -0.0087 vl    5.431 ent -0.919 kl 0.0023 spd 0.620 jmp 0.190 lo 0.0 4861s | window: 55%/2.56 ralow:  8%/2.16 lifts: 20%/4.16 quad: 33%/9.15 ring: 53%/6.88 sngspa: 64%/6.44 sngspa: 50%/8.38 tunnel:  9%/2.49 sng: 53%/5.14
[it  2120/2500           ppo] rew -0.0077 vl    5.470 ent -0.920 kl 0.0022 spd 0.591 jmp 0.186 lo 0.0 4882s | window: 56%/2.55 ralow: 14%/1.97 lifts: 23%/3.36 quad: 31%/9.00 ring: 53%/6.83 sngspa: 65%/6.34 sngspa: 50%/8.36 tunnel: 10%/2.55 sng: 52%/5.10
[it  2130/2500           ppo] rew -0.0076 vl    5.564 ent -0.943 kl 0.0024 spd 0.617 jmp 0.189 lo 0.0 4903s | window: 58%/2.43 ralow:  8%/2.06 lifts: 25%/3.97 quad: 32%/7.53 ring: 52%/6.78 sngspa: 67%/6.38 sngspa: 51%/8.43 tunnel:  9%/3.30 sng: 60%/5.22
[it  2140/2500           ppo] rew -0.0090 vl    5.224 ent -0.912 kl 0.0022 spd 0.590 jmp 0.191 lo 0.0 4924s | window: 55%/2.52 ralow: 13%/1.86 lifts: 23%/4.78 quad: 33%/8.93 ring: 49%/6.96 sngspa: 70%/6.45 sngspa: 51%/8.26 tunnel:  9%/3.16 sng: 50%/5.23
[it  2150/2500           ppo] rew -0.0089 vl    5.438 ent -0.939 kl 0.0022 spd 0.610 jmp 0.186 lo 0.0 4945s | window: 56%/2.04 ralow:  7%/2.40 lifts: 21%/4.82 quad: 34%/9.11 ring: 49%/7.03 sngspa: 69%/6.43 sngspa: 52%/8.32 tunnel:  7%/2.71 sng: 60%/5.09
[it  2160/2500           ppo] rew -0.0088 vl    5.238 ent -0.919 kl 0.0022 spd 0.582 jmp 0.184 lo 0.0 4966s | window: 53%/1.95 ralow: 13%/1.82 lifts: 19%/4.64 quad: 32%/8.64 ring: 47%/7.13 sngspa: 69%/6.35 sngspa: 51%/8.12 tunnel:  8%/2.81 sng: 50%/5.09
[it  2170/2500           ppo] rew -0.0094 vl    5.489 ent -0.932 kl 0.0023 spd 0.601 jmp 0.186 lo 0.0 4987s | window: 55%/2.05 ralow: 10%/1.96 lifts: 20%/4.63 quad: 30%/8.11 ring: 45%/6.97 sngspa: 68%/6.31 sngspa: 51%/8.25 tunnel:  7%/2.57 sng: 57%/5.14
[it  2180/2500           ppo] rew -0.0118 vl    5.174 ent -0.913 kl 0.0021 spd 0.567 jmp 0.179 lo 0.0 5008s | window: 52%/2.04 ralow: 18%/1.91 lifts: 19%/3.69 quad: 29%/8.42 ring: 41%/6.62 sngspa: 68%/6.34 sngspa: 50%/8.18 tunnel:  7%/3.21 sng: 50%/5.26
[it  2190/2500           ppo] rew -0.0086 vl    5.480 ent -0.944 kl 0.0021 spd 0.597 jmp 0.179 lo 0.0 5030s | window: 51%/2.55 ralow:  9%/1.86 lifts: 17%/2.55 quad: 29%/9.08 ring: 39%/6.83 sngspa: 67%/6.26 sngspa: 49%/8.29 tunnel:  9%/2.88 sng: 52%/5.18
[probe it  2200] strict-navmesh sampled n=16 | window: 94%/5.19 ralow:  0%/  -   lifts: 12%/6.25 ring:  0%/  -   sngspa: 12%/6.15 sngspa: 25%/8.03 tunnel:  0%/  -   sng:  0%/  -  
[it  2200/2500           ppo] rew -0.0104 vl    5.142 ent -0.945 kl 0.0020 spd 0.578 jmp 0.180 lo 0.0 5051s | window: 56%/2.56 ralow: 14%/1.88 lifts: 18%/2.13 quad: 30%/8.88 ring: 41%/6.71 sngspa: 64%/6.38 sngspa: 51%/8.31 tunnel:  9%/3.77 sng: 57%/5.35
[it  2210/2500           ppo] rew -0.0088 vl    5.283 ent -0.971 kl 0.0022 spd 0.603 jmp 0.179 lo 0.0 5092s | window: 57%/2.56 ralow:  9%/2.02 lifts: 18%/2.03 quad: 32%/8.86 ring: 44%/6.71 sngspa: 69%/6.30 sngspa: 48%/8.26 tunnel: 10%/2.84 sng: 48%/5.35
[it  2220/2500           ppo] rew -0.0090 vl    5.398 ent -0.958 kl 0.0023 spd 0.581 jmp 0.175 lo 0.0 5112s | window: 59%/2.56 ralow: 12%/2.70 lifts: 22%/1.95 quad: 34%/9.17 ring: 44%/6.61 sngspa: 66%/6.48 sngspa: 49%/8.25 tunnel:  8%/2.63 sng: 59%/5.12
[it  2230/2500           ppo] rew -0.0089 vl    5.437 ent -0.978 kl 0.0020 spd 0.601 jmp 0.175 lo 0.0 5134s | window: 56%/2.55 ralow:  9%/2.14 lifts: 19%/1.94 quad: 34%/8.36 ring: 44%/6.74 sngspa: 66%/6.55 sngspa: 48%/8.25 tunnel: 10%/2.94 sng: 47%/5.32
[it  2240/2500           ppo] rew -0.0097 vl    5.472 ent -0.961 kl 0.0021 spd 0.577 jmp 0.173 lo 0.0 5155s | window: 56%/2.56 ralow: 15%/2.48 lifts: 18%/1.91 quad: 33%/9.14 ring: 46%/6.81 sngspa: 66%/6.58 sngspa: 51%/8.40 tunnel: 12%/2.83 sng: 56%/5.36
[it  2250/2500           ppo] rew -0.0092 vl    5.468 ent -0.979 kl 0.0021 spd 0.598 jmp 0.174 lo 0.0 5176s | window: 53%/2.44 ralow:  8%/2.03 lifts: 18%/2.10 quad: 30%/9.13 ring: 43%/6.92 sngspa: 68%/6.51 sngspa: 48%/8.48 tunnel: 10%/2.77 sng: 44%/5.40
[it  2260/2500           ppo] rew -0.0089 vl    5.667 ent -0.967 kl 0.0022 spd 0.569 jmp 0.169 lo 0.0 5197s | window: 55%/2.55 ralow: 12%/2.22 lifts: 23%/2.31 quad: 32%/8.82 ring: 45%/6.96 sngspa: 70%/6.48 sngspa: 49%/8.32 tunnel:  7%/2.74 sng: 48%/5.45
[it  2270/2500           ppo] rew -0.0100 vl    5.456 ent -1.004 kl 0.0020 spd 0.595 jmp 0.162 lo 0.0 5218s | window: 54%/2.56 ralow:  8%/1.68 lifts: 23%/4.27 quad: 32%/8.79 ring: 44%/6.74 sngspa: 67%/6.51 sngspa: 47%/8.36 tunnel:  9%/2.57 sng: 53%/5.45
[it  2280/2500           ppo] rew -0.0089 vl    5.398 ent -1.001 kl 0.0021 spd 0.572 jmp 0.159 lo 0.0 5239s | window: 55%/2.56 ralow: 12%/1.87 lifts: 20%/3.66 quad: 30%/7.66 ring: 45%/6.64 sngspa: 69%/6.44 sngspa: 45%/8.32 tunnel: 11%/2.49 sng: 47%/5.38
[it  2290/2500           ppo] rew -0.0098 vl    5.261 ent -1.037 kl 0.0021 spd 0.605 jmp 0.155 lo 0.0 5260s | window: 59%/2.55 ralow:  7%/1.69 lifts: 22%/4.83 quad: 30%/6.89 ring: 42%/6.81 sngspa: 67%/6.39 sngspa: 46%/8.31 tunnel:  9%/2.71 sng: 61%/5.38
[probe it  2300] strict-navmesh sampled n=16 | window: 94%/5.06 ralow:  0%/  -   lifts:  0%/  -   ring:  0%/  -   sngspa:  0%/  -   sngspa:  6%/7.74 tunnel:  0%/  -   sng:  0%/  -  
[it  2300/2500           ppo] rew -0.0093 vl    5.116 ent -1.033 kl 0.0020 spd 0.585 jmp 0.161 lo 0.0 5282s | window: 58%/2.53 ralow: 14%/2.24 lifts: 23%/4.07 quad: 30%/8.70 ring: 43%/6.71 sngspa: 69%/6.42 sngspa: 44%/8.18 tunnel: 10%/2.47 sng: 48%/5.39
[it  2310/2500           ppo] rew -0.0082 vl    5.409 ent -1.037 kl 0.0021 spd 0.614 jmp 0.162 lo 0.0 5323s | window: 62%/2.55 ralow:  9%/2.05 lifts: 26%/4.05 quad: 32%/8.82 ring: 43%/6.56 sngspa: 67%/6.45 sngspa: 48%/8.27 tunnel:  9%/3.10 sng: 61%/5.38
[it  2320/2500           ppo] rew -0.0089 vl    5.208 ent -1.029 kl 0.0020 spd 0.579 jmp 0.159 lo 0.0 5344s | window: 61%/2.53 ralow: 13%/2.52 lifts: 29%/5.31 quad: 30%/9.09 ring: 43%/6.94 sngspa: 68%/6.44 sngspa: 49%/8.19 tunnel: 10%/3.18 sng: 51%/5.73
[it  2330/2500           ppo] rew -0.0080 vl    5.472 ent -1.034 kl 0.0021 spd 0.595 jmp 0.159 lo 0.0 5365s | window: 60%/2.53 ralow:  7%/1.82 lifts: 23%/3.36 quad: 28%/8.61 ring: 44%/6.83 sngspa: 67%/6.45 sngspa: 49%/8.36 tunnel: 11%/2.69 sng: 53%/5.40
[it  2340/2500           ppo] rew -0.0085 vl    5.336 ent -1.043 kl 0.0020 spd 0.591 jmp 0.158 lo 0.0 5386s | window: 60%/2.55 ralow: 12%/2.01 lifts: 21%/3.62 quad: 32%/7.99 ring: 49%/6.87 sngspa: 67%/6.47 sngspa: 49%/8.47 tunnel:  8%/3.04 sng: 53%/5.09
[it  2350/2500           ppo] rew -0.0090 vl    5.394 ent -1.062 kl 0.0018 spd 0.594 jmp 0.155 lo 0.0 5407s | window: 59%/2.56 ralow:  8%/1.92 lifts: 24%/3.52 quad: 32%/9.03 ring: 47%/6.74 sngspa: 69%/6.42 sngspa: 46%/8.52 tunnel: 11%/3.13 sng: 49%/5.14
[it  2360/2500           ppo] rew -0.0085 vl    5.486 ent -1.069 kl 0.0018 spd 0.585 jmp 0.151 lo 0.0 5428s | window: 55%/2.56 ralow: 14%/1.91 lifts: 24%/3.23 quad: 37%/8.99 ring: 50%/6.68 sngspa: 66%/6.49 sngspa: 45%/8.51 tunnel: 10%/2.78 sng: 58%/5.31
[it  2370/2500           ppo] rew -0.0094 vl    5.063 ent -1.085 kl 0.0019 spd 0.597 jmp 0.150 lo 0.0 5448s | window: 56%/2.53 ralow:  8%/1.78 lifts: 25%/5.09 quad: 37%/8.62 ring: 47%/6.81 sngspa: 68%/6.48 sngspa: 47%/8.42 tunnel: 10%/2.86 sng: 45%/5.43
[it  2380/2500           ppo] rew -0.0097 vl    5.222 ent -1.084 kl 0.0018 spd 0.581 jmp 0.145 lo 0.0 5470s | window: 53%/2.56 ralow: 12%/1.91 lifts: 25%/3.23 quad: 33%/8.75 ring: 47%/6.67 sngspa: 68%/6.55 sngspa: 50%/8.41 tunnel:  9%/3.04 sng: 57%/5.40
[it  2390/2500           ppo] rew -0.0096 vl    5.378 ent -1.101 kl 0.0019 spd 0.592 jmp 0.148 lo 0.0 5491s | window: 50%/2.57 ralow:  6%/1.86 lifts: 21%/3.65 quad: 31%/8.88 ring: 47%/6.75 sngspa: 68%/6.51 sngspa: 50%/8.36 tunnel:  9%/3.03 sng: 50%/5.21
[probe it  2400] strict-navmesh sampled n=16 | window: 88%/5.12 ralow:  0%/  -   lifts:  0%/  -   ring:  0%/  -   sngspa:  0%/  -   sngspa:  0%/  -   tunnel:  0%/  -   sng:  0%/  -  
[it  2400/2500           ppo] rew -0.0055 vl    6.802 ent -1.092 kl 0.0017 spd 0.586 jmp 0.147 lo 0.0 5512s | window: 54%/2.52 ralow:  9%/2.08 lifts: 21%/3.69 quad: 36%/8.71 ring: 46%/6.83 sngspa: 67%/6.45 sngspa: 51%/8.36 tunnel:  8%/2.50 sng: 57%/5.31
[it  2410/2500           ppo] rew -0.0086 vl    5.178 ent -1.095 kl 0.0017 spd 0.593 jmp 0.146 lo 0.0 5554s | window: 56%/2.53 ralow:  9%/1.81 lifts: 21%/2.94 quad: 37%/8.64 ring: 50%/6.77 sngspa: 70%/6.48 sngspa: 51%/8.27 tunnel:  9%/2.79 sng: 52%/5.39
[it  2420/2500           ppo] rew -0.0042 vl    6.800 ent -1.099 kl 0.0019 spd 0.600 jmp 0.153 lo 0.0 5575s | window: 56%/2.56 ralow: 10%/1.65 lifts: 23%/3.10 quad: 33%/8.74 ring: 48%/6.82 sngspa: 70%/6.44 sngspa: 50%/8.36 tunnel:  9%/2.63 sng: 49%/5.29
[it  2430/2500           ppo] rew -0.0088 vl    5.416 ent -1.107 kl 0.0018 spd 0.605 jmp 0.146 lo 0.0 5596s | window: 57%/2.55 ralow: 12%/1.66 lifts: 22%/3.19 quad: 34%/9.01 ring: 52%/6.82 sngspa: 69%/6.55 sngspa: 49%/8.40 tunnel: 11%/2.95 sng: 55%/5.21
[it  2440/2500           ppo] rew -0.0049 vl    6.417 ent -1.130 kl 0.0016 spd 0.610 jmp 0.145 lo 0.0 5617s | window: 54%/2.56 ralow:  8%/1.65 lifts: 24%/3.23 quad: 36%/8.77 ring: 49%/6.86 sngspa: 70%/6.51 sngspa: 50%/8.38 tunnel: 10%/3.28 sng: 44%/5.57
[it  2450/2500           ppo] rew -0.0088 vl    5.191 ent -1.122 kl 0.0018 spd 0.601 jmp 0.143 lo 0.0 5638s | window: 54%/2.57 ralow: 11%/1.55 lifts: 23%/3.15 quad: 37%/8.51 ring: 48%/6.79 sngspa: 69%/6.57 sngspa: 49%/8.44 tunnel: 11%/3.06 sng: 54%/5.31
[it  2460/2500           ppo] rew -0.0086 vl    5.572 ent -1.131 kl 0.0016 spd 0.617 jmp 0.150 lo 0.0 5659s | window: 55%/2.55 ralow:  8%/2.06 lifts: 24%/3.31 quad: 36%/9.05 ring: 46%/6.81 sngspa: 71%/6.49 sngspa: 48%/8.43 tunnel:  9%/2.92 sng: 45%/5.30
[it  2470/2500           ppo] rew -0.0078 vl    5.282 ent -1.120 kl 0.0019 spd 0.599 jmp 0.145 lo 0.0 5680s | window: 54%/2.55 ralow: 12%/2.59 lifts: 23%/4.96 quad: 33%/8.95 ring: 50%/6.52 sngspa: 72%/6.57 sngspa: 52%/8.49 tunnel: 10%/2.99 sng: 55%/5.35
[it  2480/2500           ppo] rew -0.0064 vl    5.736 ent -1.125 kl 0.0016 spd 0.611 jmp 0.150 lo 0.0 5702s | window: 56%/2.53 ralow: 10%/2.64 lifts: 23%/4.21 quad: 35%/8.87 ring: 48%/6.78 sngspa: 71%/6.58 sngspa: 50%/8.57 tunnel:  9%/3.82 sng: 46%/5.46
[it  2490/2500           ppo] rew -0.0068 vl    5.337 ent -1.116 kl 0.0016 spd 0.598 jmp 0.150 lo 0.0 5723s | window: 56%/2.56 ralow: 11%/1.88 lifts: 27%/4.22 quad: 37%/9.00 ring: 52%/6.86 sngspa: 69%/6.47 sngspa: 50%/8.34 tunnel:  8%/2.98 sng: 46%/5.09
[probe it  2500] strict-navmesh sampled n=16 | window:100%/5.13 ralow:  0%/  -   lifts:  0%/  -   ring:  0%/  -   sngspa: 12%/6.34 sngspa:  0%/  -   tunnel:  0%/  -   sng:  0%/  -  
[it  2500/2500           ppo] rew -0.0058 vl    5.730 ent -1.148 kl 0.0018 spd 0.620 jmp 0.146 lo 0.0 5744s | window: 57%/2.56 ralow:  7%/1.94 lifts: 26%/5.38 quad: 36%/8.19 ring: 50%/6.82 sngspa: 70%/6.45 sngspa: 52%/8.34 tunnel: 10%/2.92 sng: 53%/5.17
saved /home/benjamin-adm/rex-ml/pipeline/out/race/race_v9.pt
