jump head recalibrated: p(jump) 0.0094 -> 0.1000 (bias +2.499)
routes=['window_to_rl', 'ralow_to_ratop', 'lifts_to_sng_mega', 'quad_to_ra', 'ring_to_ratop', 'sngspawn_a_to_mega', 'sngspawn_b_to_mega', 'tunnel_to_ra']  n_per_route=1024  human_k=8  envs=64  total_slots=8192  T=64  gamma=0.999
  window_to_rl           human:6796@2.069             path    1327 u  n=  128  gate  2.75s  needs    482 u/s average
  window_to_rl           human:56762@2.174            path    1237 u  n=  128  gate  2.75s  needs    450 u/s average
  window_to_rl           human:22269@2.178            path    1134 u  n=  128  gate  2.75s  needs    412 u/s average
  window_to_rl           human:28039@2.179            path    1133 u  n=  128  gate  2.75s  needs    412 u/s average
  window_to_rl           human:55363@2.185            path    1249 u  n=  128  gate  2.75s  needs    454 u/s average
  window_to_rl           human:18302@2.204            path    1216 u  n=  128  gate  2.75s  needs    442 u/s average
  window_to_rl           human:6281@2.237             path    1279 u  n=  128  gate  2.75s  needs    465 u/s average
  window_to_rl           human:13577@2.282            path    1243 u  n=  128  gate  2.75s  needs    452 u/s average
  ralow_to_ratop         human:44665@5.348            path    2562 u  n=  128  gate  7.71s  needs    332 u/s average
  ralow_to_ratop         human:38678@5.62             path    2559 u  n=  128  gate  7.71s  needs    332 u/s average
  ralow_to_ratop         human:22675@5.631            path    2642 u  n=  128  gate  7.71s  needs    343 u/s average
  ralow_to_ratop         human:43489@5.762            path    2579 u  n=  128  gate  7.71s  needs    334 u/s average
  ralow_to_ratop         human:19017@5.783            path    2198 u  n=  128  gate  7.71s  needs    285 u/s average
  ralow_to_ratop         human:11339@5.842            path    2562 u  n=  128  gate  7.71s  needs    332 u/s average
  ralow_to_ratop         human:31522@5.847            path    2533 u  n=  128  gate  7.71s  needs    329 u/s average
  ralow_to_ratop         human:9183@5.864             path    2555 u  n=  128  gate  7.71s  needs    331 u/s average
  lifts_to_sng_mega      human:48877@4.958            path    2171 u  n=  128  gate  7.93s  needs    274 u/s average
  lifts_to_sng_mega      human:55716@4.971            path    2139 u  n=  128  gate  7.93s  needs    270 u/s average
  lifts_to_sng_mega      human:29817@4.98             path    2161 u  n=  128  gate  7.93s  needs    273 u/s average
  lifts_to_sng_mega      human:50580@4.98             path    2194 u  n=  128  gate  7.93s  needs    277 u/s average
  lifts_to_sng_mega      human:26750@4.987            path    2212 u  n=  128  gate  7.93s  needs    279 u/s average
  lifts_to_sng_mega      human:21055@5.01             path    2159 u  n=  128  gate  7.93s  needs    272 u/s average
  lifts_to_sng_mega      human:55638@5.011            path    2141 u  n=  128  gate  7.93s  needs    270 u/s average
  lifts_to_sng_mega      human:507@5.012              path    2151 u  n=  128  gate  7.93s  needs    271 u/s average
  quad_to_ra             human:22919@6.705            path    3133 u  n=  128  gate  8.96s  needs    350 u/s average
  quad_to_ra             human:21963@6.963            path    2955 u  n=  128  gate  8.96s  needs    330 u/s average
  quad_to_ra             human:31815@7.045            path    3210 u  n=  128  gate  8.96s  needs    358 u/s average
  quad_to_ra             human:26736@7.076            path    3221 u  n=  128  gate  8.96s  needs    359 u/s average
  quad_to_ra             human:27014@7.088            path    3271 u  n=  128  gate  8.96s  needs    365 u/s average
  quad_to_ra             human:4150@7.205             path    3287 u  n=  128  gate  8.96s  needs    367 u/s average
  quad_to_ra             human:20442@7.25             path    3103 u  n=  128  gate  8.96s  needs    346 u/s average
  quad_to_ra             human:49478@7.267            path    3268 u  n=  128  gate  8.96s  needs    365 u/s average
  ring_to_ratop          human:50580@5.679            path    2423 u  n=  128  gate  9.26s  needs    262 u/s average
  ring_to_ratop          human:12764@5.788            path    2480 u  n=  128  gate  9.26s  needs    268 u/s average
  ring_to_ratop          human:43734@5.986            path    2525 u  n=  128  gate  9.26s  needs    273 u/s average
  ring_to_ratop          human:18643@6.136            path    2639 u  n=  128  gate  9.26s  needs    285 u/s average
  ring_to_ratop          human:23831@6.233            path    2650 u  n=  128  gate  9.26s  needs    286 u/s average
  ring_to_ratop          human:7969@6.374             path    2570 u  n=  128  gate  9.26s  needs    278 u/s average
  ring_to_ratop          human:31073@6.402            path    2517 u  n=  128  gate  9.26s  needs    272 u/s average
  ring_to_ratop          human:21780@6.467            path    2503 u  n=  128  gate  9.26s  needs    270 u/s average
  sngspawn_a_to_mega     human:54935@6.545            path    2719 u  n=  128  gate  9.98s  needs    272 u/s average
  sngspawn_a_to_mega     human:11862@6.635            path    2760 u  n=  128  gate  9.98s  needs    277 u/s average
  sngspawn_a_to_mega     human:45738@6.735            path    2656 u  n=  128  gate  9.98s  needs    266 u/s average
  sngspawn_a_to_mega     human:2234@6.748             path    2781 u  n=  128  gate  9.98s  needs    279 u/s average
  sngspawn_a_to_mega     human:45576@6.896            path    2829 u  n=  128  gate  9.98s  needs    283 u/s average
  sngspawn_a_to_mega     human:7948@6.93              path    2734 u  n=  128  gate  9.98s  needs    274 u/s average
  sngspawn_a_to_mega     human:35991@6.933            path    2739 u  n=  128  gate  9.98s  needs    274 u/s average
  sngspawn_a_to_mega     human:44523@6.939            path    2796 u  n=  128  gate  9.98s  needs    280 u/s average
  sngspawn_b_to_mega     human:54935@6.545            path    2719 u  n=  128  gate  9.98s  needs    272 u/s average
  sngspawn_b_to_mega     human:11862@6.635            path    2760 u  n=  128  gate  9.98s  needs    277 u/s average
  sngspawn_b_to_mega     human:45738@6.735            path    2656 u  n=  128  gate  9.98s  needs    266 u/s average
  sngspawn_b_to_mega     human:2234@6.748             path    2781 u  n=  128  gate  9.98s  needs    279 u/s average
  sngspawn_b_to_mega     human:45576@6.896            path    2829 u  n=  128  gate  9.98s  needs    283 u/s average
  sngspawn_b_to_mega     human:7948@6.93              path    2734 u  n=  128  gate  9.98s  needs    274 u/s average
  sngspawn_b_to_mega     human:35991@6.933            path    2739 u  n=  128  gate  9.98s  needs    274 u/s average
  sngspawn_b_to_mega     human:44523@6.939            path    2796 u  n=  128  gate  9.98s  needs    280 u/s average
  tunnel_to_ra           human:4783@9.999             path    3799 u  n=  128  gate 12.13s  needs    313 u/s average
  tunnel_to_ra           human:3199@10.653            path    4134 u  n=  128  gate 12.13s  needs    341 u/s average
  tunnel_to_ra           human:47035@11.144           path    4253 u  n=  128  gate 12.13s  needs    351 u/s average
  tunnel_to_ra           human:7089@11.222            path    4283 u  n=  128  gate 12.13s  needs    353 u/s average
  tunnel_to_ra           human:47148@11.234           path    4628 u  n=  128  gate 12.13s  needs    382 u/s average
  tunnel_to_ra           human:30305@11.286           path    4438 u  n=  128  gate 12.13s  needs    366 u/s average
  tunnel_to_ra           human:4783@11.519            path    4163 u  n=  128  gate 12.13s  needs    343 u/s average
  tunnel_to_ra           human:42047@11.558           path    4335 u  n=  128  gate 12.13s  needs    357 u/s average
[it     1/3000 critic_warmup] rew -0.0270 vl    0.046 ent +0.610 kl -0.0000 spd 0.177 jmp 0.388 2s | window:  0%/  -   ralow:  0%/  -   lifts:  0%/  -   quad:  0%/  -   ring:  0%/  -   sngspa:  0%/  -   sngspa:  0%/  -   tunnel:  0%/  -  
[it    10/3000 critic_warmup] rew -0.0249 vl    0.037 ent +0.593 kl -0.0000 spd 0.186 jmp 0.397 25s | window:  0%/  -   ralow:  0%/  -   lifts:  0%/  -   quad:  0%/  -   ring:  0%/  -   sngspa:  0%/  -   sngspa:  0%/  -   tunnel:  0%/  -  
[it    20/3000           ppo] rew -0.0093 vl    1.395 ent +0.413 kl 0.0150 spd 0.398 jmp 0.389 50s | window:  0%/  -   ralow:  0%/  -   lifts:  0%/  -   quad:  0%/  -   ring:  0%/  -   sngspa:  0%/  -   sngspa:  0%/  -   tunnel:  0%/  -  
[it    30/3000           ppo] rew -0.0179 vl    0.099 ent +0.320 kl 0.0082 spd 0.415 jmp 0.398 75s | window:  0%/  -   ralow:  0%/  -   lifts:  0%/  -   quad:  0%/  -   ring:  0%/  -   sngspa:  0%/  -   sngspa:  0%/  -   tunnel:  0%/  -  
[it    40/3000           ppo] rew -0.0090 vl    1.682 ent +0.272 kl 0.0136 spd 0.438 jmp 0.396 101s | window:  0%/  -   ralow:  0%/  -   lifts:  0%/  -   quad:  0%/  -   ring:  0%/  -   sngspa:  0%/  -   sngspa:  0%/  -   tunnel:  0%/  -  
[it    50/3000           ppo] rew -0.0176 vl    0.122 ent +0.207 kl 0.0085 spd 0.470 jmp 0.371 126s | window:  0%/  -   ralow:  0%/  -   lifts:  0%/  -   quad:  0%/  -   ring:  0%/  -   sngspa:  0%/  -   sngspa:  0%/  -   tunnel:  0%/  -  
[it    60/3000           ppo] rew -0.0076 vl    1.019 ent +0.157 kl 0.0137 spd 0.557 jmp 0.389 152s | window:  0%/  -   ralow:  0%/  -   lifts:  0%/  -   quad:  0%/  -   ring:  0%/  -   sngspa:  0%/  -   sngspa:  0%/  -   tunnel:  0%/  -  
[it    70/3000           ppo] rew +0.0023 vl    2.693 ent +0.140 kl 0.0079 spd 0.523 jmp 0.381 177s | window:  0%/9.39 ralow:  0%/  -   lifts:  0%/  -   quad:  0%/  -   ring:  0%/  -   sngspa:  0%/  -   sngspa:  0%/  -   tunnel:  0%/  -  
[it    80/3000           ppo] rew -0.0178 vl    0.062 ent +0.098 kl 0.0078 spd 0.534 jmp 0.384 202s | window:  0%/  -   ralow:  0%/  -   lifts:  0%/  -   quad:  0%/  -   ring:  0%/  -   sngspa:  0%/  -   sngspa:  0%/  -   tunnel:  0%/  -  
[it    90/3000           ppo] rew -0.0161 vl    0.093 ent +0.045 kl 0.0076 spd 0.598 jmp 0.366 228s | window:  0%/11.45 ralow:  0%/  -   lifts:  0%/  -   quad:  0%/  -   ring:  0%/  -   sngspa:  0%/  -   sngspa:  0%/  -   tunnel:  0%/  -  
[it   100/3000           ppo] rew -0.0163 vl    0.066 ent +0.074 kl 0.0097 spd 0.578 jmp 0.403 252s | window:  0%/  -   ralow:  0%/  -   lifts:  0%/  -   quad:  0%/  -   ring:  0%/  -   sngspa:100%/10.65 sngspa:  0%/  -   tunnel:  0%/  -  
[it   110/3000           ppo] rew -0.0075 vl    1.400 ent +0.114 kl 0.0142 spd 0.571 jmp 0.415 278s | window:  0%/  -   ralow:  0%/  -   lifts:  0%/  -   quad:  0%/  -   ring:  0%/  -   sngspa:  0%/  -   sngspa:  0%/  -   tunnel:  0%/  -  
[it   120/3000           ppo] rew -0.0186 vl    0.064 ent +0.132 kl 0.0124 spd 0.514 jmp 0.436 303s | window:  0%/  -   ralow:  0%/  -   lifts:  0%/  -   quad:  0%/  -   ring:  0%/  -   sngspa:  0%/  -   sngspa:  0%/  -   tunnel:  0%/  -  
[it   130/3000           ppo] rew -0.0051 vl    2.452 ent +0.067 kl 0.0101 spd 0.629 jmp 0.394 328s | window:  0%/  -   ralow:  0%/  -   lifts:  0%/  -   quad:  0%/  -   ring:  0%/  -   sngspa:  0%/  -   sngspa:  0%/  -   tunnel:  0%/  -  
[it   140/3000           ppo] rew -0.0173 vl    0.067 ent +0.103 kl 0.0066 spd 0.543 jmp 0.393 353s | window:  0%/  -   ralow:  0%/  -   lifts:  0%/  -   quad:  0%/  -   ring:  0%/  -   sngspa: 33%/10.00 sngspa:100%/10.49 tunnel:  0%/  -  
[it   150/3000           ppo] rew -0.0150 vl    0.078 ent +0.039 kl 0.0065 spd 0.596 jmp 0.400 377s | window:  0%/  -   ralow:  0%/  -   lifts:  0%/  -   quad:  0%/  -   ring:  0%/  -   sngspa:  0%/  -   sngspa:  0%/  -   tunnel:  0%/  -  
[it   160/3000           ppo] rew -0.0182 vl    0.059 ent +0.096 kl 0.0062 spd 0.555 jmp 0.384 402s | window:  0%/  -   ralow:  0%/  -   lifts:  0%/  -   quad:  0%/  -   ring:  0%/  -   sngspa:  0%/  -   sngspa: 50%/9.32 tunnel:  0%/  -  
[it   170/3000           ppo] rew -0.0125 vl    0.094 ent -0.004 kl 0.0094 spd 0.666 jmp 0.404 428s | window:  0%/  -   ralow:  0%/  -   lifts:  0%/  -   quad:  0%/  -   ring:  0%/  -   sngspa:  0%/  -   sngspa:  0%/  -   tunnel:  0%/  -  
[it   180/3000           ppo] rew -0.0182 vl    0.089 ent +0.031 kl 0.0078 spd 0.581 jmp 0.387 452s | window:  0%/  -   ralow:  0%/  -   lifts:  0%/  -   quad:  0%/  -   ring:  0%/  -   sngspa: 25%/11.49 sngspa:  0%/  -   tunnel:  0%/  -  
[it   190/3000           ppo] rew -0.0147 vl    0.079 ent -0.016 kl 0.0075 spd 0.622 jmp 0.402 478s | window:  0%/  -   ralow:  0%/  -   lifts:  0%/  -   quad:  0%/  -   ring:  0%/  -   sngspa:  0%/12.29 sngspa:  0%/17.58 tunnel:  0%/  -  
[it   200/3000           ppo] rew -0.0170 vl    0.084 ent -0.022 kl 0.0090 spd 0.616 jmp 0.404 503s | window:  0%/  -   ralow:  0%/  -   lifts:  0%/  -   quad:  0%/  -   ring:  0%/  -   sngspa: 40%/10.39 sngspa: 33%/10.92 tunnel:  0%/  -  
[it   210/3000           ppo] rew -0.0139 vl    0.129 ent -0.035 kl 0.0054 spd 0.629 jmp 0.418 528s | window:  0%/  -   ralow:  0%/  -   lifts:  0%/  -   quad:  0%/  -   ring:  0%/  -   sngspa:  0%/  -   sngspa:  0%/11.23 tunnel:  0%/  -  
[it   220/3000           ppo] rew -0.0075 vl    1.060 ent -0.043 kl 0.0096 spd 0.581 jmp 0.417 553s | window:  0%/  -   ralow:  0%/  -   lifts:  0%/  -   quad:  0%/  -   ring:  0%/  -   sngspa:  0%/  -   sngspa:  0%/  -   tunnel:  0%/  -  
[it   230/3000           ppo] rew +0.0008 vl    3.526 ent -0.032 kl 0.0067 spd 0.556 jmp 0.439 578s | window:  0%/  -   ralow:  0%/  -   lifts:  0%/  -   quad:  0%/  -   ring:  0%/  -   sngspa:  0%/11.15 sngspa:  0%/11.34 tunnel:  0%/  -  
[it   240/3000           ppo] rew -0.0137 vl    0.123 ent -0.095 kl 0.0086 spd 0.674 jmp 0.419 604s | window:  0%/  -   ralow:  0%/  -   lifts:  0%/  -   quad:  0%/  -   ring:  0%/  -   sngspa:  0%/  -   sngspa: 50%/9.56 tunnel:  0%/  -  
[it   250/3000           ppo] rew -0.0193 vl    0.082 ent -0.076 kl 0.0049 spd 0.553 jmp 0.419 629s | window:  0%/  -   ralow:  0%/  -   lifts:  0%/  -   quad:  0%/  -   ring:  0%/  -   sngspa: 21%/11.62 sngspa: 30%/10.44 tunnel:  0%/  -  
[it   260/3000           ppo] rew -0.0061 vl    2.468 ent -0.093 kl 0.0067 spd 0.588 jmp 0.412 654s | window:  0%/  -   ralow:  0%/  -   lifts:  0%/  -   quad:  0%/  -   ring:  0%/  -   sngspa:  0%/  -   sngspa:  0%/  -   tunnel:  0%/  -  
[it   270/3000           ppo] rew -0.0188 vl    0.125 ent -0.108 kl 0.0087 spd 0.554 jmp 0.409 679s | window:  0%/  -   ralow:100%/10.67 lifts:  0%/  -   quad:  0%/  -   ring:  0%/  -   sngspa: 18%/9.58 sngspa: 25%/10.82 tunnel:  0%/  -  
[it   280/3000           ppo] rew -0.0133 vl    0.069 ent -0.143 kl 0.0076 spd 0.665 jmp 0.394 704s | window:  0%/  -   ralow:  0%/  -   lifts:  0%/  -   quad:  0%/  -   ring:  0%/  -   sngspa:  0%/  -   sngspa:  0%/  -   tunnel:  0%/19.15
[it   290/3000           ppo] rew -0.0187 vl    0.084 ent -0.121 kl 0.0054 spd 0.547 jmp 0.418 729s | window:  0%/  -   ralow:  0%/  -   lifts:  0%/  -   quad:  0%/  -   ring:  0%/  -   sngspa: 41%/10.24 sngspa: 42%/10.43 tunnel:  0%/  -  
[it   300/3000           ppo] rew -0.0157 vl    0.057 ent -0.158 kl 0.0080 spd 0.668 jmp 0.404 754s | window:  0%/  -   ralow:  0%/  -   lifts:  0%/  -   quad:  0%/  -   ring:100%/12.07 sngspa:  0%/  -   sngspa:  0%/  -   tunnel: 50%/16.55
[it   310/3000           ppo] rew -0.0173 vl    0.078 ent -0.152 kl 0.0068 spd 0.586 jmp 0.427 780s | window:  0%/  -   ralow:  0%/  -   lifts:  0%/  -   quad:  0%/  -   ring:  0%/  -   sngspa: 26%/10.90 sngspa: 37%/10.68 tunnel:  0%/  -  
[it   320/3000           ppo] rew -0.0056 vl    1.254 ent -0.200 kl 0.0075 spd 0.670 jmp 0.383 804s | window:  0%/  -   ralow:  0%/  -   lifts:  0%/  -   quad:  0%/  -   ring:  0%/  -   sngspa:  0%/  -   sngspa:  0%/  -   tunnel: 50%/16.30
[it   330/3000           ppo] rew -0.0082 vl    1.083 ent -0.152 kl 0.0067 spd 0.513 jmp 0.419 829s | window:  0%/  -   ralow:  0%/  -   lifts:  0%/  -   quad:  0%/  -   ring:  0%/  -   sngspa: 32%/10.22 sngspa: 31%/10.41 tunnel:  0%/  -  
[it   340/3000           ppo] rew -0.0144 vl    0.079 ent -0.211 kl 0.0056 spd 0.661 jmp 0.438 854s | window:  0%/  -   ralow:100%/9.21 lifts:  0%/  -   quad:  0%/  -   ring:  0%/  -   sngspa:  0%/10.84 sngspa:  0%/  -   tunnel:  0%/  -  
[it   350/3000           ppo] rew -0.0146 vl    0.084 ent -0.225 kl 0.0067 spd 0.578 jmp 0.478 879s | window:  0%/  -   ralow:  0%/  -   lifts:  0%/  -   quad:  0%/  -   ring:  0%/  -   sngspa: 21%/9.98 sngspa: 17%/9.81 tunnel:  0%/  -  
[it   360/3000           ppo] rew -0.0147 vl    0.057 ent -0.245 kl 0.0061 spd 0.642 jmp 0.466 905s | window:  0%/  -   ralow: 33%/8.06 lifts:  0%/  -   quad:  0%/  -   ring: 33%/11.06 sngspa:  0%/8.57 sngspa:  0%/9.97 tunnel:  0%/  -  
[it   370/3000           ppo] rew -0.0076 vl    0.797 ent -0.240 kl 0.0079 spd 0.515 jmp 0.486 930s | window:  0%/  -   ralow:  0%/  -   lifts:  0%/  -   quad:  0%/  -   ring:  0%/  -   sngspa: 19%/9.91 sngspa: 20%/10.09 tunnel:  0%/  -  
[it   380/3000           ppo] rew -0.0147 vl    0.052 ent -0.285 kl 0.0092 spd 0.645 jmp 0.462 955s | window:  0%/  -   ralow:  0%/  -   lifts:  0%/  -   quad:  0%/  -   ring:  0%/  -   sngspa:  0%/10.37 sngspa:  0%/9.63 tunnel:  0%/  -  
[it   390/3000           ppo] rew -0.0067 vl    2.312 ent -0.239 kl 0.0092 spd 0.553 jmp 0.498 980s | window:  0%/  -   ralow:  0%/  -   lifts:  0%/  -   quad:  0%/  -   ring:  0%/  -   sngspa: 18%/9.81 sngspa:  9%/9.77 tunnel: 33%/16.81
[it   400/3000           ppo] rew -0.0161 vl    0.056 ent -0.348 kl 0.0074 spd 0.569 jmp 0.493 1005s | window:  0%/  -   ralow:  0%/  -   lifts:  0%/  -   quad:  0%/  -   ring:  0%/  -   sngspa:  0%/10.32 sngspa:  0%/10.26 tunnel:  0%/  -  
[it   410/3000           ppo] rew -0.0150 vl    0.174 ent -0.305 kl 0.0054 spd 0.609 jmp 0.526 1030s | window:  0%/  -   ralow:  0%/  -   lifts:  0%/  -   quad:  0%/  -   ring:  0%/  -   sngspa:  9%/9.86 sngspa:  7%/9.81 tunnel:100%/15.19
[it   420/3000           ppo] rew -0.0156 vl    0.080 ent -0.414 kl 0.0066 spd 0.587 jmp 0.468 1055s | window:  0%/  -   ralow:  0%/  -   lifts:  0%/  -   quad:  0%/  -   ring:  0%/  -   sngspa:  0%/10.24 sngspa:  0%/9.42 tunnel:  0%/  -  
[it   430/3000           ppo] rew -0.0148 vl    0.139 ent -0.337 kl 0.0063 spd 0.610 jmp 0.483 1080s | window:  0%/  -   ralow:  0%/  -   lifts:  0%/  -   quad:  0%/  -   ring:  0%/  -   sngspa: 10%/9.97 sngspa: 14%/9.79 tunnel:  0%/  -  
[it   440/3000           ppo] rew -0.0062 vl    1.100 ent -0.394 kl 0.0115 spd 0.526 jmp 0.477 1105s | window:  0%/  -   ralow:  0%/9.65 lifts:  0%/  -   quad:  0%/  -   ring:  0%/  -   sngspa:  0%/9.00 sngspa:  0%/9.54 tunnel:  0%/  -  
[it   450/3000           ppo] rew -0.0143 vl    0.352 ent -0.354 kl 0.0056 spd 0.609 jmp 0.462 1130s | window:  0%/  -   ralow: 33%/7.45 lifts:  0%/  -   quad:  0%/  -   ring:  0%/  -   sngspa: 11%/10.07 sngspa: 17%/10.12 tunnel:  0%/  -  
[it   460/3000           ppo] rew -0.0140 vl    0.114 ent -0.426 kl 0.0073 spd 0.625 jmp 0.451 1155s | window:  0%/  -   ralow:  0%/  -   lifts:  0%/  -   quad:  0%/  -   ring: 25%/8.85 sngspa:  0%/9.91 sngspa:  0%/8.86 tunnel: 20%/16.95
[it   470/3000           ppo] rew -0.0145 vl    0.295 ent -0.392 kl 0.0063 spd 0.560 jmp 0.463 1180s | window:  0%/  -   ralow:  0%/  -   lifts:  0%/  -   quad:  0%/  -   ring:  0%/  -   sngspa: 11%/9.87 sngspa: 10%/9.77 tunnel:  0%/  -  
[it   480/3000           ppo] rew -0.0006 vl    3.426 ent -0.423 kl 0.0087 spd 0.524 jmp 0.459 1205s | window:  0%/  -   ralow:  0%/  -   lifts:  0%/  -   quad:  0%/  -   ring:  0%/  -   sngspa:  0%/9.59 sngspa:  1%/10.81 tunnel: 50%/14.49
[it   490/3000           ppo] rew -0.0146 vl    0.232 ent -0.430 kl 0.0073 spd 0.598 jmp 0.464 1230s | window:  0%/  -   ralow: 17%/7.91 lifts:  0%/  -   quad:  0%/  -   ring:  0%/  -   sngspa:  7%/9.42 sngspa: 18%/9.28 tunnel:  0%/  -  
[it   500/3000           ppo] rew -0.0171 vl    0.080 ent -0.414 kl 0.0054 spd 0.520 jmp 0.479 1255s | window:  0%/  -   ralow:  0%/  -   lifts:  0%/  -   quad:  0%/  -   ring:  0%/  -   sngspa: 11%/10.16 sngspa: 10%/10.16 tunnel:  0%/  -  
[it   510/3000           ppo] rew -0.0158 vl    0.081 ent -0.490 kl 0.0057 spd 0.546 jmp 0.482 1280s | window:  0%/  -   ralow:  0%/  -   lifts:  0%/  -   quad:  0%/  -   ring:  0%/  -   sngspa:  0%/9.55 sngspa:  0%/9.00 tunnel:  0%/  -  
[it   520/3000           ppo] rew -0.0065 vl    2.361 ent -0.462 kl 0.0056 spd 0.534 jmp 0.484 1305s | window:  0%/  -   ralow:  0%/  -   lifts:  0%/  -   quad:  0%/  -   ring: 20%/9.65 sngspa:  8%/9.87 sngspa:  3%/9.45 tunnel:  0%/  -  
[it   530/3000           ppo] rew -0.0158 vl    0.054 ent -0.495 kl 0.0069 spd 0.579 jmp 0.474 1330s | window:  0%/  -   ralow:  0%/  -   lifts:  0%/  -   quad:100%/12.42 ring:  0%/  -   sngspa:  0%/9.76 sngspa:  0%/9.38 tunnel: 12%/14.67
[it   540/3000           ppo] rew -0.0146 vl    0.043 ent -0.493 kl 0.0076 spd 0.589 jmp 0.494 1356s | window:  0%/  -   ralow:  0%/7.27 lifts:  0%/  -   quad:  0%/  -   ring: 17%/9.25 sngspa:  8%/9.31 sngspa:  3%/9.81 tunnel:  0%/  -  
[it   550/3000           ppo] rew -0.0067 vl    1.372 ent -0.482 kl 0.0120 spd 0.508 jmp 0.481 1381s | window:  0%/  -   ralow:  0%/  -   lifts:  0%/  -   quad:  0%/  -   ring:  0%/  -   sngspa:  1%/9.60 sngspa:  0%/8.85 tunnel: 40%/14.90
[it   560/3000           ppo] rew -0.0150 vl    0.053 ent -0.540 kl 0.0062 spd 0.622 jmp 0.460 1406s | window:  0%/  -   ralow: 25%/7.88 lifts:  0%/  -   quad:  0%/  -   ring:  0%/  -   sngspa:  5%/9.32 sngspa:  8%/9.88 tunnel:  0%/  -  
[it   570/3000           ppo] rew -0.0039 vl    1.304 ent -0.579 kl 0.0075 spd 0.601 jmp 0.456 1431s | window:  0%/  -   ralow:  0%/  -   lifts:  0%/  -   quad:  0%/  -   ring:  0%/  -   sngspa:  0%/9.46 sngspa:  0%/10.85 tunnel:  0%/  -  
[it   580/3000           ppo] rew -0.0172 vl    0.047 ent -0.479 kl 0.0055 spd 0.452 jmp 0.467 1457s | window:  0%/  -   ralow: 27%/7.45 lifts:  0%/  -   quad:  0%/  -   ring:  0%/  -   sngspa:  4%/9.60 sngspa:  4%/9.49 tunnel:  0%/15.46
[it   590/3000           ppo] rew -0.0122 vl    0.081 ent -0.601 kl 0.0048 spd 0.610 jmp 0.435 1482s | window:  0%/  -   ralow:  0%/  -   lifts:  0%/  -   quad:  0%/  -   ring:  0%/  -   sngspa:  0%/  -   sngspa:  0%/10.21 tunnel:  0%/  -  
[it   600/3000           ppo] rew -0.0173 vl    0.037 ent -0.517 kl 0.0044 spd 0.530 jmp 0.443 1507s | window:  0%/  -   ralow:  8%/7.03 lifts:  0%/  -   quad:  0%/  -   ring:  0%/  -   sngspa:  5%/9.67 sngspa:  4%/9.32 tunnel:  7%/15.27
[it   610/3000           ppo] rew -0.0112 vl    0.072 ent -0.650 kl 0.0055 spd 0.644 jmp 0.441 1532s | window:  0%/  -   ralow:  0%/  -   lifts:  0%/  -   quad:  0%/  -   ring:  0%/  -   sngspa:  0%/9.39 sngspa:  0%/9.18 tunnel:  0%/  -  
[it   620/3000           ppo] rew -0.0192 vl    0.051 ent -0.507 kl 0.0076 spd 0.459 jmp 0.419 1557s | window:  0%/  -   ralow:  8%/8.74 lifts:  0%/  -   quad:  0%/  -   ring: 25%/9.38 sngspa:  3%/9.38 sngspa:  3%/9.53 tunnel:  7%/14.28
[it   630/3000           ppo] rew -0.0118 vl    0.142 ent -0.688 kl 0.0050 spd 0.681 jmp 0.438 1582s | window:  0%/  -   ralow:  0%/  -   lifts:  0%/  -   quad:  0%/  -   ring:  0%/  -   sngspa:  0%/8.92 sngspa:  0%/  -   tunnel:  0%/18.51
[it   640/3000           ppo] rew -0.0177 vl    0.061 ent -0.639 kl 0.0054 spd 0.555 jmp 0.416 1607s | window:  0%/  -   ralow:  7%/7.77 lifts:  0%/  -   quad:  0%/  -   ring:  0%/  -   sngspa:  3%/9.82 sngspa:  2%/9.16 tunnel:  0%/  -  
[it   650/3000           ppo] rew -0.0041 vl    1.598 ent -0.723 kl 0.0088 spd 0.578 jmp 0.433 1633s | window:  0%/  -   ralow:  0%/  -   lifts:  0%/  -   quad:  0%/  -   ring:  0%/  -   sngspa:  0%/9.94 sngspa:  0%/9.43 tunnel:  0%/17.09
[it   660/3000           ppo] rew -0.0077 vl    1.188 ent -0.692 kl 0.0109 spd 0.493 jmp 0.447 1658s | window:  0%/  -   ralow:  0%/9.68 lifts:  0%/  -   quad:  0%/  -   ring: 11%/9.94 sngspa:  6%/9.03 sngspa:  4%/9.54 tunnel:  0%/  -  
[it   670/3000           ppo] rew +0.0067 vl    2.564 ent -0.784 kl 0.0076 spd 0.691 jmp 0.423 1683s | window:  0%/  -   ralow:  7%/7.03 lifts:  0%/  -   quad:  0%/  -   ring:  0%/8.90 sngspa:  0%/10.64 sngspa:  0%/9.81 tunnel:  0%/  -  
[it   680/3000           ppo] rew -0.0147 vl    0.130 ent -0.762 kl 0.0110 spd 0.531 jmp 0.439 1708s | window:  0%/  -   ralow:  0%/9.81 lifts:  0%/  -   quad:  0%/  -   ring: 11%/10.78 sngspa:  3%/9.69 sngspa:  3%/9.32 tunnel:  0%/  -  
[it   690/3000           ppo] rew -0.0043 vl    1.594 ent -0.701 kl 0.0064 spd 0.587 jmp 0.449 1733s | window:  0%/  -   ralow: 11%/8.88 lifts:  0%/  -   quad:  0%/  -   ring:  0%/  -   sngspa:  0%/10.05 sngspa:  0%/8.74 tunnel:  0%/  -  
[it   700/3000           ppo] rew -0.0134 vl    0.261 ent -0.745 kl 0.0091 spd 0.537 jmp 0.451 1758s | window:  0%/  -   ralow:  0%/  -   lifts:  0%/  -   quad:  0%/  -   ring:  0%/  -   sngspa:  2%/10.11 sngspa:  3%/9.36 tunnel:  0%/  -  
[it   710/3000           ppo] rew -0.0037 vl    1.469 ent -0.760 kl 0.0076 spd 0.625 jmp 0.435 1783s | window:  0%/  -   ralow:  0%/  -   lifts:  0%/  -   quad:  0%/  -   ring:  0%/  -   sngspa:  0%/9.37 sngspa:  0%/  -   tunnel:  0%/  -  
[it   720/3000           ppo] rew -0.0146 vl    0.365 ent -0.794 kl 0.0082 spd 0.492 jmp 0.412 1809s | window:  0%/  -   ralow:  0%/  -   lifts:  0%/  -   quad:  0%/  -   ring:  0%/  -   sngspa:  3%/9.15 sngspa:  6%/9.09 tunnel:  0%/15.79
[it   730/3000           ppo] rew +0.0085 vl    3.178 ent -0.776 kl 0.0102 spd 0.528 jmp 0.416 1834s | window:  0%/  -   ralow: 10%/7.33 lifts:  0%/  -   quad:  0%/  -   ring:  0%/  -   sngspa:  0%/  -   sngspa:  0%/10.36 tunnel:  0%/  -  
[it   740/3000           ppo] rew -0.0138 vl    0.303 ent -0.840 kl 0.0189 spd 0.574 jmp 0.440 1859s | window:  0%/  -   ralow:  0%/  -   lifts:  0%/  -   quad:  0%/  -   ring:  9%/8.19 sngspa:  3%/9.17 sngspa:  7%/9.34 tunnel:  0%/  -  
[it   750/3000           ppo] rew -0.0148 vl    0.063 ent -0.823 kl 0.0112 spd 0.524 jmp 0.459 1884s | window:  0%/  -   ralow: 10%/7.71 lifts:  0%/  -   quad:  0%/  -   ring:  0%/  -   sngspa:  1%/9.67 sngspa:  4%/9.82 tunnel:  0%/  -  
[it   760/3000           ppo] rew -0.0171 vl    0.116 ent -0.757 kl 0.0114 spd 0.463 jmp 0.441 1910s | window:  0%/  -   ralow:  0%/7.69 lifts:  0%/  -   quad:  0%/  -   ring:  0%/  -   sngspa:  0%/10.01 sngspa:  0%/9.09 tunnel: 14%/15.53
[it   770/3000           ppo] rew -0.0031 vl    0.852 ent -0.933 kl 0.0133 spd 0.597 jmp 0.436 1935s | window:  0%/  -   ralow:  0%/  -   lifts:  0%/  -   quad:  0%/  -   ring:  0%/  -   sngspa:  1%/9.37 sngspa:  0%/9.24 tunnel:  0%/  -  
[it   780/3000           ppo] rew -0.0145 vl    0.073 ent -0.873 kl 0.0104 spd 0.592 jmp 0.432 1960s | window:  0%/  -   ralow:  0%/  -   lifts:  0%/  -   quad:  0%/  -   ring:  8%/9.44 sngspa:  0%/9.41 sngspa:  0%/9.42 tunnel: 17%/14.66
[it   790/3000           ppo] rew -0.0122 vl    0.044 ent -0.979 kl 0.0140 spd 0.606 jmp 0.429 1985s | window:  0%/  -   ralow:  0%/  -   lifts:  0%/  -   quad:  0%/  -   ring:  0%/  -   sngspa:  3%/8.85 sngspa:  3%/9.07 tunnel:  0%/  -  
[it   800/3000           ppo] rew -0.0146 vl    0.041 ent -0.864 kl 0.0066 spd 0.572 jmp 0.427 2010s | window:  0%/  -   ralow:  7%/7.34 lifts:  0%/  -   quad:  0%/  -   ring:  8%/9.69 sngspa:  0%/9.60 sngspa:  0%/8.69 tunnel:  0%/  -  
[it   810/3000           ppo] rew -0.0109 vl    0.110 ent -1.009 kl 0.0086 spd 0.705 jmp 0.443 2035s | window:  0%/  -   ralow:  0%/  -   lifts:  0%/  -   quad:  0%/  -   ring:  0%/  -   sngspa:  1%/10.89 sngspa:  2%/9.67 tunnel:  0%/15.61
[it   820/3000           ppo] rew -0.0052 vl    1.240 ent -0.912 kl 0.0072 spd 0.573 jmp 0.445 2061s | window:  0%/  -   ralow:  4%/7.21 lifts:  0%/  -   quad:  0%/  -   ring:  0%/  -   sngspa:  0%/10.09 sngspa:  1%/8.69 tunnel:  0%/  -  
[it   830/3000           ppo] rew -0.0138 vl    0.082 ent -0.910 kl 0.0069 spd 0.587 jmp 0.470 2086s | window:  0%/  -   ralow:  0%/8.97 lifts:  0%/  -   quad:  0%/11.66 ring:  0%/  -   sngspa:  1%/8.74 sngspa:  3%/9.16 tunnel:  7%/15.68
[it   840/3000           ppo] rew -0.0142 vl    0.036 ent -0.894 kl 0.0063 spd 0.520 jmp 0.480 2111s | window:  0%/  -   ralow:  4%/6.96 lifts:  0%/  -   quad:  0%/  -   ring: 28%/10.04 sngspa:  0%/8.93 sngspa:  0%/9.34 tunnel:  0%/  -  
[it   850/3000           ppo] rew -0.0116 vl    0.079 ent -0.978 kl 0.0060 spd 0.684 jmp 0.446 2136s | window:  0%/  -   ralow:  0%/7.23 lifts:  0%/  -   quad:  0%/  -   ring:  0%/  -   sngspa:  3%/9.41 sngspa:  1%/8.74 tunnel: 15%/15.11
[it   860/3000           ppo] rew -0.0143 vl    0.029 ent -0.931 kl 0.0045 spd 0.505 jmp 0.450 2161s | window:  0%/  -   ralow:  7%/7.42 lifts:  0%/  -   quad:  0%/  -   ring: 14%/9.87 sngspa:  0%/9.87 sngspa:  0%/8.95 tunnel:  0%/17.95
[it   870/3000           ppo] rew -0.0137 vl    0.082 ent -0.966 kl 0.0060 spd 0.601 jmp 0.405 2186s | window:  0%/  -   ralow:  0%/7.77 lifts:  0%/  -   quad:  0%/  -   ring:  0%/9.16 sngspa:  2%/9.04 sngspa:  1%/9.79 tunnel:  0%/  -  
[it   880/3000           ppo] rew -0.0129 vl    0.043 ent -1.089 kl 0.0067 spd 0.616 jmp 0.402 2211s | window:  0%/  -   ralow:  0%/8.20 lifts:  0%/  -   quad:  0%/  -   ring:  9%/9.56 sngspa:  0%/  -   sngspa:  0%/8.76 tunnel:  0%/14.81
[it   890/3000           ppo] rew -0.0137 vl    0.084 ent -1.093 kl 0.0053 spd 0.659 jmp 0.375 2235s | window:  0%/  -   ralow:  3%/8.69 lifts:  0%/  -   quad:  0%/  -   ring:  0%/  -   sngspa:  3%/9.44 sngspa:  2%/9.03 tunnel:  0%/  -  
[it   900/3000           ppo] rew -0.0157 vl    0.055 ent -1.041 kl 0.0052 spd 0.491 jmp 0.424 2260s | window:  0%/  -   ralow:  0%/  -   lifts:  0%/  -   quad:  0%/  -   ring:  4%/9.66 sngspa:  1%/9.10 sngspa:  0%/9.41 tunnel: 11%/16.57
[it   910/3000           ppo] rew -0.0135 vl    0.080 ent -1.107 kl 0.0048 spd 0.615 jmp 0.379 2285s | window:  0%/  -   ralow:  3%/10.25 lifts:  0%/  -   quad:  0%/  -   ring:  0%/  -   sngspa:  2%/9.02 sngspa:  1%/8.88 tunnel:  0%/  -  
[it   920/3000           ppo] rew -0.0139 vl    0.085 ent -1.133 kl 0.0049 spd 0.589 jmp 0.394 2310s | window:  0%/  -   ralow:  0%/  -   lifts:  0%/  -   quad:  0%/  -   ring:  8%/10.51 sngspa:  0%/8.26 sngspa:  0%/10.09 tunnel:  3%/15.58
[it   930/3000           ppo] rew -0.0126 vl    0.123 ent -1.147 kl 0.0056 spd 0.617 jmp 0.391 2335s | window:  0%/  -   ralow:  3%/5.87 lifts:  0%/  -   quad:  0%/  -   ring:  0%/  -   sngspa:  2%/8.93 sngspa:  3%/8.78 tunnel:  0%/17.60
[it   940/3000           ppo] rew -0.0152 vl    0.107 ent -1.048 kl 0.0051 spd 0.450 jmp 0.433 2360s | window:  0%/  -   ralow:  0%/6.65 lifts:  0%/  -   quad:  0%/  -   ring:  7%/8.30 sngspa:  0%/9.94 sngspa:  0%/8.96 tunnel: 25%/14.03
[it   950/3000           ppo] rew -0.0133 vl    0.231 ent -1.133 kl 0.0099 spd 0.554 jmp 0.414 2385s | window:  0%/  -   ralow:  6%/7.49 lifts:  0%/  -   quad:  0%/  -   ring:  0%/  -   sngspa:  3%/9.39 sngspa:  2%/9.21 tunnel:  0%/  -  
[it   960/3000           ppo] rew -0.0137 vl    0.115 ent -1.128 kl 0.0070 spd 0.550 jmp 0.446 2410s | window:  0%/  -   ralow:  0%/6.52 lifts:  0%/  -   quad:  0%/  -   ring:  7%/9.79 sngspa:  0%/9.63 sngspa:  0%/9.70 tunnel:  0%/  -  
[it   970/3000           ppo] rew -0.0069 vl    1.727 ent -1.003 kl 0.0114 spd 0.383 jmp 0.467 2435s | window:  0%/  -   ralow:  3%/7.52 lifts:  0%/  -   quad:  0%/  -   ring:  0%/  -   sngspa:  6%/9.46 sngspa:  5%/8.96 tunnel:  0%/14.90
[it   980/3000           ppo] rew -0.0039 vl    2.697 ent -1.041 kl 0.0084 spd 0.367 jmp 0.504 2460s | window:  0%/  -   ralow:  0%/7.60 lifts:  0%/  -   quad:  0%/  -   ring: 12%/9.45 sngspa:  0%/10.07 sngspa:  0%/10.15 tunnel:  0%/  -  
[it   990/3000           ppo] rew -0.0134 vl    0.262 ent -1.163 kl 0.0148 spd 0.578 jmp 0.429 2485s | window:  0%/  -   ralow:  0%/7.39 lifts:  0%/  -   quad:  0%/  -   ring:  0%/  -   sngspa:  4%/8.56 sngspa:  2%/9.46 tunnel:  9%/15.22
[it  1000/3000           ppo] rew -0.0163 vl    0.085 ent -1.121 kl 0.0063 spd 0.440 jmp 0.438 2509s | window:  0%/  -   ralow:  3%/7.24 lifts:  0%/  -   quad:  0%/  -   ring:  6%/8.77 sngspa:  2%/10.18 sngspa:  3%/9.85 tunnel:  0%/  -  
[it  1010/3000           ppo] rew -0.0133 vl    0.108 ent -1.229 kl 0.0069 spd 0.547 jmp 0.413 2534s | window:  0%/  -   ralow:  0%/  -   lifts:  0%/  -   quad:  0%/  -   ring:  0%/6.31 sngspa:  0%/9.25 sngspa:  1%/9.00 tunnel:  0%/  -  
[it  1020/3000           ppo] rew -0.0172 vl    0.043 ent -1.241 kl 0.0049 spd 0.453 jmp 0.432 2560s | window:  0%/  -   ralow:  0%/  -   lifts:  0%/  -   quad:  0%/  -   ring:  0%/  -   sngspa:  2%/8.73 sngspa:  2%/9.27 tunnel:  0%/  -  
[it  1030/3000           ppo] rew -0.0111 vl    0.062 ent -1.347 kl 0.0046 spd 0.653 jmp 0.429 2585s | window:  0%/  -   ralow:  0%/  -   lifts:  0%/  -   quad:  0%/  -   ring:  0%/  -   sngspa:  0%/9.59 sngspa:  1%/9.42 tunnel:  0%/  -  
[it  1040/3000           ppo] rew -0.0068 vl    1.653 ent -1.272 kl 0.0094 spd 0.502 jmp 0.435 2611s | window:  0%/  -   ralow:  3%/5.66 lifts:  0%/  -   quad:  0%/  -   ring:  0%/  -   sngspa:  2%/9.64 sngspa:  2%/9.06 tunnel:  0%/13.92
[it  1050/3000           ppo] rew -0.0130 vl    0.091 ent -1.344 kl 0.0053 spd 0.583 jmp 0.390 2636s | window:  0%/  -   ralow:  0%/  -   lifts:  0%/  -   quad:  0%/  -   ring:  0%/  -   sngspa:  0%/9.20 sngspa:  0%/8.79 tunnel:  0%/  -  
[it  1060/3000           ppo] rew -0.0159 vl    0.044 ent -1.277 kl 0.0058 spd 0.567 jmp 0.403 2662s | window:  0%/  -   ralow:  5%/6.82 lifts:  0%/  -   quad:  0%/  -   ring:  3%/9.35 sngspa:  1%/9.48 sngspa:  2%/9.30 tunnel:  6%/14.77
[it  1070/3000           ppo] rew -0.0030 vl    1.093 ent -1.397 kl 0.0163 spd 0.619 jmp 0.386 2687s | window:  0%/  -   ralow:  0%/6.86 lifts:  0%/  -   quad:  0%/  -   ring:  0%/  -   sngspa:  0%/9.02 sngspa:  0%/9.14 tunnel:  0%/  -  
[it  1080/3000           ppo] rew -0.0176 vl    0.050 ent -1.172 kl 0.0057 spd 0.396 jmp 0.445 2712s | window:100%/3.12 ralow:  6%/7.09 lifts:  0%/  -   quad:  0%/  -   ring:  0%/  -   sngspa:  1%/9.83 sngspa:  2%/9.04 tunnel:  3%/13.36
[it  1090/3000           ppo] rew -0.0127 vl    0.093 ent -1.382 kl 0.0109 spd 0.582 jmp 0.419 2737s | window:  0%/  -   ralow:  0%/8.09 lifts:  0%/  -   quad:  0%/  -   ring:  0%/  -   sngspa:  0%/10.12 sngspa:  0%/  -   tunnel:  0%/  -  
[it  1100/3000           ppo] rew -0.0133 vl    0.053 ent -1.408 kl 0.0059 spd 0.602 jmp 0.414 2762s | window:  0%/  -   ralow:  0%/7.62 lifts:  0%/  -   quad:  0%/  -   ring:  8%/9.27 sngspa:  2%/9.42 sngspa:  0%/10.68 tunnel:  0%/  -  
[it  1110/3000           ppo] rew -0.0120 vl    0.060 ent -1.421 kl 0.0074 spd 0.600 jmp 0.426 2787s | window:  0%/  -   ralow:  5%/7.34 lifts:  0%/  -   quad:  0%/  -   ring:  0%/  -   sngspa:  0%/9.10 sngspa:  0%/8.89 tunnel:  0%/  -  
[it  1120/3000           ppo] rew -0.0148 vl    0.042 ent -1.401 kl 0.0069 spd 0.494 jmp 0.410 2812s | window:  0%/  -   ralow:  0%/  -   lifts:  0%/  -   quad:  0%/  -   ring:  2%/9.80 sngspa:  2%/8.66 sngspa:  2%/9.23 tunnel:  0%/  -  
[it  1130/3000           ppo] rew -0.0147 vl    0.054 ent -1.357 kl 0.0047 spd 0.547 jmp 0.418 2837s | window:  0%/  -   ralow:  5%/7.00 lifts:  0%/  -   quad:  0%/  -   ring:  0%/  -   sngspa:  1%/8.75 sngspa:  0%/  -   tunnel:  5%/14.18
[it  1140/3000           ppo] rew -0.0040 vl    0.395 ent -1.492 kl 0.0085 spd 0.553 jmp 0.401 2862s | window:  0%/  -   ralow:  0%/  -   lifts:  0%/  -   quad:  0%/  -   ring:  7%/8.92 sngspa:  2%/9.32 sngspa:  2%/9.35 tunnel:  0%/  -  
[it  1150/3000           ppo] rew -0.0068 vl    1.714 ent -1.351 kl 0.0087 spd 0.427 jmp 0.444 2887s | window:  0%/  -   ralow:  4%/8.28 lifts:  0%/  -   quad:  0%/  -   ring:  0%/  -   sngspa:  0%/9.28 sngspa:  0%/9.60 tunnel:  0%/  -  
[it  1160/3000           ppo] rew -0.0151 vl    0.079 ent -1.442 kl 0.0058 spd 0.450 jmp 0.415 2912s | window:  0%/  -   ralow:  0%/6.62 lifts:  0%/  -   quad:  0%/  -   ring:  2%/9.09 sngspa:  2%/8.50 sngspa:  1%/9.16 tunnel:  0%/  -  
[it  1170/3000           ppo] rew -0.0129 vl    0.097 ent -1.462 kl 0.0072 spd 0.596 jmp 0.426 2937s | window:  0%/  -   ralow:  8%/7.12 lifts:  0%/  -   quad:  0%/  -   ring:  0%/  -   sngspa:  0%/  -   sngspa:  0%/9.63 tunnel: 25%/13.17
[it  1180/3000           ppo] rew -0.0158 vl    0.169 ent -1.443 kl 0.0110 spd 0.415 jmp 0.421 2962s | window:  0%/  -   ralow:  0%/7.01 lifts:  0%/  -   quad:  0%/  -   ring:  0%/  -   sngspa:  2%/9.00 sngspa:  2%/9.17 tunnel:  0%/  -  
[it  1190/3000           ppo] rew -0.0125 vl    0.094 ent -1.485 kl 0.0187 spd 0.549 jmp 0.396 2987s | window:  0%/  -   ralow:  3%/7.57 lifts:  0%/  -   quad:  0%/  -   ring:  0%/  -   sngspa:  0%/9.91 sngspa:  1%/8.87 tunnel:  0%/  -  
[it  1200/3000           ppo] rew -0.0183 vl    0.349 ent -1.262 kl 0.0141 spd 0.308 jmp 0.438 3012s | window:  0%/  -   ralow:  0%/  -   lifts:  0%/  -   quad:  0%/  -   ring:  2%/10.91 sngspa:  0%/9.80 sngspa:  1%/8.92 tunnel:  0%/  -  
[it  1210/3000           ppo] rew -0.0096 vl    0.104 ent -1.701 kl 0.0062 spd 0.678 jmp 0.365 3037s | window:  0%/  -   ralow:  0%/8.82 lifts:  0%/  -   quad:  0%/  -   ring:  0%/  -   sngspa:  0%/9.18 sngspa:  0%/8.74 tunnel:  0%/  -  
[it  1220/3000           ppo] rew -0.0178 vl    0.510 ent -1.297 kl 0.0161 spd 0.311 jmp 0.440 3062s | window:  0%/  -   ralow:  4%/7.28 lifts:  0%/  -   quad:  0%/  -   ring:  0%/  -   sngspa:  2%/8.60 sngspa:  1%/8.81 tunnel:  2%/15.13
[it  1230/3000           ppo] rew -0.0001 vl    2.728 ent -1.655 kl 0.0126 spd 0.543 jmp 0.371 3086s | window:  0%/  -   ralow:  0%/  -   lifts:  0%/  -   quad:  0%/  -   ring:  0%/9.16 sngspa:  0%/  -   sngspa:  0%/  -   tunnel:  0%/  -  
[it  1240/3000           ppo] rew -0.0152 vl    0.368 ent -1.536 kl 0.0109 spd 0.514 jmp 0.361 3111s | window:  0%/  -   ralow:  2%/7.35 lifts:  0%/  -   quad:  0%/  -   ring:  2%/9.91 sngspa:  0%/  -   sngspa:  3%/8.76 tunnel:  6%/13.99
[it  1250/3000           ppo] rew -0.0138 vl    0.086 ent -1.703 kl 0.0106 spd 0.529 jmp 0.349 3136s | window:  0%/  -   ralow:  0%/  -   lifts:  0%/  -   quad:  0%/  -   ring:  0%/  -   sngspa:  0%/9.77 sngspa:  0%/  -   tunnel:  0%/  -  
[it  1260/3000           ppo] rew -0.0158 vl    0.120 ent -1.614 kl 0.0119 spd 0.481 jmp 0.335 3161s | window:  0%/  -   ralow:  0%/  -   lifts:  0%/  -   quad:  0%/  -   ring:  2%/10.30 sngspa:  0%/9.41 sngspa:  0%/10.29 tunnel:  0%/  -  
[it  1270/3000           ppo] rew -0.0155 vl    0.053 ent -1.688 kl 0.0052 spd 0.533 jmp 0.327 3186s | window:  0%/  -   ralow:  0%/  -   lifts:  0%/  -   quad:  0%/  -   ring:  0%/  -   sngspa:  2%/9.44 sngspa:  1%/8.74 tunnel:  2%/14.39
[it  1280/3000           ppo] rew -0.0044 vl    2.352 ent -1.737 kl 0.0050 spd 0.585 jmp 0.335 3211s | window:  0%/  -   ralow:  0%/  -   lifts:  0%/  -   quad:  0%/  -   ring:  6%/10.16 sngspa:  0%/9.67 sngspa:  0%/8.32 tunnel:  0%/  -  
[it  1290/3000           ppo] rew -0.0152 vl    0.086 ent -1.712 kl 0.0091 spd 0.541 jmp 0.340 3236s | window:  0%/  -   ralow:  0%/6.62 lifts:  0%/  -   quad:  0%/  -   ring:  0%/  -   sngspa:  0%/9.51 sngspa:  0%/10.32 tunnel:  3%/16.26
[it  1300/3000           ppo] rew -0.0137 vl    0.033 ent -1.691 kl 0.0062 spd 0.558 jmp 0.366 3261s | window:  0%/  -   ralow:  0%/  -   lifts:  0%/  -   quad:  0%/  -   ring:  0%/  -   sngspa:  0%/8.53 sngspa:  0%/  -   tunnel:  0%/  -  
[it  1310/3000           ppo] rew -0.0141 vl    0.108 ent -1.773 kl 0.0055 spd 0.632 jmp 0.311 3286s | window:  0%/  -   ralow:  0%/7.55 lifts:  0%/  -   quad:  0%/  -   ring:  0%/  -   sngspa:  0%/10.58 sngspa:  0%/  -   tunnel:  6%/14.99
[it  1320/3000           ppo] rew -0.0030 vl    1.982 ent -1.800 kl 0.0065 spd 0.608 jmp 0.352 3311s | window:  0%/  -   ralow:  0%/7.84 lifts:  0%/  -   quad:  0%/  -   ring:  0%/  -   sngspa:  0%/  -   sngspa:  0%/9.93 tunnel:  0%/15.90
[it  1330/3000           ppo] rew -0.0149 vl    0.054 ent -1.784 kl 0.0041 spd 0.555 jmp 0.292 3336s | window:  0%/  -   ralow:  0%/  -   lifts:  0%/  -   quad:  0%/  -   ring:  0%/  -   sngspa:  1%/8.53 sngspa:  0%/9.23 tunnel: 33%/16.32
[it  1340/3000           ppo] rew +0.0061 vl    3.572 ent -1.812 kl 0.0071 spd 0.599 jmp 0.314 3361s | window:  0%/  -   ralow:  0%/  -   lifts:  0%/  -   quad:  0%/  -   ring:  6%/8.95 sngspa:  0%/  -   sngspa:  0%/9.97 tunnel:  0%/14.29
[it  1350/3000           ppo] rew -0.0125 vl    0.040 ent -1.848 kl 0.0066 spd 0.641 jmp 0.323 3386s | window:  0%/  -   ralow:  2%/7.22 lifts:  0%/  -   quad:  0%/  -   ring:  0%/  -   sngspa:  0%/7.84 sngspa:  1%/8.33 tunnel:  0%/  -  
[it  1360/3000           ppo] rew -0.0036 vl    2.013 ent -1.799 kl 0.0097 spd 0.573 jmp 0.340 3411s | window:  0%/  -   ralow:  0%/  -   lifts:  0%/  -   quad:  0%/  -   ring:  5%/9.49 sngspa:  0%/  -   sngspa:  0%/  -   tunnel:  3%/13.46
[it  1370/3000           ppo] rew -0.0138 vl    0.043 ent -1.848 kl 0.0052 spd 0.558 jmp 0.327 3436s | window:  0%/  -   ralow:  2%/7.73 lifts:  0%/  -   quad:  0%/  -   ring:  0%/  -   sngspa:  0%/8.72 sngspa:  0%/9.10 tunnel:  0%/  -  
[it  1380/3000           ppo] rew -0.0030 vl    1.606 ent -1.864 kl 0.0086 spd 0.650 jmp 0.330 3461s | window:  0%/  -   ralow:  0%/7.11 lifts:  0%/  -   quad:  0%/  -   ring:  0%/  -   sngspa:  0%/  -   sngspa:  0%/10.60 tunnel:  2%/15.01
[it  1390/3000           ppo] rew -0.0045 vl    0.819 ent -1.892 kl 0.0091 spd 0.578 jmp 0.320 3486s | window:  0%/  -   ralow:  0%/  -   lifts:  0%/  -   quad:  0%/  -   ring:  0%/  -   sngspa:  1%/9.47 sngspa:  0%/  -   tunnel:  0%/  -  
[it  1400/3000           ppo] rew -0.0132 vl    0.092 ent -1.871 kl 0.0069 spd 0.600 jmp 0.333 3511s | window:  0%/  -   ralow:  0%/  -   lifts:  0%/  -   quad:  0%/  -   ring:  0%/  -   sngspa:  0%/8.53 sngspa:  0%/8.32 tunnel:  0%/  -  
[it  1410/3000           ppo] rew -0.0044 vl    2.192 ent -1.858 kl 0.0090 spd 0.541 jmp 0.379 3536s | window:  0%/  -   ralow:  3%/6.54 lifts:  0%/  -   quad:  0%/  -   ring:  0%/5.67 sngspa:  1%/8.90 sngspa:  1%/9.37 tunnel:  0%/15.38
[it  1420/3000           ppo] rew -0.0110 vl    0.085 ent -1.940 kl 0.0076 spd 0.709 jmp 0.360 3561s | window:  0%/  -   ralow:  0%/8.18 lifts:  0%/  -   quad:  0%/  -   ring:  0%/  -   sngspa:  0%/  -   sngspa:  1%/9.30 tunnel:  0%/  -  
[it  1430/3000           ppo] rew -0.0113 vl    0.171 ent -1.910 kl 0.0094 spd 0.629 jmp 0.352 3586s | window:  0%/  -   ralow:  0%/  -   lifts:  0%/  -   quad:  0%/  -   ring:  0%/  -   sngspa:  1%/9.24 sngspa:  1%/8.52 tunnel:  1%/13.61
[it  1440/3000           ppo] rew -0.0115 vl    0.150 ent -1.895 kl 0.0055 spd 0.578 jmp 0.368 3610s | window:  0%/  -   ralow:  4%/7.44 lifts:  0%/  -   quad:  0%/11.86 ring:  0%/  -   sngspa:  0%/9.46 sngspa:  0%/9.07 tunnel:  0%/  -  
[it  1450/3000           ppo] rew -0.0103 vl    0.333 ent -1.928 kl 0.0101 spd 0.627 jmp 0.338 3636s | window:  0%/  -   ralow:  0%/7.22 lifts:  0%/  -   quad:  0%/  -   ring:  0%/  -   sngspa:  0%/9.18 sngspa:  2%/8.84 tunnel:  2%/13.15
[it  1460/3000           ppo] rew +0.0014 vl    1.080 ent -1.924 kl 0.0128 spd 0.619 jmp 0.391 3661s | window:  0%/  -   ralow:  2%/5.75 lifts:  0%/  -   quad:  0%/  -   ring:  0%/  -   sngspa:  0%/  -   sngspa:  0%/8.09 tunnel:  0%/  -  
[it  1470/3000           ppo] rew -0.0116 vl    0.462 ent -1.912 kl 0.0090 spd 0.544 jmp 0.379 3685s | window:  0%/  -   ralow:  0%/  -   lifts:  0%/  -   quad:  0%/  -   ring:  0%/9.20 sngspa:  2%/8.84 sngspa:  0%/  -   tunnel:  0%/  -  
[it  1480/3000           ppo] rew -0.0016 vl    2.727 ent -1.822 kl 0.0065 spd 0.456 jmp 0.430 3710s | window:  0%/  -   ralow:  0%/  -   lifts:  0%/  -   quad:  0%/  -   ring:  0%/  -   sngspa:  0%/10.04 sngspa:  0%/8.17 tunnel:  0%/14.59
[it  1490/3000           ppo] rew -0.0115 vl    0.259 ent -1.974 kl 0.0059 spd 0.639 jmp 0.363 3735s | window:  0%/  -   ralow:  0%/  -   lifts:  0%/  -   quad:  0%/  -   ring:  0%/  -   sngspa:  1%/8.25 sngspa:  1%/8.36 tunnel: 67%/15.08
[it  1500/3000           ppo] rew -0.0164 vl    0.099 ent -1.777 kl 0.0045 spd 0.408 jmp 0.422 3761s | window:  0%/  -   ralow:  0%/  -   lifts:  0%/  -   quad:  0%/  -   ring:  2%/9.87 sngspa:  0%/  -   sngspa:  0%/9.83 tunnel:  0%/  -  
[it  1510/3000           ppo] rew -0.0124 vl    0.129 ent -1.973 kl 0.0068 spd 0.556 jmp 0.382 3786s | window:  0%/  -   ralow:  0%/6.09 lifts:  0%/  -   quad:  0%/  -   ring:  0%/  -   sngspa:  0%/  -   sngspa:  0%/  -   tunnel:  0%/  -  
[it  1520/3000           ppo] rew -0.0065 vl    1.925 ent -1.894 kl 0.0098 spd 0.471 jmp 0.428 3811s | window:  0%/  -   ralow:  0%/7.56 lifts:  0%/  -   quad:  0%/  -   ring:  0%/  -   sngspa:  0%/8.55 sngspa:  0%/10.35 tunnel:  0%/  -  
[it  1530/3000           ppo] rew -0.0111 vl    0.058 ent -2.041 kl 0.0076 spd 0.653 jmp 0.405 3836s | window:  0%/  -   ralow:  0%/  -   lifts:  0%/  -   quad:  0%/  -   ring:  0%/  -   sngspa:  0%/  -   sngspa:  0%/8.53 tunnel:  0%/  -  
[it  1540/3000           ppo] rew -0.0034 vl    1.952 ent -1.968 kl 0.0082 spd 0.543 jmp 0.425 3860s | window:  0%/  -   ralow:  0%/7.34 lifts:  0%/  -   quad:  0%/  -   ring:  0%/  -   sngspa:  0%/  -   sngspa:  1%/8.79 tunnel:  0%/  -  
[it  1550/3000           ppo] rew -0.0141 vl    0.045 ent -2.010 kl 0.0118 spd 0.511 jmp 0.420 3886s | window:  0%/  -   ralow:  0%/  -   lifts:  0%/  -   quad:  0%/  -   ring:  0%/  -   sngspa:  0%/  -   sngspa:  1%/9.09 tunnel:  0%/14.21
[it  1560/3000           ppo] rew -0.0108 vl    0.048 ent -2.080 kl 0.0088 spd 0.740 jmp 0.388 3911s | window:  0%/  -   ralow:  0%/  -   lifts:  0%/  -   quad:  0%/  -   ring:  0%/  -   sngspa:  0%/8.57 sngspa:  1%/9.09 tunnel:  0%/  -  
[it  1570/3000           ppo] rew -0.0064 vl    1.848 ent -1.960 kl 0.0127 spd 0.460 jmp 0.427 3936s | window:  0%/  -   ralow:  0%/  -   lifts:  0%/  -   quad:  0%/  -   ring:  0%/  -   sngspa:  0%/  -   sngspa:  0%/  -   tunnel:  5%/14.60
[it  1580/3000           ppo] rew -0.0121 vl    0.046 ent -2.046 kl 0.0047 spd 0.604 jmp 0.396 3961s | window:  0%/  -   ralow:  0%/6.13 lifts:  0%/  -   quad:  0%/  -   ring:  0%/  -   sngspa:  1%/8.27 sngspa:  1%/8.47 tunnel:  0%/  -  
[it  1590/3000           ppo] rew -0.0150 vl    0.059 ent -1.937 kl 0.0060 spd 0.443 jmp 0.418 3986s | window:  0%/  -   ralow:  0%/  -   lifts:  0%/  -   quad:  0%/  -   ring:  0%/  -   sngspa:  0%/7.46 sngspa:  0%/9.02 tunnel:  1%/15.05
[it  1600/3000           ppo] rew -0.0112 vl    0.063 ent -2.070 kl 0.0062 spd 0.651 jmp 0.393 4011s | window:  0%/  -   ralow:  0%/5.64 lifts:  0%/  -   quad:  0%/  -   ring:  0%/  -   sngspa:  1%/7.97 sngspa:  1%/8.19 tunnel:  0%/  -  
[it  1610/3000           ppo] rew -0.0137 vl    0.113 ent -1.985 kl 0.0128 spd 0.487 jmp 0.422 4036s | window:  0%/  -   ralow:  2%/5.73 lifts:  0%/  -   quad:  0%/  -   ring:  0%/  -   sngspa:  0%/8.46 sngspa:  0%/8.39 tunnel:  2%/11.94
[it  1620/3000           ppo] rew -0.0150 vl    0.068 ent -2.050 kl 0.0063 spd 0.480 jmp 0.415 4060s | window:  0%/  -   ralow:  0%/  -   lifts:  0%/  -   quad:  0%/  -   ring:  2%/8.71 sngspa:  1%/8.34 sngspa:  0%/8.39 tunnel:  0%/  -  
[it  1630/3000           ppo] rew -0.0036 vl    1.712 ent -2.081 kl 0.0223 spd 0.576 jmp 0.381 4086s | window:  0%/  -   ralow:  0%/  -   lifts:  0%/  -   quad:  0%/  -   ring:  0%/  -   sngspa:  0%/8.49 sngspa:  0%/9.74 tunnel:  0%/  -  
[it  1640/3000           ppo] rew +0.0026 vl    2.850 ent -2.022 kl 0.0096 spd 0.458 jmp 0.389 4111s | window:  0%/  -   ralow:  0%/  -   lifts:  0%/  -   quad:  0%/  -   ring:  2%/8.92 sngspa:  0%/  -   sngspa:  1%/9.32 tunnel:  0%/  -  
[it  1650/3000           ppo] rew -0.0116 vl    0.062 ent -2.168 kl 0.0072 spd 0.580 jmp 0.386 4136s | window:  0%/  -   ralow:  0%/  -   lifts:  0%/  -   quad:  0%/  -   ring:  0%/  -   sngspa:  0%/8.67 sngspa:  0%/  -   tunnel:  0%/  -  
[it  1660/3000           ppo] rew -0.0176 vl    0.102 ent -1.951 kl 0.0145 spd 0.350 jmp 0.396 4160s | window:  0%/  -   ralow:  0%/  -   lifts:  0%/  -   quad:  0%/  -   ring:  0%/  -   sngspa:  0%/  -   sngspa:  0%/  -   tunnel:  0%/  -  
[it  1670/3000           ppo] rew +0.0009 vl    1.547 ent -2.215 kl 0.0085 spd 0.684 jmp 0.366 4185s | window:  0%/  -   ralow:  0%/  -   lifts:  0%/  -   quad:  0%/  -   ring:  0%/8.92 sngspa:  0%/7.94 sngspa:  0%/  -   tunnel:  0%/  -  
[it  1680/3000           ppo] rew -0.0168 vl    0.193 ent -1.994 kl 0.0182 spd 0.357 jmp 0.410 4210s | window:  0%/  -   ralow:  0%/  -   lifts:  0%/  -   quad:  0%/  -   ring:  0%/  -   sngspa:  0%/  -   sngspa:  0%/  -   tunnel:  0%/  -  
[it  1690/3000           ppo] rew -0.0091 vl    0.121 ent -2.220 kl 0.0061 spd 0.655 jmp 0.368 4235s | window:  0%/  -   ralow:  0%/  -   lifts:  0%/  -   quad:  0%/  -   ring:  0%/  -   sngspa:  0%/8.43 sngspa:  0%/8.65 tunnel:  0%/  -  
[it  1700/3000           ppo] rew -0.0151 vl    0.371 ent -2.029 kl 0.0085 spd 0.388 jmp 0.420 4260s | window:  0%/  -   ralow:  6%/6.59 lifts:  0%/  -   quad:  0%/  -   ring:  0%/  -   sngspa:  0%/8.68 sngspa:  0%/  -   tunnel:  0%/  -  
[it  1710/3000           ppo] rew +0.0038 vl    1.913 ent -2.272 kl 0.0172 spd 0.715 jmp 0.379 4286s | window:  0%/  -   ralow:  0%/5.98 lifts:  0%/  -   quad:  0%/  -   ring:  0%/9.84 sngspa:  0%/  -   sngspa:  0%/  -   tunnel:  0%/  -  
[it  1720/3000           ppo] rew -0.0145 vl    0.474 ent -2.088 kl 0.0135 spd 0.383 jmp 0.400 4311s | window:  0%/  -   ralow:  0%/  -   lifts:  0%/  -   quad:  0%/  -   ring:  0%/  -   sngspa:  0%/  -   sngspa:  1%/8.90 tunnel:  0%/  -  
[it  1730/3000           ppo] rew -0.0153 vl    0.165 ent -2.137 kl 0.0134 spd 0.468 jmp 0.380 4336s | window:  0%/  -   ralow:  0%/7.29 lifts:  0%/  -   quad:  0%/  -   ring:  0%/  -   sngspa:  0%/  -   sngspa:  1%/8.87 tunnel:  1%/15.62
[it  1740/3000           ppo] rew -0.0041 vl    2.276 ent -2.181 kl 0.0104 spd 0.516 jmp 0.387 4361s | window:  0%/  -   ralow:  0%/8.47 lifts:  0%/  -   quad:  0%/  -   ring:  2%/8.76 sngspa:  0%/8.39 sngspa:  0%/7.98 tunnel:  0%/  -  
[it  1750/3000           ppo] rew -0.0161 vl    0.122 ent -2.132 kl 0.0092 spd 0.447 jmp 0.367 4386s | window:  0%/  -   ralow:  2%/7.00 lifts:  0%/  -   quad:  0%/  -   ring:  0%/  -   sngspa:  0%/  -   sngspa:  0%/  -   tunnel:  0%/  -  
[it  1760/3000           ppo] rew -0.0124 vl    0.100 ent -2.220 kl 0.0077 spd 0.507 jmp 0.338 4411s | window:  0%/  -   ralow:  0%/  -   lifts:  0%/  -   quad:  0%/  -   ring:  2%/8.93 sngspa:  0%/8.86 sngspa:  0%/  -   tunnel:  0%/  -  
[it  1770/3000           ppo] rew -0.0154 vl    0.055 ent -2.161 kl 0.0079 spd 0.479 jmp 0.344 4436s | window:  0%/  -   ralow:  0%/  -   lifts:  0%/  -   quad:  0%/  -   ring:  0%/8.79 sngspa:  0%/  -   sngspa:  1%/9.63 tunnel:  0%/  -  
[it  1780/3000           ppo] rew -0.0110 vl    0.049 ent -2.289 kl 0.0098 spd 0.602 jmp 0.307 4462s | window:  0%/  -   ralow:  0%/  -   lifts:  0%/  -   quad:  0%/  -   ring:  2%/10.86 sngspa:  0%/  -   sngspa:  0%/  -   tunnel:  0%/  -  
[it  1790/3000           ppo] rew -0.0151 vl    0.042 ent -2.216 kl 0.0057 spd 0.476 jmp 0.304 4486s | window:  0%/  -   ralow:  0%/  -   lifts:  0%/  -   quad: 25%/10.68 ring:  0%/8.57 sngspa:  1%/8.06 sngspa:  1%/8.95 tunnel:  0%/  -  
[it  1800/3000           ppo] rew -0.0054 vl    0.619 ent -2.123 kl 0.0082 spd 0.411 jmp 0.318 4512s | window:  0%/  -   ralow:  0%/  -   lifts:  0%/  -   quad:  0%/  -   ring:  0%/  -   sngspa:  0%/  -   sngspa:  0%/  -   tunnel:  4%/13.20
[it  1810/3000           ppo] rew -0.0140 vl    0.050 ent -2.253 kl 0.0052 spd 0.535 jmp 0.307 4537s | window:  0%/  -   ralow:  0%/  -   lifts:  0%/  -   quad:  0%/  -   ring:  0%/  -   sngspa:  0%/8.09 sngspa:  0%/  -   tunnel:  0%/  -  
[it  1820/3000           ppo] rew -0.0045 vl    1.778 ent -2.194 kl 0.0057 spd 0.507 jmp 0.305 4562s | window:  0%/  -   ralow:  0%/  -   lifts:  0%/  -   quad:  0%/  -   ring:  0%/  -   sngspa:  0%/  -   sngspa:  0%/8.75 tunnel:  0%/  -  
[it  1830/3000           ppo] rew -0.0143 vl    0.047 ent -2.245 kl 0.0050 spd 0.443 jmp 0.311 4587s | window:  0%/  -   ralow:  0%/  -   lifts:  0%/  -   quad:  0%/  -   ring:  0%/  -   sngspa:  0%/  -   sngspa:  0%/  -   tunnel:  0%/  -  
[it  1840/3000           ppo] rew -0.0136 vl    0.079 ent -2.205 kl 0.0072 spd 0.509 jmp 0.310 4612s | window:  0%/  -   ralow:  0%/  -   lifts:  0%/  -   quad:  0%/  -   ring:  2%/7.81 sngspa:  0%/8.22 sngspa:  0%/  -   tunnel:  0%/  -  
[it  1850/3000           ppo] rew -0.0030 vl    1.472 ent -2.332 kl 0.0114 spd 0.562 jmp 0.324 4638s | window:  0%/  -   ralow:  0%/  -   lifts:  0%/  -   quad:  0%/  -   ring:  0%/  -   sngspa:  1%/9.07 sngspa:  0%/9.83 tunnel:  0%/  -  
[it  1860/3000           ppo] rew -0.0139 vl    0.052 ent -2.210 kl 0.0099 spd 0.478 jmp 0.330 4663s | window:  0%/  -   ralow:  2%/7.13 lifts:  0%/  -   quad:  0%/  -   ring:  3%/8.88 sngspa:  0%/8.97 sngspa:  1%/8.42 tunnel:  0%/  -  
[it  1870/3000           ppo] rew -0.0142 vl    0.042 ent -2.263 kl 0.0058 spd 0.464 jmp 0.335 4688s | window:  0%/  -   ralow:  0%/  -   lifts:  0%/  -   quad:  0%/  -   ring:  0%/  -   sngspa:  0%/10.25 sngspa:  1%/9.02 tunnel:  1%/13.20
[it  1880/3000           ppo] rew -0.0137 vl    0.046 ent -2.245 kl 0.0046 spd 0.489 jmp 0.331 4713s | window:  0%/  -   ralow:  0%/  -   lifts:  0%/  -   quad:  0%/  -   ring:  0%/  -   sngspa:  0%/7.39 sngspa:  0%/  -   tunnel:  0%/  -  
[it  1890/3000           ppo] rew -0.0043 vl    1.274 ent -2.311 kl 0.0073 spd 0.505 jmp 0.311 4738s | window:  0%/  -   ralow:  0%/  -   lifts:  0%/  -   quad:  0%/  -   ring:  0%/  -   sngspa:  1%/7.97 sngspa:  0%/  -   tunnel:  0%/  -  
[it  1900/3000           ppo] rew -0.0149 vl    0.052 ent -2.242 kl 0.0065 spd 0.403 jmp 0.327 4763s | window:  0%/  -   ralow:  2%/6.40 lifts:  0%/  -   quad:  0%/  -   ring:  0%/  -   sngspa:  0%/  -   sngspa:  0%/7.73 tunnel:  0%/  -  
[it  1910/3000           ppo] rew -0.0143 vl    0.159 ent -2.298 kl 0.0106 spd 0.472 jmp 0.334 4788s | window:  0%/  -   ralow:  0%/  -   lifts:  0%/  -   quad:  0%/  -   ring:  0%/  -   sngspa:  0%/8.16 sngspa:  0%/8.29 tunnel:  0%/  -  
[it  1920/3000           ppo] rew -0.0133 vl    0.085 ent -2.312 kl 0.0110 spd 0.494 jmp 0.329 4813s | window:  0%/  -   ralow:  2%/6.99 lifts:  0%/  -   quad:  0%/  -   ring:  2%/8.15 sngspa:  0%/8.63 sngspa:  0%/10.01 tunnel:  0%/  -  
[it  1930/3000           ppo] rew -0.0114 vl    0.202 ent -2.404 kl 0.0100 spd 0.579 jmp 0.329 4839s | window:  0%/  -   ralow:  0%/6.93 lifts:  0%/  -   quad:  0%/  -   ring:  0%/  -   sngspa:  0%/8.29 sngspa:  1%/8.50 tunnel:  0%/  -  
[it  1940/3000           ppo] rew -0.0068 vl    2.081 ent -2.255 kl 0.0107 spd 0.359 jmp 0.353 4857s | window:  0%/  -   ralow:  0%/  -   lifts:  0%/  -   quad:  0%/  -   ring:  0%/  -   sngspa:  0%/9.02 sngspa:  0%/  -   tunnel:  0%/14.88
[it  1950/3000           ppo] rew -0.0090 vl    0.366 ent -2.479 kl 0.0142 spd 0.670 jmp 0.323 4874s | window:  0%/  -   ralow:  0%/  -   lifts:  0%/  -   quad:  0%/  -   ring:  0%/  -   sngspa:  0%/8.62 sngspa:  0%/7.70 tunnel:  0%/  -  
[it  1960/3000           ppo] rew +0.0068 vl    4.193 ent -2.396 kl 0.0112 spd 0.490 jmp 0.343 4890s | window:  0%/  -   ralow:  0%/  -   lifts:  0%/  -   quad:  0%/  -   ring:  0%/  -   sngspa:  0%/  -   sngspa:  0%/  -   tunnel:  0%/  -  
[it  1970/3000           ppo] rew -0.0105 vl    0.411 ent -2.466 kl 0.0079 spd 0.584 jmp 0.341 4908s | window:  0%/  -   ralow:  0%/  -   lifts:  0%/  -   quad:  0%/  -   ring:  0%/  -   sngspa:  1%/8.22 sngspa:  0%/  -   tunnel:  0%/  -  
[it  1980/3000           ppo] rew -0.0146 vl    0.167 ent -2.411 kl 0.0086 spd 0.465 jmp 0.339 4924s | window:  0%/  -   ralow:  0%/  -   lifts:  0%/  -   quad:  0%/  -   ring:  2%/9.58 sngspa:  0%/  -   sngspa:  0%/  -   tunnel:  2%/12.35
[it  1990/3000           ppo] rew -0.0121 vl    0.246 ent -2.507 kl 0.0106 spd 0.611 jmp 0.347 4941s | window:  0%/  -   ralow:  0%/  -   lifts:  0%/  -   quad:  0%/  -   ring:  0%/  -   sngspa:  0%/8.40 sngspa:  0%/8.13 tunnel:  0%/  -  
[it  2000/3000           ppo] rew -0.0140 vl    0.106 ent -2.462 kl 0.0083 spd 0.507 jmp 0.340 4958s | window:  0%/  -   ralow:  0%/7.88 lifts:  0%/  -   quad:  0%/  -   ring:  0%/  -   sngspa:  0%/  -   sngspa:  1%/8.83 tunnel: 11%/12.33
[it  2010/3000           ppo] rew +0.0050 vl    4.003 ent -2.501 kl 0.0074 spd 0.502 jmp 0.335 4975s | window:  0%/  -   ralow:  2%/6.23 lifts:  0%/  -   quad:  0%/  -   ring:  0%/  -   sngspa:  0%/7.94 sngspa:  0%/7.90 tunnel:  0%/  -  
[it  2020/3000           ppo] rew -0.0137 vl    0.044 ent -2.539 kl 0.0048 spd 0.537 jmp 0.330 4992s | window:  0%/  -   ralow:  0%/  -   lifts:  0%/  -   quad:  0%/  -   ring:  0%/  -   sngspa:  0%/  -   sngspa:  0%/  -   tunnel:  0%/  -  
[it  2030/3000           ppo] rew -0.0029 vl    2.284 ent -2.550 kl 0.0098 spd 0.583 jmp 0.320 5008s | window:  0%/  -   ralow:  0%/  -   lifts:  0%/  -   quad:  0%/  -   ring:  0%/  -   sngspa:  0%/8.23 sngspa:  0%/7.88 tunnel:  0%/  -  
[it  2040/3000           ppo] rew -0.0134 vl    0.060 ent -2.569 kl 0.0069 spd 0.550 jmp 0.312 5025s | window:  0%/  -   ralow:  0%/  -   lifts:  0%/  -   quad:  0%/  -   ring:  0%/  -   sngspa:  0%/  -   sngspa:  0%/7.46 tunnel:  0%/  -  
[it  2050/3000           ppo] rew -0.0041 vl    1.400 ent -2.552 kl 0.0116 spd 0.529 jmp 0.305 5042s | window:  0%/  -   ralow:  0%/  -   lifts:  0%/  -   quad:  0%/  -   ring:  0%/  -   sngspa:  0%/  -   sngspa:  0%/  -   tunnel:  0%/  -  
[it  2060/3000           ppo] rew -0.0119 vl    0.066 ent -2.616 kl 0.0080 spd 0.658 jmp 0.311 5058s | window:  0%/  -   ralow:  0%/6.82 lifts:  0%/  -   quad:  0%/  -   ring:  0%/  -   sngspa:  0%/8.48 sngspa:  0%/  -   tunnel:  0%/  -  
[it  2070/3000           ppo] rew +0.0063 vl    3.622 ent -2.626 kl 0.0061 spd 0.628 jmp 0.308 5075s | window:  0%/  -   ralow:  0%/  -   lifts:  0%/  -   quad:  0%/  -   ring:  0%/  -   sngspa:  0%/8.65 sngspa:  0%/8.76 tunnel:  0%/  -  
[it  2080/3000           ppo] rew -0.0124 vl    0.040 ent -2.601 kl 0.0078 spd 0.591 jmp 0.319 5091s | window:  0%/  -   ralow:  0%/  -   lifts:  0%/  -   quad:  0%/  -   ring:  3%/7.77 sngspa:  0%/8.41 sngspa:  1%/7.86 tunnel:  0%/  -  
[it  2090/3000           ppo] rew -0.0079 vl    0.041 ent -2.693 kl 0.0044 spd 0.749 jmp 0.305 5108s | window:  0%/  -   ralow:  0%/  -   lifts:  0%/  -   quad:  0%/  -   ring:  0%/8.22 sngspa:  0%/  -   sngspa:  0%/  -   tunnel:  0%/  -  
[it  2100/3000           ppo] rew -0.0133 vl    0.035 ent -2.572 kl 0.0118 spd 0.562 jmp 0.332 5125s | window:  0%/  -   ralow:  0%/  -   lifts:  0%/  -   quad:  0%/  -   ring:  0%/  -   sngspa:  0%/8.09 sngspa:  0%/  -   tunnel:  1%/14.67
[it  2110/3000           ppo] rew -0.0063 vl    0.043 ent -2.713 kl 0.0198 spd 0.770 jmp 0.317 5141s | window:  0%/  -   ralow:  0%/  -   lifts:  0%/  -   quad:  0%/  -   ring:  0%/  -   sngspa:  0%/  -   sngspa:  0%/8.18 tunnel:  0%/  -  
[it  2120/3000           ppo] rew -0.0169 vl    0.051 ent -2.470 kl 0.0056 spd 0.379 jmp 0.338 5158s | window:  0%/  -   ralow:  0%/  -   lifts:  0%/  -   quad:  0%/  -   ring:  2%/8.36 sngspa:  0%/7.60 sngspa:  0%/  -   tunnel:  1%/15.58
[it  2130/3000           ppo] rew -0.0060 vl    0.088 ent -2.729 kl 0.0123 spd 0.819 jmp 0.316 5174s | window:  0%/  -   ralow:  0%/7.73 lifts:  0%/  -   quad:  0%/  -   ring:  0%/  -   sngspa:  0%/  -   sngspa:  0%/9.25 tunnel:  0%/  -  
[it  2140/3000           ppo] rew -0.0064 vl    1.076 ent -2.512 kl 0.0187 spd 0.448 jmp 0.332 5191s | window:  0%/  -   ralow:  2%/7.32 lifts:  0%/  -   quad:  0%/  -   ring:  3%/8.71 sngspa:  0%/  -   sngspa:  0%/8.64 tunnel:  0%/  -  
[it  2150/3000           ppo] rew -0.0086 vl    0.067 ent -2.722 kl 0.0099 spd 0.710 jmp 0.325 5208s | window:  0%/  -   ralow:  0%/  -   lifts:  0%/  -   quad:  0%/  -   ring:  0%/  -   sngspa:  0%/8.61 sngspa:  0%/  -   tunnel:  0%/  -  
[it  2160/3000           ppo] rew -0.0154 vl    0.111 ent -2.564 kl 0.0061 spd 0.428 jmp 0.331 5225s | window:  0%/  -   ralow:  2%/7.35 lifts:  0%/  -   quad:  0%/  -   ring:  0%/  -   sngspa:  0%/  -   sngspa:  1%/8.15 tunnel:  0%/  -  
[it  2170/3000           ppo] rew +0.0005 vl    1.539 ent -2.667 kl 0.0073 spd 0.711 jmp 0.345 5242s | window:  0%/  -   ralow:  0%/  -   lifts:  0%/  -   quad:  0%/  -   ring:  0%/  -   sngspa:  0%/8.32 sngspa:  0%/  -   tunnel:  0%/  -  
[it  2180/3000           ppo] rew -0.0041 vl    1.261 ent -2.648 kl 0.0111 spd 0.485 jmp 0.341 5258s | window:  0%/  -   ralow:  0%/  -   lifts:  0%/  -   quad:  0%/  -   ring:  0%/  -   sngspa:  0%/7.41 sngspa:  0%/  -   tunnel:  0%/  -  
[it  2190/3000           ppo] rew -0.0101 vl    0.122 ent -2.628 kl 0.0089 spd 0.622 jmp 0.347 5275s | window:  0%/  -   ralow:  0%/  -   lifts:  0%/  -   quad:  0%/  -   ring:  0%/  -   sngspa:  0%/8.89 sngspa:  0%/8.74 tunnel:  0%/  -  
[it  2200/3000           ppo] rew -0.0104 vl    0.304 ent -2.676 kl 0.0172 spd 0.537 jmp 0.344 5291s | window:  0%/  -   ralow:  0%/  -   lifts:  0%/  -   quad:  0%/  -   ring:  0%/  -   sngspa:  0%/  -   sngspa:  0%/  -   tunnel:  0%/  -  
[it  2210/3000           ppo] rew +0.0023 vl    1.952 ent -2.685 kl 0.0055 spd 0.701 jmp 0.336 5308s | window:  0%/  -   ralow:  0%/  -   lifts:  0%/  -   quad:  0%/  -   ring:  0%/  -   sngspa:  0%/  -   sngspa:  0%/7.80 tunnel:  0%/  -  
[it  2220/3000           ppo] rew -0.0117 vl    0.368 ent -2.680 kl 0.0092 spd 0.472 jmp 0.340 5324s | window:  0%/  -   ralow:  0%/5.18 lifts:  0%/  -   quad:  0%/  -   ring:  0%/  -   sngspa:  0%/  -   sngspa:  1%/7.98 tunnel:  0%/  -  
[it  2230/3000           ppo] rew -0.0134 vl    0.129 ent -2.678 kl 0.0078 spd 0.554 jmp 0.336 5341s | window:  0%/  -   ralow:  0%/  -   lifts:  0%/  -   quad:  0%/  -   ring:  0%/  -   sngspa:  0%/  -   sngspa:  0%/  -   tunnel: 20%/13.24
[it  2240/3000           ppo] rew -0.0143 vl    0.211 ent -2.623 kl 0.0079 spd 0.504 jmp 0.328 5358s | window:  0%/  -   ralow:  0%/  -   lifts:  0%/  -   quad:  0%/  -   ring:  0%/  -   sngspa:  0%/  -   sngspa:  0%/7.91 tunnel:  0%/  -  
[it  2250/3000           ppo] rew -0.0138 vl    0.104 ent -2.715 kl 0.0073 spd 0.531 jmp 0.305 5374s | window:  0%/  -   ralow:  0%/  -   lifts:  0%/  -   quad:  0%/  -   ring:  0%/  -   sngspa:  0%/  -   sngspa:  0%/  -   tunnel:  0%/  -  
[it  2260/3000           ppo] rew -0.0155 vl    0.111 ent -2.627 kl 0.0068 spd 0.438 jmp 0.295 5391s | window:  0%/  -   ralow:  0%/  -   lifts:  0%/  -   quad:  0%/  -   ring:  0%/  -   sngspa:  0%/  -   sngspa:  0%/  -   tunnel:  0%/  -  
[it  2270/3000           ppo] rew -0.0131 vl    0.055 ent -2.759 kl 0.0291 spd 0.545 jmp 0.291 5407s | window:  0%/  -   ralow:  2%/6.57 lifts:  0%/  -   quad:  0%/  -   ring:  0%/  -   sngspa:  0%/  -   sngspa:  0%/8.69 tunnel:  0%/  -  
[it  2280/3000           ppo] rew -0.0134 vl    0.118 ent -2.686 kl 0.0148 spd 0.541 jmp 0.298 5424s | window:  0%/  -   ralow:  0%/  -   lifts:  0%/  -   quad:  0%/  -   ring:  1%/8.58 sngspa:  0%/  -   sngspa:  0%/  -   tunnel:  0%/  -  
[it  2290/3000           ppo] rew -0.0030 vl    0.682 ent -2.850 kl 0.0087 spd 0.601 jmp 0.295 5440s | window:  0%/  -   ralow:  0%/  -   lifts:  0%/  -   quad:  0%/  -   ring:  0%/  -   sngspa:  0%/8.06 sngspa:  0%/  -   tunnel:  0%/  -  
[it  2300/3000           ppo] rew -0.0055 vl    1.776 ent -2.708 kl 0.0072 spd 0.467 jmp 0.300 5457s | window:  0%/  -   ralow:  0%/  -   lifts:  0%/  -   quad:  0%/  -   ring:  0%/  -   sngspa:  0%/8.85 sngspa:  0%/  -   tunnel:  0%/  -  
[it  2310/3000           ppo] rew -0.0018 vl    1.424 ent -2.876 kl 0.0155 spd 0.685 jmp 0.313 5473s | window:  0%/  -   ralow:  0%/  -   lifts:  0%/  -   quad:  0%/  -   ring:  0%/  -   sngspa:  0%/  -   sngspa:  0%/  -   tunnel:  0%/  -  
[it  2320/3000           ppo] rew -0.0032 vl    1.676 ent -2.775 kl 0.0067 spd 0.571 jmp 0.311 5490s | window:  0%/  -   ralow:  0%/  -   lifts:  0%/  -   quad:  0%/  -   ring:  0%/  -   sngspa:  0%/  -   sngspa:  0%/  -   tunnel:  0%/  -  
[it  2330/3000           ppo] rew -0.0127 vl    0.040 ent -2.814 kl 0.0090 spd 0.559 jmp 0.299 5506s | window:  0%/  -   ralow:  0%/  -   lifts:  0%/  -   quad:  0%/  -   ring:  0%/  -   sngspa:  0%/  -   sngspa:  0%/8.67 tunnel:  0%/  -  
[it  2340/3000           ppo] rew -0.0113 vl    0.043 ent -2.786 kl 0.0114 spd 0.570 jmp 0.308 5522s | window:  0%/  -   ralow:  0%/  -   lifts:  0%/  -   quad:  0%/  -   ring:  0%/  -   sngspa:  0%/7.10 sngspa:  0%/  -   tunnel:  0%/  -  
[it  2350/3000           ppo] rew -0.0103 vl    0.073 ent -2.867 kl 0.0068 spd 0.679 jmp 0.280 5539s | window:  0%/  -   ralow:  0%/6.37 lifts:  0%/  -   quad:  0%/  -   ring:  0%/  -   sngspa:  0%/  -   sngspa:  0%/  -   tunnel:  0%/  -  
[it  2360/3000           ppo] rew -0.0119 vl    0.053 ent -2.804 kl 0.0085 spd 0.531 jmp 0.302 5555s | window:  0%/  -   ralow:  0%/  -   lifts:  0%/  -   quad:  0%/  -   ring:  1%/8.01 sngspa:  0%/  -   sngspa:  0%/  -   tunnel:  0%/  -  
[it  2370/3000           ppo] rew -0.0130 vl    0.054 ent -2.868 kl 0.0069 spd 0.588 jmp 0.275 5572s | window:  0%/  -   ralow:  0%/  -   lifts:  0%/  -   quad:  0%/  -   ring:  0%/  -   sngspa:  0%/  -   sngspa:  0%/  -   tunnel:  0%/  -  
[it  2380/3000           ppo] rew -0.0117 vl    0.050 ent -2.846 kl 0.0084 spd 0.568 jmp 0.286 5588s | window:  0%/  -   ralow:  0%/  -   lifts:  0%/  -   quad:  0%/  -   ring:  0%/  -   sngspa:  0%/  -   sngspa:  0%/  -   tunnel:  0%/  -  
[it  2390/3000           ppo] rew -0.0019 vl    1.195 ent -2.938 kl 0.0054 spd 0.672 jmp 0.259 5604s | window:  0%/  -   ralow:  0%/  -   lifts:  0%/  -   quad:  0%/  -   ring:  0%/  -   sngspa:  0%/  -   sngspa:  0%/  -   tunnel:  0%/  -  
[it  2400/3000           ppo] rew -0.0137 vl    0.060 ent -2.816 kl 0.0072 spd 0.488 jmp 0.292 5620s | window:  0%/  -   ralow:  0%/  -   lifts:  0%/  -   quad:  0%/  -   ring:  0%/  -   sngspa:  0%/  -   sngspa:  0%/  -   tunnel:  0%/  -  
[it  2410/3000           ppo] rew -0.0115 vl    0.111 ent -2.946 kl 0.0069 spd 0.588 jmp 0.269 5637s | window:  0%/  -   ralow:  0%/  -   lifts:  0%/  -   quad:  0%/  -   ring:  0%/  -   sngspa:  0%/  -   sngspa:  0%/  -   tunnel:  0%/  -  
[it  2420/3000           ppo] rew -0.0106 vl    0.112 ent -2.916 kl 0.0067 spd 0.633 jmp 0.287 5654s | window:  0%/  -   ralow:  0%/  -   lifts:  0%/  -   quad:  0%/  -   ring:  0%/  -   sngspa:  0%/  -   sngspa:  0%/  -   tunnel:  0%/  -  
[it  2430/3000           ppo] rew -0.0007 vl    1.645 ent -2.943 kl 0.0135 spd 0.582 jmp 0.270 5670s | window:  0%/  -   ralow:  0%/  -   lifts:  0%/  -   quad:  0%/  -   ring:  0%/  -   sngspa:  0%/  -   sngspa:  0%/7.84 tunnel:  0%/  -  
[it  2440/3000           ppo] rew -0.0122 vl    0.113 ent -2.914 kl 0.0065 spd 0.545 jmp 0.243 5687s | window:  0%/  -   ralow:  0%/  -   lifts:  0%/  -   quad:  0%/  -   ring:  0%/  -   sngspa:  0%/  -   sngspa:  0%/  -   tunnel:  0%/  -  
[it  2450/3000           ppo] rew -0.0081 vl    0.288 ent -3.007 kl 0.0082 spd 0.660 jmp 0.262 5704s | window:  0%/  -   ralow:  0%/  -   lifts:  0%/  -   quad:  0%/  -   ring:  0%/  -   sngspa:  0%/  -   sngspa:  0%/  -   tunnel:  0%/  -  
[it  2460/3000           ppo] rew +0.0014 vl    1.971 ent -3.011 kl 0.0055 spd 0.661 jmp 0.243 5720s | window:  0%/  -   ralow:  0%/  -   lifts:  0%/  -   quad:  0%/  -   ring:  0%/  -   sngspa:  0%/  -   sngspa:  0%/  -   tunnel:  0%/  -  
[it  2470/3000           ppo] rew -0.0113 vl    0.316 ent -2.897 kl 0.0096 spd 0.517 jmp 0.250 5737s | window:  0%/  -   ralow:  0%/  -   lifts:  0%/  -   quad:  0%/  -   ring:  0%/  -   sngspa:  0%/  -   sngspa:  0%/  -   tunnel:  0%/  -  
[it  2480/3000           ppo] rew -0.0137 vl    0.124 ent -2.961 kl 0.0157 spd 0.514 jmp 0.249 5753s | window:  0%/  -   ralow:  0%/  -   lifts:  0%/  -   quad:  0%/  -   ring:  0%/  -   sngspa:  0%/  -   sngspa:  0%/  -   tunnel:  0%/  -  
[it  2490/3000           ppo] rew -0.0134 vl    0.175 ent -2.936 kl 0.0056 spd 0.563 jmp 0.252 5770s | window:  0%/  -   ralow:  0%/  -   lifts:  0%/  -   quad:  0%/  -   ring:  0%/  -   sngspa:  0%/  -   sngspa:  0%/  -   tunnel:  0%/  -  
[it  2500/3000           ppo] rew -0.0139 vl    0.075 ent -2.973 kl 0.0050 spd 0.498 jmp 0.251 5787s | window:  0%/  -   ralow:  0%/  -   lifts:  0%/  -   quad:  0%/  -   ring:  0%/  -   sngspa:  0%/  -   sngspa:  0%/  -   tunnel:  0%/  -  
[it  2510/3000           ppo] rew -0.0121 vl    0.088 ent -3.022 kl 0.0064 spd 0.599 jmp 0.228 5804s | window:  0%/  -   ralow:  0%/  -   lifts:  0%/  -   quad:  0%/  -   ring:  0%/  -   sngspa:  0%/  -   sngspa:  0%/  -   tunnel:  0%/  -  
[it  2520/3000           ppo] rew -0.0147 vl    0.044 ent -2.993 kl 0.0144 spd 0.458 jmp 0.247 5821s | window:  0%/  -   ralow:  0%/  -   lifts:  0%/  -   quad:  0%/  -   ring:  0%/  -   sngspa:  0%/  -   sngspa:  0%/  -   tunnel:  0%/  -  
[it  2530/3000           ppo] rew -0.0076 vl    0.052 ent -3.142 kl 0.0063 spd 0.793 jmp 0.225 5837s | window:  0%/  -   ralow:  0%/  -   lifts:  0%/  -   quad:  0%/  -   ring:  0%/  -   sngspa:  0%/  -   sngspa:  0%/  -   tunnel:  0%/  -  
[it  2540/3000           ppo] rew -0.0165 vl    0.031 ent -2.977 kl 0.0049 spd 0.413 jmp 0.225 5854s | window:  0%/  -   ralow:  0%/  -   lifts:  0%/  -   quad:  0%/  -   ring:  0%/  -   sngspa:  0%/  -   sngspa:  0%/  -   tunnel:  0%/  -  
[it  2550/3000           ppo] rew -0.0087 vl    0.048 ent -3.178 kl 0.0072 spd 0.722 jmp 0.204 5871s | window:  0%/  -   ralow:  0%/  -   lifts:  0%/  -   quad:  0%/  -   ring:  0%/  -   sngspa:  0%/  -   sngspa:  0%/  -   tunnel:  0%/  -  
[it  2560/3000           ppo] rew -0.0053 vl    1.405 ent -3.033 kl 0.0072 spd 0.516 jmp 0.253 5888s | window:  0%/  -   ralow:  0%/  -   lifts:  0%/  -   quad:  0%/  -   ring:  0%/  -   sngspa:  0%/  -   sngspa:  0%/  -   tunnel:  0%/  -  
[it  2570/3000           ppo] rew +0.0004 vl    1.386 ent -3.187 kl 0.0067 spd 0.724 jmp 0.233 5905s | window:  0%/  -   ralow:  0%/  -   lifts:  0%/  -   quad:  0%/  -   ring:  0%/  -   sngspa:  0%/  -   sngspa:  0%/  -   tunnel:  0%/  -  
[it  2580/3000           ppo] rew -0.0134 vl    0.092 ent -3.086 kl 0.0056 spd 0.557 jmp 0.236 5922s | window:  0%/  -   ralow:  0%/  -   lifts:  0%/  -   quad:  0%/  -   ring:  0%/  -   sngspa:  0%/7.31 sngspa:  0%/  -   tunnel:  0%/  -  
[it  2590/3000           ppo] rew -0.0104 vl    0.070 ent -3.195 kl 0.0071 spd 0.709 jmp 0.249 5938s | window:  0%/  -   ralow:  0%/  -   lifts:  0%/  -   quad:  0%/  -   ring:  0%/  -   sngspa:  0%/  -   sngspa:  0%/  -   tunnel:  0%/  -  
[it  2600/3000           ppo] rew -0.0108 vl    0.059 ent -3.152 kl 0.0075 spd 0.739 jmp 0.268 5955s | window:  0%/  -   ralow:  0%/  -   lifts:  0%/  -   quad:  0%/  -   ring:  0%/  -   sngspa:  0%/  -   sngspa:  0%/  -   tunnel:  0%/  -  
[it  2610/3000           ppo] rew -0.0014 vl    1.587 ent -3.196 kl 0.0068 spd 0.699 jmp 0.249 5972s | window:  0%/  -   ralow:  0%/  -   lifts:  0%/  -   quad:  0%/  -   ring:  0%/  -   sngspa:  0%/  -   sngspa:  0%/  -   tunnel:  0%/  -  
[it  2620/3000           ppo] rew -0.0114 vl    0.044 ent -3.216 kl 0.0070 spd 0.670 jmp 0.244 5989s | window:  0%/  -   ralow:  0%/  -   lifts:  0%/  -   quad:  0%/  -   ring:  0%/  -   sngspa:  0%/  -   sngspa:  0%/  -   tunnel:  0%/  -  
[it  2630/3000           ppo] rew -0.0105 vl    0.060 ent -3.208 kl 0.0053 spd 0.688 jmp 0.242 6005s | window:  0%/  -   ralow:  0%/  -   lifts:  0%/  -   quad:  0%/  -   ring:  0%/  -   sngspa:  0%/  -   sngspa:  0%/  -   tunnel:  0%/  -  
[it  2640/3000           ppo] rew -0.0002 vl    1.258 ent -3.254 kl 0.0081 spd 0.700 jmp 0.257 6022s | window:  0%/  -   ralow:  0%/  -   lifts:  0%/  -   quad:  0%/  -   ring:  0%/  -   sngspa:  0%/  -   sngspa:  0%/  -   tunnel:  0%/  -  
[it  2650/3000           ppo] rew -0.0118 vl    0.083 ent -3.206 kl 0.0119 spd 0.609 jmp 0.238 6039s | window:  0%/  -   ralow:  0%/  -   lifts:  0%/  -   quad:  0%/  -   ring:  0%/  -   sngspa:  0%/  -   sngspa:  0%/  -   tunnel:  0%/  -  
[it  2660/3000           ppo] rew -0.0003 vl    1.655 ent -3.264 kl 0.0138 spd 0.646 jmp 0.232 6056s | window:  0%/  -   ralow:  0%/  -   lifts:  0%/  -   quad:  0%/  -   ring:  0%/  -   sngspa:  0%/  -   sngspa:  0%/  -   tunnel:  0%/  -  
[it  2670/3000           ppo] rew -0.0097 vl    0.107 ent -3.236 kl 0.0096 spd 0.731 jmp 0.265 6072s | window:  0%/  -   ralow:  0%/  -   lifts:  0%/  -   quad:  0%/  -   ring:  0%/  -   sngspa:  0%/  -   sngspa:  0%/  -   tunnel:  0%/  -  
[it  2680/3000           ppo] rew -0.0004 vl    1.716 ent -3.265 kl 0.0080 spd 0.625 jmp 0.229 6089s | window:  0%/  -   ralow:  0%/  -   lifts:  0%/  -   quad:  0%/  -   ring:  0%/  -   sngspa:  0%/  -   sngspa:  0%/  -   tunnel:  0%/  -  
[it  2690/3000           ppo] rew -0.0001 vl    1.260 ent -3.229 kl 0.0056 spd 0.639 jmp 0.241 6106s | window:  0%/  -   ralow:  0%/  -   lifts:  0%/  -   quad:  0%/  -   ring:  0%/  -   sngspa:  0%/  -   sngspa:  0%/  -   tunnel:  0%/  -  
[it  2700/3000           ppo] rew -0.0033 vl    1.656 ent -3.201 kl 0.0075 spd 0.511 jmp 0.220 6123s | window:  0%/  -   ralow:  0%/  -   lifts:  0%/  -   quad:  0%/  -   ring:  0%/  -   sngspa:  0%/  -   sngspa:  0%/  -   tunnel:  0%/  -  
[it  2710/3000           ppo] rew +0.0060 vl    1.744 ent -3.352 kl 0.0076 spd 0.818 jmp 0.211 6140s | window:  0%/  -   ralow:  0%/  -   lifts:  0%/  -   quad:  0%/  -   ring:  0%/  -   sngspa:  0%/  -   sngspa:  0%/  -   tunnel:  0%/  -  
[it  2720/3000           ppo] rew -0.0038 vl    0.616 ent -3.204 kl 0.0086 spd 0.479 jmp 0.211 6156s | window:  0%/  -   ralow:  0%/  -   lifts:  0%/  -   quad:  0%/  -   ring:  0%/  -   sngspa:  0%/  -   sngspa:  0%/  -   tunnel:  0%/  -  
[it  2730/3000           ppo] rew -0.0066 vl    0.115 ent -3.374 kl 0.0058 spd 0.793 jmp 0.216 6173s | window:  0%/  -   ralow:  0%/  -   lifts:  0%/  -   quad:  0%/  -   ring:  0%/  -   sngspa:  0%/  -   sngspa:  0%/  -   tunnel:  0%/  -  
[it  2740/3000           ppo] rew -0.0127 vl    0.157 ent -3.251 kl 0.0235 spd 0.618 jmp 0.204 6190s | window:  0%/  -   ralow:  0%/  -   lifts:  0%/  -   quad:  0%/  -   ring:  0%/  -   sngspa:  0%/  -   sngspa:  0%/  -   tunnel:  0%/  -  
[it  2750/3000           ppo] rew -0.0087 vl    0.059 ent -3.420 kl 0.0052 spd 0.740 jmp 0.173 6207s | window:  0%/  -   ralow:  0%/  -   lifts:  0%/  -   quad:  0%/  -   ring:  0%/  -   sngspa:  0%/7.20 sngspa:  0%/6.90 tunnel:  0%/  -  
[it  2760/3000           ppo] rew -0.0125 vl    0.060 ent -3.311 kl 0.0054 spd 0.581 jmp 0.169 6224s | window:  0%/  -   ralow:  0%/  -   lifts:  0%/  -   quad:  0%/  -   ring:  0%/  -   sngspa:  0%/  -   sngspa:  0%/  -   tunnel:  0%/  -  
[it  2770/3000           ppo] rew -0.0112 vl    0.047 ent -3.384 kl 0.0042 spd 0.650 jmp 0.155 6241s | window:  0%/  -   ralow:  0%/  -   lifts:  0%/  -   quad:  0%/  -   ring:  0%/  -   sngspa:  0%/  -   sngspa:  0%/  -   tunnel:  0%/  -  
[it  2780/3000           ppo] rew -0.0072 vl    0.050 ent -3.408 kl 0.0058 spd 0.755 jmp 0.179 6258s | window:  0%/  -   ralow:  0%/  -   lifts:  0%/  -   quad:  0%/  -   ring:  0%/  -   sngspa:  0%/  -   sngspa:  0%/  -   tunnel:  0%/  -  
[it  2790/3000           ppo] rew -0.0118 vl    0.062 ent -3.409 kl 0.0055 spd 0.655 jmp 0.152 6274s | window:  0%/  -   ralow:  0%/  -   lifts:  0%/  -   quad:  0%/  -   ring:  0%/  -   sngspa:  0%/  -   sngspa:  0%/  -   tunnel:  0%/  -  
[it  2800/3000           ppo] rew -0.0084 vl    0.065 ent -3.431 kl 0.0047 spd 0.668 jmp 0.153 6291s | window:  0%/  -   ralow:  0%/  -   lifts:  0%/  -   quad:  0%/  -   ring:  0%/  -   sngspa:  0%/  -   sngspa:  0%/  -   tunnel:  0%/  -  
[it  2810/3000           ppo] rew -0.0117 vl    0.081 ent -3.467 kl 0.0076 spd 0.720 jmp 0.134 6308s | window:  0%/  -   ralow:  0%/  -   lifts:  0%/  -   quad:  0%/  -   ring:  0%/  -   sngspa:  0%/  -   sngspa:  0%/  -   tunnel:  0%/  -  
[it  2820/3000           ppo] rew +0.0099 vl    2.344 ent -3.398 kl 0.0058 spd 0.636 jmp 0.179 6325s | window:  0%/  -   ralow:  0%/  -   lifts:  0%/  -   quad:  0%/  -   ring:  0%/  -   sngspa:  0%/  -   sngspa:  0%/  -   tunnel:  0%/  -  
[it  2830/3000           ppo] rew -0.0123 vl    0.056 ent -3.488 kl 0.0054 spd 0.712 jmp 0.127 6342s | window:  0%/  -   ralow:  0%/  -   lifts:  0%/  -   quad:  0%/  -   ring:  0%/  -   sngspa:  0%/  -   sngspa:  0%/  -   tunnel:  0%/  -  
[it  2840/3000           ppo] rew -0.0078 vl    0.076 ent -3.477 kl 0.0046 spd 0.782 jmp 0.182 6359s | window:  0%/  -   ralow:  0%/  -   lifts:  0%/  -   quad:  0%/  -   ring:  0%/  -   sngspa:  0%/  -   sngspa:  0%/  -   tunnel:  0%/  -  
[it  2850/3000           ppo] rew -0.0075 vl    0.057 ent -3.569 kl 0.0099 spd 0.894 jmp 0.157 6376s | window:  0%/  -   ralow:  0%/  -   lifts:  0%/  -   quad:  0%/  -   ring:  0%/  -   sngspa:  0%/  -   sngspa:  0%/  -   tunnel:  0%/  -  
[it  2860/3000           ppo] rew -0.0079 vl    0.071 ent -3.520 kl 0.0053 spd 0.857 jmp 0.184 6392s | window:  0%/  -   ralow:  0%/  -   lifts:  0%/  -   quad:  0%/  -   ring:  0%/  -   sngspa:  0%/  -   sngspa:  0%/  -   tunnel:  0%/  -  
[it  2870/3000           ppo] rew -0.0089 vl    0.043 ent -3.614 kl 0.0046 spd 0.847 jmp 0.125 6409s | window:  0%/  -   ralow:  0%/  -   lifts:  0%/  -   quad:  0%/  -   ring:  0%/  -   sngspa:  0%/  -   sngspa:  0%/  -   tunnel:  0%/  -  
[it  2880/3000           ppo] rew -0.0087 vl    0.108 ent -3.606 kl 0.0055 spd 0.852 jmp 0.141 6426s | window:  0%/  -   ralow:  0%/  -   lifts:  0%/  -   quad:  0%/  -   ring:  0%/  -   sngspa:  0%/  -   sngspa:  0%/  -   tunnel:  0%/  -  
[it  2890/3000           ppo] rew +0.0014 vl    1.249 ent -3.649 kl 0.0088 spd 0.860 jmp 0.119 6443s | window:  0%/  -   ralow:  0%/  -   lifts:  0%/  -   quad:  0%/  -   ring:  0%/  -   sngspa:  0%/  -   sngspa:  0%/  -   tunnel:  0%/  -  
[it  2900/3000           ppo] rew -0.0106 vl    0.063 ent -3.649 kl 0.0058 spd 0.850 jmp 0.105 6459s | window:  0%/  -   ralow:  0%/  -   lifts:  0%/  -   quad:  0%/  -   ring:  0%/  -   sngspa:  0%/  -   sngspa:  0%/  -   tunnel:  0%/  -  
[it  2910/3000           ppo] rew -0.0012 vl    1.595 ent -3.669 kl 0.0073 spd 0.783 jmp 0.085 6476s | window:  0%/  -   ralow:  0%/  -   lifts:  0%/  -   quad:  0%/  -   ring:  0%/  -   sngspa:  0%/  -   sngspa:  0%/  -   tunnel:  0%/  -  
[it  2920/3000           ppo] rew -0.0082 vl    0.129 ent -3.669 kl 0.0042 spd 0.908 jmp 0.123 6492s | window:  0%/  -   ralow:  0%/  -   lifts:  0%/  -   quad:  0%/  -   ring:  0%/  -   sngspa:  0%/  -   sngspa:  0%/  -   tunnel:  0%/  -  
[it  2930/3000           ppo] rew -0.0004 vl    1.864 ent -3.695 kl 0.0208 spd 0.762 jmp 0.071 6509s | window:  0%/  -   ralow:  0%/  -   lifts:  0%/  -   quad:  0%/  -   ring:  0%/  -   sngspa:  0%/  -   sngspa:  0%/  -   tunnel:  0%/  -  
[it  2940/3000           ppo] rew -0.0085 vl    0.088 ent -3.740 kl 0.0066 spd 0.821 jmp 0.055 6526s | window:  0%/  -   ralow:  0%/  -   lifts:  0%/  -   quad:  0%/  -   ring:  0%/  -   sngspa:  0%/  -   sngspa:  0%/  -   tunnel:  0%/  -  
[it  2950/3000           ppo] rew -0.0053 vl    0.284 ent -3.702 kl 0.0089 spd 0.851 jmp 0.086 6543s | window:  0%/  -   ralow:  0%/  -   lifts:  0%/  -   quad:  0%/  -   ring:  0%/  -   sngspa:  0%/  -   sngspa:  0%/  -   tunnel:  0%/  -  
[it  2960/3000           ppo] rew +0.0040 vl    1.515 ent -3.793 kl 0.0048 spd 0.897 jmp 0.055 6560s | window:  0%/  -   ralow:  0%/  -   lifts:  0%/  -   quad:  0%/  -   ring:  0%/  -   sngspa:  0%/  -   sngspa:  0%/  -   tunnel:  0%/  -  
[it  2970/3000           ppo] rew -0.0039 vl    0.220 ent -3.819 kl 0.0051 spd 0.977 jmp 0.047 6577s | window:  0%/  -   ralow:  0%/  -   lifts:  0%/  -   quad:  0%/  -   ring:  0%/  -   sngspa:  0%/  -   sngspa:  0%/  -   tunnel:  0%/  -  
[it  2980/3000           ppo] rew -0.0020 vl    0.796 ent -3.823 kl 0.0080 spd 0.816 jmp 0.023 6593s | window:  0%/  -   ralow:  0%/  -   lifts:  0%/  -   quad:  0%/  -   ring:  0%/  -   sngspa:  0%/  -   sngspa:  0%/  -   tunnel:  0%/  -  
[it  2990/3000           ppo] rew -0.0056 vl    0.121 ent -3.830 kl 0.0038 spd 0.980 jmp 0.043 6610s | window:  0%/  -   ralow:  0%/  -   lifts:  0%/  -   quad:  0%/  -   ring:  0%/  -   sngspa:  0%/  -   sngspa:  0%/  -   tunnel:  0%/  -  
[it  3000/3000           ppo] rew -0.0131 vl    0.049 ent -3.848 kl 0.0054 spd 0.781 jmp 0.003 6627s | window:  0%/  -   ralow:  0%/  -   lifts:  0%/  -   quad:  0%/  -   ring:  0%/  -   sngspa:  0%/  -   sngspa:  0%/  -   tunnel:  0%/  -  
saved /home/benjamin-adm/rex-ml/pipeline/out/race/race_h2.pt
