jump head recalibrated: p(jump) 0.0062 -> 0.1000 (bias +2.917)
routes=['window_to_rl', 'ralow_to_ratop', 'lifts_to_sng_mega', 'ring_to_ratop', 'sngspawn_a_to_mega', 'sngspawn_b_to_mega', 'tunnel_to_ra']  n_per_route=2048  human_k=0  envs=7  total_slots=14336  T=64  gamma=0.999
  window_to_rl           navmesh                      path    2002 u  n= 2048  gate  2.75s  needs    728 u/s average
  ralow_to_ratop         navmesh                      path    3052 u  n= 2048  gate  7.71s  needs    396 u/s average
  lifts_to_sng_mega      navmesh                      path    2325 u  n= 2048  gate  7.93s  needs    293 u/s average
  ring_to_ratop          navmesh                      path    2842 u  n= 2048  gate  9.26s  needs    307 u/s average
  sngspawn_a_to_mega     navmesh                      path    2540 u  n= 2048  gate  9.98s  needs    255 u/s average
  sngspawn_b_to_mega     navmesh                      path    3110 u  n= 2048  gate  9.98s  needs    312 u/s average
  tunnel_to_ra           navmesh                      path    3885 u  n= 2048  gate 12.13s  needs    320 u/s average
[it     1/3000 critic_warmup] rew -0.0281 vl    0.046 ent +0.619 kl 0.0000 spd 0.190 jmp 0.444 2s | window:  0%/  -   ralow:  0%/  -   lifts:  0%/  -   ring:  0%/  -   sngspa:  0%/  -   sngspa:  0%/  -   tunnel:  0%/  -  
[it    10/3000 critic_warmup] rew -0.0252 vl    0.038 ent +0.639 kl 0.0000 spd 0.183 jmp 0.430 17s | window:  0%/  -   ralow:  0%/  -   lifts:  0%/  -   ring:  0%/  -   sngspa:  0%/  -   sngspa:  0%/  -   tunnel:  0%/  -  
[it    20/3000           ppo] rew -0.0205 vl    0.048 ent +0.534 kl 0.0148 spd 0.337 jmp 0.432 33s | window:  0%/  -   ralow:  0%/  -   lifts:  0%/  -   ring:  0%/  -   sngspa:  0%/  -   sngspa:  0%/  -   tunnel:  0%/  -  
[it    30/3000           ppo] rew -0.0168 vl    0.043 ent +0.320 kl 0.0108 spd 0.448 jmp 0.431 49s | window:  0%/11.80 ralow:  0%/  -   lifts:  0%/  -   ring:  0%/  -   sngspa:  0%/  -   sngspa:  0%/  -   tunnel:  0%/  -  
[it    40/3000           ppo] rew -0.0149 vl    0.443 ent +0.231 kl 0.0096 spd 0.462 jmp 0.442 65s | window:100%/10.21 ralow:  0%/  -   lifts:  0%/  -   ring:  0%/  -   sngspa:  0%/  -   sngspa:  0%/  -   tunnel:  0%/  -  
[it    50/3000           ppo] rew -0.0159 vl    0.106 ent +0.136 kl 0.0069 spd 0.510 jmp 0.403 81s | window: 12%/11.54 ralow:  0%/  -   lifts:  0%/  -   ring:  0%/  -   sngspa:  0%/  -   sngspa:  0%/18.07 tunnel:  0%/  -  
[it    60/3000           ppo] rew -0.0158 vl    0.073 ent +0.135 kl 0.0068 spd 0.554 jmp 0.399 97s | window: 19%/10.32 ralow:  0%/  -   lifts:  0%/  -   ring:  0%/  -   sngspa:100%/13.19 sngspa:  0%/  -   tunnel:  0%/  -  
[it    70/3000           ppo] rew -0.0039 vl    1.639 ent +0.145 kl 0.0125 spd 0.525 jmp 0.397 114s | window: 74%/9.35 ralow:  0%/  -   lifts:  0%/  -   ring:  0%/  -   sngspa:  0%/  -   sngspa:  0%/  -   tunnel:  0%/18.63
[it    80/3000           ppo] rew -0.0128 vl    0.418 ent +0.094 kl 0.0080 spd 0.600 jmp 0.380 130s | window: 84%/8.89 ralow:  0%/  -   lifts:  0%/  -   ring:100%/14.21 sngspa:  0%/  -   sngspa:  0%/  -   tunnel:  0%/  -  
[it    90/3000           ppo] rew -0.0150 vl    0.398 ent +0.092 kl 0.0071 spd 0.584 jmp 0.368 146s | window: 80%/8.57 ralow:100%/14.87 lifts:  0%/  -   ring:  0%/  -   sngspa:  0%/  -   sngspa:  0%/  -   tunnel:  0%/  -  
[it   100/3000           ppo] rew -0.0130 vl    0.404 ent +0.098 kl 0.0101 spd 0.601 jmp 0.380 162s | window: 75%/8.39 ralow:  0%/  -   lifts:  0%/  -   ring:  0%/  -   sngspa:  0%/  -   sngspa:  0%/  -   tunnel:  0%/  -  
[it   110/3000           ppo] rew -0.0032 vl    1.412 ent +0.074 kl 0.0120 spd 0.614 jmp 0.356 179s | window: 69%/8.22 ralow:  0%/14.35 lifts:  0%/  -   ring:  0%/  -   sngspa:  0%/  -   sngspa:  0%/  -   tunnel:  0%/  -  
[it   120/3000           ppo] rew -0.0154 vl    0.353 ent +0.138 kl 0.0084 spd 0.539 jmp 0.405 195s | window: 62%/8.16 ralow:  0%/  -   lifts:  0%/  -   ring: 25%/13.27 sngspa:  0%/  -   sngspa:  0%/  -   tunnel:  0%/18.36
[it   130/3000           ppo] rew -0.0005 vl    2.091 ent +0.030 kl 0.0096 spd 0.647 jmp 0.376 211s | window: 58%/8.12 ralow:  0%/14.00 lifts:  0%/  -   ring:  0%/  -   sngspa:  0%/  -   sngspa:  0%/  -   tunnel:  0%/  -  
[it   140/3000           ppo] rew -0.0147 vl    0.339 ent +0.166 kl 0.0070 spd 0.561 jmp 0.431 228s | window: 56%/8.12 ralow:  0%/  -   lifts:  0%/  -   ring: 20%/15.06 sngspa:  0%/  -   sngspa:  0%/  -   tunnel:  0%/19.32
[it   150/3000           ppo] rew -0.0079 vl    0.332 ent -0.006 kl 0.0082 spd 0.714 jmp 0.410 244s | window: 61%/8.06 ralow:  1%/13.97 lifts:  0%/  -   ring:  0%/  -   sngspa:  0%/  -   sngspa:  0%/  -   tunnel:  0%/  -  
[it   160/3000           ppo] rew -0.0166 vl    0.307 ent +0.198 kl 0.0054 spd 0.537 jmp 0.452 260s | window: 61%/7.98 ralow: 67%/11.65 lifts:  0%/  -   ring:  0%/  -   sngspa:100%/11.72 sngspa:100%/11.30 tunnel: 33%/18.02
[it   170/3000           ppo] rew -0.0084 vl    0.345 ent -0.033 kl 0.0069 spd 0.698 jmp 0.423 276s | window: 68%/7.90 ralow:  0%/13.55 lifts:  0%/  -   ring:  0%/  -   sngspa:  0%/  -   sngspa:  0%/13.04 tunnel:  0%/  -  
[it   180/3000           ppo] rew -0.0164 vl    0.322 ent +0.102 kl 0.0150 spd 0.562 jmp 0.438 292s | window: 72%/8.01 ralow: 12%/12.77 lifts:  0%/  -   ring: 29%/12.57 sngspa: 25%/11.69 sngspa:  0%/  -   tunnel:  0%/  -  
[it   190/3000           ppo] rew -0.0086 vl    0.302 ent -0.086 kl 0.0084 spd 0.695 jmp 0.416 308s | window: 72%/7.90 ralow:  0%/14.69 lifts:  0%/  -   ring:  0%/  -   sngspa:  0%/13.20 sngspa:  0%/12.96 tunnel:  0%/19.00
[it   200/3000           ppo] rew -0.0160 vl    0.286 ent +0.086 kl 0.0057 spd 0.565 jmp 0.455 324s | window: 73%/7.91 ralow: 12%/12.64 lifts:100%/8.62 ring: 12%/11.07 sngspa: 67%/9.60 sngspa:  0%/  -   tunnel:  0%/  -  
[it   210/3000           ppo] rew -0.0090 vl    0.314 ent -0.085 kl 0.0092 spd 0.671 jmp 0.394 340s | window: 73%/7.83 ralow:  0%/  -   lifts:  0%/  -   ring:  0%/  -   sngspa:  0%/  -   sngspa:  0%/12.59 tunnel:  0%/16.04
[it   220/3000           ppo] rew -0.0037 vl    1.352 ent +0.016 kl 0.0066 spd 0.573 jmp 0.410 356s | window: 72%/7.84 ralow:  0%/13.77 lifts: 50%/11.10 ring:  0%/  -   sngspa:  0%/  -   sngspa:  0%/  -   tunnel:  0%/  -  
[it   230/3000           ppo] rew +0.0077 vl    3.000 ent -0.021 kl 0.0100 spd 0.586 jmp 0.427 372s | window: 65%/7.91 ralow:  0%/  -   lifts:  0%/  -   ring:  0%/  -   sngspa:  0%/10.82 sngspa:  0%/13.92 tunnel:  0%/  -  
[it   240/3000           ppo] rew -0.0114 vl    0.348 ent -0.039 kl 0.0066 spd 0.613 jmp 0.412 388s | window: 62%/7.84 ralow:  0%/  -   lifts:  0%/  -   ring:  0%/  -   sngspa:  0%/  -   sngspa:  0%/  -   tunnel:  0%/  -  
[it   250/3000           ppo] rew -0.0157 vl    0.350 ent +0.030 kl 0.0052 spd 0.553 jmp 0.416 404s | window: 62%/7.88 ralow:  0%/  -   lifts:  0%/  -   ring:  0%/  -   sngspa: 15%/10.84 sngspa: 21%/12.35 tunnel:  0%/  -  
[it   260/3000           ppo] rew -0.0011 vl    2.197 ent -0.203 kl 0.0086 spd 0.620 jmp 0.358 420s | window: 62%/7.80 ralow:  0%/  -   lifts:  0%/  -   ring:  0%/  -   sngspa:  0%/  -   sngspa:  0%/  -   tunnel:  0%/  -  
[it   270/3000           ppo] rew -0.0157 vl    0.336 ent -0.022 kl 0.0062 spd 0.583 jmp 0.426 436s | window: 61%/7.81 ralow:  0%/  -   lifts:  0%/  -   ring:  0%/  -   sngspa: 12%/10.21 sngspa: 13%/12.42 tunnel:  0%/  -  
[it   280/3000           ppo] rew -0.0091 vl    0.303 ent -0.314 kl 0.0082 spd 0.691 jmp 0.399 452s | window: 52%/7.78 ralow:  0%/  -   lifts:  0%/  -   ring:  0%/  -   sngspa:  0%/  -   sngspa:  0%/  -   tunnel:  0%/  -  
[it   290/3000           ppo] rew -0.0149 vl    0.290 ent -0.048 kl 0.0056 spd 0.580 jmp 0.448 468s | window: 45%/7.91 ralow:  0%/  -   lifts:  0%/  -   ring:  0%/  -   sngspa: 30%/10.53 sngspa: 25%/13.52 tunnel:  0%/  -  
[it   300/3000           ppo] rew -0.0112 vl    0.205 ent -0.247 kl 0.0072 spd 0.724 jmp 0.403 484s | window: 30%/7.85 ralow:  0%/  -   lifts:  0%/  -   ring:  0%/  -   sngspa:  0%/  -   sngspa:  0%/  -   tunnel:  0%/  -  
[it   310/3000           ppo] rew -0.0139 vl    0.224 ent -0.109 kl 0.0052 spd 0.597 jmp 0.438 501s | window: 30%/7.83 ralow:  0%/  -   lifts:  0%/  -   ring:  0%/  -   sngspa: 15%/10.20 sngspa: 13%/11.76 tunnel:  0%/  -  
[it   320/3000           ppo] rew -0.0126 vl    0.168 ent -0.266 kl 0.0069 spd 0.682 jmp 0.378 517s | window: 29%/7.75 ralow:  0%/  -   lifts:  0%/  -   ring:  0%/  -   sngspa:  0%/  -   sngspa:  0%/  -   tunnel:  0%/  -  
[it   330/3000           ppo] rew -0.0044 vl    1.224 ent -0.198 kl 0.0058 spd 0.556 jmp 0.417 533s | window: 28%/7.77 ralow:  0%/  -   lifts:  0%/  -   ring:  0%/  -   sngspa: 16%/10.35 sngspa: 15%/11.96 tunnel:  0%/  -  
[it   340/3000           ppo] rew -0.0130 vl    0.194 ent -0.284 kl 0.0066 spd 0.662 jmp 0.399 549s | window: 35%/7.73 ralow:  0%/  -   lifts:  0%/  -   ring:  0%/  -   sngspa:  0%/  -   sngspa:  0%/  -   tunnel:  0%/  -  
[it   350/3000           ppo] rew -0.0134 vl    0.211 ent -0.249 kl 0.0070 spd 0.569 jmp 0.428 565s | window: 35%/7.64 ralow:  0%/  -   lifts:  0%/  -   ring:  0%/  -   sngspa: 20%/10.31 sngspa:  7%/12.31 tunnel:  0%/  -  
[it   360/3000           ppo] rew -0.0122 vl    0.207 ent -0.329 kl 0.0067 spd 0.644 jmp 0.391 581s | window: 28%/7.63 ralow:  0%/  -   lifts:  0%/  -   ring:  0%/  -   sngspa:  0%/  -   sngspa:  0%/  -   tunnel:  0%/  -  
[it   370/3000           ppo] rew -0.0032 vl    1.198 ent -0.266 kl 0.0064 spd 0.570 jmp 0.411 597s | window: 26%/7.60 ralow:  0%/  -   lifts:  0%/  -   ring:  0%/  -   sngspa:  9%/9.84 sngspa: 13%/12.46 tunnel:  0%/  -  
[it   380/3000           ppo] rew -0.0111 vl    0.207 ent -0.367 kl 0.0060 spd 0.642 jmp 0.437 614s | window: 20%/7.74 ralow:  0%/  -   lifts:  0%/  -   ring:  0%/  -   sngspa:  0%/  -   sngspa:  0%/  -   tunnel:  0%/  -  
[it   390/3000           ppo] rew -0.0022 vl    1.926 ent -0.320 kl 0.0153 spd 0.594 jmp 0.450 630s | window: 18%/7.60 ralow:  0%/  -   lifts:  0%/  -   ring:  0%/  -   sngspa:  7%/10.40 sngspa: 19%/12.22 tunnel:  0%/  -  
[it   400/3000           ppo] rew -0.0130 vl    0.171 ent -0.401 kl 0.0062 spd 0.604 jmp 0.458 646s | window: 18%/7.67 ralow:  0%/  -   lifts:  0%/  -   ring:  0%/  -   sngspa:  0%/  -   sngspa:  0%/14.06 tunnel:  0%/  -  
[it   410/3000           ppo] rew -0.0119 vl    0.308 ent -0.349 kl 0.0054 spd 0.659 jmp 0.470 662s | window: 15%/7.45 ralow:  0%/  -   lifts:  0%/  -   ring:  0%/  -   sngspa: 17%/10.07 sngspa: 25%/11.87 tunnel:  0%/  -  
[it   420/3000           ppo] rew -0.0148 vl    0.184 ent -0.444 kl 0.0092 spd 0.555 jmp 0.462 678s | window: 16%/7.52 ralow:  0%/  -   lifts:  0%/  -   ring:  0%/  -   sngspa:  0%/  -   sngspa:  0%/  -   tunnel:  0%/  -  
[it   430/3000           ppo] rew -0.0125 vl    0.292 ent -0.351 kl 0.0067 spd 0.656 jmp 0.472 695s | window: 16%/7.60 ralow:  0%/  -   lifts:  0%/  -   ring:  0%/  -   sngspa:  7%/9.84 sngspa: 22%/11.25 tunnel:  0%/  -  
[it   440/3000           ppo] rew -0.0023 vl    1.067 ent -0.514 kl 0.0070 spd 0.623 jmp 0.484 711s | window: 15%/7.70 ralow:  0%/  -   lifts:  0%/  -   ring:  0%/  -   sngspa:  0%/  -   sngspa:  0%/12.70 tunnel:  0%/  -  
[it   450/3000           ppo] rew -0.0126 vl    0.290 ent -0.401 kl 0.0065 spd 0.616 jmp 0.491 727s | window: 12%/7.47 ralow:  0%/  -   lifts:  0%/  -   ring:  0%/  -   sngspa: 15%/9.51 sngspa: 25%/10.96 tunnel:  0%/  -  
[it   460/3000           ppo] rew -0.0121 vl    0.153 ent -0.507 kl 0.0070 spd 0.657 jmp 0.489 743s | window: 13%/7.43 ralow:  0%/  -   lifts:  0%/  -   ring:  0%/  -   sngspa:  0%/11.43 sngspa:  1%/12.23 tunnel:  0%/  -  
[it   470/3000           ppo] rew -0.0120 vl    0.205 ent -0.460 kl 0.0056 spd 0.600 jmp 0.479 759s | window:  9%/7.56 ralow:  0%/  -   lifts:  0%/  -   ring:  0%/  -   sngspa: 21%/9.94 sngspa:  0%/  -   tunnel:  0%/  -  
[it   480/3000           ppo] rew +0.0065 vl    3.132 ent -0.523 kl 0.0075 spd 0.603 jmp 0.467 776s | window: 10%/7.28 ralow:  0%/  -   lifts:  0%/  -   ring:  0%/  -   sngspa:  1%/11.17 sngspa:  1%/12.28 tunnel:  0%/  -  
[it   490/3000           ppo] rew -0.0135 vl    0.181 ent -0.537 kl 0.0054 spd 0.574 jmp 0.459 792s | window: 11%/7.55 ralow:  0%/  -   lifts:  0%/  -   ring:  0%/  -   sngspa:  6%/9.25 sngspa: 50%/12.36 tunnel:  0%/  -  
[it   500/3000           ppo] rew -0.0161 vl    0.202 ent -0.502 kl 0.0081 spd 0.573 jmp 0.444 808s | window: 10%/7.46 ralow:  0%/  -   lifts:  0%/  -   ring:  0%/  -   sngspa: 16%/10.25 sngspa: 15%/11.72 tunnel:  0%/  -  
[it   510/3000           ppo] rew -0.0126 vl    0.198 ent -0.629 kl 0.0069 spd 0.608 jmp 0.429 824s | window: 16%/7.29 ralow:  0%/  -   lifts:  0%/  -   ring:  0%/  -   sngspa:  0%/9.80 sngspa:  0%/11.86 tunnel:  0%/  -  
[it   520/3000           ppo] rew -0.0026 vl    2.100 ent -0.594 kl 0.0290 spd 0.585 jmp 0.440 840s | window: 21%/7.25 ralow:  0%/  -   lifts:  0%/  -   ring:  0%/  -   sngspa: 14%/9.84 sngspa: 19%/11.89 tunnel:  0%/  -  
[it   530/3000           ppo] rew -0.0140 vl    0.241 ent -0.634 kl 0.0074 spd 0.602 jmp 0.439 856s | window: 23%/7.31 ralow:  0%/  -   lifts:  0%/  -   ring:  0%/  -   sngspa:  0%/9.55 sngspa:  0%/  -   tunnel:  0%/  -  
[it   540/3000           ppo] rew -0.0118 vl    0.250 ent -0.653 kl 0.0144 spd 0.666 jmp 0.440 873s | window: 24%/7.21 ralow:  0%/  -   lifts:  0%/  -   ring:  0%/  -   sngspa:  5%/9.45 sngspa:  8%/11.52 tunnel:  0%/  -  
[it   550/3000           ppo] rew -0.0017 vl    1.636 ent -0.711 kl 0.0089 spd 0.639 jmp 0.426 889s | window: 25%/7.24 ralow:  0%/  -   lifts:  0%/  -   ring:  0%/  -   sngspa:  0%/8.43 sngspa:  0%/  -   tunnel:  0%/  -  
[it   560/3000           ppo] rew -0.0145 vl    0.178 ent -0.640 kl 0.0061 spd 0.579 jmp 0.448 905s | window: 23%/7.36 ralow:  0%/  -   lifts:  0%/  -   ring:  0%/  -   sngspa:  4%/9.93 sngspa:  2%/12.28 tunnel:  0%/  -  
[it   570/3000           ppo] rew -0.0095 vl    0.186 ent -0.732 kl 0.0075 spd 0.723 jmp 0.429 921s | window: 18%/7.24 ralow:  0%/  -   lifts:  0%/  -   ring:  0%/  -   sngspa:  0%/  -   sngspa:  0%/  -   tunnel:  0%/  -  
[it   580/3000           ppo] rew -0.0155 vl    0.199 ent -0.644 kl 0.0056 spd 0.490 jmp 0.436 938s | window: 15%/7.28 ralow:  0%/  -   lifts:  0%/  -   ring:  0%/  -   sngspa:  6%/10.00 sngspa:  7%/12.10 tunnel:  0%/  -  
[it   590/3000           ppo] rew -0.0080 vl    0.251 ent -0.739 kl 0.0059 spd 0.726 jmp 0.434 954s | window: 16%/7.32 ralow:  0%/  -   lifts:  0%/  -   ring:  0%/  -   sngspa:  0%/  -   sngspa:  0%/  -   tunnel:  0%/  -  
[it   600/3000           ppo] rew -0.0164 vl    0.208 ent -0.644 kl 0.0072 spd 0.480 jmp 0.447 970s | window: 18%/7.27 ralow:  0%/  -   lifts:  0%/  -   ring:  0%/  -   sngspa:  4%/9.88 sngspa:  2%/12.84 tunnel:  0%/  -  
[it   610/3000           ppo] rew -0.0084 vl    0.249 ent -0.806 kl 0.0067 spd 0.733 jmp 0.439 986s | window: 19%/7.20 ralow:  0%/  -   lifts:  0%/  -   ring:  0%/  -   sngspa:  0%/  -   sngspa:  0%/12.24 tunnel:  0%/  -  
[it   620/3000           ppo] rew -0.0166 vl    0.201 ent -0.708 kl 0.0067 spd 0.475 jmp 0.429 1002s | window: 22%/7.29 ralow:  0%/  -   lifts:  0%/  -   ring:  0%/  -   sngspa:  4%/9.93 sngspa:  4%/11.73 tunnel:  0%/  -  
[it   630/3000           ppo] rew -0.0095 vl    0.227 ent -0.832 kl 0.0081 spd 0.677 jmp 0.435 1018s | window: 24%/7.31 ralow:  0%/  -   lifts: 33%/10.42 ring:  0%/  -   sngspa:  0%/  -   sngspa:  0%/  -   tunnel:  0%/  -  
[it   640/3000           ppo] rew -0.0166 vl    0.208 ent -0.744 kl 0.0058 spd 0.491 jmp 0.420 1034s | window: 22%/7.22 ralow:  0%/  -   lifts:  0%/  -   ring:  0%/  -   sngspa:  2%/10.18 sngspa:  1%/11.72 tunnel:  0%/  -  
[it   650/3000           ppo] rew -0.0002 vl    1.159 ent -0.901 kl 0.0088 spd 0.648 jmp 0.455 1050s | window: 20%/7.24 ralow:  0%/  -   lifts:  0%/  -   ring:  0%/  -   sngspa:  0%/  -   sngspa:  0%/  -   tunnel:  0%/  -  
[it   660/3000           ppo] rew -0.0042 vl    1.391 ent -0.804 kl 0.0092 spd 0.500 jmp 0.428 1066s | window: 15%/7.34 ralow:  0%/  -   lifts:  0%/  -   ring:  0%/  -   sngspa:  3%/10.05 sngspa:  1%/12.19 tunnel:  0%/  -  
[it   670/3000           ppo] rew -0.0001 vl    1.622 ent -0.903 kl 0.0103 spd 0.674 jmp 0.450 1082s | window: 18%/7.15 ralow:  0%/  -   lifts:  0%/  -   ring:  0%/  -   sngspa:  0%/8.89 sngspa:  0%/12.68 tunnel:  0%/  -  
[it   680/3000           ppo] rew -0.0111 vl    0.250 ent -0.863 kl 0.0071 spd 0.590 jmp 0.428 1098s | window: 18%/7.17 ralow:  0%/  -   lifts:  0%/  -   ring:  0%/  -   sngspa:  3%/9.58 sngspa:  4%/10.61 tunnel:  0%/  -  
[it   690/3000           ppo] rew -0.0111 vl    0.192 ent -0.880 kl 0.0089 spd 0.654 jmp 0.441 1114s | window: 18%/7.14 ralow:  0%/  -   lifts:  0%/  -   ring:  0%/  -   sngspa:  0%/10.39 sngspa:  0%/12.75 tunnel:  0%/  -  
[it   700/3000           ppo] rew -0.0102 vl    0.249 ent -0.863 kl 0.0092 spd 0.597 jmp 0.449 1130s | window: 20%/7.13 ralow:  0%/  -   lifts:  0%/  -   ring:  0%/  -   sngspa:  3%/9.48 sngspa:  6%/10.50 tunnel:  0%/  -  
[it   710/3000           ppo] rew -0.0122 vl    0.186 ent -0.901 kl 0.0071 spd 0.598 jmp 0.468 1146s | window: 14%/7.18 ralow:  0%/  -   lifts:  0%/  -   ring:  0%/  -   sngspa:  0%/  -   sngspa:  0%/12.38 tunnel:  0%/  -  
[it   720/3000           ppo] rew -0.0145 vl    0.264 ent -0.899 kl 0.0078 spd 0.515 jmp 0.453 1162s | window: 12%/7.11 ralow:  0%/  -   lifts:  0%/  -   ring:  0%/  -   sngspa:  2%/9.49 sngspa:  0%/  -   tunnel:  0%/  -  
[it   730/3000           ppo] rew +0.0060 vl    3.570 ent -0.896 kl 0.0138 spd 0.540 jmp 0.460 1179s | window: 13%/6.99 ralow:  0%/  -   lifts:  0%/  -   ring:  0%/  -   sngspa:  0%/10.29 sngspa:  0%/12.00 tunnel:  0%/  -  
[it   740/3000           ppo] rew -0.0142 vl    0.236 ent -0.930 kl 0.0083 spd 0.518 jmp 0.471 1195s | window: 12%/7.03 ralow:  0%/  -   lifts:  0%/  -   ring:  0%/  -   sngspa:  0%/  -   sngspa: 12%/13.24 tunnel:  0%/  -  
[it   750/3000           ppo] rew -0.0134 vl    0.262 ent -0.908 kl 0.0090 spd 0.510 jmp 0.490 1211s | window: 13%/6.99 ralow:  0%/  -   lifts:  0%/  -   ring:  0%/  -   sngspa:  2%/9.93 sngspa:  1%/11.33 tunnel:  0%/  -  
[it   760/3000           ppo] rew -0.0159 vl    0.200 ent -0.922 kl 0.0075 spd 0.465 jmp 0.490 1227s | window: 11%/7.17 ralow:  0%/  -   lifts:  0%/  -   ring:  0%/  -   sngspa:  0%/9.04 sngspa:  0%/11.96 tunnel:  0%/  -  
[it   770/3000           ppo] rew -0.0009 vl    1.154 ent -0.979 kl 0.0121 spd 0.564 jmp 0.454 1243s | window: 11%/6.96 ralow:  0%/  -   lifts:  0%/  -   ring:  0%/  -   sngspa:  1%/10.24 sngspa:  0%/  -   tunnel:  0%/  -  
[it   780/3000           ppo] rew -0.0140 vl    0.193 ent -1.033 kl 0.0063 spd 0.532 jmp 0.479 1259s | window: 14%/7.08 ralow:  0%/  -   lifts:  0%/  -   ring:  0%/  -   sngspa:  0%/  -   sngspa:  0%/  -   tunnel:  0%/  -  
[it   790/3000           ppo] rew -0.0114 vl    0.169 ent -1.010 kl 0.0063 spd 0.558 jmp 0.463 1275s | window: 11%/7.03 ralow:  0%/  -   lifts:  0%/  -   ring:  0%/  -   sngspa:  2%/9.91 sngspa:  1%/10.26 tunnel:  0%/  -  
[it   800/3000           ppo] rew -0.0113 vl    0.213 ent -1.085 kl 0.0078 spd 0.610 jmp 0.480 1292s | window: 12%/6.90 ralow:  0%/  -   lifts:  0%/  -   ring:  0%/  -   sngspa:  0%/  -   sngspa:  0%/  -   tunnel:  0%/  -  
[it   810/3000           ppo] rew -0.0088 vl    0.220 ent -1.047 kl 0.0077 spd 0.591 jmp 0.462 1308s | window: 14%/7.14 ralow:  0%/  -   lifts:  0%/  -   ring:  0%/  -   sngspa:  2%/9.58 sngspa:  2%/11.40 tunnel:  0%/  -  
[it   820/3000           ppo] rew -0.0114 vl    0.185 ent -1.109 kl 0.0069 spd 0.542 jmp 0.478 1324s | window: 11%/7.01 ralow:  0%/  -   lifts:  0%/  -   ring:  0%/  -   sngspa:  0%/  -   sngspa:  0%/10.71 tunnel:  0%/  -  
[it   830/3000           ppo] rew -0.0144 vl    0.204 ent -1.003 kl 0.0102 spd 0.467 jmp 0.489 1340s | window: 11%/7.00 ralow:  0%/  -   lifts:  0%/  -   ring:  0%/  -   sngspa:  2%/9.93 sngspa:  2%/11.75 tunnel:  0%/  -  
[it   840/3000           ppo] rew -0.0097 vl    0.218 ent -1.136 kl 0.0094 spd 0.550 jmp 0.485 1357s | window: 13%/7.06 ralow:  0%/  -   lifts:  0%/  -   ring:  0%/  -   sngspa:  0%/  -   sngspa:  0%/  -   tunnel:  0%/  -  
[it   850/3000           ppo] rew -0.0163 vl    0.194 ent -0.887 kl 0.0078 spd 0.392 jmp 0.513 1373s | window: 17%/6.92 ralow:  0%/  -   lifts:  0%/  -   ring:  0%/  -   sngspa:  1%/11.51 sngspa:  1%/10.63 tunnel:  0%/  -  
[it   860/3000           ppo] rew -0.0118 vl    0.189 ent -1.132 kl 0.0089 spd 0.518 jmp 0.462 1389s | window: 19%/6.99 ralow:  0%/  -   lifts:  0%/  -   ring:  0%/  -   sngspa:  0%/10.07 sngspa:  0%/  -   tunnel:  0%/  -  
[it   870/3000           ppo] rew -0.0157 vl    0.171 ent -0.966 kl 0.0087 spd 0.496 jmp 0.471 1405s | window: 14%/6.92 ralow:  0%/  -   lifts:  0%/  -   ring:  0%/  -   sngspa:  3%/9.34 sngspa:  1%/11.45 tunnel:  0%/  -  
[it   880/3000           ppo] rew -0.0108 vl    0.129 ent -1.211 kl 0.0119 spd 0.588 jmp 0.428 1422s | window: 13%/6.86 ralow:  0%/  -   lifts:  0%/  -   ring:  0%/  -   sngspa:  0%/  -   sngspa:  0%/10.53 tunnel:  0%/  -  
[it   890/3000           ppo] rew -0.0144 vl    0.222 ent -1.026 kl 0.0087 spd 0.530 jmp 0.456 1438s | window: 14%/6.89 ralow:  0%/  -   lifts: 25%/8.13 ring:  0%/  -   sngspa:  1%/9.55 sngspa:  0%/  -   tunnel:  0%/  -  
[it   900/3000           ppo] rew -0.0113 vl    0.169 ent -1.207 kl 0.0110 spd 0.567 jmp 0.420 1454s | window: 14%/6.94 ralow:  0%/  -   lifts:  0%/  -   ring:  0%/  -   sngspa:  0%/  -   sngspa:  0%/  -   tunnel:  0%/  -  
[it   910/3000           ppo] rew -0.0099 vl    0.250 ent -1.169 kl 0.0083 spd 0.624 jmp 0.437 1470s | window: 14%/6.95 ralow:  0%/  -   lifts:  0%/  -   ring:  0%/  -   sngspa:  2%/10.50 sngspa:  1%/11.56 tunnel:  0%/  -  
[it   920/3000           ppo] rew -0.0100 vl    0.209 ent -1.214 kl 0.0087 spd 0.563 jmp 0.447 1486s | window: 17%/6.93 ralow:  0%/  -   lifts:  0%/  -   ring:  0%/  -   sngspa:  0%/8.89 sngspa:  0%/  -   tunnel:  0%/  -  
[it   930/3000           ppo] rew -0.0107 vl    0.216 ent -1.194 kl 0.0073 spd 0.611 jmp 0.450 1502s | window: 14%/6.96 ralow:  0%/  -   lifts:  0%/  -   ring:  0%/  -   sngspa:  1%/9.94 sngspa:  5%/10.57 tunnel:  0%/  -  
[it   940/3000           ppo] rew -0.0121 vl    0.174 ent -1.212 kl 0.0116 spd 0.593 jmp 0.459 1518s | window: 13%/6.89 ralow:  0%/  -   lifts:  0%/  -   ring:  0%/  -   sngspa:  0%/  -   sngspa:  0%/  -   tunnel:  0%/  -  
[it   950/3000           ppo] rew -0.0128 vl    0.229 ent -1.225 kl 0.0102 spd 0.489 jmp 0.463 1535s | window:  8%/6.85 ralow:  0%/  -   lifts:  0%/  -   ring:  0%/  -   sngspa:  1%/9.14 sngspa:  4%/10.46 tunnel:  0%/  -  
[it   960/3000           ppo] rew -0.0125 vl    0.185 ent -1.223 kl 0.0138 spd 0.556 jmp 0.459 1551s | window:  9%/6.92 ralow:  0%/  -   lifts:  0%/  -   ring:  0%/  -   sngspa:  0%/  -   sngspa:  0%/  -   tunnel:  0%/  -  
[it   970/3000           ppo] rew -0.0033 vl    1.600 ent -1.223 kl 0.0058 spd 0.397 jmp 0.438 1567s | window:  9%/6.96 ralow:  0%/  -   lifts:  0%/  -   ring:  0%/  -   sngspa:  1%/9.79 sngspa:  0%/  -   tunnel:  0%/  -  
[it   980/3000           ppo] rew +0.0047 vl    3.140 ent -1.223 kl 0.0114 spd 0.482 jmp 0.445 1583s | window:  6%/6.79 ralow:  0%/  -   lifts:  0%/  -   ring:  0%/  -   sngspa:  0%/  -   sngspa:  0%/10.99 tunnel:  0%/  -  
[it   990/3000           ppo] rew -0.0131 vl    0.180 ent -1.215 kl 0.0087 spd 0.492 jmp 0.458 1599s | window:  8%/6.87 ralow:  0%/  -   lifts:  0%/  -   ring:  0%/  -   sngspa:  6%/8.68 sngspa:  9%/10.44 tunnel:  0%/  -  
[it  1000/3000           ppo] rew -0.0153 vl    0.167 ent -1.229 kl 0.0056 spd 0.467 jmp 0.475 1615s | window: 10%/6.89 ralow:  0%/  -   lifts:  0%/  -   ring:  0%/  -   sngspa:  1%/10.89 sngspa:  1%/12.36 tunnel:  0%/  -  
[it  1010/3000           ppo] rew -0.0113 vl    0.193 ent -1.283 kl 0.0085 spd 0.564 jmp 0.451 1631s | window: 10%/6.85 ralow:  0%/  -   lifts:  0%/  -   ring:  0%/  -   sngspa:  0%/8.79 sngspa:  0%/  -   tunnel:  0%/  -  
[it  1020/3000           ppo] rew -0.0172 vl    0.171 ent -1.272 kl 0.0086 spd 0.379 jmp 0.479 1648s | window: 12%/6.86 ralow:  0%/  -   lifts:  0%/  -   ring:  0%/  -   sngspa:  1%/9.60 sngspa:  2%/12.08 tunnel:  0%/  -  
[it  1030/3000           ppo] rew -0.0094 vl    0.208 ent -1.311 kl 0.0098 spd 0.621 jmp 0.468 1664s | window: 10%/6.82 ralow:  0%/  -   lifts:  0%/  -   ring:  0%/  -   sngspa:  0%/9.88 sngspa:  0%/11.23 tunnel:  0%/  -  
[it  1040/3000           ppo] rew -0.0037 vl    1.692 ent -1.346 kl 0.0102 spd 0.492 jmp 0.457 1680s | window:  8%/6.73 ralow:  0%/  -   lifts:  0%/  -   ring:  0%/  -   sngspa:  1%/9.00 sngspa:  1%/10.75 tunnel:  0%/  -  
[it  1050/3000           ppo] rew -0.0084 vl    0.230 ent -1.372 kl 0.0063 spd 0.685 jmp 0.433 1696s | window:  5%/6.87 ralow:  0%/  -   lifts:  0%/  -   ring:  0%/  -   sngspa:  0%/  -   sngspa:  0%/9.80 tunnel:  0%/  -  
[it  1060/3000           ppo] rew -0.0155 vl    0.165 ent -1.339 kl 0.0071 spd 0.487 jmp 0.444 1712s | window:  5%/6.69 ralow:  0%/  -   lifts:  0%/  -   ring:  0%/  -   sngspa:  1%/9.25 sngspa:  4%/11.56 tunnel:  0%/  -  
[it  1070/3000           ppo] rew -0.0081 vl    0.196 ent -1.429 kl 0.0087 spd 0.737 jmp 0.402 1728s | window:  6%/6.59 ralow:  0%/  -   lifts:  0%/  -   ring:  0%/  -   sngspa:  0%/  -   sngspa:  0%/11.97 tunnel:  0%/  -  
[it  1080/3000           ppo] rew -0.0164 vl    0.162 ent -1.389 kl 0.0062 spd 0.437 jmp 0.449 1744s | window:  9%/6.85 ralow:  0%/  -   lifts:  0%/  -   ring:  0%/  -   sngspa:  2%/9.16 sngspa:  4%/11.02 tunnel:  0%/  -  
[it  1090/3000           ppo] rew -0.0107 vl    0.154 ent -1.462 kl 0.0123 spd 0.689 jmp 0.426 1760s | window:  8%/6.78 ralow:  0%/  -   lifts:  0%/  -   ring:  0%/  -   sngspa:  0%/  -   sngspa:  0%/  -   tunnel:  0%/  -  
[it  1100/3000           ppo] rew -0.0130 vl    0.189 ent -1.423 kl 0.0122 spd 0.553 jmp 0.434 1776s | window:  9%/6.92 ralow:  0%/  -   lifts:  0%/  -   ring:  0%/  -   sngspa:  1%/9.45 sngspa:  1%/10.81 tunnel:  0%/  -  
[it  1110/3000           ppo] rew -0.0098 vl    0.166 ent -1.493 kl 0.0099 spd 0.667 jmp 0.432 1793s | window: 11%/6.76 ralow:  0%/  -   lifts:  0%/  -   ring:  0%/  -   sngspa:  0%/  -   sngspa:  0%/  -   tunnel:  0%/  -  
[it  1120/3000           ppo] rew -0.0113 vl    0.202 ent -1.484 kl 0.0113 spd 0.559 jmp 0.429 1809s | window:  6%/6.82 ralow:  0%/  -   lifts:  0%/  -   ring:  0%/  -   sngspa:  1%/8.61 sngspa:  0%/11.52 tunnel:  0%/  -  
[it  1130/3000           ppo] rew -0.0129 vl    0.152 ent -1.463 kl 0.0146 spd 0.519 jmp 0.450 1825s | window:  6%/6.63 ralow:  0%/  -   lifts:  0%/  -   ring:  0%/  -   sngspa:  0%/8.93 sngspa:  0%/  -   tunnel:  0%/  -  
[it  1140/3000           ppo] rew -0.0087 vl    0.244 ent -1.488 kl 0.0110 spd 0.583 jmp 0.425 1841s | window:  7%/6.67 ralow:  0%/  -   lifts:  0%/  -   ring:  0%/  -   sngspa:  2%/8.60 sngspa:  2%/11.30 tunnel:  0%/  -  
[it  1150/3000           ppo] rew -0.0030 vl    1.633 ent -1.387 kl 0.0100 spd 0.475 jmp 0.453 1857s | window:  7%/6.85 ralow:  0%/  -   lifts:  0%/  -   ring:  0%/  -   sngspa:  0%/  -   sngspa:  0%/  -   tunnel:  0%/  -  
[it  1160/3000           ppo] rew -0.0126 vl    0.237 ent -1.439 kl 0.0122 spd 0.513 jmp 0.428 1873s | window:  8%/6.75 ralow:  0%/  -   lifts:  0%/  -   ring:  0%/  -   sngspa:  2%/9.21 sngspa:  3%/11.22 tunnel:  0%/  -  
[it  1170/3000           ppo] rew -0.0114 vl    0.181 ent -1.424 kl 0.0100 spd 0.564 jmp 0.448 1890s | window:  8%/6.76 ralow:  0%/  -   lifts:  0%/  -   ring:  0%/  -   sngspa:  0%/9.45 sngspa:  0%/  -   tunnel:  0%/  -  
[it  1180/3000           ppo] rew -0.0143 vl    0.227 ent -1.400 kl 0.0285 spd 0.467 jmp 0.437 1906s | window:  8%/6.64 ralow:  0%/  -   lifts:  0%/  -   ring:  0%/  -   sngspa:  2%/9.35 sngspa:  1%/10.40 tunnel:  0%/  -  
[it  1190/3000           ppo] rew -0.0095 vl    0.220 ent -1.420 kl 0.0109 spd 0.634 jmp 0.446 1922s | window:  7%/6.75 ralow:  0%/  -   lifts:  0%/  -   ring:  0%/  -   sngspa:  0%/11.59 sngspa:  0%/12.27 tunnel:  0%/  -  
[it  1200/3000           ppo] rew -0.0182 vl    0.281 ent -1.316 kl 0.0099 spd 0.365 jmp 0.468 1938s | window:  6%/6.80 ralow:  0%/  -   lifts:  0%/  -   ring:  0%/  -   sngspa:  1%/8.88 sngspa:  0%/  -   tunnel:  0%/  -  
[it  1210/3000           ppo] rew -0.0063 vl    0.205 ent -1.543 kl 0.0153 spd 0.724 jmp 0.425 1954s | window:  4%/6.71 ralow:  0%/  -   lifts:  0%/  -   ring:  0%/  -   sngspa:  0%/10.68 sngspa:  0%/  -   tunnel:  0%/  -  
[it  1220/3000           ppo] rew -0.0180 vl    0.277 ent -1.395 kl 0.0106 spd 0.402 jmp 0.418 1970s | window:  4%/6.64 ralow:  0%/  -   lifts:  0%/  -   ring:  0%/  -   sngspa:  4%/9.19 sngspa: 17%/10.23 tunnel:  0%/  -  
[it  1230/3000           ppo] rew +0.0103 vl    3.488 ent -1.591 kl 0.0174 spd 0.646 jmp 0.371 1986s | window:  7%/6.86 ralow:  0%/  -   lifts:  0%/  -   ring:  0%/  -   sngspa:  0%/10.08 sngspa:  0%/11.40 tunnel:  0%/  -  
[it  1240/3000           ppo] rew -0.0177 vl    0.207 ent -1.428 kl 0.0097 spd 0.409 jmp 0.429 2003s | window:  8%/6.78 ralow:  0%/  -   lifts:  0%/  -   ring:  0%/  -   sngspa:  2%/8.68 sngspa:  0%/  -   tunnel:  0%/  -  
[it  1250/3000           ppo] rew -0.0104 vl    0.212 ent -1.608 kl 0.0164 spd 0.603 jmp 0.410 2019s | window:  9%/6.85 ralow:  0%/  -   lifts:  0%/  -   ring:  0%/  -   sngspa:  0%/  -   sngspa:  1%/9.98 tunnel:  0%/  -  
[it  1260/3000           ppo] rew -0.0161 vl    0.230 ent -1.503 kl 0.0096 spd 0.427 jmp 0.440 2035s | window:  8%/6.66 ralow:  0%/  -   lifts:  0%/  -   ring:  0%/  -   sngspa:  0%/  -   sngspa:  0%/  -   tunnel:  0%/  -  
[it  1270/3000           ppo] rew -0.0132 vl    0.224 ent -1.543 kl 0.0092 spd 0.501 jmp 0.418 2051s | window: 10%/6.54 ralow:  0%/  -   lifts:  0%/  -   ring:  0%/  -   sngspa:  0%/11.09 sngspa:  0%/10.65 tunnel:  0%/  -  
[it  1280/3000           ppo] rew -0.0031 vl    2.206 ent -1.575 kl 0.0114 spd 0.498 jmp 0.431 2068s | window: 10%/6.58 ralow:  0%/  -   lifts:  0%/  -   ring:  0%/  -   sngspa:  0%/  -   sngspa:  0%/  -   tunnel:  0%/  -  
[it  1290/3000           ppo] rew -0.0151 vl    0.223 ent -1.511 kl 0.0115 spd 0.470 jmp 0.442 2084s | window: 13%/6.66 ralow:  0%/  -   lifts:  0%/  -   ring:  0%/  -   sngspa:  0%/9.39 sngspa:  1%/10.75 tunnel:  0%/  -  
[it  1300/3000           ppo] rew -0.0093 vl    0.231 ent -1.701 kl 0.0133 spd 0.631 jmp 0.392 2100s | window:  8%/6.66 ralow:  0%/  -   lifts:  0%/  -   ring:  0%/  -   sngspa:  0%/  -   sngspa:  0%/  -   tunnel:  0%/  -  
[it  1310/3000           ppo] rew -0.0154 vl    0.222 ent -1.548 kl 0.0112 spd 0.500 jmp 0.432 2116s | window:  7%/6.65 ralow:  0%/  -   lifts:  0%/  -   ring:  0%/  -   sngspa:  1%/8.33 sngspa:  1%/11.12 tunnel:  0%/  -  
[it  1320/3000           ppo] rew -0.0078 vl    0.187 ent -1.734 kl 0.0148 spd 0.700 jmp 0.401 2132s | window: 10%/6.73 ralow:  0%/  -   lifts:  0%/  -   ring:  0%/  -   sngspa:  0%/  -   sngspa:  0%/  -   tunnel:  0%/  -  
[it  1330/3000           ppo] rew -0.0152 vl    0.195 ent -1.588 kl 0.0126 spd 0.545 jmp 0.437 2148s | window: 10%/6.72 ralow:  0%/  -   lifts:  0%/  -   ring:  0%/  -   sngspa:  1%/9.45 sngspa:  2%/10.66 tunnel:  0%/  -  
[it  1340/3000           ppo] rew +0.0017 vl    2.081 ent -1.752 kl 0.0134 spd 0.665 jmp 0.417 2164s | window: 10%/6.58 ralow:  0%/  -   lifts:  0%/  -   ring:  0%/  -   sngspa:  0%/  -   sngspa:  0%/  -   tunnel:  0%/  -  
[it  1350/3000           ppo] rew -0.0133 vl    0.215 ent -1.652 kl 0.0063 spd 0.552 jmp 0.452 2180s | window: 10%/6.59 ralow:  0%/  -   lifts:  0%/  -   ring:  0%/  -   sngspa:  0%/10.14 sngspa:  1%/10.52 tunnel:  0%/  -  
[it  1360/3000           ppo] rew -0.0096 vl    0.209 ent -1.750 kl 0.0072 spd 0.607 jmp 0.425 2196s | window:  9%/6.68 ralow:  0%/  -   lifts:  0%/  -   ring:  0%/  -   sngspa:  0%/  -   sngspa:  0%/  -   tunnel:  0%/  -  
[it  1370/3000           ppo] rew -0.0122 vl    0.230 ent -1.659 kl 0.0179 spd 0.553 jmp 0.455 2212s | window:  6%/6.68 ralow:  0%/  -   lifts:  0%/  -   ring:  0%/  -   sngspa:  0%/  -   sngspa:  0%/10.40 tunnel:  0%/  -  
[it  1380/3000           ppo] rew -0.0117 vl    0.207 ent -1.671 kl 0.0141 spd 0.518 jmp 0.456 2228s | window:  9%/6.68 ralow:  0%/  -   lifts:  0%/  -   ring:  0%/  -   sngspa:  0%/  -   sngspa:  0%/  -   tunnel:  0%/  -  
[it  1390/3000           ppo] rew -0.0142 vl    0.267 ent -1.627 kl 0.0087 spd 0.488 jmp 0.464 2244s | window:  9%/6.52 ralow:  0%/  -   lifts:  0%/  -   ring:  0%/  -   sngspa:  0%/  -   sngspa:  0%/  -   tunnel:  0%/  -  
[it  1400/3000           ppo] rew -0.0143 vl    0.204 ent -1.595 kl 0.0116 spd 0.491 jmp 0.479 2260s | window: 11%/6.62 ralow:  0%/  -   lifts:  0%/  -   ring:  0%/  -   sngspa:  0%/  -   sngspa:  0%/  -   tunnel:  0%/  -  
[it  1410/3000           ppo] rew -0.0019 vl    2.581 ent -1.657 kl 0.0118 spd 0.535 jmp 0.460 2276s | window: 12%/6.65 ralow:  0%/  -   lifts:  0%/  -   ring:  0%/  -   sngspa:  0%/9.35 sngspa:  1%/10.43 tunnel:  0%/  -  
[it  1420/3000           ppo] rew -0.0131 vl    0.248 ent -1.630 kl 0.0174 spd 0.520 jmp 0.454 2292s | window: 13%/6.62 ralow:  0%/  -   lifts:  0%/  -   ring:  0%/  -   sngspa:  0%/  -   sngspa:  0%/  -   tunnel:  0%/  -  
[it  1430/3000           ppo] rew -0.0096 vl    0.327 ent -1.694 kl 0.0088 spd 0.629 jmp 0.445 2309s | window: 11%/6.55 ralow:  0%/  -   lifts:  0%/  -   ring:  0%/  -   sngspa:  1%/9.79 sngspa:  2%/10.33 tunnel:  0%/  -  
[it  1440/3000           ppo] rew -0.0103 vl    0.270 ent -1.704 kl 0.0122 spd 0.580 jmp 0.464 2324s | window: 10%/6.61 ralow:  0%/  -   lifts:  0%/  -   ring:  0%/  -   sngspa:  0%/  -   sngspa:  0%/11.55 tunnel:  0%/  -  
[it  1450/3000           ppo] rew -0.0107 vl    0.365 ent -1.686 kl 0.0237 spd 0.589 jmp 0.450 2340s | window:  9%/6.65 ralow:  0%/  -   lifts:  0%/  -   ring:  0%/  -   sngspa:  0%/  -   sngspa:  0%/  -   tunnel:  0%/  -  
[it  1460/3000           ppo] rew +0.0052 vl    1.944 ent -1.685 kl 0.0546 spd 0.502 jmp 0.445 2356s | window: 12%/6.57 ralow:  0%/  -   lifts:  0%/  -   ring:  0%/  -   sngspa:  0%/  -   sngspa:  0%/11.13 tunnel:  0%/  -  
[it  1470/3000           ppo] rew -0.0111 vl    0.332 ent -1.702 kl 0.0130 spd 0.591 jmp 0.448 2372s | window: 14%/6.55 ralow:  0%/  -   lifts:  0%/  -   ring:  0%/  -   sngspa:  0%/  -   sngspa:  0%/  -   tunnel:  0%/  -  
[it  1480/3000           ppo] rew +0.0038 vl    4.748 ent -1.760 kl 0.0124 spd 0.446 jmp 0.456 2389s | window: 16%/6.55 ralow:  0%/  -   lifts:  0%/  -   ring:  0%/  -   sngspa:  0%/  -   sngspa:  0%/  -   tunnel:  0%/  -  
[it  1490/3000           ppo] rew -0.0101 vl    0.260 ent -1.749 kl 0.0102 spd 0.582 jmp 0.439 2406s | window: 17%/6.58 ralow:  0%/  -   lifts:  0%/  -   ring:  0%/  -   sngspa:  2%/8.89 sngspa:  0%/  -   tunnel:  0%/  -  
[it  1500/3000           ppo] rew -0.0174 vl    0.187 ent -1.778 kl 0.0111 spd 0.361 jmp 0.463 2422s | window: 17%/6.61 ralow:  0%/  -   lifts:  0%/  -   ring:  0%/  -   sngspa:  0%/  -   sngspa:  0%/10.15 tunnel:  0%/  -  
[it  1510/3000           ppo] rew -0.0086 vl    0.223 ent -1.826 kl 0.0249 spd 0.665 jmp 0.424 2438s | window: 15%/6.56 ralow:  0%/  -   lifts:  0%/  -   ring:  0%/  -   sngspa:  0%/  -   sngspa:  0%/10.95 tunnel:  0%/  -  
[it  1520/3000           ppo] rew -0.0064 vl    1.706 ent -1.845 kl 0.0259 spd 0.373 jmp 0.462 2454s | window: 12%/6.47 ralow:  0%/  -   lifts:  0%/  -   ring:  0%/  -   sngspa:  0%/10.14 sngspa:  0%/  -   tunnel:  0%/  -  
[it  1530/3000           ppo] rew -0.0098 vl    0.148 ent -1.862 kl 0.0169 spd 0.671 jmp 0.429 2470s | window: 10%/6.54 ralow:  0%/  -   lifts:  0%/  -   ring:  0%/  -   sngspa:  0%/  -   sngspa:  0%/  -   tunnel:  0%/  -  
[it  1540/3000           ppo] rew -0.0025 vl    1.786 ent -1.869 kl 0.0154 spd 0.557 jmp 0.442 2486s | window: 10%/6.41 ralow:  0%/  -   lifts:  0%/  -   ring:  0%/  -   sngspa:  0%/  -   sngspa:  0%/10.79 tunnel:  0%/  -  
[it  1550/3000           ppo] rew -0.0106 vl    0.156 ent -1.921 kl 0.0108 spd 0.629 jmp 0.424 2502s | window: 12%/6.51 ralow:  0%/  -   lifts:  0%/  -   ring:  0%/  -   sngspa:  0%/  -   sngspa:  0%/  -   tunnel:  0%/  -  
[it  1560/3000           ppo] rew -0.0110 vl    0.176 ent -1.873 kl 0.0115 spd 0.644 jmp 0.446 2518s | window: 13%/6.50 ralow:  0%/  -   lifts:  0%/  -   ring:  0%/  -   sngspa:  0%/8.19 sngspa:  0%/  -   tunnel:  0%/  -  
[it  1570/3000           ppo] rew -0.0123 vl    0.188 ent -1.889 kl 0.0089 spd 0.538 jmp 0.463 2534s | window: 12%/6.59 ralow:  0%/  -   lifts:  0%/  -   ring:  0%/  -   sngspa:  0%/  -   sngspa:  0%/  -   tunnel:  0%/  -  
[it  1580/3000           ppo] rew -0.0108 vl    0.239 ent -1.895 kl 0.0077 spd 0.616 jmp 0.465 2550s | window: 11%/6.58 ralow:  0%/  -   lifts:  0%/  -   ring:  0%/  -   sngspa:  1%/8.39 sngspa:  1%/11.84 tunnel:  0%/  -  
[it  1590/3000           ppo] rew -0.0127 vl    0.210 ent -1.855 kl 0.0141 spd 0.533 jmp 0.462 2566s | window: 12%/6.64 ralow:  0%/  -   lifts:  0%/  -   ring:  0%/  -   sngspa:  0%/  -   sngspa:  0%/  -   tunnel:  0%/  -  
[it  1600/3000           ppo] rew -0.0107 vl    0.250 ent -1.895 kl 0.0140 spd 0.561 jmp 0.463 2583s | window: 13%/6.55 ralow:  0%/  -   lifts:  0%/  -   ring:  0%/  -   sngspa:  0%/9.45 sngspa:  1%/10.75 tunnel:  0%/  -  
[it  1610/3000           ppo] rew -0.0121 vl    0.200 ent -1.914 kl 0.0125 spd 0.541 jmp 0.467 2599s | window: 12%/6.43 ralow:  0%/  -   lifts:  0%/  -   ring:  0%/  -   sngspa:  0%/  -   sngspa:  0%/  -   tunnel:  0%/  -  
[it  1620/3000           ppo] rew -0.0140 vl    0.229 ent -1.934 kl 0.0148 spd 0.478 jmp 0.457 2616s | window: 11%/6.59 ralow:  0%/  -   lifts:  0%/  -   ring:  0%/  -   sngspa:  0%/7.55 sngspa:  0%/  -   tunnel:  0%/  -  
[it  1630/3000           ppo] rew -0.0004 vl    1.701 ent -1.934 kl 0.0162 spd 0.587 jmp 0.447 2632s | window: 16%/6.52 ralow:  0%/  -   lifts:  0%/  -   ring:  0%/  -   sngspa:  0%/  -   sngspa:  0%/  -   tunnel:  0%/  -  
[it  1640/3000           ppo] rew -0.0051 vl    2.145 ent -1.919 kl 0.0129 spd 0.433 jmp 0.454 2649s | window: 12%/6.45 ralow:  0%/  -   lifts:  0%/  -   ring:  0%/  -   sngspa:  0%/  -   sngspa:  1%/10.78 tunnel:  0%/  -  
[it  1650/3000           ppo] rew -0.0066 vl    0.230 ent -1.987 kl 0.0199 spd 0.734 jmp 0.426 2665s | window: 11%/6.29 ralow:  0%/  -   lifts:  0%/  -   ring:  0%/  -   sngspa:  0%/  -   sngspa:  0%/  -   tunnel:  0%/  -  
[it  1660/3000           ppo] rew -0.0169 vl    0.267 ent -1.906 kl 0.0170 spd 0.368 jmp 0.465 2682s | window: 14%/6.41 ralow:  0%/  -   lifts:  0%/  -   ring:  0%/  -   sngspa:  0%/  -   sngspa:  0%/  -   tunnel:  0%/  -  
[it  1670/3000           ppo] rew +0.0076 vl    1.506 ent -2.046 kl 0.0156 spd 0.804 jmp 0.420 2698s | window: 14%/6.45 ralow:  0%/  -   lifts:  0%/  -   ring:  0%/  -   sngspa:  0%/7.64 sngspa:  0%/  -   tunnel:  0%/  -  
[it  1680/3000           ppo] rew -0.0173 vl    0.234 ent -1.915 kl 0.0193 spd 0.365 jmp 0.488 2714s | window: 12%/6.47 ralow:  0%/  -   lifts:  0%/  -   ring:  0%/  -   sngspa:  0%/  -   sngspa:  0%/  -   tunnel:  0%/  -  
[it  1690/3000           ppo] rew -0.0054 vl    0.195 ent -2.038 kl 0.0191 spd 0.813 jmp 0.439 2730s | window: 15%/6.42 ralow:  0%/  -   lifts:  0%/  -   ring:  0%/  -   sngspa:  0%/  -   sngspa:  0%/  -   tunnel:  0%/  -  
[it  1700/3000           ppo] rew -0.0159 vl    0.268 ent -1.959 kl 0.0379 spd 0.398 jmp 0.459 2745s | window: 14%/6.33 ralow:  0%/  -   lifts:  0%/  -   ring:  0%/  -   sngspa:  1%/9.35 sngspa:  0%/  -   tunnel:  0%/  -  
[it  1710/3000           ppo] rew +0.0118 vl    2.616 ent -2.049 kl 0.0182 spd 0.707 jmp 0.409 2761s | window: 11%/6.36 ralow:  0%/  -   lifts:  0%/  -   ring:  0%/  -   sngspa:  0%/  -   sngspa:  0%/  -   tunnel:  0%/  -  
[it  1720/3000           ppo] rew -0.0145 vl    0.283 ent -2.025 kl 0.0155 spd 0.420 jmp 0.439 2777s | window: 12%/6.38 ralow:  0%/  -   lifts:  0%/  -   ring:  0%/  -   sngspa:  0%/  -   sngspa:  0%/  -   tunnel:  0%/  -  
[it  1730/3000           ppo] rew -0.0130 vl    0.201 ent -2.018 kl 0.0316 spd 0.503 jmp 0.426 2793s | window: 11%/6.44 ralow:  0%/  -   lifts:  0%/  -   ring:  0%/  -   sngspa:  0%/  -   sngspa:  0%/10.67 tunnel:  0%/  -  
[it  1740/3000           ppo] rew -0.0006 vl    1.982 ent -2.087 kl 0.0265 spd 0.522 jmp 0.415 2809s | window: 11%/6.40 ralow:  0%/  -   lifts:  0%/  -   ring:  0%/  -   sngspa:  0%/  -   sngspa:  0%/  -   tunnel:  0%/  -  
[it  1750/3000           ppo] rew -0.0137 vl    0.219 ent -2.047 kl 0.0073 spd 0.503 jmp 0.428 2825s | window: 10%/6.34 ralow:  0%/  -   lifts:  0%/  -   ring:  0%/  -   sngspa:  0%/9.69 sngspa:  0%/  -   tunnel:  0%/  -  
[it  1760/3000           ppo] rew -0.0100 vl    0.189 ent -2.121 kl 0.0157 spd 0.616 jmp 0.422 2841s | window: 10%/6.38 ralow:  0%/  -   lifts:  0%/  -   ring:  0%/  -   sngspa:  0%/  -   sngspa:  0%/  -   tunnel:  0%/  -  
[it  1770/3000           ppo] rew -0.0140 vl    0.201 ent -2.046 kl 0.0141 spd 0.530 jmp 0.419 2857s | window: 10%/6.45 ralow:  0%/  -   lifts:  0%/  -   ring:  0%/  -   sngspa:  0%/  -   sngspa:  0%/  -   tunnel:  0%/  -  
[it  1780/3000           ppo] rew -0.0083 vl    0.222 ent -2.156 kl 0.0089 spd 0.642 jmp 0.416 2872s | window: 11%/6.36 ralow:  0%/  -   lifts:  0%/  -   ring:  0%/  -   sngspa:  0%/  -   sngspa:  0%/  -   tunnel:  0%/  -  
[it  1790/3000           ppo] rew -0.0130 vl    0.210 ent -2.073 kl 0.0111 spd 0.527 jmp 0.413 2888s | window: 10%/6.43 ralow:  0%/  -   lifts:  0%/  -   ring:  0%/  -   sngspa:  0%/9.55 sngspa:  0%/11.37 tunnel:  0%/  -  
[it  1800/3000           ppo] rew -0.0002 vl    0.810 ent -2.167 kl 0.0126 spd 0.585 jmp 0.432 2904s | window: 11%/6.36 ralow:  0%/  -   lifts:  0%/  -   ring:  0%/  -   sngspa:  0%/  -   sngspa:  0%/  -   tunnel:  0%/  -  
[it  1810/3000           ppo] rew -0.0117 vl    0.201 ent -2.119 kl 0.0137 spd 0.585 jmp 0.428 2920s | window: 12%/6.34 ralow:  0%/  -   lifts:  0%/  -   ring:  0%/  -   sngspa:  0%/  -   sngspa:  0%/  -   tunnel:  0%/  -  
[it  1820/3000           ppo] rew -0.0092 vl    0.180 ent -2.126 kl 0.0144 spd 0.608 jmp 0.442 2936s | window: 11%/6.27 ralow:  0%/  -   lifts:  0%/  -   ring:  0%/  -   sngspa:  0%/  -   sngspa:  0%/  -   tunnel:  0%/  -  
[it  1830/3000           ppo] rew -0.0115 vl    0.183 ent -2.128 kl 0.0159 spd 0.581 jmp 0.438 2952s | window: 14%/6.24 ralow:  0%/  -   lifts:  0%/  -   ring:  0%/  -   sngspa:  0%/7.69 sngspa:  0%/9.87 tunnel:  0%/  -  
[it  1840/3000           ppo] rew -0.0110 vl    0.185 ent -2.148 kl 0.0133 spd 0.574 jmp 0.449 2968s | window: 15%/6.33 ralow:  0%/  -   lifts:  0%/  -   ring:  0%/  -   sngspa:  0%/  -   sngspa:  0%/  -   tunnel:  0%/  -  
[it  1850/3000           ppo] rew -0.0015 vl    1.162 ent -2.191 kl 0.0119 spd 0.584 jmp 0.411 2984s | window: 13%/6.34 ralow:  0%/  -   lifts:  0%/  -   ring:  0%/  -   sngspa:  0%/  -   sngspa:  0%/  -   tunnel:  0%/  -  
[it  1860/3000           ppo] rew -0.0104 vl    0.173 ent -2.190 kl 0.0076 spd 0.588 jmp 0.419 3000s | window: 13%/6.26 ralow:  0%/  -   lifts:  0%/  -   ring:  0%/  -   sngspa:  0%/  -   sngspa:  0%/  -   tunnel:  0%/  -  
[it  1870/3000           ppo] rew -0.0105 vl    0.242 ent -2.196 kl 0.0349 spd 0.610 jmp 0.428 3016s | window: 11%/6.29 ralow:  0%/  -   lifts:  0%/  -   ring:  0%/  -   sngspa:  0%/  -   sngspa:  0%/  -   tunnel:  0%/  -  
[it  1880/3000           ppo] rew -0.0105 vl    0.191 ent -2.227 kl 0.0085 spd 0.617 jmp 0.438 3032s | window: 12%/6.31 ralow:  0%/  -   lifts:  0%/  -   ring:  0%/  -   sngspa:  0%/  -   sngspa:  0%/  -   tunnel:  0%/  -  
[it  1890/3000           ppo] rew -0.0090 vl    0.279 ent -2.212 kl 0.0114 spd 0.630 jmp 0.416 3048s | window: 13%/6.23 ralow:  0%/  -   lifts:  0%/  -   ring:  0%/  -   sngspa:  0%/8.05 sngspa:  0%/  -   tunnel:  0%/  -  
[it  1900/3000           ppo] rew -0.0099 vl    0.176 ent -2.253 kl 0.0106 spd 0.580 jmp 0.437 3064s | window: 16%/6.24 ralow:  0%/  -   lifts:  0%/  -   ring:  0%/  -   sngspa:  0%/  -   sngspa:  0%/  -   tunnel:  0%/  -  
[it  1910/3000           ppo] rew -0.0123 vl    0.302 ent -2.223 kl 0.0162 spd 0.635 jmp 0.397 3080s | window: 14%/6.29 ralow:  0%/  -   lifts:  0%/  -   ring:  0%/  -   sngspa:  0%/  -   sngspa:  1%/10.29 tunnel:  0%/  -  
[it  1920/3000           ppo] rew -0.0121 vl    0.188 ent -2.292 kl 0.0145 spd 0.514 jmp 0.427 3096s | window: 16%/6.15 ralow:  0%/  -   lifts:  0%/  -   ring:  0%/  -   sngspa:  0%/  -   sngspa:  0%/  -   tunnel:  0%/  -  
[it  1930/3000           ppo] rew -0.0095 vl    0.250 ent -2.262 kl 0.0111 spd 0.703 jmp 0.379 3112s | window: 14%/6.19 ralow:  0%/  -   lifts:  0%/  -   ring:  0%/  -   sngspa:  0%/  -   sngspa:  0%/  -   tunnel:  0%/  -  
[it  1940/3000           ppo] rew -0.0020 vl    1.344 ent -2.297 kl 0.0108 spd 0.481 jmp 0.445 3128s | window: 13%/6.26 ralow:  0%/  -   lifts:  0%/  -   ring:  0%/  -   sngspa:  0%/  -   sngspa:  0%/  -   tunnel:  0%/  -  
[it  1950/3000           ppo] rew -0.0088 vl    0.257 ent -2.290 kl 0.0320 spd 0.740 jmp 0.379 3144s | window: 13%/6.20 ralow:  0%/  -   lifts:  0%/  -   ring:  0%/  -   sngspa:  0%/  -   sngspa:  0%/  -   tunnel:  0%/  -  
[it  1960/3000           ppo] rew +0.0151 vl    5.153 ent -2.335 kl 0.0486 spd 0.499 jmp 0.433 3160s | window: 14%/6.27 ralow:  0%/  -   lifts:  0%/  -   ring:  0%/  -   sngspa:  0%/  -   sngspa:  0%/  -   tunnel:  0%/  -  
[it  1970/3000           ppo] rew -0.0082 vl    0.229 ent -2.321 kl 0.0277 spd 0.734 jmp 0.382 3176s | window: 12%/6.23 ralow:  0%/  -   lifts:  0%/  -   ring:  0%/  -   sngspa:  0%/  -   sngspa:  0%/  -   tunnel:  0%/  -  
[it  1980/3000           ppo] rew -0.0133 vl    0.155 ent -2.327 kl 0.0181 spd 0.566 jmp 0.436 3192s | window: 13%/6.21 ralow:  0%/  -   lifts:  0%/  -   ring:  0%/  -   sngspa:  0%/  -   sngspa:  1%/10.50 tunnel:  0%/  -  
[it  1990/3000           ppo] rew -0.0104 vl    0.184 ent -2.343 kl 0.0093 spd 0.625 jmp 0.406 3209s | window: 12%/6.29 ralow:  0%/  -   lifts:  0%/  -   ring:  0%/  -   sngspa:  0%/8.44 sngspa:  0%/  -   tunnel:  0%/  -  
[it  2000/3000           ppo] rew -0.0117 vl    0.161 ent -2.325 kl 0.0140 spd 0.635 jmp 0.418 3225s | window:  9%/6.24 ralow:  0%/  -   lifts:  0%/  -   ring:  0%/  -   sngspa:  0%/  -   sngspa:  0%/8.97 tunnel:  0%/  -  
[it  2010/3000           ppo] rew +0.0006 vl    1.320 ent -2.378 kl 0.0098 spd 0.632 jmp 0.407 3241s | window: 12%/6.19 ralow:  0%/  -   lifts:  0%/  -   ring:  0%/  -   sngspa:  0%/  -   sngspa:  0%/  -   tunnel:  0%/  -  
[it  2020/3000           ppo] rew -0.0132 vl    0.169 ent -2.349 kl 0.0125 spd 0.602 jmp 0.411 3257s | window: 10%/6.23 ralow:  0%/  -   lifts:  0%/  -   ring:  0%/  -   sngspa:  1%/9.14 sngspa:  0%/  -   tunnel:  0%/  -  
[it  2030/3000           ppo] rew -0.0124 vl    0.166 ent -2.363 kl 0.0106 spd 0.541 jmp 0.417 3273s | window:  8%/6.20 ralow:  0%/  -   lifts:  0%/  -   ring:  0%/  -   sngspa:  0%/  -   sngspa:  0%/  -   tunnel:  0%/  -  
[it  2040/3000           ppo] rew -0.0110 vl    0.165 ent -2.372 kl 0.0129 spd 0.637 jmp 0.400 3289s | window: 10%/6.17 ralow:  0%/  -   lifts:  0%/  -   ring:  0%/  -   sngspa:  0%/  -   sngspa:  0%/  -   tunnel:  0%/  -  
[it  2050/3000           ppo] rew -0.0117 vl    0.154 ent -2.376 kl 0.0082 spd 0.601 jmp 0.412 3305s | window: 11%/6.14 ralow:  0%/  -   lifts:  0%/  -   ring:  0%/  -   sngspa:  0%/  -   sngspa:  0%/  -   tunnel:  0%/  -  
[it  2060/3000           ppo] rew -0.0117 vl    0.127 ent -2.391 kl 0.0152 spd 0.677 jmp 0.400 3322s | window: 11%/6.20 ralow:  0%/  -   lifts:  0%/  -   ring:  0%/  -   sngspa:  0%/  -   sngspa:  0%/  -   tunnel:  0%/  -  
[it  2070/3000           ppo] rew +0.0008 vl    0.879 ent -2.418 kl 0.0102 spd 0.746 jmp 0.375 3338s | window: 11%/6.16 ralow:  0%/  -   lifts:  0%/  -   ring:  0%/  -   sngspa:  0%/7.90 sngspa:  0%/  -   tunnel:  0%/  -  
[it  2080/3000           ppo] rew -0.0123 vl    0.116 ent -2.407 kl 0.0122 spd 0.668 jmp 0.396 3354s | window:  8%/6.10 ralow:  0%/  -   lifts:  0%/  -   ring:  0%/  -   sngspa:  0%/  -   sngspa:  0%/  -   tunnel:  0%/  -  
[it  2090/3000           ppo] rew -0.0055 vl    0.141 ent -2.459 kl 0.0123 spd 0.823 jmp 0.384 3370s | window:  7%/6.17 ralow:  0%/  -   lifts:  0%/  -   ring:  0%/  -   sngspa:  0%/  -   sngspa:  0%/  -   tunnel:  0%/  -  
[it  2100/3000           ppo] rew -0.0154 vl    0.162 ent -2.403 kl 0.0090 spd 0.469 jmp 0.435 3386s | window: 10%/6.06 ralow:  0%/  -   lifts:  0%/  -   ring:  0%/  -   sngspa:  0%/  -   sngspa:  0%/  -   tunnel:  0%/  -  
[it  2110/3000           ppo] rew -0.0024 vl    0.163 ent -2.517 kl 0.0151 spd 0.881 jmp 0.368 3402s | window: 10%/6.06 ralow:  0%/  -   lifts:  0%/  -   ring:  0%/  -   sngspa:  0%/  -   sngspa:  0%/  -   tunnel:  0%/  -  
[it  2120/3000           ppo] rew -0.0155 vl    0.173 ent -2.438 kl 0.0159 spd 0.457 jmp 0.440 3418s | window: 10%/6.05 ralow:  0%/  -   lifts:  0%/  -   ring:  0%/  -   sngspa:  0%/  -   sngspa:  0%/10.08 tunnel:  0%/  -  
[it  2130/3000           ppo] rew -0.0047 vl    0.189 ent -2.523 kl 0.0160 spd 0.842 jmp 0.372 3434s | window: 13%/5.98 ralow:  0%/  -   lifts:  0%/  -   ring:  0%/  -   sngspa:  0%/  -   sngspa:  0%/  -   tunnel:  0%/  -  
[it  2140/3000           ppo] rew -0.0157 vl    0.209 ent -2.454 kl 0.0111 spd 0.481 jmp 0.418 3450s | window: 14%/6.08 ralow:  0%/  -   lifts:  0%/  -   ring:  0%/  -   sngspa:  0%/  -   sngspa:  0%/  -   tunnel:  0%/  -  
[it  2150/3000           ppo] rew -0.0072 vl    0.168 ent -2.526 kl 0.0109 spd 0.762 jmp 0.366 3466s | window: 16%/6.03 ralow:  0%/  -   lifts:  0%/  -   ring:  0%/  -   sngspa:  0%/  -   sngspa:  0%/  -   tunnel:  0%/  -  
[it  2160/3000           ppo] rew -0.0149 vl    0.204 ent -2.462 kl 0.0096 spd 0.522 jmp 0.396 3482s | window: 17%/6.03 ralow:  0%/  -   lifts:  0%/  -   ring:  0%/  -   sngspa:  0%/  -   sngspa:  0%/  -   tunnel:  0%/  -  
[it  2170/3000           ppo] rew +0.0004 vl    1.904 ent -2.482 kl 0.0154 spd 0.665 jmp 0.388 3498s | window: 13%/6.13 ralow:  0%/  -   lifts:  0%/  -   ring:  0%/  -   sngspa:  0%/  -   sngspa:  0%/  -   tunnel:  0%/  -  
[it  2180/3000           ppo] rew -0.0009 vl    0.874 ent -2.515 kl 0.0149 spd 0.637 jmp 0.373 3515s | window: 13%/6.12 ralow:  0%/  -   lifts:  0%/  -   ring:  0%/  -   sngspa:  0%/  -   sngspa:  0%/  -   tunnel:  0%/  -  
[it  2190/3000           ppo] rew -0.0080 vl    0.152 ent -2.503 kl 0.0103 spd 0.748 jmp 0.383 3531s | window: 15%/6.08 ralow:  0%/  -   lifts:  0%/  -   ring:  0%/  -   sngspa:  0%/  -   sngspa:  0%/  -   tunnel:  0%/  -  
[it  2200/3000           ppo] rew -0.0089 vl    0.253 ent -2.584 kl 0.0178 spd 0.702 jmp 0.363 3547s | window: 12%/6.06 ralow:  0%/  -   lifts:  0%/  -   ring:  0%/  -   sngspa:  0%/  -   sngspa:  3%/10.01 tunnel:  0%/  -  
[it  2210/3000           ppo] rew +0.0082 vl    4.040 ent -2.522 kl 0.0091 spd 0.696 jmp 0.353 3563s | window: 13%/6.09 ralow:  0%/  -   lifts:  0%/  -   ring:  0%/  -   sngspa:  0%/  -   sngspa:  0%/  -   tunnel:  0%/  -  
[it  2220/3000           ppo] rew -0.0096 vl    0.188 ent -2.605 kl 0.0150 spd 0.652 jmp 0.346 3579s | window: 12%/6.07 ralow:  0%/  -   lifts:  0%/  -   ring:  0%/  -   sngspa:  0%/  -   sngspa:  0%/  -   tunnel:  0%/  -  
[it  2230/3000           ppo] rew -0.0122 vl    0.178 ent -2.559 kl 0.0077 spd 0.656 jmp 0.341 3595s | window: 13%/5.98 ralow:  0%/  -   lifts:  0%/  -   ring:  0%/  -   sngspa:  0%/  -   sngspa:  0%/  -   tunnel:  0%/  -  
[it  2240/3000           ppo] rew -0.0131 vl    0.185 ent -2.578 kl 0.0097 spd 0.531 jmp 0.359 3611s | window: 11%/6.01 ralow:  0%/  -   lifts:  0%/  -   ring:  0%/  -   sngspa:  0%/8.32 sngspa:  0%/  -   tunnel:  0%/  -  
[it  2250/3000           ppo] rew -0.0102 vl    0.166 ent -2.600 kl 0.0142 spd 0.656 jmp 0.340 3627s | window: 10%/6.03 ralow:  0%/  -   lifts:  0%/  -   ring:  0%/  -   sngspa:  0%/  -   sngspa:  0%/  -   tunnel:  0%/  -  
[it  2260/3000           ppo] rew -0.0138 vl    0.161 ent -2.590 kl 0.0116 spd 0.519 jmp 0.347 3643s | window: 10%/5.96 ralow:  0%/  -   lifts:  0%/  -   ring:  0%/  -   sngspa:  0%/  -   sngspa:  0%/  -   tunnel:  0%/  -  
[it  2270/3000           ppo] rew -0.0095 vl    0.133 ent -2.668 kl 0.0180 spd 0.691 jmp 0.346 3660s | window: 11%/5.95 ralow:  0%/  -   lifts:  0%/  -   ring:  0%/  -   sngspa:  0%/  -   sngspa:  0%/  -   tunnel:  0%/  -  
[it  2280/3000           ppo] rew -0.0152 vl    0.160 ent -2.625 kl 0.0187 spd 0.583 jmp 0.350 3675s | window: 14%/5.98 ralow:  0%/  -   lifts:  0%/  -   ring:  0%/  -   sngspa:  0%/  -   sngspa:  0%/  -   tunnel:  0%/  -  
[it  2290/3000           ppo] rew +0.0016 vl    0.439 ent -2.707 kl 0.0167 spd 0.757 jmp 0.329 3692s | window: 14%/5.94 ralow:  0%/  -   lifts:  0%/  -   ring:  0%/  -   sngspa:  0%/  -   sngspa:  0%/  -   tunnel:  0%/  -  
[it  2300/3000           ppo] rew -0.0034 vl    2.244 ent -2.664 kl 0.0079 spd 0.640 jmp 0.358 3708s | window: 15%/6.01 ralow:  0%/  -   lifts:  0%/  -   ring:  0%/  -   sngspa:  0%/  -   sngspa:  0%/  -   tunnel:  0%/  -  
[it  2310/3000           ppo] rew +0.0016 vl    0.740 ent -2.733 kl 0.0161 spd 0.769 jmp 0.347 3724s | window: 15%/5.91 ralow:  0%/  -   lifts:  0%/  -   ring:  0%/  -   sngspa:  0%/8.01 sngspa:  0%/  -   tunnel:  0%/  -  
[it  2320/3000           ppo] rew -0.0088 vl    0.162 ent -2.670 kl 0.0140 spd 0.693 jmp 0.368 3740s | window: 14%/5.84 ralow:  0%/  -   lifts:  0%/  -   ring:  0%/  -   sngspa:  0%/  -   sngspa:  0%/  -   tunnel:  0%/  -  
[it  2330/3000           ppo] rew -0.0091 vl    0.150 ent -2.728 kl 0.0115 spd 0.698 jmp 0.367 3756s | window: 15%/5.89 ralow:  0%/  -   lifts:  0%/  -   ring:  0%/  -   sngspa:  0%/  -   sngspa:  0%/  -   tunnel:  0%/  -  
[it  2340/3000           ppo] rew -0.0069 vl    0.137 ent -2.712 kl 0.0201 spd 0.705 jmp 0.384 3772s | window: 14%/5.95 ralow:  0%/  -   lifts:  0%/  -   ring:  0%/  -   sngspa:  0%/  -   sngspa:  0%/  -   tunnel:  0%/  -  
[it  2350/3000           ppo] rew -0.0103 vl    0.168 ent -2.731 kl 0.0131 spd 0.702 jmp 0.357 3788s | window: 14%/5.82 ralow:  0%/  -   lifts:  0%/  -   ring:  0%/  -   sngspa:  0%/  -   sngspa:  0%/  -   tunnel:  0%/  -  
[it  2360/3000           ppo] rew -0.0087 vl    0.156 ent -2.754 kl 0.0082 spd 0.618 jmp 0.379 3804s | window: 16%/5.86 ralow:  0%/  -   lifts:  0%/  -   ring:  0%/  -   sngspa:  0%/  -   sngspa:  0%/  -   tunnel:  0%/  -  
[it  2370/3000           ppo] rew -0.0116 vl    0.204 ent -2.768 kl 0.0119 spd 0.737 jmp 0.331 3821s | window: 15%/5.85 ralow:  0%/  -   lifts:  0%/  -   ring:  0%/  -   sngspa:  0%/  -   sngspa:  0%/  -   tunnel:  0%/  -  
[it  2380/3000           ppo] rew -0.0088 vl    0.125 ent -2.793 kl 0.0217 spd 0.629 jmp 0.371 3837s | window: 15%/5.87 ralow:  0%/  -   lifts:  0%/  -   ring:  0%/  -   sngspa:  0%/  -   sngspa:  0%/  -   tunnel:  0%/  -  
[it  2390/3000           ppo] rew -0.0123 vl    0.220 ent -2.792 kl 0.0170 spd 0.782 jmp 0.324 3853s | window: 14%/5.80 ralow:  0%/  -   lifts:  0%/  -   ring:  0%/  -   sngspa:  0%/  -   sngspa:  0%/  -   tunnel:  0%/  -  
[it  2400/3000           ppo] rew -0.0094 vl    0.146 ent -2.778 kl 0.0209 spd 0.618 jmp 0.355 3869s | window: 18%/5.80 ralow:  0%/  -   lifts:  0%/  -   ring:  0%/  -   sngspa:  0%/  -   sngspa:  0%/  -   tunnel:  0%/  -  
[it  2410/3000           ppo] rew -0.0097 vl    0.261 ent -2.839 kl 0.0263 spd 0.784 jmp 0.320 3885s | window: 17%/5.82 ralow:  0%/  -   lifts:  0%/  -   ring:  0%/  -   sngspa:  0%/  -   sngspa:  0%/  -   tunnel:  0%/  -  
[it  2420/3000           ppo] rew -0.0097 vl    0.144 ent -2.814 kl 0.0094 spd 0.626 jmp 0.362 3902s | window: 15%/5.77 ralow:  0%/  -   lifts:  0%/  -   ring:  0%/  -   sngspa:  0%/  -   sngspa:  0%/  -   tunnel:  0%/  -  
[it  2430/3000           ppo] rew +0.0018 vl    2.555 ent -2.863 kl 0.0121 spd 0.739 jmp 0.317 3918s | window: 16%/5.82 ralow:  0%/  -   lifts:  0%/  -   ring:  0%/  -   sngspa:  0%/  -   sngspa:  0%/  -   tunnel:  0%/  -  
[it  2440/3000           ppo] rew -0.0086 vl    0.154 ent -2.837 kl 0.0128 spd 0.711 jmp 0.340 3934s | window: 17%/5.78 ralow:  0%/  -   lifts:  0%/  -   ring:  0%/  -   sngspa:  0%/  -   sngspa:  0%/  -   tunnel:  0%/  -  
[it  2450/3000           ppo] rew -0.0074 vl    0.289 ent -2.883 kl 0.0133 spd 0.736 jmp 0.332 3951s | window: 17%/5.78 ralow:  0%/  -   lifts:  0%/  -   ring:  0%/  -   sngspa:  0%/  -   sngspa:  0%/  -   tunnel:  0%/  -  
[it  2460/3000           ppo] rew +0.0073 vl    4.078 ent -2.870 kl 0.0165 spd 0.699 jmp 0.328 3967s | window: 18%/5.70 ralow:  0%/  -   lifts:  0%/  -   ring:  0%/  -   sngspa:  0%/  -   sngspa:  0%/  -   tunnel:  0%/  -  
[it  2470/3000           ppo] rew -0.0106 vl    0.203 ent -2.832 kl 0.0072 spd 0.591 jmp 0.374 3983s | window: 16%/5.80 ralow:  0%/  -   lifts:  0%/  -   ring:  0%/  -   sngspa:  0%/  -   sngspa:  0%/  -   tunnel:  0%/  -  
[it  2480/3000           ppo] rew -0.0119 vl    0.170 ent -2.886 kl 0.0282 spd 0.686 jmp 0.327 3999s | window: 13%/5.81 ralow:  0%/  -   lifts:  0%/  -   ring:  0%/  -   sngspa:  0%/  -   sngspa:  0%/  -   tunnel:  0%/  -  
[it  2490/3000           ppo] rew -0.0110 vl    0.161 ent -2.869 kl 0.0120 spd 0.559 jmp 0.353 4015s | window: 13%/5.76 ralow:  0%/  -   lifts:  0%/  -   ring:  0%/  -   sngspa:  0%/  -   sngspa:  0%/  -   tunnel:  0%/  -  
[it  2500/3000           ppo] rew -0.0136 vl    0.116 ent -2.933 kl 0.0099 spd 0.709 jmp 0.327 4031s | window: 12%/5.80 ralow:  0%/  -   lifts:  0%/  -   ring:  0%/  -   sngspa:  0%/  -   sngspa:  0%/  -   tunnel:  0%/  -  
[it  2510/3000           ppo] rew -0.0081 vl    0.145 ent -2.955 kl 0.0154 spd 0.741 jmp 0.309 4047s | window: 12%/5.67 ralow:  0%/  -   lifts:  0%/  -   ring:  0%/  -   sngspa:  0%/  -   sngspa:  0%/  -   tunnel:  0%/  -  
[it  2520/3000           ppo] rew -0.0149 vl    0.117 ent -2.966 kl 0.0110 spd 0.616 jmp 0.315 4063s | window: 13%/5.75 ralow:  0%/  -   lifts:  0%/  -   ring:  0%/  -   sngspa:  0%/  -   sngspa:  0%/  -   tunnel:  0%/  -  
[it  2530/3000           ppo] rew -0.0082 vl    0.140 ent -2.995 kl 0.0226 spd 0.839 jmp 0.298 4080s | window: 12%/5.61 ralow:  0%/  -   lifts:  0%/  -   ring:  0%/  -   sngspa:  0%/  -   sngspa:  0%/  -   tunnel:  0%/  -  
[it  2540/3000           ppo] rew -0.0168 vl    0.136 ent -2.917 kl 0.0418 spd 0.454 jmp 0.356 4096s | window: 13%/5.68 ralow:  0%/  -   lifts:  0%/  -   ring:  0%/  -   sngspa:  0%/  -   sngspa:  0%/  -   tunnel:  0%/  -  
[it  2550/3000           ppo] rew -0.0041 vl    0.160 ent -3.035 kl 0.0109 spd 0.872 jmp 0.299 4112s | window: 13%/5.70 ralow:  0%/  -   lifts:  0%/  -   ring:  0%/  -   sngspa:  0%/  -   sngspa:  0%/  -   tunnel:  0%/  -  
[it  2560/3000           ppo] rew -0.0048 vl    1.982 ent -2.944 kl 0.0156 spd 0.451 jmp 0.366 4128s | window: 13%/5.63 ralow:  0%/  -   lifts:  0%/  -   ring:  0%/  -   sngspa:  0%/  -   sngspa:  0%/  -   tunnel:  0%/  -  
[it  2570/3000           ppo] rew -0.0029 vl    0.181 ent -3.070 kl 0.0088 spd 0.910 jmp 0.297 4144s | window: 14%/5.60 ralow:  0%/  -   lifts:  0%/  -   ring:  0%/  -   sngspa:  0%/  -   sngspa:  0%/  -   tunnel:  0%/  -  
[it  2580/3000           ppo] rew -0.0136 vl    0.176 ent -2.950 kl 0.0075 spd 0.494 jmp 0.380 4160s | window: 13%/5.67 ralow:  0%/  -   lifts:  0%/  -   ring:  0%/  -   sngspa:  0%/  -   sngspa:  0%/  -   tunnel:  0%/  -  
[it  2590/3000           ppo] rew -0.0074 vl    0.159 ent -3.063 kl 0.0137 spd 0.855 jmp 0.292 4177s | window: 13%/5.54 ralow:  0%/  -   lifts:  0%/  -   ring:  0%/  -   sngspa:  0%/  -   sngspa:  0%/  -   tunnel:  0%/  -  
[it  2600/3000           ppo] rew -0.0145 vl    0.228 ent -2.964 kl 0.0066 spd 0.565 jmp 0.357 4193s | window: 11%/5.66 ralow:  0%/  -   lifts:  0%/  -   ring:  0%/  -   sngspa:  0%/  -   sngspa:  0%/  -   tunnel:  0%/  -  
[it  2610/3000           ppo] rew +0.0013 vl    1.126 ent -3.063 kl 0.0115 spd 0.795 jmp 0.309 4209s | window: 12%/5.57 ralow:  0%/  -   lifts:  0%/  -   ring:  0%/  -   sngspa:  0%/  -   sngspa:  0%/  -   tunnel:  0%/  -  
[it  2620/3000           ppo] rew -0.0096 vl    0.192 ent -3.056 kl 0.0085 spd 0.721 jmp 0.316 4226s | window:  9%/5.60 ralow:  0%/  -   lifts:  0%/  -   ring:  0%/  -   sngspa:  0%/  -   sngspa:  0%/  -   tunnel:  0%/  -  
[it  2630/3000           ppo] rew -0.0097 vl    0.142 ent -3.071 kl 0.0061 spd 0.711 jmp 0.328 4242s | window:  8%/5.52 ralow:  0%/  -   lifts:  0%/  -   ring:  0%/  -   sngspa:  0%/  -   sngspa:  0%/  -   tunnel:  0%/  -  
[it  2640/3000           ppo] rew -0.0067 vl    0.239 ent -3.165 kl 0.0177 spd 0.785 jmp 0.306 4258s | window: 11%/5.48 ralow:  0%/  -   lifts:  0%/  -   ring:  0%/  -   sngspa:  0%/  -   sngspa:  0%/  -   tunnel:  0%/  -  
[it  2650/3000           ppo] rew -0.0100 vl    0.152 ent -3.062 kl 0.0148 spd 0.644 jmp 0.355 4274s | window: 12%/5.46 ralow:  0%/  -   lifts:  0%/  -   ring:  0%/  -   sngspa:  0%/  -   sngspa:  0%/  -   tunnel:  0%/  -  
[it  2660/3000           ppo] rew -0.0083 vl    0.230 ent -3.173 kl 0.0208 spd 0.760 jmp 0.320 4290s | window: 12%/5.59 ralow:  0%/  -   lifts:  0%/  -   ring:  0%/  -   sngspa:  0%/  -   sngspa:  0%/  -   tunnel:  0%/  -  
[it  2670/3000           ppo] rew -0.0099 vl    0.153 ent -3.119 kl 0.0085 spd 0.689 jmp 0.329 4307s | window: 12%/5.57 ralow:  0%/  -   lifts:  0%/  -   ring:  0%/  -   sngspa:  0%/  -   sngspa:  0%/  -   tunnel:  0%/  -  
[it  2680/3000           ppo] rew -0.0096 vl    0.227 ent -3.179 kl 0.0296 spd 0.732 jmp 0.305 4323s | window: 11%/5.48 ralow:  0%/  -   lifts:  0%/  -   ring:  0%/  -   sngspa:  0%/  -   sngspa:  0%/  -   tunnel:  0%/  -  
[it  2690/3000           ppo] rew +0.0038 vl    1.675 ent -3.166 kl 0.0120 spd 0.812 jmp 0.305 4339s | window: 12%/5.44 ralow:  0%/  -   lifts:  0%/  -   ring:  0%/  -   sngspa:  0%/  -   sngspa:  0%/  -   tunnel:  0%/  -  
[it  2700/3000           ppo] rew -0.0154 vl    0.210 ent -3.136 kl 0.0219 spd 0.578 jmp 0.336 4355s | window: 11%/5.42 ralow:  0%/  -   lifts:  0%/  -   ring:  0%/  -   sngspa:  0%/  -   sngspa:  0%/  -   tunnel:  0%/  -  
[it  2710/3000           ppo] rew +0.0130 vl    3.285 ent -3.209 kl 0.0117 spd 0.795 jmp 0.305 4371s | window: 12%/5.38 ralow:  0%/  -   lifts:  0%/  -   ring:  0%/  -   sngspa:  0%/  -   sngspa:  0%/  -   tunnel:  0%/  -  
[it  2720/3000           ppo] rew -0.0164 vl    0.138 ent -3.147 kl 0.0102 spd 0.570 jmp 0.339 4387s | window: 12%/5.40 ralow:  0%/  -   lifts:  0%/  -   ring:  0%/  -   sngspa:  0%/  -   sngspa:  0%/  -   tunnel:  0%/  -  
[it  2730/3000           ppo] rew -0.0045 vl    0.178 ent -3.252 kl 0.0115 spd 0.924 jmp 0.272 4404s | window:  9%/5.31 ralow:  0%/  -   lifts:  0%/  -   ring:  0%/  -   sngspa:  0%/  -   sngspa:  0%/  -   tunnel:  0%/  -  
[it  2740/3000           ppo] rew -0.0159 vl    0.130 ent -3.181 kl 0.0136 spd 0.553 jmp 0.335 4420s | window: 11%/5.36 ralow:  0%/  -   lifts:  0%/  -   ring:  0%/  -   sngspa:  0%/  -   sngspa:  0%/  -   tunnel:  0%/  -  
[it  2750/3000           ppo] rew -0.0064 vl    0.150 ent -3.331 kl 0.0163 spd 0.890 jmp 0.256 4436s | window: 11%/5.33 ralow:  0%/  -   lifts:  0%/  -   ring:  0%/  -   sngspa:  0%/  -   sngspa:  0%/  -   tunnel:  0%/  -  
[it  2760/3000           ppo] rew -0.0154 vl    0.123 ent -3.216 kl 0.0060 spd 0.621 jmp 0.309 4452s | window: 11%/5.44 ralow:  0%/  -   lifts:  0%/  -   ring:  0%/  -   sngspa:  0%/  -   sngspa:  0%/  -   tunnel:  0%/  -  
[it  2770/3000           ppo] rew -0.0087 vl    0.188 ent -3.314 kl 0.0141 spd 0.771 jmp 0.279 4468s | window:  9%/5.36 ralow:  0%/  -   lifts:  0%/  -   ring:  0%/  -   sngspa:  0%/  -   sngspa:  0%/  -   tunnel:  0%/  -  
[it  2780/3000           ppo] rew -0.0103 vl    0.161 ent -3.250 kl 0.0149 spd 0.634 jmp 0.304 4484s | window:  9%/5.38 ralow:  0%/  -   lifts:  0%/  -   ring:  0%/  -   sngspa:  0%/  -   sngspa:  0%/  -   tunnel:  0%/  -  
[it  2790/3000           ppo] rew -0.0099 vl    0.147 ent -3.310 kl 0.0082 spd 0.742 jmp 0.273 4500s | window:  9%/5.24 ralow:  0%/  -   lifts:  0%/  -   ring:  0%/  -   sngspa:  0%/  -   sngspa:  0%/  -   tunnel:  0%/  -  
[it  2800/3000           ppo] rew -0.0101 vl    0.197 ent -3.279 kl 0.0153 spd 0.673 jmp 0.318 4517s | window:  8%/5.33 ralow:  0%/  -   lifts:  0%/  -   ring:  0%/  -   sngspa:  0%/  -   sngspa:  0%/  -   tunnel:  0%/  -  
[it  2810/3000           ppo] rew -0.0130 vl    0.145 ent -3.330 kl 0.0076 spd 0.763 jmp 0.266 4533s | window:  9%/5.29 ralow:  0%/  -   lifts:  0%/  -   ring:  0%/  -   sngspa:  0%/  -   sngspa:  0%/  -   tunnel:  0%/  -  
[it  2820/3000           ppo] rew +0.0031 vl    1.487 ent -3.305 kl 0.0128 spd 0.693 jmp 0.306 4549s | window:  8%/5.31 ralow:  0%/  -   lifts:  0%/  -   ring:  0%/  -   sngspa:  0%/  -   sngspa:  0%/  -   tunnel:  0%/  -  
[it  2830/3000           ppo] rew -0.0132 vl    0.144 ent -3.378 kl 0.0076 spd 0.852 jmp 0.210 4565s | window:  7%/5.20 ralow:  0%/  -   lifts:  0%/  -   ring:  0%/  -   sngspa:  0%/  -   sngspa:  0%/  -   tunnel:  0%/  -  
[it  2840/3000           ppo] rew -0.0064 vl    0.176 ent -3.233 kl 0.0100 spd 0.718 jmp 0.329 4581s | window:  7%/5.26 ralow:  0%/  -   lifts:  0%/  -   ring:  0%/  -   sngspa:  0%/  -   sngspa:  0%/  -   tunnel:  0%/  -  
[it  2850/3000           ppo] rew -0.0098 vl    0.157 ent -3.401 kl 0.0112 spd 0.780 jmp 0.221 4597s | window:  5%/5.12 ralow:  0%/  -   lifts:  0%/  -   ring:  0%/  -   sngspa:  0%/  -   sngspa:  0%/  -   tunnel:  0%/  -  
[it  2860/3000           ppo] rew -0.0071 vl    0.204 ent -3.317 kl 0.0092 spd 0.702 jmp 0.290 4614s | window:  7%/5.15 ralow:  0%/  -   lifts:  0%/  -   ring:  0%/  -   sngspa:  0%/  -   sngspa:  0%/  -   tunnel:  0%/  -  
[it  2870/3000           ppo] rew -0.0074 vl    0.208 ent -3.475 kl 0.0154 spd 0.803 jmp 0.213 4630s | window:  5%/5.27 ralow:  0%/  -   lifts:  0%/  -   ring:  0%/  -   sngspa:  0%/  -   sngspa:  0%/  -   tunnel:  0%/  -  
[it  2880/3000           ppo] rew -0.0066 vl    0.162 ent -3.399 kl 0.0417 spd 0.734 jmp 0.268 4646s | window:  7%/5.14 ralow:  0%/  -   lifts:  0%/  -   ring:  0%/  -   sngspa:  0%/  -   sngspa:  0%/  -   tunnel:  0%/  -  
[it  2890/3000           ppo] rew -0.0090 vl    0.243 ent -3.522 kl 0.0150 spd 0.783 jmp 0.194 4662s | window:  5%/5.08 ralow:  0%/  -   lifts:  0%/  -   ring:  0%/  -   sngspa:  0%/  -   sngspa:  0%/  -   tunnel:  0%/  -  
[it  2900/3000           ppo] rew -0.0071 vl    0.158 ent -3.500 kl 0.0079 spd 0.771 jmp 0.185 4679s | window:  5%/5.08 ralow:  0%/  -   lifts:  0%/  -   ring:  0%/  -   sngspa:  0%/  -   sngspa:  0%/  -   tunnel:  0%/  -  
[it  2910/3000           ppo] rew -0.0009 vl    1.753 ent -3.521 kl 0.0121 spd 0.659 jmp 0.189 4695s | window:  5%/5.01 ralow:  0%/  -   lifts:  0%/  -   ring:  0%/  -   sngspa:  0%/  -   sngspa:  0%/  -   tunnel:  0%/  -  
[it  2920/3000           ppo] rew -0.0101 vl    0.141 ent -3.579 kl 0.0098 spd 0.885 jmp 0.138 4711s | window:  5%/5.08 ralow:  0%/  -   lifts:  0%/  -   ring:  0%/  -   sngspa:  0%/  -   sngspa:  0%/  -   tunnel:  0%/  -  
[it  2930/3000           ppo] rew -0.0009 vl    1.822 ent -3.552 kl 0.0105 spd 0.649 jmp 0.187 4727s | window:  5%/5.01 ralow:  0%/  -   lifts:  0%/  -   ring:  0%/  -   sngspa:  0%/  -   sngspa:  0%/  -   tunnel:  0%/  -  
[it  2940/3000           ppo] rew -0.0081 vl    0.132 ent -3.694 kl 0.0072 spd 0.899 jmp 0.108 4743s | window:  5%/4.91 ralow:  0%/  -   lifts:  0%/  -   ring:  0%/  -   sngspa:  0%/  -   sngspa:  0%/  -   tunnel:  0%/  -  
[it  2950/3000           ppo] rew -0.0054 vl    0.250 ent -3.694 kl 0.0115 spd 0.865 jmp 0.127 4759s | window:  4%/4.89 ralow:  0%/  -   lifts:  0%/  -   ring:  0%/  -   sngspa:  0%/  -   sngspa:  0%/  -   tunnel:  0%/  -  
[it  2960/3000           ppo] rew +0.0077 vl    3.837 ent -3.662 kl 0.0088 spd 0.738 jmp 0.134 4776s | window:  4%/4.93 ralow:  0%/  -   lifts:  0%/  -   ring:  0%/  -   sngspa:  0%/  -   sngspa:  0%/  -   tunnel:  0%/  -  
[it  2970/3000           ppo] rew -0.0046 vl    0.176 ent -3.744 kl 0.0094 spd 0.890 jmp 0.102 4792s | window:  3%/4.89 ralow:  0%/  -   lifts:  0%/  -   ring:  0%/  -   sngspa:  0%/  -   sngspa:  0%/  -   tunnel:  0%/  -  
[it  2980/3000           ppo] rew -0.0014 vl    1.021 ent -3.729 kl 0.0104 spd 0.740 jmp 0.110 4808s | window:  2%/4.89 ralow:  0%/  -   lifts:  0%/  -   ring:  0%/  -   sngspa:  0%/  -   sngspa:  0%/  -   tunnel:  0%/  -  
[it  2990/3000           ppo] rew -0.0056 vl    0.182 ent -3.800 kl 0.0096 spd 0.981 jmp 0.054 4824s | window:  2%/4.78 ralow:  0%/  -   lifts:  0%/  -   ring:  0%/  -   sngspa:  0%/  -   sngspa:  0%/  -   tunnel:  0%/  -  
[it  3000/3000           ppo] rew -0.0148 vl    0.162 ent -3.803 kl 0.0134 spd 0.619 jmp 0.056 4841s | window:  1%/4.89 ralow:  0%/  -   lifts:  0%/  -   ring:  0%/  -   sngspa:  0%/  -   sngspa:  0%/  -   tunnel:  0%/  -  
saved /home/benjamin-adm/rex-ml/pipeline/out/race/race_v3.pt
