resumed from pipeline/out/race/race_v5.pt
routes=['window_to_rl', 'ralow_to_ratop', 'lifts_to_sng_mega', 'ring_to_ratop', 'sngspawn_a_to_mega', 'sngspawn_b_to_mega', 'tunnel_to_ra']  n_per_route=2048  human_k=0  envs=7  total_slots=14336  T=64  gamma=0.999
  window_to_rl           navmesh                      path    2002 u  n= 2048  gate  2.75s  needs    728 u/s average
  ralow_to_ratop         navmesh                      path    3052 u  n= 2048  gate  7.71s  needs    396 u/s average
  lifts_to_sng_mega      navmesh                      path    2325 u  n= 2048  gate  7.93s  needs    293 u/s average
  ring_to_ratop          navmesh                      path    2842 u  n= 2048  gate  9.26s  needs    307 u/s average
  sngspawn_a_to_mega     navmesh                      path    2540 u  n= 2048  gate  9.98s  needs    255 u/s average
  sngspawn_b_to_mega     navmesh                      path    3110 u  n= 2048  gate  9.98s  needs    312 u/s average
  tunnel_to_ra           navmesh                      path    3885 u  n= 2048  gate 12.13s  needs    320 u/s average
[it     1/3000 critic_warmup] rew +0.0159 vl   11.773 ent -1.633 kl 0.0000 spd 1.030 jmp 0.218 lo 0.75 2s | window:100%/0.51 ralow:100%/0.81 lifts:100%/0.60 ring:100%/0.76 sngspa:100%/0.69 sngspa:100%/0.73 tunnel:  0%/  -  
[it    10/3000 critic_warmup] rew +0.0361 vl    3.020 ent -1.709 kl 0.0000 spd 0.414 jmp 0.134 lo 0.75 16s | window:100%/0.68 ralow:100%/2.35 lifts:100%/1.05 ring:100%/2.23 sngspa:100%/1.39 sngspa:100%/1.53 tunnel:100%/2.65
[it    20/3000           ppo] rew +0.0455 vl   22.756 ent -1.647 kl 0.0089 spd 0.251 jmp 0.153 lo 0.74 31s | window: 99%/0.64 ralow: 60%/2.14 lifts: 12%/0.98 ring:100%/2.09 sngspa:100%/1.37 sngspa:100%/1.68 tunnel:100%/2.57
[it    30/3000           ppo] rew +0.0533 vl    6.268 ent -1.593 kl 0.0084 spd 0.413 jmp 0.181 lo 0.74 46s | window:100%/0.64 ralow: 68%/1.99 lifts: 94%/0.95 ring: 50%/1.83 sngspa: 57%/1.23 sngspa: 52%/1.48 tunnel: 53%/2.27
[it    40/3000           ppo] rew +0.0354 vl    7.780 ent -1.480 kl 0.0079 spd 0.302 jmp 0.212 lo 0.73 61s | window:100%/0.64 ralow: 62%/2.08 lifts: 85%/1.14 ring: 67%/1.88 sngspa: 95%/1.37 sngspa: 96%/1.70 tunnel: 80%/2.38
[it    50/3000           ppo] rew +0.0647 vl   11.728 ent -1.440 kl 0.0086 spd 0.464 jmp 0.238 lo 0.73 77s | window:100%/0.64 ralow: 60%/2.01 lifts: 78%/1.02 ring: 52%/1.88 sngspa: 52%/1.13 sngspa: 46%/1.36 tunnel: 65%/2.43
[it    60/3000           ppo] rew +0.0441 vl    5.668 ent -1.360 kl 0.0103 spd 0.379 jmp 0.222 lo 0.73 93s | window:100%/0.64 ralow: 65%/2.09 lifts: 88%/1.17 ring: 63%/1.90 sngspa: 86%/1.42 sngspa: 83%/1.64 tunnel: 67%/2.40
[it    70/3000           ppo] rew +0.0530 vl    9.272 ent -1.242 kl 0.0100 spd 0.430 jmp 0.245 lo 0.72 107s | window:100%/0.62 ralow: 61%/2.04 lifts: 78%/1.14 ring: 60%/1.95 sngspa: 60%/1.21 sngspa: 47%/1.58 tunnel: 73%/2.57
[it    80/3000           ppo] rew +0.0537 vl    7.040 ent -1.106 kl 0.0073 spd 0.448 jmp 0.268 lo 0.72 122s | window:100%/0.62 ralow: 65%/2.10 lifts: 86%/1.17 ring: 60%/1.94 sngspa: 75%/1.29 sngspa: 69%/1.52 tunnel: 66%/2.61
[it    90/3000           ppo] rew +0.0461 vl    7.204 ent -0.981 kl 0.0081 spd 0.413 jmp 0.313 lo 0.71 137s | window:100%/0.62 ralow: 63%/2.08 lifts: 83%/1.17 ring: 66%/1.97 sngspa: 87%/1.38 sngspa: 80%/1.61 tunnel: 63%/2.51
[it   100/3000           ppo] rew +0.0582 vl    8.120 ent -0.930 kl 0.0083 spd 0.472 jmp 0.315 lo 0.71 152s | window:100%/0.62 ralow: 65%/2.09 lifts: 85%/1.17 ring: 62%/1.97 sngspa: 69%/1.31 sngspa: 62%/1.48 tunnel: 69%/2.57
[it   110/3000           ppo] rew +0.0487 vl    6.831 ent -0.802 kl 0.0067 spd 0.450 jmp 0.341 lo 0.7 166s | window:100%/0.62 ralow: 63%/2.12 lifts: 86%/1.21 ring: 66%/2.00 sngspa: 82%/1.36 sngspa: 76%/1.61 tunnel: 59%/2.57
[it   120/3000           ppo] rew +0.0472 vl    7.260 ent -0.707 kl 0.0069 spd 0.453 jmp 0.346 lo 0.7 180s | window:100%/0.62 ralow: 64%/2.09 lifts: 85%/1.25 ring: 65%/2.01 sngspa: 80%/1.36 sngspa: 67%/1.55 tunnel: 61%/2.65
[it   130/3000           ppo] rew +0.0489 vl    7.761 ent -0.626 kl 0.0071 spd 0.481 jmp 0.358 lo 0.7 195s | window:100%/0.62 ralow: 65%/2.16 lifts: 87%/1.21 ring: 66%/2.03 sngspa: 78%/1.36 sngspa: 68%/1.49 tunnel: 58%/2.72
[it   140/3000           ppo] rew +0.0466 vl    7.335 ent -0.516 kl 0.0066 spd 0.467 jmp 0.383 lo 0.69 209s | window:100%/0.62 ralow: 66%/2.16 lifts: 87%/1.23 ring: 66%/2.06 sngspa: 82%/1.35 sngspa: 73%/1.58 tunnel: 56%/2.64
[it   150/3000           ppo] rew +0.0472 vl    7.698 ent -0.485 kl 0.0070 spd 0.482 jmp 0.386 lo 0.69 224s | window:100%/0.64 ralow: 63%/2.13 lifts: 87%/1.21 ring: 67%/2.03 sngspa: 80%/1.35 sngspa: 68%/1.51 tunnel: 59%/2.60
[it   160/3000           ppo] rew +0.0492 vl    7.245 ent -0.443 kl 0.0068 spd 0.493 jmp 0.392 lo 0.68 239s | window:100%/0.62 ralow: 63%/2.16 lifts: 87%/1.22 ring: 65%/2.05 sngspa: 81%/1.34 sngspa: 75%/1.65 tunnel: 58%/2.55
[it   170/3000           ppo] rew +0.0454 vl    7.172 ent -0.384 kl 0.0071 spd 0.489 jmp 0.395 lo 0.68 253s | window:100%/0.62 ralow: 64%/2.19 lifts: 87%/1.26 ring: 65%/2.06 sngspa: 83%/1.35 sngspa: 74%/1.61 tunnel: 59%/2.66
[it   180/3000           ppo] rew +0.0453 vl    7.543 ent -0.346 kl 0.0060 spd 0.506 jmp 0.388 lo 0.68 267s | window:100%/0.62 ralow: 65%/2.22 lifts: 86%/1.27 ring: 66%/2.05 sngspa: 78%/1.42 sngspa: 73%/1.66 tunnel: 58%/2.61
[it   190/3000           ppo] rew +0.0433 vl    7.670 ent -0.304 kl 0.0058 spd 0.496 jmp 0.393 lo 0.67 282s | window:100%/0.62 ralow: 64%/2.26 lifts: 87%/1.25 ring: 64%/2.12 sngspa: 80%/1.38 sngspa: 74%/1.66 tunnel: 60%/2.58
[it   200/3000           ppo] rew +0.0423 vl    7.616 ent -0.291 kl 0.0065 spd 0.500 jmp 0.379 lo 0.67 296s | window:100%/0.64 ralow: 64%/2.29 lifts: 86%/1.27 ring: 68%/2.13 sngspa: 79%/1.44 sngspa: 73%/1.66 tunnel: 58%/2.71
[it   210/3000           ppo] rew +0.0370 vl    7.706 ent -0.284 kl 0.0062 spd 0.495 jmp 0.377 lo 0.66 310s | window:100%/0.65 ralow: 64%/2.30 lifts: 86%/1.27 ring: 65%/2.13 sngspa: 78%/1.36 sngspa: 75%/1.70 tunnel: 59%/2.68
[it   220/3000           ppo] rew +0.0369 vl    7.476 ent -0.239 kl 0.0067 spd 0.492 jmp 0.385 lo 0.66 324s | window:100%/0.64 ralow: 64%/2.50 lifts: 85%/1.32 ring: 67%/2.19 sngspa: 78%/1.42 sngspa: 75%/1.73 tunnel: 57%/2.64
[it   230/3000           ppo] rew +0.0407 vl    8.065 ent -0.259 kl 0.0053 spd 0.514 jmp 0.386 lo 0.65 339s | window: 99%/0.64 ralow: 64%/2.52 lifts: 84%/1.23 ring: 67%/2.25 sngspa: 78%/1.47 sngspa: 74%/1.71 tunnel: 57%/2.68
[it   240/3000           ppo] rew +0.0367 vl    7.567 ent -0.213 kl 0.0059 spd 0.503 jmp 0.388 lo 0.65 353s | window:100%/0.64 ralow: 66%/2.61 lifts: 84%/1.26 ring: 67%/2.26 sngspa: 78%/1.45 sngspa: 77%/1.77 tunnel: 58%/2.70
[it   250/3000           ppo] rew +0.0371 vl    7.779 ent -0.195 kl 0.0053 spd 0.505 jmp 0.393 lo 0.65 368s | window:100%/0.65 ralow: 65%/2.62 lifts: 82%/1.27 ring: 67%/2.27 sngspa: 77%/1.48 sngspa: 75%/1.77 tunnel: 59%/2.65
[it   260/3000           ppo] rew +0.0389 vl    7.865 ent -0.200 kl 0.0056 spd 0.523 jmp 0.380 lo 0.64 382s | window:100%/0.64 ralow: 66%/2.64 lifts: 82%/1.32 ring: 67%/2.30 sngspa: 77%/1.47 sngspa: 73%/1.72 tunnel: 61%/2.77
[it   270/3000           ppo] rew +0.0356 vl    7.729 ent -0.170 kl 0.0051 spd 0.523 jmp 0.380 lo 0.64 396s | window:100%/0.65 ralow: 67%/2.70 lifts: 80%/1.31 ring: 67%/2.34 sngspa: 79%/1.49 sngspa: 77%/1.75 tunnel: 62%/2.70
[it   280/3000           ppo] rew +0.0355 vl    8.013 ent -0.179 kl 0.0055 spd 0.529 jmp 0.380 lo 0.63 410s | window:100%/0.65 ralow: 68%/2.79 lifts: 78%/1.31 ring: 69%/2.52 sngspa: 78%/1.51 sngspa: 76%/1.81 tunnel: 63%/2.68
[it   290/3000           ppo] rew +0.0322 vl    7.846 ent -0.141 kl 0.0054 spd 0.522 jmp 0.381 lo 0.63 425s | window:100%/0.65 ralow: 70%/2.79 lifts: 71%/1.31 ring: 70%/2.49 sngspa: 78%/1.55 sngspa: 76%/1.78 tunnel: 64%/2.69
[it   300/3000           ppo] rew +0.0289 vl    7.663 ent -0.112 kl 0.0054 spd 0.514 jmp 0.394 lo 0.63 439s | window:100%/0.64 ralow: 69%/2.71 lifts: 64%/1.31 ring: 70%/2.65 sngspa: 78%/1.56 sngspa: 75%/1.81 tunnel: 65%/2.75
[it   310/3000           ppo] rew +0.0288 vl    8.275 ent -0.115 kl 0.0052 spd 0.520 jmp 0.394 lo 0.62 453s | window:100%/0.65 ralow: 67%/2.71 lifts: 63%/1.30 ring: 69%/2.71 sngspa: 77%/1.57 sngspa: 73%/1.81 tunnel: 63%/2.74
[it   320/3000           ppo] rew +0.0287 vl    7.896 ent -0.110 kl 0.0062 spd 0.521 jmp 0.399 lo 0.62 467s | window:100%/0.64 ralow: 68%/2.65 lifts: 64%/1.38 ring: 69%/2.68 sngspa: 76%/1.58 sngspa: 75%/1.83 tunnel: 63%/2.70
[it   330/3000           ppo] rew +0.0260 vl    8.263 ent -0.101 kl 0.0050 spd 0.524 jmp 0.386 lo 0.61 482s | window:100%/0.66 ralow: 68%/2.83 lifts: 59%/1.36 ring: 69%/2.86 sngspa: 75%/1.58 sngspa: 73%/1.84 tunnel: 62%/2.75
[it   340/3000           ppo] rew +0.0245 vl    8.208 ent -0.077 kl 0.0055 spd 0.520 jmp 0.387 lo 0.61 496s | window:100%/0.65 ralow: 68%/2.74 lifts: 60%/1.38 ring: 74%/2.77 sngspa: 75%/1.62 sngspa: 72%/1.86 tunnel: 59%/2.83
[it   350/3000           ppo] rew +0.0261 vl    7.954 ent -0.103 kl 0.0051 spd 0.530 jmp 0.374 lo 0.6 510s | window:100%/0.65 ralow: 69%/2.81 lifts: 59%/1.32 ring: 73%/2.79 sngspa: 74%/1.62 sngspa: 70%/1.83 tunnel: 61%/2.83
[it   360/3000           ppo] rew +0.0262 vl    7.964 ent -0.107 kl 0.0055 spd 0.539 jmp 0.371 lo 0.6 524s | window:100%/0.65 ralow: 69%/2.88 lifts: 59%/1.42 ring: 72%/2.92 sngspa: 74%/1.62 sngspa: 69%/1.92 tunnel: 63%/2.90
[it   370/3000           ppo] rew +0.0251 vl    7.783 ent -0.072 kl 0.0056 spd 0.527 jmp 0.395 lo 0.6 538s | window:100%/0.66 ralow: 69%/2.92 lifts: 59%/1.37 ring: 71%/2.88 sngspa: 74%/1.68 sngspa: 71%/1.86 tunnel: 61%/2.82
[it   380/3000           ppo] rew +0.0270 vl    8.040 ent -0.082 kl 0.0052 spd 0.536 jmp 0.385 lo 0.59 552s | window:100%/0.66 ralow: 70%/2.86 lifts: 57%/1.32 ring: 74%/2.90 sngspa: 74%/1.66 sngspa: 67%/1.86 tunnel: 60%/2.87
[it   390/3000           ppo] rew +0.0252 vl    7.529 ent -0.073 kl 0.0055 spd 0.538 jmp 0.402 lo 0.59 566s | window:100%/0.65 ralow: 71%/2.88 lifts: 59%/1.34 ring: 73%/2.90 sngspa: 73%/1.64 sngspa: 65%/1.81 tunnel: 64%/2.80
[it   400/3000           ppo] rew +0.0226 vl    7.672 ent -0.064 kl 0.0052 spd 0.536 jmp 0.387 lo 0.58 580s | window:100%/0.65 ralow: 69%/2.84 lifts: 57%/1.27 ring: 76%/2.83 sngspa: 71%/1.71 sngspa: 63%/1.86 tunnel: 62%/2.86
[it   410/3000           ppo] rew +0.0240 vl    7.827 ent -0.078 kl 0.0054 spd 0.543 jmp 0.397 lo 0.58 594s | window:100%/0.65 ralow: 69%/2.84 lifts: 57%/1.23 ring: 74%/2.86 sngspa: 73%/1.68 sngspa: 65%/1.84 tunnel: 60%/2.79
[it   420/3000           ppo] rew +0.0235 vl    8.003 ent -0.057 kl 0.0057 spd 0.534 jmp 0.410 lo 0.58 608s | window:100%/0.64 ralow: 71%/2.91 lifts: 59%/1.29 ring: 71%/2.82 sngspa: 74%/1.71 sngspa: 66%/1.87 tunnel: 61%/2.87
[it   430/3000           ppo] rew +0.0232 vl    7.773 ent -0.060 kl 0.0048 spd 0.536 jmp 0.399 lo 0.57 622s | window:100%/0.66 ralow: 67%/2.88 lifts: 59%/1.30 ring: 71%/2.87 sngspa: 72%/1.69 sngspa: 62%/1.86 tunnel: 61%/2.90
[it   440/3000           ppo] rew +0.0221 vl    7.685 ent -0.049 kl 0.0046 spd 0.537 jmp 0.403 lo 0.57 636s | window:100%/0.66 ralow: 69%/2.94 lifts: 60%/1.29 ring: 71%/2.92 sngspa: 71%/1.69 sngspa: 66%/1.84 tunnel: 59%/2.86
[it   450/3000           ppo] rew +0.0202 vl    7.418 ent -0.031 kl 0.0060 spd 0.531 jmp 0.405 lo 0.56 650s | window:100%/0.66 ralow: 69%/2.91 lifts: 61%/1.27 ring: 71%/2.94 sngspa: 72%/1.66 sngspa: 62%/1.84 tunnel: 57%/2.94
[it   460/3000           ppo] rew +0.0234 vl    8.060 ent -0.051 kl 0.0052 spd 0.540 jmp 0.419 lo 0.56 664s | window:100%/0.66 ralow: 67%/2.83 lifts: 58%/1.26 ring: 70%/2.83 sngspa: 72%/1.69 sngspa: 61%/1.88 tunnel: 60%/2.90
[it   470/3000           ppo] rew +0.0222 vl    7.647 ent -0.041 kl 0.0046 spd 0.544 jmp 0.396 lo 0.55 678s | window:100%/0.66 ralow: 69%/2.78 lifts: 57%/1.27 ring: 73%/2.94 sngspa: 71%/1.74 sngspa: 62%/1.79 tunnel: 60%/2.87
[it   480/3000           ppo] rew +0.0211 vl    8.041 ent -0.057 kl 0.0049 spd 0.548 jmp 0.389 lo 0.55 692s | window:100%/0.66 ralow: 69%/2.86 lifts: 58%/1.29 ring: 72%/2.96 sngspa: 71%/1.74 sngspa: 58%/1.90 tunnel: 59%/2.85
[it   490/3000           ppo] rew +0.0210 vl    7.660 ent -0.064 kl 0.0053 spd 0.552 jmp 0.388 lo 0.55 705s | window:100%/0.66 ralow: 70%/2.86 lifts: 58%/1.28 ring: 72%/2.88 sngspa: 71%/1.73 sngspa: 60%/1.79 tunnel: 58%/2.92
[it   500/3000           ppo] rew +0.0190 vl    7.692 ent -0.052 kl 0.0045 spd 0.549 jmp 0.389 lo 0.54 719s | window:100%/0.68 ralow: 69%/2.88 lifts: 57%/1.25 ring: 74%/2.97 sngspa: 70%/1.74 sngspa: 59%/1.87 tunnel: 58%/2.96
[it   510/3000           ppo] rew +0.0187 vl    7.543 ent -0.050 kl 0.0051 spd 0.551 jmp 0.396 lo 0.54 733s | window:100%/0.68 ralow: 70%/2.91 lifts: 54%/1.32 ring: 72%/2.94 sngspa: 69%/1.79 sngspa: 58%/1.97 tunnel: 58%/3.06
[it   520/3000           ppo] rew +0.0150 vl    7.774 ent -0.028 kl 0.0051 spd 0.536 jmp 0.409 lo 0.53 747s | window:100%/0.68 ralow: 70%/2.91 lifts: 56%/1.38 ring: 71%/2.90 sngspa: 68%/1.71 sngspa: 55%/1.97 tunnel: 57%/2.92
[it   530/3000           ppo] rew +0.0192 vl    7.921 ent -0.050 kl 0.0047 spd 0.549 jmp 0.398 lo 0.53 761s | window:100%/0.69 ralow: 70%/2.94 lifts: 56%/1.35 ring: 68%/2.92 sngspa: 66%/1.81 sngspa: 58%/1.87 tunnel: 57%/3.12
[it   540/3000           ppo] rew +0.0176 vl    7.701 ent -0.063 kl 0.0055 spd 0.554 jmp 0.389 lo 0.53 775s | window:100%/0.68 ralow: 68%/2.96 lifts: 56%/1.34 ring: 71%/2.91 sngspa: 70%/1.75 sngspa: 55%/1.88 tunnel: 57%/3.17
[it   550/3000           ppo] rew +0.0179 vl    7.562 ent -0.062 kl 0.0055 spd 0.557 jmp 0.394 lo 0.52 789s | window:100%/0.69 ralow: 69%/2.95 lifts: 55%/1.34 ring: 72%/2.94 sngspa: 68%/1.79 sngspa: 53%/1.91 tunnel: 59%/3.18
[it   560/3000           ppo] rew +0.0154 vl    7.371 ent -0.063 kl 0.0047 spd 0.560 jmp 0.393 lo 0.52 802s | window:100%/0.69 ralow: 70%/3.00 lifts: 54%/1.27 ring: 71%/3.10 sngspa: 62%/1.74 sngspa: 53%/1.87 tunnel: 62%/3.18
[it   570/3000           ppo] rew +0.0193 vl    7.788 ent -0.078 kl 0.0053 spd 0.565 jmp 0.380 lo 0.51 816s | window:100%/0.69 ralow: 72%/3.04 lifts: 52%/1.30 ring: 75%/2.99 sngspa: 65%/1.79 sngspa: 50%/1.94 tunnel: 57%/3.39
[it   580/3000           ppo] rew +0.0181 vl    7.432 ent -0.083 kl 0.0050 spd 0.565 jmp 0.378 lo 0.51 830s | window:100%/0.69 ralow: 73%/3.01 lifts: 56%/1.30 ring: 73%/3.04 sngspa: 63%/1.78 sngspa: 49%/1.95 tunnel: 61%/3.23
[it   590/3000           ppo] rew +0.0163 vl    7.266 ent -0.062 kl 0.0051 spd 0.557 jmp 0.384 lo 0.5 844s | window:100%/0.70 ralow: 72%/3.00 lifts: 53%/1.31 ring: 75%/3.01 sngspa: 63%/1.79 sngspa: 50%/1.92 tunnel: 61%/3.27
[it   600/3000           ppo] rew +0.0182 vl    7.796 ent -0.074 kl 0.0046 spd 0.565 jmp 0.387 lo 0.5 858s | window:100%/0.70 ralow: 72%/2.97 lifts: 53%/1.31 ring: 72%/2.94 sngspa: 62%/1.82 sngspa: 48%/1.92 tunnel: 61%/3.40
[it   610/3000           ppo] rew +0.0152 vl    7.494 ent -0.064 kl 0.0046 spd 0.561 jmp 0.384 lo 0.5 872s | window:100%/0.69 ralow: 72%/2.97 lifts: 55%/1.31 ring: 73%/2.95 sngspa: 60%/1.83 sngspa: 49%/1.90 tunnel: 60%/3.31
[it   620/3000           ppo] rew +0.0164 vl    7.282 ent -0.078 kl 0.0046 spd 0.567 jmp 0.381 lo 0.49 886s | window:100%/0.70 ralow: 72%/2.96 lifts: 53%/1.30 ring: 75%/3.01 sngspa: 59%/1.81 sngspa: 47%/1.87 tunnel: 60%/3.25
[it   630/3000           ppo] rew +0.0156 vl    7.456 ent -0.064 kl 0.0044 spd 0.567 jmp 0.385 lo 0.49 900s | window:100%/0.70 ralow: 71%/3.06 lifts: 55%/1.27 ring: 75%/3.04 sngspa: 57%/1.77 sngspa: 45%/1.87 tunnel: 61%/3.38
[it   640/3000           ppo] rew +0.0156 vl    7.489 ent -0.060 kl 0.0046 spd 0.564 jmp 0.380 lo 0.48 913s | window:100%/0.70 ralow: 70%/2.94 lifts: 54%/1.31 ring: 74%/3.01 sngspa: 57%/1.86 sngspa: 44%/1.88 tunnel: 60%/3.63
[it   650/3000           ppo] rew +0.0133 vl    7.657 ent -0.059 kl 0.0052 spd 0.563 jmp 0.384 lo 0.48 927s | window:100%/0.71 ralow: 70%/3.00 lifts: 50%/1.23 ring: 74%/3.02 sngspa: 57%/1.74 sngspa: 43%/1.90 tunnel: 60%/3.44
[it   660/3000           ppo] rew +0.0137 vl    7.561 ent -0.047 kl 0.0053 spd 0.556 jmp 0.377 lo 0.48 941s | window:100%/0.70 ralow: 70%/2.99 lifts: 52%/1.30 ring: 75%/2.98 sngspa: 56%/1.81 sngspa: 45%/1.96 tunnel: 58%/3.34
[it   670/3000           ppo] rew +0.0141 vl    7.685 ent -0.049 kl 0.0045 spd 0.556 jmp 0.388 lo 0.47 954s | window:100%/0.70 ralow: 71%/2.96 lifts: 49%/1.25 ring: 70%/3.00 sngspa: 55%/1.80 sngspa: 44%/1.92 tunnel: 56%/3.40
[it   680/3000           ppo] rew +0.0136 vl    7.418 ent -0.049 kl 0.0045 spd 0.564 jmp 0.383 lo 0.47 968s | window:100%/0.70 ralow: 69%/3.04 lifts: 52%/1.28 ring: 74%/3.09 sngspa: 56%/1.79 sngspa: 43%/2.00 tunnel: 57%/3.48
[it   690/3000           ppo] rew +0.0134 vl    7.534 ent -0.071 kl 0.0041 spd 0.566 jmp 0.398 lo 0.46 982s | window:100%/0.71 ralow: 73%/3.05 lifts: 51%/1.25 ring: 73%/2.96 sngspa: 54%/1.83 sngspa: 43%/1.87 tunnel: 56%/3.55
[it   700/3000           ppo] rew +0.0128 vl    7.610 ent -0.080 kl 0.0045 spd 0.567 jmp 0.393 lo 0.46 996s | window:100%/0.73 ralow: 73%/3.04 lifts: 50%/1.25 ring: 77%/2.94 sngspa: 52%/1.74 sngspa: 42%/1.83 tunnel: 58%/3.68
[it   710/3000           ppo] rew +0.0125 vl    6.954 ent -0.050 kl 0.0046 spd 0.553 jmp 0.405 lo 0.45 1010s | window:100%/0.71 ralow: 74%/2.99 lifts: 49%/1.27 ring: 74%/3.08 sngspa: 49%/1.81 sngspa: 37%/1.92 tunnel: 59%/3.57
[it   720/3000           ppo] rew +0.0145 vl    7.875 ent -0.087 kl 0.0043 spd 0.572 jmp 0.388 lo 0.45 1024s | window:100%/0.74 ralow: 72%/3.04 lifts: 47%/1.23 ring: 74%/3.10 sngspa: 49%/1.76 sngspa: 37%/1.87 tunnel: 57%/3.60
[it   730/3000           ppo] rew +0.0122 vl    7.363 ent -0.079 kl 0.0046 spd 0.564 jmp 0.381 lo 0.45 1037s | window:100%/0.73 ralow: 73%/3.12 lifts: 50%/1.30 ring: 74%/3.01 sngspa: 50%/1.77 sngspa: 40%/1.90 tunnel: 59%/3.66
[it   740/3000           ppo] rew +0.0136 vl    7.542 ent -0.070 kl 0.0046 spd 0.567 jmp 0.397 lo 0.44 1051s | window:100%/0.73 ralow: 73%/3.09 lifts: 46%/1.31 ring: 75%/3.12 sngspa: 49%/1.82 sngspa: 38%/1.90 tunnel: 58%/3.79
[it   750/3000           ppo] rew +0.0111 vl    7.615 ent -0.088 kl 0.0050 spd 0.572 jmp 0.378 lo 0.44 1065s | window:100%/0.71 ralow: 72%/3.04 lifts: 47%/1.30 ring: 73%/3.01 sngspa: 51%/1.77 sngspa: 37%/1.86 tunnel: 59%/3.83
[it   760/3000           ppo] rew +0.0108 vl    7.140 ent -0.049 kl 0.0045 spd 0.558 jmp 0.394 lo 0.43 1078s | window:100%/0.73 ralow: 72%/3.08 lifts: 47%/1.32 ring: 76%/3.12 sngspa: 49%/1.81 sngspa: 36%/1.82 tunnel: 57%/3.96
[it   770/3000           ppo] rew +0.0118 vl    7.420 ent -0.072 kl 0.0045 spd 0.567 jmp 0.389 lo 0.43 1092s | window:100%/0.73 ralow: 71%/3.14 lifts: 45%/1.21 ring: 71%/3.06 sngspa: 45%/1.79 sngspa: 35%/1.87 tunnel: 57%/3.83
[it   780/3000           ppo] rew +0.0114 vl    7.302 ent -0.072 kl 0.0053 spd 0.564 jmp 0.389 lo 0.43 1106s | window:100%/0.74 ralow: 72%/3.06 lifts: 46%/1.26 ring: 73%/3.05 sngspa: 48%/1.75 sngspa: 36%/1.83 tunnel: 56%/3.81
[it   790/3000           ppo] rew +0.0102 vl    7.172 ent -0.098 kl 0.0041 spd 0.573 jmp 0.388 lo 0.42 1120s | window: 99%/0.74 ralow: 73%/3.10 lifts: 45%/1.27 ring: 73%/3.21 sngspa: 40%/1.73 sngspa: 33%/1.79 tunnel: 58%/3.95
[it   800/3000           ppo] rew +0.0101 vl    7.291 ent -0.094 kl 0.0046 spd 0.569 jmp 0.385 lo 0.42 1134s | window: 99%/0.73 ralow: 74%/3.21 lifts: 44%/1.22 ring: 73%/3.13 sngspa: 43%/1.74 sngspa: 33%/1.84 tunnel: 61%/4.01
[it   810/3000           ppo] rew +0.0112 vl    7.084 ent -0.115 kl 0.0043 spd 0.582 jmp 0.393 lo 0.41 1148s | window: 99%/0.74 ralow: 72%/3.25 lifts: 44%/1.22 ring: 76%/3.17 sngspa: 47%/1.74 sngspa: 30%/1.90 tunnel: 61%/4.17
[it   820/3000           ppo] rew +0.0123 vl    7.319 ent -0.127 kl 0.0048 spd 0.585 jmp 0.386 lo 0.41 1162s | window:100%/0.74 ralow: 74%/3.25 lifts: 46%/1.25 ring: 77%/3.16 sngspa: 43%/1.78 sngspa: 33%/1.94 tunnel: 61%/4.23
[it   830/3000           ppo] rew +0.0124 vl    7.275 ent -0.142 kl 0.0059 spd 0.583 jmp 0.383 lo 0.4 1176s | window:100%/0.75 ralow: 75%/3.32 lifts: 45%/1.27 ring: 77%/3.23 sngspa: 38%/1.79 sngspa: 31%/1.97 tunnel: 63%/4.38
[it   840/3000           ppo] rew +0.0094 vl    7.101 ent -0.141 kl 0.0047 spd 0.583 jmp 0.396 lo 0.4 1190s | window:100%/0.75 ralow: 75%/3.34 lifts: 44%/1.25 ring: 77%/3.32 sngspa: 41%/1.77 sngspa: 34%/1.79 tunnel: 59%/4.36
[it   850/3000           ppo] rew +0.0101 vl    7.132 ent -0.125 kl 0.0048 spd 0.582 jmp 0.396 lo 0.4 1204s | window:100%/0.74 ralow: 74%/3.45 lifts: 45%/1.17 ring: 74%/3.14 sngspa: 44%/1.82 sngspa: 31%/1.87 tunnel: 61%/4.56
[it   860/3000           ppo] rew +0.0117 vl    7.188 ent -0.137 kl 0.0044 spd 0.586 jmp 0.385 lo 0.39 1218s | window: 99%/0.75 ralow: 73%/3.39 lifts: 45%/1.14 ring: 75%/3.22 sngspa: 43%/1.78 sngspa: 31%/1.81 tunnel: 61%/4.55
[it   870/3000           ppo] rew +0.0132 vl    6.957 ent -0.172 kl 0.0042 spd 0.604 jmp 0.378 lo 0.39 1232s | window:100%/0.74 ralow: 74%/3.47 lifts: 42%/1.23 ring: 73%/3.25 sngspa: 41%/1.69 sngspa: 31%/1.78 tunnel: 62%/4.66
[it   880/3000           ppo] rew +0.0116 vl    6.870 ent -0.141 kl 0.0052 spd 0.591 jmp 0.392 lo 0.38 1246s | window:100%/0.75 ralow: 75%/3.52 lifts: 46%/1.27 ring: 78%/3.19 sngspa: 42%/1.68 sngspa: 31%/1.82 tunnel: 63%/5.06
[it   890/3000           ppo] rew +0.0101 vl    7.054 ent -0.167 kl 0.0045 spd 0.599 jmp 0.388 lo 0.38 1260s | window: 99%/0.75 ralow: 74%/3.69 lifts: 42%/1.19 ring: 77%/3.36 sngspa: 39%/1.92 sngspa: 31%/1.88 tunnel: 60%/4.36
[it   900/3000           ppo] rew +0.0103 vl    6.866 ent -0.151 kl 0.0050 spd 0.592 jmp 0.391 lo 0.38 1274s | window:100%/0.75 ralow: 74%/3.68 lifts: 45%/1.25 ring: 74%/3.40 sngspa: 37%/1.85 sngspa: 32%/1.91 tunnel: 61%/5.14
[it   910/3000           ppo] rew +0.0097 vl    6.795 ent -0.156 kl 0.0045 spd 0.600 jmp 0.389 lo 0.37 1288s | window: 99%/0.75 ralow: 77%/3.73 lifts: 45%/1.28 ring: 75%/3.38 sngspa: 40%/1.88 sngspa: 31%/2.12 tunnel: 62%/5.36
[it   920/3000           ppo] rew +0.0114 vl    7.098 ent -0.175 kl 0.0043 spd 0.609 jmp 0.393 lo 0.37 1302s | window:100%/0.78 ralow: 76%/3.77 lifts: 45%/1.31 ring: 76%/3.38 sngspa: 40%/1.83 sngspa: 30%/1.99 tunnel: 63%/5.69
[it   930/3000           ppo] rew +0.0113 vl    6.807 ent -0.166 kl 0.0046 spd 0.610 jmp 0.389 lo 0.36 1316s | window:100%/0.77 ralow: 77%/3.97 lifts: 43%/1.27 ring: 78%/3.53 sngspa: 40%/1.82 sngspa: 28%/1.77 tunnel: 62%/5.74
[it   940/3000           ppo] rew +0.0101 vl    6.957 ent -0.160 kl 0.0043 spd 0.607 jmp 0.385 lo 0.36 1330s | window:100%/0.78 ralow: 76%/3.91 lifts: 46%/1.30 ring: 77%/3.51 sngspa: 39%/1.79 sngspa: 32%/1.84 tunnel: 61%/5.78
[it   950/3000           ppo] rew +0.0111 vl    6.591 ent -0.174 kl 0.0041 spd 0.621 jmp 0.378 lo 0.35 1344s | window:100%/0.78 ralow: 75%/3.88 lifts: 45%/1.27 ring: 77%/3.39 sngspa: 42%/1.92 sngspa: 27%/1.98 tunnel: 60%/5.63
[it   960/3000           ppo] rew +0.0106 vl    7.116 ent -0.190 kl 0.0042 spd 0.622 jmp 0.374 lo 0.35 1358s | window:100%/0.78 ralow: 76%/3.99 lifts: 44%/1.34 ring: 78%/3.61 sngspa: 37%/1.87 sngspa: 30%/1.90 tunnel: 64%/5.64
[it   970/3000           ppo] rew +0.0111 vl    6.660 ent -0.190 kl 0.0044 spd 0.622 jmp 0.369 lo 0.35 1371s | window:100%/0.79 ralow: 77%/3.75 lifts: 48%/1.36 ring: 78%/3.70 sngspa: 38%/1.91 sngspa: 28%/1.86 tunnel: 64%/5.62
[it   980/3000           ppo] rew +0.0108 vl    6.901 ent -0.208 kl 0.0045 spd 0.632 jmp 0.372 lo 0.34 1385s | window:100%/0.78 ralow: 74%/3.95 lifts: 50%/1.38 ring: 77%/3.88 sngspa: 39%/1.92 sngspa: 29%/2.00 tunnel: 63%/5.69
[it   990/3000           ppo] rew +0.0109 vl    6.718 ent -0.176 kl 0.0048 spd 0.618 jmp 0.371 lo 0.34 1399s | window:100%/0.79 ralow: 76%/4.33 lifts: 50%/1.41 ring: 77%/3.82 sngspa: 37%/1.86 sngspa: 29%/2.05 tunnel: 60%/5.86
[it  1000/3000           ppo] rew +0.0127 vl    6.813 ent -0.208 kl 0.0046 spd 0.632 jmp 0.370 lo 0.33 1413s | window:100%/0.79 ralow: 77%/4.19 lifts: 47%/1.38 ring: 76%/3.77 sngspa: 35%/1.80 sngspa: 30%/2.00 tunnel: 62%/6.21
[it  1010/3000           ppo] rew +0.0107 vl    6.351 ent -0.220 kl 0.0045 spd 0.634 jmp 0.369 lo 0.33 1426s | window:100%/0.79 ralow: 76%/4.38 lifts: 51%/1.44 ring: 78%/3.81 sngspa: 38%/1.84 sngspa: 30%/2.01 tunnel: 63%/6.08
[it  1020/3000           ppo] rew +0.0088 vl    6.467 ent -0.217 kl 0.0043 spd 0.632 jmp 0.380 lo 0.33 1440s | window:100%/0.81 ralow: 78%/4.82 lifts: 48%/1.40 ring: 77%/3.97 sngspa: 39%/1.94 sngspa: 28%/1.84 tunnel: 63%/6.12
[it  1030/3000           ppo] rew +0.0109 vl    6.704 ent -0.213 kl 0.0043 spd 0.636 jmp 0.380 lo 0.32 1453s | window:100%/0.79 ralow: 77%/4.35 lifts: 46%/1.45 ring: 79%/3.95 sngspa: 36%/1.97 sngspa: 28%/2.11 tunnel: 62%/6.23
[it  1040/3000           ppo] rew +0.0094 vl    6.444 ent -0.222 kl 0.0043 spd 0.637 jmp 0.368 lo 0.32 1467s | window:100%/0.79 ralow: 77%/4.88 lifts: 48%/1.32 ring: 78%/4.09 sngspa: 36%/1.92 sngspa: 29%/2.03 tunnel: 64%/5.99
[it  1050/3000           ppo] rew +0.0109 vl    6.486 ent -0.208 kl 0.0043 spd 0.631 jmp 0.373 lo 0.31 1481s | window:100%/0.81 ralow: 77%/4.87 lifts: 44%/1.28 ring: 79%/4.05 sngspa: 35%/1.92 sngspa: 27%/1.88 tunnel: 64%/6.45
[it  1060/3000           ppo] rew +0.0101 vl    6.658 ent -0.214 kl 0.0051 spd 0.635 jmp 0.366 lo 0.31 1495s | window:100%/0.81 ralow: 76%/4.58 lifts: 42%/1.35 ring: 78%/4.34 sngspa: 33%/1.74 sngspa: 25%/1.99 tunnel: 63%/6.45
[it  1070/3000           ppo] rew +0.0085 vl    6.674 ent -0.224 kl 0.0043 spd 0.636 jmp 0.371 lo 0.3 1509s | window:100%/0.82 ralow: 75%/4.62 lifts: 42%/1.38 ring: 77%/4.45 sngspa: 34%/1.82 sngspa: 27%/1.91 tunnel: 62%/6.69
[it  1080/3000           ppo] rew +0.0073 vl    6.460 ent -0.208 kl 0.0043 spd 0.635 jmp 0.379 lo 0.3 1523s | window:100%/0.82 ralow: 75%/5.58 lifts: 39%/1.35 ring: 77%/4.51 sngspa: 33%/1.71 sngspa: 27%/1.99 tunnel: 62%/7.00
[it  1090/3000           ppo] rew +0.0088 vl    6.533 ent -0.227 kl 0.0043 spd 0.641 jmp 0.379 lo 0.3 1536s | window:100%/0.82 ralow: 75%/5.94 lifts: 37%/1.34 ring: 79%/4.39 sngspa: 34%/1.95 sngspa: 27%/2.09 tunnel: 60%/6.71
[it  1100/3000           ppo] rew +0.0079 vl    6.322 ent -0.234 kl 0.0044 spd 0.639 jmp 0.370 lo 0.29 1550s | window:100%/0.83 ralow: 78%/6.12 lifts: 34%/1.30 ring: 78%/4.22 sngspa: 33%/1.77 sngspa: 24%/1.91 tunnel: 63%/6.66
[it  1110/3000           ppo] rew +0.0081 vl    6.492 ent -0.221 kl 0.0042 spd 0.634 jmp 0.365 lo 0.29 1564s | window: 99%/0.83 ralow: 78%/5.92 lifts: 35%/1.25 ring: 77%/4.53 sngspa: 33%/1.71 sngspa: 23%/1.85 tunnel: 65%/6.79
[it  1120/3000           ppo] rew +0.0072 vl    6.268 ent -0.243 kl 0.0045 spd 0.642 jmp 0.365 lo 0.28 1578s | window:100%/0.83 ralow: 76%/5.87 lifts: 38%/1.34 ring: 80%/5.58 sngspa: 27%/1.83 sngspa: 21%/1.77 tunnel: 60%/7.07
[it  1130/3000           ppo] rew +0.0095 vl    6.523 ent -0.242 kl 0.0043 spd 0.640 jmp 0.370 lo 0.28 1592s | window:100%/0.86 ralow: 76%/5.86 lifts: 37%/1.49 ring: 79%/5.47 sngspa: 28%/1.88 sngspa: 20%/1.79 tunnel: 60%/6.80
[it  1140/3000           ppo] rew +0.0072 vl    6.344 ent -0.269 kl 0.0045 spd 0.643 jmp 0.383 lo 0.28 1606s | window:100%/0.84 ralow: 75%/5.71 lifts: 34%/1.45 ring: 80%/5.35 sngspa: 29%/1.83 sngspa: 20%/1.74 tunnel: 64%/6.66
[it  1150/3000           ppo] rew +0.0065 vl    6.290 ent -0.276 kl 0.0044 spd 0.637 jmp 0.381 lo 0.27 1620s | window:100%/0.87 ralow: 77%/6.06 lifts: 32%/1.54 ring: 79%/5.62 sngspa: 29%/1.87 sngspa: 22%/1.88 tunnel: 62%/6.68
[it  1160/3000           ppo] rew +0.0038 vl    7.047 ent -0.250 kl 0.0046 spd 0.629 jmp 0.392 lo 0.27 1633s | window: 99%/2.97 ralow: 77%/6.38 lifts: 34%/1.37 ring: 79%/5.68 sngspa: 26%/1.87 sngspa: 19%/1.79 tunnel: 60%/6.65
[it  1170/3000           ppo] rew -0.0002 vl    6.773 ent -0.224 kl 0.0041 spd 0.597 jmp 0.395 lo 0.26 1647s | window: 96%/4.53 ralow: 77%/6.18 lifts: 34%/1.60 ring: 79%/5.90 sngspa: 25%/1.77 sngspa: 20%/2.03 tunnel: 62%/6.97
[it  1180/3000           ppo] rew -0.0017 vl    7.101 ent -0.201 kl 0.0044 spd 0.578 jmp 0.390 lo 0.26 1660s | window: 84%/1.32 ralow: 77%/6.39 lifts: 35%/1.62 ring: 81%/5.79 sngspa: 26%/1.47 sngspa: 19%/1.81 tunnel: 65%/7.13
[it  1190/3000           ppo] rew -0.0014 vl    6.911 ent -0.214 kl 0.0049 spd 0.595 jmp 0.379 lo 0.25 1674s | window: 81%/3.94 ralow: 76%/6.22 lifts: 33%/1.43 ring: 79%/6.08 sngspa: 25%/1.72 sngspa: 19%/1.81 tunnel: 66%/7.22
[it  1200/3000           ppo] rew -0.0006 vl    6.577 ent -0.202 kl 0.0038 spd 0.602 jmp 0.383 lo 0.25 1688s | window: 84%/4.56 ralow: 77%/5.90 lifts: 30%/1.31 ring: 78%/6.32 sngspa: 25%/1.74 sngspa: 20%/1.99 tunnel: 63%/6.84
[it  1210/3000           ppo] rew -0.0016 vl    6.494 ent -0.198 kl 0.0038 spd 0.593 jmp 0.390 lo 0.25 1702s | window: 87%/4.58 ralow: 77%/6.14 lifts: 31%/1.21 ring: 80%/5.92 sngspa: 25%/1.87 sngspa: 20%/1.70 tunnel: 62%/7.10
[it  1220/3000           ppo] rew -0.0003 vl    6.761 ent -0.198 kl 0.0038 spd 0.602 jmp 0.393 lo 0.24 1716s | window: 87%/4.32 ralow: 76%/6.52 lifts: 28%/1.23 ring: 78%/6.17 sngspa: 27%/1.81 sngspa: 18%/2.09 tunnel: 61%/6.86
[it  1230/3000           ppo] rew -0.0020 vl    6.957 ent -0.195 kl 0.0039 spd 0.601 jmp 0.384 lo 0.24 1729s | window: 86%/3.34 ralow: 76%/6.45 lifts: 25%/1.30 ring: 79%/6.22 sngspa: 31%/1.88 sngspa: 20%/1.79 tunnel: 61%/6.84
[it  1240/3000           ppo] rew -0.0011 vl    6.725 ent -0.186 kl 0.0036 spd 0.598 jmp 0.372 lo 0.23 1743s | window: 88%/3.68 ralow: 75%/6.64 lifts: 25%/1.26 ring: 77%/7.08 sngspa: 25%/1.84 sngspa: 19%/1.78 tunnel: 61%/7.00
[it  1250/3000           ppo] rew +0.0009 vl    6.759 ent -0.213 kl 0.0047 spd 0.616 jmp 0.362 lo 0.23 1757s | window: 90%/4.64 ralow: 72%/6.53 lifts: 28%/1.35 ring: 76%/6.25 sngspa: 27%/1.83 sngspa: 18%/1.81 tunnel: 59%/6.86
[it  1260/3000           ppo] rew -0.0002 vl    6.741 ent -0.217 kl 0.0041 spd 0.611 jmp 0.369 lo 0.23 1771s | window: 92%/3.90 ralow: 75%/6.73 lifts: 27%/1.29 ring: 77%/6.38 sngspa: 23%/1.84 sngspa: 17%/1.84 tunnel: 57%/7.14
[it  1270/3000           ppo] rew +0.0014 vl    7.010 ent -0.228 kl 0.0041 spd 0.618 jmp 0.372 lo 0.22 1784s | window: 92%/3.74 ralow: 74%/6.27 lifts: 23%/1.29 ring: 77%/6.43 sngspa: 22%/2.00 sngspa: 18%/1.91 tunnel: 59%/7.32
[it  1280/3000           ppo] rew +0.0005 vl    6.532 ent -0.232 kl 0.0052 spd 0.617 jmp 0.364 lo 0.22 1798s | window: 91%/3.81 ralow: 76%/6.65 lifts: 26%/1.34 ring: 79%/6.77 sngspa: 23%/1.62 sngspa: 16%/1.77 tunnel: 59%/7.66
[it  1290/3000           ppo] rew +0.0008 vl    6.553 ent -0.232 kl 0.0042 spd 0.622 jmp 0.372 lo 0.21 1812s | window: 92%/4.52 ralow: 76%/6.75 lifts: 23%/1.42 ring: 77%/7.00 sngspa: 22%/1.69 sngspa: 16%/1.69 tunnel: 59%/7.05
[it  1300/3000           ppo] rew +0.0024 vl    6.482 ent -0.277 kl 0.0043 spd 0.641 jmp 0.372 lo 0.21 1826s | window: 92%/4.44 ralow: 75%/6.79 lifts: 24%/1.36 ring: 76%/7.99 sngspa: 21%/1.77 sngspa: 19%/2.05 tunnel: 56%/7.83
[it  1310/3000           ppo] rew -0.0006 vl    6.416 ent -0.256 kl 0.0041 spd 0.627 jmp 0.377 lo 0.2 1840s | window: 93%/4.51 ralow: 75%/6.91 lifts: 25%/1.32 ring: 79%/7.44 sngspa: 23%/1.74 sngspa: 16%/2.07 tunnel: 60%/7.68
[it  1320/3000           ppo] rew +0.0013 vl    6.511 ent -0.274 kl 0.0040 spd 0.641 jmp 0.372 lo 0.2 1853s | window: 93%/4.53 ralow: 74%/7.35 lifts: 23%/1.30 ring: 75%/7.16 sngspa: 23%/1.65 sngspa: 17%/1.87 tunnel: 60%/7.92
[it  1330/3000           ppo] rew +0.0022 vl    6.574 ent -0.270 kl 0.0040 spd 0.640 jmp 0.362 lo 0.2 1867s | window: 94%/4.52 ralow: 75%/7.18 lifts: 24%/1.35 ring: 78%/7.35 sngspa: 21%/1.90 sngspa: 18%/1.82 tunnel: 59%/7.88
[it  1340/3000           ppo] rew +0.0009 vl    6.574 ent -0.259 kl 0.0039 spd 0.631 jmp 0.372 lo 0.19 1881s | window: 94%/4.48 ralow: 76%/7.22 lifts: 24%/1.26 ring: 78%/7.52 sngspa: 22%/1.86 sngspa: 17%/2.03 tunnel: 60%/7.62
[it  1350/3000           ppo] rew +0.0034 vl    6.482 ent -0.285 kl 0.0042 spd 0.639 jmp 0.377 lo 0.19 1895s | window: 94%/4.45 ralow: 73%/7.35 lifts: 21%/1.21 ring: 77%/7.42 sngspa: 22%/1.77 sngspa: 16%/1.81 tunnel: 56%/7.33
[it  1360/3000           ppo] rew +0.0006 vl    6.416 ent -0.288 kl 0.0042 spd 0.635 jmp 0.367 lo 0.18 1908s | window: 96%/4.48 ralow: 74%/7.13 lifts: 22%/1.31 ring: 75%/7.36 sngspa: 22%/1.92 sngspa: 16%/1.97 tunnel: 53%/7.44
[it  1370/3000           ppo] rew +0.0019 vl    6.510 ent -0.298 kl 0.0038 spd 0.637 jmp 0.361 lo 0.18 1922s | window: 95%/4.53 ralow: 75%/7.21 lifts: 22%/1.28 ring: 80%/8.41 sngspa: 22%/1.75 sngspa: 16%/2.18 tunnel: 54%/7.45
[it  1380/3000           ppo] rew +0.0027 vl    6.224 ent -0.293 kl 0.0038 spd 0.631 jmp 0.367 lo 0.18 1935s | window: 95%/4.45 ralow: 73%/7.38 lifts: 20%/1.36 ring: 78%/8.03 sngspa: 22%/1.86 sngspa: 14%/1.96 tunnel: 54%/7.83
[it  1390/3000           ppo] rew +0.0020 vl    6.524 ent -0.290 kl 0.0043 spd 0.640 jmp 0.359 lo 0.17 1949s | window: 95%/4.45 ralow: 72%/7.27 lifts: 19%/1.36 ring: 75%/8.19 sngspa: 18%/1.64 sngspa: 13%/1.99 tunnel: 55%/7.74
[it  1400/3000           ppo] rew +0.0015 vl    6.253 ent -0.280 kl 0.0039 spd 0.644 jmp 0.368 lo 0.17 1963s | window: 95%/4.48 ralow: 73%/7.30 lifts: 21%/1.32 ring: 75%/7.80 sngspa: 20%/1.74 sngspa: 15%/2.05 tunnel: 53%/7.97
[it  1410/3000           ppo] rew +0.0019 vl    6.421 ent -0.305 kl 0.0040 spd 0.652 jmp 0.354 lo 0.16 1977s | window: 95%/4.44 ralow: 75%/8.31 lifts: 16%/1.52 ring: 76%/8.27 sngspa: 20%/2.12 sngspa: 14%/2.53 tunnel: 56%/8.66
[it  1420/3000           ppo] rew +0.0033 vl    6.130 ent -0.315 kl 0.0041 spd 0.655 jmp 0.361 lo 0.16 1990s | window: 94%/4.40 ralow: 76%/8.29 lifts: 19%/1.32 ring: 79%/8.58 sngspa: 21%/2.03 sngspa: 16%/2.19 tunnel: 58%/8.34
[it  1430/3000           ppo] rew +0.0016 vl    6.218 ent -0.283 kl 0.0038 spd 0.639 jmp 0.376 lo 0.15 2004s | window: 95%/4.42 ralow: 77%/8.43 lifts: 19%/1.29 ring: 80%/8.54 sngspa: 20%/2.08 sngspa: 17%/2.10 tunnel: 55%/8.17
[it  1440/3000           ppo] rew +0.0030 vl    6.295 ent -0.322 kl 0.0040 spd 0.643 jmp 0.387 lo 0.15 2018s | window: 95%/4.38 ralow: 73%/8.13 lifts: 19%/1.27 ring: 76%/7.62 sngspa: 21%/1.82 sngspa: 18%/2.17 tunnel: 51%/7.90
[it  1450/3000           ppo] rew -0.0006 vl    6.218 ent -0.298 kl 0.0040 spd 0.630 jmp 0.386 lo 0.15 2031s | window: 95%/4.36 ralow: 71%/8.19 lifts: 19%/1.26 ring: 74%/8.01 sngspa: 20%/1.82 sngspa: 14%/1.92 tunnel: 48%/7.79
[it  1460/3000           ppo] rew +0.0022 vl    6.660 ent -0.302 kl 0.0040 spd 0.643 jmp 0.389 lo 0.14 2045s | window: 95%/4.39 ralow: 71%/8.32 lifts: 18%/1.34 ring: 74%/8.18 sngspa: 18%/1.95 sngspa: 14%/2.03 tunnel: 49%/8.79
[it  1470/3000           ppo] rew +0.0014 vl    6.326 ent -0.303 kl 0.0040 spd 0.634 jmp 0.379 lo 0.14 2059s | window: 95%/4.38 ralow: 70%/8.10 lifts: 19%/1.18 ring: 74%/8.00 sngspa: 17%/1.89 sngspa: 14%/1.89 tunnel: 48%/8.32
[it  1480/3000           ppo] rew -0.0003 vl    6.429 ent -0.343 kl 0.0038 spd 0.646 jmp 0.365 lo 0.13 2073s | window: 94%/4.40 ralow: 70%/8.38 lifts: 20%/1.25 ring: 73%/8.44 sngspa: 18%/2.00 sngspa: 14%/1.95 tunnel: 52%/9.39
[it  1490/3000           ppo] rew +0.0007 vl    6.238 ent -0.330 kl 0.0037 spd 0.655 jmp 0.374 lo 0.13 2086s | window: 94%/4.40 ralow: 73%/8.45 lifts: 17%/1.43 ring: 76%/8.69 sngspa: 16%/1.88 sngspa: 14%/1.83 tunnel: 53%/9.71
[it  1500/3000           ppo] rew +0.0023 vl    6.081 ent -0.339 kl 0.0039 spd 0.661 jmp 0.373 lo 0.13 2100s | window: 95%/4.39 ralow: 73%/8.40 lifts: 15%/1.21 ring: 79%/8.57 sngspa: 16%/1.74 sngspa: 11%/1.92 tunnel: 55%/9.74
[it  1510/3000           ppo] rew +0.0030 vl    5.942 ent -0.363 kl 0.0037 spd 0.675 jmp 0.369 lo 0.12 2112s | window: 95%/4.38 ralow: 75%/8.38 lifts: 15%/1.46 ring: 76%/8.53 sngspa: 17%/1.66 sngspa: 13%/2.01 tunnel: 56%/9.21
[it  1520/3000           ppo] rew +0.0025 vl    5.838 ent -0.352 kl 0.0038 spd 0.664 jmp 0.363 lo 0.12 2125s | window: 95%/4.38 ralow: 75%/8.44 lifts: 13%/1.27 ring: 78%/8.62 sngspa: 19%/1.97 sngspa: 13%/2.29 tunnel: 55%/9.82
[it  1530/3000           ppo] rew +0.0029 vl    6.165 ent -0.359 kl 0.0043 spd 0.672 jmp 0.355 lo 0.11 2138s | window: 96%/4.36 ralow: 76%/8.47 lifts: 14%/1.19 ring: 80%/8.42 sngspa: 18%/1.82 sngspa: 13%/2.08 tunnel: 48%/8.70
[it  1540/3000           ppo] rew +0.0040 vl    5.988 ent -0.389 kl 0.0040 spd 0.684 jmp 0.343 lo 0.11 2152s | window: 96%/4.38 ralow: 77%/8.35 lifts: 15%/1.26 ring: 76%/8.49 sngspa: 16%/2.01 sngspa: 14%/2.16 tunnel: 54%/9.87
[it  1550/3000           ppo] rew +0.0035 vl    5.958 ent -0.408 kl 0.0040 spd 0.688 jmp 0.343 lo 0.1 2166s | window: 95%/4.38 ralow: 79%/8.49 lifts: 16%/1.42 ring: 81%/8.38 sngspa: 19%/2.14 sngspa: 17%/2.34 tunnel: 54%/11.27
[it  1560/3000           ppo] rew +0.0037 vl    6.231 ent -0.429 kl 0.0039 spd 0.693 jmp 0.335 lo 0.1 2179s | window: 95%/4.36 ralow: 77%/8.51 lifts: 15%/1.29 ring: 81%/8.55 sngspa: 21%/2.26 sngspa: 16%/2.60 tunnel: 52%/11.35
[it  1570/3000           ppo] rew +0.0039 vl    5.840 ent -0.410 kl 0.0039 spd 0.689 jmp 0.343 lo 0.1 2193s | window: 96%/4.35 ralow: 79%/8.53 lifts: 17%/1.35 ring: 81%/8.43 sngspa: 21%/2.65 sngspa: 19%/2.79 tunnel: 53%/10.90
[it  1580/3000           ppo] rew +0.0036 vl    6.115 ent -0.410 kl 0.0039 spd 0.694 jmp 0.357 lo 0.09 2207s | window: 96%/4.34 ralow: 78%/8.51 lifts: 17%/1.40 ring: 81%/8.52 sngspa: 24%/2.59 sngspa: 22%/3.04 tunnel: 52%/10.87
[it  1590/3000           ppo] rew +0.0037 vl    6.127 ent -0.403 kl 0.0040 spd 0.693 jmp 0.368 lo 0.09 2221s | window: 95%/4.35 ralow: 77%/8.53 lifts: 15%/1.39 ring: 81%/8.58 sngspa: 26%/3.17 sngspa: 23%/3.96 tunnel: 53%/9.13
[it  1600/3000           ppo] rew +0.0024 vl    6.119 ent -0.403 kl 0.0039 spd 0.692 jmp 0.367 lo 0.08 2234s | window: 97%/4.38 ralow: 77%/8.47 lifts: 14%/1.18 ring: 82%/8.56 sngspa: 24%/2.97 sngspa: 23%/5.08 tunnel: 51%/10.75
[it  1610/3000           ppo] rew +0.0045 vl    5.913 ent -0.398 kl 0.0039 spd 0.694 jmp 0.379 lo 0.08 2248s | window: 96%/4.36 ralow: 76%/8.39 lifts: 16%/1.31 ring: 81%/8.66 sngspa: 31%/3.03 sngspa: 25%/2.97 tunnel: 50%/11.03
[it  1620/3000           ppo] rew +0.0039 vl    5.922 ent -0.417 kl 0.0037 spd 0.718 jmp 0.378 lo 0.08 2262s | window: 96%/4.35 ralow: 75%/8.52 lifts: 13%/1.35 ring: 80%/8.53 sngspa: 26%/2.77 sngspa: 24%/5.86 tunnel: 53%/10.47
[it  1630/3000           ppo] rew +0.0034 vl    5.746 ent -0.423 kl 0.0036 spd 0.706 jmp 0.372 lo 0.07 2275s | window: 96%/4.36 ralow: 80%/8.53 lifts: 15%/1.36 ring: 84%/8.52 sngspa: 29%/3.05 sngspa: 27%/4.38 tunnel: 53%/11.13
[it  1640/3000           ppo] rew +0.0047 vl    5.740 ent -0.448 kl 0.0037 spd 0.719 jmp 0.370 lo 0.07 2288s | window: 96%/4.36 ralow: 79%/8.53 lifts: 14%/1.13 ring: 84%/8.43 sngspa: 24%/3.04 sngspa: 24%/3.69 tunnel: 49%/10.79
[it  1650/3000           ppo] rew +0.0036 vl    5.917 ent -0.443 kl 0.0036 spd 0.712 jmp 0.368 lo 0.06 2301s | window: 96%/4.35 ralow: 80%/8.49 lifts: 13%/1.21 ring: 83%/8.52 sngspa: 28%/5.55 sngspa: 26%/6.16 tunnel: 54%/11.44
[it  1660/3000           ppo] rew +0.0023 vl    5.597 ent -0.429 kl 0.0036 spd 0.697 jmp 0.365 lo 0.06 2314s | window: 96%/4.38 ralow: 79%/8.55 lifts: 14%/1.39 ring: 81%/8.61 sngspa: 31%/5.69 sngspa: 27%/7.78 tunnel: 52%/11.65
[it  1670/3000           ppo] rew +0.0036 vl    5.861 ent -0.448 kl 0.0037 spd 0.705 jmp 0.354 lo 0.05 2328s | window: 95%/4.38 ralow: 76%/8.48 lifts: 13%/1.45 ring: 80%/8.58 sngspa: 32%/5.14 sngspa: 31%/7.48 tunnel: 44%/11.19
[it  1680/3000           ppo] rew +0.0032 vl    5.735 ent -0.460 kl 0.0041 spd 0.711 jmp 0.361 lo 0.05 2342s | window: 95%/4.36 ralow: 77%/8.49 lifts: 12%/1.35 ring: 79%/8.51 sngspa: 36%/6.21 sngspa: 33%/7.86 tunnel: 45%/10.97
[it  1690/3000           ppo] rew +0.0043 vl    5.934 ent -0.452 kl 0.0040 spd 0.715 jmp 0.366 lo 0.05 2355s | window: 95%/4.36 ralow: 75%/8.42 lifts: 14%/1.25 ring: 77%/8.48 sngspa: 34%/6.52 sngspa: 38%/7.60 tunnel: 51%/11.58
[it  1700/3000           ppo] rew +0.0038 vl    5.670 ent -0.461 kl 0.0041 spd 0.714 jmp 0.359 lo 0.04 2368s | window: 96%/4.34 ralow: 75%/8.45 lifts: 15%/1.38 ring: 80%/8.29 sngspa: 36%/6.49 sngspa: 36%/7.99 tunnel: 49%/11.43
[it  1710/3000           ppo] rew +0.0053 vl    6.207 ent -0.464 kl 0.0037 spd 0.719 jmp 0.360 lo 0.04 2381s | window: 96%/4.34 ralow: 75%/8.49 lifts: 13%/1.34 ring: 81%/8.29 sngspa: 42%/6.18 sngspa: 38%/8.04 tunnel: 44%/11.17
[it  1720/3000           ppo] rew +0.0053 vl    5.661 ent -0.477 kl 0.0036 spd 0.721 jmp 0.350 lo 0.03 2394s | window: 96%/4.34 ralow: 77%/8.44 lifts: 13%/1.27 ring: 79%/8.38 sngspa: 43%/6.43 sngspa: 41%/8.01 tunnel: 41%/11.05
[it  1730/3000           ppo] rew +0.0055 vl    5.720 ent -0.500 kl 0.0037 spd 0.738 jmp 0.355 lo 0.03 2407s | window: 96%/4.35 ralow: 76%/8.51 lifts: 12%/1.25 ring: 82%/8.36 sngspa: 41%/6.49 sngspa: 38%/8.19 tunnel: 44%/9.48
[it  1740/3000           ppo] rew +0.0059 vl    5.337 ent -0.510 kl 0.0043 spd 0.746 jmp 0.353 lo 0.03 2421s | window: 97%/4.32 ralow: 77%/8.51 lifts: 14%/1.23 ring: 82%/8.25 sngspa: 44%/6.55 sngspa: 43%/8.14 tunnel: 48%/11.19
[it  1750/3000           ppo] rew +0.0076 vl    5.549 ent -0.510 kl 0.0039 spd 0.743 jmp 0.355 lo 0.02 2435s | window: 98%/4.31 ralow: 75%/8.48 lifts: 12%/1.34 ring: 80%/8.32 sngspa: 46%/6.65 sngspa: 45%/8.19 tunnel: 47%/11.14
[it  1760/3000           ppo] rew +0.0067 vl    5.400 ent -0.513 kl 0.0035 spd 0.750 jmp 0.359 lo 0.02 2449s | window: 97%/4.30 ralow: 73%/8.47 lifts: 12%/1.26 ring: 81%/8.31 sngspa: 47%/6.60 sngspa: 46%/8.26 tunnel: 51%/11.37
[it  1770/3000           ppo] rew +0.0067 vl    5.690 ent -0.520 kl 0.0036 spd 0.753 jmp 0.364 lo 0.01 2463s | window: 97%/4.31 ralow: 74%/8.44 lifts: 10%/1.45 ring: 82%/8.26 sngspa: 47%/6.65 sngspa: 48%/8.24 tunnel: 48%/11.39
[it  1780/3000           ppo] rew +0.0067 vl    5.103 ent -0.515 kl 0.0038 spd 0.755 jmp 0.359 lo 0.01 2476s | window: 97%/4.34 ralow: 76%/8.43 lifts: 11%/1.39 ring: 83%/8.22 sngspa: 50%/6.52 sngspa: 50%/8.31 tunnel: 45%/11.49
[it  1790/3000           ppo] rew +0.0079 vl    5.721 ent -0.530 kl 0.0036 spd 0.760 jmp 0.358 lo 0.0 2489s | window: 97%/4.31 ralow: 77%/8.44 lifts:  9%/1.54 ring: 83%/8.18 sngspa: 49%/6.70 sngspa: 47%/8.18 tunnel: 48%/11.40
[it  1800/3000           ppo] rew +0.0072 vl    5.465 ent -0.535 kl 0.0035 spd 0.764 jmp 0.359 lo 0.0 2503s | window: 97%/4.32 ralow: 78%/8.44 lifts: 10%/1.38 ring: 81%/8.25 sngspa: 48%/6.58 sngspa: 47%/8.18 tunnel: 53%/11.56
[it  1810/3000           ppo] rew +0.0077 vl    5.498 ent -0.550 kl 0.0037 spd 0.760 jmp 0.349 lo 0.0 2516s | window: 97%/4.32 ralow: 77%/8.47 lifts:  9%/1.48 ring: 83%/8.22 sngspa: 50%/6.69 sngspa: 49%/8.23 tunnel: 52%/11.58
[it  1820/3000           ppo] rew +0.0073 vl    5.454 ent -0.555 kl 0.0036 spd 0.758 jmp 0.346 lo 0.0 2530s | window: 97%/4.32 ralow: 77%/8.45 lifts: 10%/1.35 ring: 84%/8.17 sngspa: 49%/6.73 sngspa: 50%/8.26 tunnel: 49%/11.60
[it  1830/3000           ppo] rew +0.0085 vl    5.573 ent -0.549 kl 0.0039 spd 0.760 jmp 0.349 lo 0.0 2543s | window: 97%/4.31 ralow: 77%/8.53 lifts: 10%/1.34 ring: 83%/8.21 sngspa: 48%/6.67 sngspa: 46%/8.35 tunnel: 50%/11.66
[it  1840/3000           ppo] rew +0.0078 vl    5.367 ent -0.557 kl 0.0037 spd 0.765 jmp 0.348 lo 0.0 2557s | window: 97%/4.30 ralow: 78%/8.46 lifts: 13%/1.19 ring: 82%/8.26 sngspa: 49%/6.74 sngspa: 48%/8.27 tunnel: 51%/11.49
[it  1850/3000           ppo] rew +0.0085 vl    5.734 ent -0.569 kl 0.0035 spd 0.762 jmp 0.347 lo 0.0 2570s | window: 97%/4.30 ralow: 77%/8.43 lifts: 11%/1.08 ring: 81%/8.26 sngspa: 51%/6.75 sngspa: 48%/8.31 tunnel: 51%/11.58
[it  1860/3000           ppo] rew +0.0068 vl    5.527 ent -0.554 kl 0.0033 spd 0.760 jmp 0.358 lo 0.0 2584s | window: 98%/4.30 ralow: 78%/8.44 lifts: 11%/1.21 ring: 81%/8.16 sngspa: 46%/6.77 sngspa: 43%/8.29 tunnel: 54%/11.61
[it  1870/3000           ppo] rew +0.0086 vl    5.419 ent -0.577 kl 0.0037 spd 0.769 jmp 0.352 lo 0.0 2598s | window: 97%/4.27 ralow: 78%/8.45 lifts: 10%/1.16 ring: 83%/8.12 sngspa: 44%/6.78 sngspa: 43%/8.23 tunnel: 52%/11.68
[it  1880/3000           ppo] rew +0.0082 vl    5.279 ent -0.577 kl 0.0037 spd 0.767 jmp 0.361 lo 0.0 2612s | window: 97%/4.29 ralow: 80%/8.44 lifts: 10%/1.15 ring: 82%/8.08 sngspa: 46%/6.83 sngspa: 45%/8.26 tunnel: 56%/11.49
[it  1890/3000           ppo] rew +0.0075 vl    5.426 ent -0.565 kl 0.0037 spd 0.764 jmp 0.364 lo 0.0 2626s | window: 97%/4.29 ralow: 80%/8.41 lifts: 10%/1.33 ring: 83%/8.22 sngspa: 47%/6.74 sngspa: 43%/8.27 tunnel: 53%/11.54
[it  1900/3000           ppo] rew +0.0079 vl    5.492 ent -0.567 kl 0.0035 spd 0.771 jmp 0.363 lo 0.0 2639s | window: 97%/4.29 ralow: 79%/8.40 lifts: 11%/1.25 ring: 82%/8.13 sngspa: 47%/6.70 sngspa: 46%/8.31 tunnel: 51%/11.52
[it  1910/3000           ppo] rew +0.0075 vl    5.307 ent -0.567 kl 0.0032 spd 0.769 jmp 0.357 lo 0.0 2653s | window: 97%/4.31 ralow: 80%/8.44 lifts: 10%/1.22 ring: 83%/8.19 sngspa: 45%/6.75 sngspa: 44%/8.28 tunnel: 54%/11.51
[it  1920/3000           ppo] rew +0.0086 vl    5.339 ent -0.580 kl 0.0035 spd 0.771 jmp 0.354 lo 0.0 2666s | window: 97%/4.31 ralow: 80%/8.48 lifts:  8%/1.27 ring: 84%/8.27 sngspa: 44%/6.78 sngspa: 44%/8.40 tunnel: 54%/11.71
[it  1930/3000           ppo] rew +0.0082 vl    5.293 ent -0.571 kl 0.0035 spd 0.763 jmp 0.361 lo 0.0 2680s | window: 98%/4.31 ralow: 81%/8.54 lifts: 11%/1.36 ring: 84%/8.23 sngspa: 43%/6.88 sngspa: 40%/8.34 tunnel: 56%/11.68
[it  1940/3000           ppo] rew +0.0087 vl    5.374 ent -0.578 kl 0.0034 spd 0.772 jmp 0.360 lo 0.0 2694s | window: 98%/4.31 ralow: 79%/8.55 lifts:  9%/1.35 ring: 83%/8.23 sngspa: 42%/6.81 sngspa: 42%/8.32 tunnel: 56%/11.62
[it  1950/3000           ppo] rew +0.0098 vl    5.194 ent -0.590 kl 0.0036 spd 0.785 jmp 0.362 lo 0.0 2707s | window: 98%/4.32 ralow: 80%/8.55 lifts: 11%/1.23 ring: 83%/8.23 sngspa: 44%/6.90 sngspa: 45%/8.45 tunnel: 58%/11.64
[it  1960/3000           ppo] rew +0.0084 vl    5.529 ent -0.575 kl 0.0036 spd 0.766 jmp 0.358 lo 0.0 2720s | window: 98%/4.31 ralow: 82%/8.45 lifts: 13%/1.38 ring: 85%/8.17 sngspa: 49%/6.78 sngspa: 46%/8.22 tunnel: 55%/11.55
[it  1970/3000           ppo] rew +0.0086 vl    5.242 ent -0.575 kl 0.0036 spd 0.764 jmp 0.359 lo 0.0 2734s | window: 98%/4.31 ralow: 78%/8.47 lifts: 10%/1.07 ring: 84%/8.21 sngspa: 41%/6.78 sngspa: 44%/8.31 tunnel: 54%/11.58
[it  1980/3000           ppo] rew +0.0092 vl    5.272 ent -0.583 kl 0.0035 spd 0.772 jmp 0.361 lo 0.0 2748s | window: 98%/4.29 ralow: 80%/8.40 lifts: 12%/1.29 ring: 84%/8.17 sngspa: 43%/6.78 sngspa: 44%/8.28 tunnel: 52%/11.42
[it  1990/3000           ppo] rew +0.0098 vl    5.366 ent -0.588 kl 0.0032 spd 0.773 jmp 0.363 lo 0.0 2761s | window: 98%/4.30 ralow: 81%/8.39 lifts: 11%/1.18 ring: 83%/8.10 sngspa: 46%/6.81 sngspa: 43%/8.26 tunnel: 55%/11.36
[it  2000/3000           ppo] rew +0.0102 vl    5.597 ent -0.607 kl 0.0033 spd 0.785 jmp 0.362 lo 0.0 2775s | window: 98%/4.30 ralow: 79%/8.43 lifts: 11%/1.29 ring: 83%/8.14 sngspa: 42%/6.86 sngspa: 47%/8.38 tunnel: 57%/11.48
[it  2010/3000           ppo] rew +0.0091 vl    5.269 ent -0.587 kl 0.0036 spd 0.781 jmp 0.367 lo 0.0 2788s | window: 98%/4.30 ralow: 81%/8.48 lifts: 11%/1.18 ring: 85%/8.21 sngspa: 48%/6.83 sngspa: 46%/8.38 tunnel: 59%/11.42
[it  2020/3000           ppo] rew +0.0096 vl    5.428 ent -0.599 kl 0.0034 spd 0.789 jmp 0.345 lo 0.0 2802s | window: 98%/4.31 ralow: 80%/8.42 lifts:  8%/1.43 ring: 87%/8.16 sngspa: 46%/6.88 sngspa: 47%/8.45 tunnel: 57%/11.39
[it  2030/3000           ppo] rew +0.0093 vl    5.158 ent -0.594 kl 0.0035 spd 0.781 jmp 0.358 lo 0.0 2815s | window: 98%/4.30 ralow: 82%/8.47 lifts:  9%/1.36 ring: 86%/8.22 sngspa: 47%/6.84 sngspa: 46%/8.43 tunnel: 55%/11.48
[it  2040/3000           ppo] rew +0.0096 vl    5.185 ent -0.609 kl 0.0034 spd 0.789 jmp 0.347 lo 0.0 2829s | window: 98%/4.31 ralow: 82%/8.51 lifts: 12%/1.38 ring: 85%/8.21 sngspa: 47%/6.82 sngspa: 44%/8.38 tunnel: 59%/11.45
[it  2050/3000           ppo] rew +0.0110 vl    5.193 ent -0.607 kl 0.0035 spd 0.788 jmp 0.357 lo 0.0 2842s | window: 98%/4.30 ralow: 82%/8.47 lifts: 11%/1.45 ring: 84%/8.19 sngspa: 46%/6.83 sngspa: 47%/8.27 tunnel: 59%/11.49
[it  2060/3000           ppo] rew +0.0082 vl    5.218 ent -0.584 kl 0.0033 spd 0.773 jmp 0.367 lo 0.0 2856s | window: 98%/4.30 ralow: 82%/8.42 lifts: 12%/1.32 ring: 86%/8.18 sngspa: 50%/6.86 sngspa: 46%/8.32 tunnel: 55%/11.45
[it  2070/3000           ppo] rew +0.0071 vl    5.236 ent -0.568 kl 0.0035 spd 0.765 jmp 0.360 lo 0.0 2870s | window: 97%/4.29 ralow: 80%/8.42 lifts: 11%/1.35 ring: 85%/8.10 sngspa: 42%/6.83 sngspa: 40%/8.20 tunnel: 55%/11.47
[it  2080/3000           ppo] rew +0.0091 vl    5.359 ent -0.598 kl 0.0031 spd 0.775 jmp 0.356 lo 0.0 2883s | window: 98%/4.30 ralow: 81%/8.35 lifts: 11%/1.27 ring: 85%/8.16 sngspa: 39%/6.84 sngspa: 42%/8.38 tunnel: 51%/11.40
[it  2090/3000           ppo] rew +0.0083 vl    5.225 ent -0.606 kl 0.0032 spd 0.773 jmp 0.359 lo 0.0 2896s | window: 98%/4.30 ralow: 82%/8.45 lifts: 13%/1.31 ring: 85%/8.22 sngspa: 45%/6.90 sngspa: 41%/8.43 tunnel: 53%/11.40
[it  2100/3000           ppo] rew +0.0095 vl    5.107 ent -0.630 kl 0.0034 spd 0.781 jmp 0.357 lo 0.0 2910s | window: 97%/4.30 ralow: 82%/8.42 lifts: 11%/1.38 ring: 87%/8.25 sngspa: 43%/6.88 sngspa: 44%/8.52 tunnel: 53%/11.45
[it  2110/3000           ppo] rew +0.0102 vl    5.323 ent -0.647 kl 0.0032 spd 0.782 jmp 0.352 lo 0.0 2923s | window: 97%/4.30 ralow: 82%/8.47 lifts: 10%/1.36 ring: 88%/8.22 sngspa: 45%/6.92 sngspa: 43%/8.52 tunnel: 54%/11.38
[it  2120/3000           ppo] rew +0.0104 vl    5.512 ent -0.652 kl 0.0031 spd 0.782 jmp 0.353 lo 0.0 2937s | window: 97%/4.31 ralow: 83%/8.47 lifts: 12%/1.30 ring: 88%/8.19 sngspa: 40%/6.88 sngspa: 40%/8.37 tunnel: 56%/11.55
[it  2130/3000           ppo] rew +0.0086 vl    5.279 ent -0.636 kl 0.0031 spd 0.771 jmp 0.355 lo 0.0 2950s | window: 98%/4.31 ralow: 85%/8.52 lifts: 10%/1.62 ring: 88%/8.30 sngspa: 38%/6.87 sngspa: 39%/8.30 tunnel: 58%/11.61
[it  2140/3000           ppo] rew +0.0091 vl    5.273 ent -0.634 kl 0.0035 spd 0.773 jmp 0.362 lo 0.0 2964s | window: 98%/4.31 ralow: 83%/8.51 lifts: 10%/1.14 ring: 88%/8.29 sngspa: 36%/6.86 sngspa: 38%/8.35 tunnel: 56%/11.51
[it  2150/3000           ppo] rew +0.0097 vl    5.142 ent -0.632 kl 0.0029 spd 0.778 jmp 0.356 lo 0.0 2978s | window: 97%/4.30 ralow: 83%/8.49 lifts: 10%/1.31 ring: 88%/8.26 sngspa: 40%/6.83 sngspa: 38%/8.32 tunnel: 53%/11.51
[it  2160/3000           ppo] rew +0.0084 vl    5.407 ent -0.643 kl 0.0035 spd 0.779 jmp 0.357 lo 0.0 2991s | window: 98%/4.30 ralow: 83%/8.49 lifts:  9%/1.27 ring: 89%/8.23 sngspa: 41%/6.87 sngspa: 40%/8.53 tunnel: 50%/11.44
[it  2170/3000           ppo] rew +0.0087 vl    5.280 ent -0.643 kl 0.0031 spd 0.767 jmp 0.366 lo 0.0 3005s | window: 98%/4.31 ralow: 85%/8.56 lifts: 10%/1.45 ring: 89%/8.25 sngspa: 36%/6.92 sngspa: 39%/8.47 tunnel: 54%/11.49
[it  2180/3000           ppo] rew +0.0098 vl    5.283 ent -0.677 kl 0.0030 spd 0.786 jmp 0.352 lo 0.0 3019s | window: 98%/4.32 ralow: 83%/8.52 lifts: 11%/1.31 ring: 88%/8.23 sngspa: 35%/6.88 sngspa: 35%/8.47 tunnel: 56%/11.65
[it  2190/3000           ppo] rew +0.0083 vl    5.162 ent -0.667 kl 0.0034 spd 0.766 jmp 0.355 lo 0.0 3032s | window: 98%/4.31 ralow: 83%/8.56 lifts: 10%/1.42 ring: 88%/8.31 sngspa: 34%/6.90 sngspa: 34%/8.34 tunnel: 59%/11.74
[it  2200/3000           ppo] rew +0.0096 vl    5.693 ent -0.706 kl 0.0033 spd 0.776 jmp 0.345 lo 0.0 3046s | window: 98%/4.32 ralow: 85%/8.57 lifts:  9%/1.32 ring: 89%/8.32 sngspa: 29%/6.78 sngspa: 30%/8.36 tunnel: 59%/11.69
[it  2210/3000           ppo] rew +0.0071 vl    5.222 ent -0.681 kl 0.0030 spd 0.757 jmp 0.348 lo 0.0 3060s | window: 98%/4.34 ralow: 84%/8.58 lifts: 10%/1.40 ring: 88%/8.31 sngspa: 30%/6.90 sngspa: 27%/6.91 tunnel: 58%/11.71
[it  2220/3000           ppo] rew +0.0084 vl    5.529 ent -0.710 kl 0.0030 spd 0.774 jmp 0.348 lo 0.0 3073s | window: 98%/4.32 ralow: 83%/8.56 lifts: 10%/1.21 ring: 90%/8.30 sngspa: 29%/6.26 sngspa: 25%/5.69 tunnel: 59%/11.58
[it  2230/3000           ppo] rew +0.0087 vl    4.910 ent -0.687 kl 0.0032 spd 0.763 jmp 0.356 lo 0.0 3087s | window: 97%/4.32 ralow: 84%/8.51 lifts: 10%/1.13 ring: 89%/8.26 sngspa: 29%/6.86 sngspa: 27%/7.90 tunnel: 63%/11.55
[it  2240/3000           ppo] rew +0.0090 vl    5.263 ent -0.716 kl 0.0032 spd 0.772 jmp 0.358 lo 0.0 3101s | window: 98%/4.35 ralow: 84%/8.53 lifts: 11%/1.19 ring: 89%/8.31 sngspa: 28%/6.88 sngspa: 27%/8.32 tunnel: 59%/11.53
[it  2250/3000           ppo] rew +0.0088 vl    5.118 ent -0.710 kl 0.0032 spd 0.773 jmp 0.364 lo 0.0 3114s | window: 98%/4.34 ralow: 84%/8.51 lifts:  9%/1.27 ring: 89%/8.31 sngspa: 34%/6.84 sngspa: 33%/8.32 tunnel: 61%/11.55
[it  2260/3000           ppo] rew +0.0093 vl    5.235 ent -0.697 kl 0.0029 spd 0.770 jmp 0.363 lo 0.0 3128s | window: 98%/4.34 ralow: 84%/8.48 lifts: 10%/1.35 ring: 88%/8.22 sngspa: 33%/6.84 sngspa: 32%/8.33 tunnel: 60%/11.53
[it  2270/3000           ppo] rew +0.0077 vl    5.212 ent -0.700 kl 0.0035 spd 0.767 jmp 0.350 lo 0.0 3142s | window: 97%/4.34 ralow: 83%/8.51 lifts:  8%/1.31 ring: 89%/8.26 sngspa: 29%/6.77 sngspa: 27%/8.08 tunnel: 62%/11.55
[it  2280/3000           ppo] rew +0.0074 vl    5.348 ent -0.701 kl 0.0031 spd 0.767 jmp 0.356 lo 0.0 3155s | window: 97%/4.34 ralow: 82%/8.48 lifts: 10%/1.35 ring: 89%/8.25 sngspa: 28%/6.87 sngspa: 26%/6.86 tunnel: 60%/11.51
[it  2290/3000           ppo] rew +0.0081 vl    4.979 ent -0.690 kl 0.0029 spd 0.763 jmp 0.355 lo 0.0 3169s | window: 97%/4.34 ralow: 83%/8.48 lifts: 10%/1.35 ring: 89%/8.30 sngspa: 22%/5.44 sngspa: 21%/8.31 tunnel: 60%/11.51
[it  2300/3000           ppo] rew +0.0083 vl    5.386 ent -0.712 kl 0.0032 spd 0.777 jmp 0.354 lo 0.0 3183s | window: 97%/4.31 ralow: 84%/8.51 lifts: 10%/1.37 ring: 90%/8.35 sngspa: 23%/3.44 sngspa: 22%/6.03 tunnel: 63%/11.55
[it  2310/3000           ppo] rew +0.0071 vl    4.993 ent -0.689 kl 0.0030 spd 0.760 jmp 0.352 lo 0.0 3196s | window: 98%/4.31 ralow: 85%/8.56 lifts: 10%/1.36 ring: 91%/8.30 sngspa: 21%/4.19 sngspa: 22%/6.35 tunnel: 61%/11.51
[it  2320/3000           ppo] rew +0.0100 vl    5.347 ent -0.726 kl 0.0030 spd 0.777 jmp 0.343 lo 0.0 3210s | window: 98%/4.34 ralow: 84%/8.58 lifts:  9%/1.32 ring: 90%/8.35 sngspa: 22%/3.55 sngspa: 19%/6.55 tunnel: 62%/11.51
[it  2330/3000           ppo] rew +0.0081 vl    5.212 ent -0.715 kl 0.0031 spd 0.771 jmp 0.352 lo 0.0 3224s | window: 98%/4.34 ralow: 85%/8.55 lifts: 11%/1.21 ring: 90%/8.29 sngspa: 26%/6.86 sngspa: 26%/8.35 tunnel: 64%/11.64
[it  2340/3000           ppo] rew +0.0086 vl    5.442 ent -0.731 kl 0.0032 spd 0.766 jmp 0.350 lo 0.0 3237s | window: 97%/4.34 ralow: 84%/8.60 lifts: 10%/1.55 ring: 89%/8.36 sngspa: 26%/6.90 sngspa: 27%/7.62 tunnel: 64%/11.71
[it  2350/3000           ppo] rew +0.0079 vl    5.170 ent -0.733 kl 0.0028 spd 0.773 jmp 0.344 lo 0.0 3251s | window: 97%/4.32 ralow: 84%/8.56 lifts: 10%/1.25 ring: 88%/8.27 sngspa: 25%/6.60 sngspa: 24%/8.29 tunnel: 61%/11.60
[it  2360/3000           ppo] rew +0.0081 vl    5.342 ent -0.732 kl 0.0033 spd 0.769 jmp 0.347 lo 0.0 3265s | window: 97%/4.32 ralow: 85%/8.56 lifts:  9%/1.42 ring: 89%/8.26 sngspa: 28%/6.83 sngspa: 25%/8.39 tunnel: 63%/11.52
[it  2370/3000           ppo] rew +0.0082 vl    5.100 ent -0.721 kl 0.0031 spd 0.774 jmp 0.354 lo 0.0 3279s | window: 97%/4.31 ralow: 85%/8.56 lifts:  9%/1.31 ring: 88%/8.29 sngspa: 23%/4.29 sngspa: 22%/5.82 tunnel: 66%/11.42
[it  2380/3000           ppo] rew +0.0088 vl    5.052 ent -0.740 kl 0.0030 spd 0.787 jmp 0.352 lo 0.0 3292s | window: 97%/4.34 ralow: 84%/8.55 lifts:  9%/1.31 ring: 89%/8.26 sngspa: 31%/6.91 sngspa: 32%/8.41 tunnel: 63%/11.53
[it  2390/3000           ppo] rew +0.0079 vl    5.164 ent -0.746 kl 0.0031 spd 0.786 jmp 0.343 lo 0.0 3306s | window: 98%/4.32 ralow: 83%/8.55 lifts: 10%/1.31 ring: 89%/8.30 sngspa: 32%/6.90 sngspa: 37%/8.44 tunnel: 63%/11.60
[it  2400/3000           ppo] rew +0.0101 vl    5.221 ent -0.764 kl 0.0030 spd 0.792 jmp 0.342 lo 0.0 3320s | window: 98%/4.32 ralow: 85%/8.56 lifts:  9%/1.21 ring: 89%/8.21 sngspa: 36%/6.90 sngspa: 35%/8.55 tunnel: 62%/11.56
[it  2410/3000           ppo] rew +0.0112 vl    4.762 ent -0.782 kl 0.0029 spd 0.797 jmp 0.341 lo 0.0 3334s | window: 98%/4.32 ralow: 84%/8.53 lifts:  9%/1.31 ring: 89%/8.19 sngspa: 34%/6.90 sngspa: 34%/8.36 tunnel: 69%/11.61
[it  2420/3000           ppo] rew +0.0121 vl    4.857 ent -0.810 kl 0.0031 spd 0.810 jmp 0.332 lo 0.0 3348s | window: 97%/4.31 ralow: 87%/8.55 lifts: 10%/1.26 ring: 91%/8.21 sngspa: 41%/6.95 sngspa: 40%/8.55 tunnel: 65%/11.58
[it  2430/3000           ppo] rew +0.0097 vl    4.798 ent -0.788 kl 0.0033 spd 0.793 jmp 0.345 lo 0.0 3361s | window: 98%/4.31 ralow: 84%/8.51 lifts: 10%/1.31 ring: 92%/8.22 sngspa: 39%/6.88 sngspa: 41%/8.43 tunnel: 63%/11.68
[it  2440/3000           ppo] rew +0.0099 vl    4.962 ent -0.803 kl 0.0029 spd 0.797 jmp 0.344 lo 0.0 3375s | window: 97%/4.31 ralow: 86%/8.56 lifts:  8%/1.32 ring: 90%/8.21 sngspa: 38%/6.91 sngspa: 37%/8.56 tunnel: 66%/11.68
[it  2450/3000           ppo] rew +0.0112 vl    4.737 ent -0.825 kl 0.0031 spd 0.800 jmp 0.337 lo 0.0 3389s | window: 97%/4.32 ralow: 84%/8.56 lifts: 10%/1.40 ring: 91%/8.22 sngspa: 39%/6.91 sngspa: 40%/8.47 tunnel: 65%/11.51
[it  2460/3000           ppo] rew +0.0096 vl    4.711 ent -0.839 kl 0.0031 spd 0.809 jmp 0.336 lo 0.0 3403s | window: 98%/4.31 ralow: 84%/8.57 lifts: 12%/1.44 ring: 90%/8.22 sngspa: 43%/6.95 sngspa: 44%/8.45 tunnel: 65%/11.62
[it  2470/3000           ppo] rew +0.0116 vl    4.712 ent -0.854 kl 0.0032 spd 0.823 jmp 0.324 lo 0.0 3416s | window: 98%/4.31 ralow: 86%/8.53 lifts: 12%/1.39 ring: 90%/8.23 sngspa: 41%/6.92 sngspa: 43%/8.52 tunnel: 66%/11.52
[it  2480/3000           ppo] rew +0.0132 vl    5.051 ent -0.855 kl 0.0028 spd 0.820 jmp 0.319 lo 0.0 3430s | window: 98%/4.30 ralow: 86%/8.58 lifts: 12%/1.34 ring: 91%/8.18 sngspa: 47%/6.91 sngspa: 46%/8.44 tunnel: 69%/11.56
[it  2490/3000           ppo] rew +0.0112 vl    4.743 ent -0.865 kl 0.0029 spd 0.822 jmp 0.322 lo 0.0 3444s | window: 98%/4.30 ralow: 86%/8.45 lifts: 11%/1.43 ring: 91%/8.16 sngspa: 45%/6.92 sngspa: 45%/8.55 tunnel: 66%/11.36
[it  2500/3000           ppo] rew +0.0127 vl    4.537 ent -0.873 kl 0.0028 spd 0.824 jmp 0.319 lo 0.0 3458s | window: 98%/4.30 ralow: 86%/8.48 lifts: 11%/1.17 ring: 92%/8.14 sngspa: 47%/6.94 sngspa: 46%/8.44 tunnel: 68%/11.43
[it  2510/3000           ppo] rew +0.0122 vl    4.984 ent -0.871 kl 0.0027 spd 0.821 jmp 0.326 lo 0.0 3471s | window: 98%/4.27 ralow: 85%/8.45 lifts: 10%/1.35 ring: 90%/8.16 sngspa: 48%/6.92 sngspa: 47%/8.42 tunnel: 66%/11.49
[it  2520/3000           ppo] rew +0.0120 vl    4.787 ent -0.877 kl 0.0028 spd 0.818 jmp 0.328 lo 0.0 3485s | window: 98%/4.27 ralow: 87%/8.39 lifts:  8%/1.31 ring: 90%/8.13 sngspa: 47%/6.92 sngspa: 42%/8.45 tunnel: 68%/11.40
[it  2530/3000           ppo] rew +0.0115 vl    4.861 ent -0.853 kl 0.0025 spd 0.805 jmp 0.335 lo 0.0 3499s | window: 98%/4.26 ralow: 86%/8.43 lifts: 10%/1.09 ring: 89%/8.14 sngspa: 45%/6.90 sngspa: 44%/8.38 tunnel: 69%/11.44
[it  2540/3000           ppo] rew +0.0131 vl    4.775 ent -0.868 kl 0.0027 spd 0.819 jmp 0.331 lo 0.0 3513s | window: 98%/4.26 ralow: 85%/8.42 lifts:  8%/1.40 ring: 90%/8.13 sngspa: 46%/6.91 sngspa: 43%/8.45 tunnel: 65%/11.42
[it  2550/3000           ppo] rew +0.0122 vl    4.668 ent -0.893 kl 0.0029 spd 0.829 jmp 0.330 lo 0.0 3527s | window: 98%/4.27 ralow: 84%/8.42 lifts: 10%/1.26 ring: 88%/8.06 sngspa: 52%/6.88 sngspa: 50%/8.40 tunnel: 68%/11.39
[it  2560/3000           ppo] rew +0.0108 vl    4.347 ent -0.886 kl 0.0028 spd 0.816 jmp 0.330 lo 0.0 3540s | window: 98%/4.26 ralow: 86%/8.43 lifts: 11%/1.47 ring: 89%/8.06 sngspa: 49%/6.91 sngspa: 51%/8.40 tunnel: 68%/11.38
[it  2570/3000           ppo] rew +0.0130 vl    5.028 ent -0.886 kl 0.0027 spd 0.811 jmp 0.330 lo 0.0 3554s | window: 98%/4.26 ralow: 84%/8.35 lifts: 10%/1.34 ring: 89%/8.05 sngspa: 45%/6.91 sngspa: 45%/8.39 tunnel: 67%/11.32
[it  2580/3000           ppo] rew +0.0129 vl    4.933 ent -0.900 kl 0.0028 spd 0.820 jmp 0.326 lo 0.0 3568s | window: 98%/4.26 ralow: 83%/8.30 lifts:  9%/1.40 ring: 90%/8.06 sngspa: 45%/6.90 sngspa: 47%/8.39 tunnel: 67%/11.34
[it  2590/3000           ppo] rew +0.0138 vl    4.809 ent -0.915 kl 0.0026 spd 0.831 jmp 0.319 lo 0.0 3582s | window: 98%/4.26 ralow: 84%/8.34 lifts:  9%/1.22 ring: 90%/8.08 sngspa: 51%/6.87 sngspa: 48%/8.40 tunnel: 69%/11.36
[it  2600/3000           ppo] rew +0.0142 vl    4.678 ent -0.921 kl 0.0026 spd 0.833 jmp 0.327 lo 0.0 3595s | window: 98%/4.26 ralow: 85%/8.34 lifts: 11%/1.25 ring: 90%/8.06 sngspa: 55%/6.84 sngspa: 51%/8.36 tunnel: 70%/11.29
[it  2610/3000           ppo] rew +0.0141 vl    4.696 ent -0.921 kl 0.0029 spd 0.831 jmp 0.326 lo 0.0 3609s | window: 98%/4.26 ralow: 85%/8.31 lifts: 11%/1.22 ring: 89%/8.03 sngspa: 53%/6.87 sngspa: 54%/8.35 tunnel: 68%/11.30
[it  2620/3000           ppo] rew +0.0142 vl    4.791 ent -0.927 kl 0.0026 spd 0.844 jmp 0.324 lo 0.0 3623s | window: 98%/4.26 ralow: 85%/8.35 lifts:  9%/1.18 ring: 90%/8.08 sngspa: 55%/6.84 sngspa: 54%/8.36 tunnel: 66%/11.39
[it  2630/3000           ppo] rew +0.0140 vl    4.851 ent -0.917 kl 0.0026 spd 0.828 jmp 0.319 lo 0.0 3637s | window: 98%/4.26 ralow: 87%/8.40 lifts: 12%/1.32 ring: 90%/8.04 sngspa: 55%/6.82 sngspa: 56%/8.34 tunnel: 67%/11.26
[it  2640/3000           ppo] rew +0.0132 vl    4.736 ent -0.913 kl 0.0029 spd 0.823 jmp 0.310 lo 0.0 3652s | window: 98%/4.26 ralow: 87%/8.37 lifts:  9%/1.16 ring: 91%/8.06 sngspa: 50%/6.60 sngspa: 48%/8.25 tunnel: 68%/11.26
[it  2650/3000           ppo] rew +0.0154 vl    4.590 ent -0.951 kl 0.0025 spd 0.858 jmp 0.306 lo 0.0 3666s | window: 98%/4.26 ralow: 84%/8.31 lifts: 10%/1.34 ring: 90%/8.10 sngspa: 55%/6.53 sngspa: 54%/8.08 tunnel: 65%/11.29
[it  2660/3000           ppo] rew +0.0152 vl    4.348 ent -0.957 kl 0.0029 spd 0.864 jmp 0.308 lo 0.0 3679s | window: 98%/4.25 ralow: 85%/8.26 lifts: 10%/1.27 ring: 89%/8.03 sngspa: 66%/6.52 sngspa: 65%/8.14 tunnel: 66%/11.22
[it  2670/3000           ppo] rew +0.0164 vl    4.358 ent -0.973 kl 0.0027 spd 0.875 jmp 0.314 lo 0.0 3693s | window: 98%/4.25 ralow: 85%/8.31 lifts:  8%/1.13 ring: 91%/7.95 sngspa: 67%/6.49 sngspa: 67%/8.03 tunnel: 68%/11.18
[it  2680/3000           ppo] rew +0.0161 vl    4.306 ent -0.985 kl 0.0026 spd 0.873 jmp 0.318 lo 0.0 3706s | window: 98%/4.25 ralow: 85%/8.25 lifts:  8%/1.40 ring: 91%/7.97 sngspa: 71%/6.48 sngspa: 70%/8.00 tunnel: 67%/11.19
[it  2690/3000           ppo] rew +0.0160 vl    4.163 ent -0.978 kl 0.0026 spd 0.874 jmp 0.327 lo 0.0 3720s | window: 98%/4.23 ralow: 86%/8.23 lifts: 11%/1.18 ring: 91%/7.94 sngspa: 71%/6.48 sngspa: 70%/8.00 tunnel: 67%/11.18
[it  2700/3000           ppo] rew +0.0170 vl    4.429 ent -0.984 kl 0.0027 spd 0.882 jmp 0.332 lo 0.0 3734s | window: 98%/4.23 ralow: 86%/8.26 lifts: 11%/1.29 ring: 89%/7.96 sngspa: 73%/6.45 sngspa: 69%/7.95 tunnel: 70%/11.07
[it  2710/3000           ppo] rew +0.0185 vl    4.222 ent -0.992 kl 0.0025 spd 0.888 jmp 0.329 lo 0.0 3748s | window: 98%/4.23 ralow: 86%/8.22 lifts: 12%/1.39 ring: 90%/7.95 sngspa: 73%/6.43 sngspa: 72%/7.95 tunnel: 68%/11.13
[it  2720/3000           ppo] rew +0.0183 vl    4.415 ent -0.985 kl 0.0025 spd 0.878 jmp 0.333 lo 0.0 3762s | window: 98%/4.22 ralow: 87%/8.23 lifts: 10%/1.40 ring: 92%/7.94 sngspa: 73%/6.43 sngspa: 74%/7.96 tunnel: 67%/11.16
[it  2730/3000           ppo] rew +0.0192 vl    4.360 ent -0.996 kl 0.0025 spd 0.885 jmp 0.335 lo 0.0 3775s | window: 98%/4.22 ralow: 86%/8.19 lifts:  9%/1.25 ring: 91%/7.96 sngspa: 70%/6.44 sngspa: 72%/7.97 tunnel: 68%/11.18
[it  2740/3000           ppo] rew +0.0182 vl    4.138 ent -1.002 kl 0.0025 spd 0.890 jmp 0.334 lo 0.0 3789s | window: 98%/4.21 ralow: 87%/8.21 lifts: 10%/1.24 ring: 91%/7.99 sngspa: 70%/6.45 sngspa: 72%/7.97 tunnel: 71%/11.12
[it  2750/3000           ppo] rew +0.0188 vl    3.936 ent -1.009 kl 0.0025 spd 0.900 jmp 0.331 lo 0.0 3802s | window: 98%/4.21 ralow: 87%/8.16 lifts: 11%/1.30 ring: 92%/8.00 sngspa: 72%/6.45 sngspa: 71%/7.95 tunnel: 71%/11.05
[it  2760/3000           ppo] rew +0.0190 vl    4.564 ent -1.014 kl 0.0028 spd 0.891 jmp 0.330 lo 0.0 3816s | window: 98%/4.21 ralow: 86%/8.16 lifts:  9%/1.29 ring: 91%/7.99 sngspa: 76%/6.43 sngspa: 75%/7.94 tunnel: 70%/11.10
[it  2770/3000           ppo] rew +0.0182 vl    4.098 ent -1.006 kl 0.0028 spd 0.888 jmp 0.338 lo 0.0 3830s | window: 98%/4.19 ralow: 86%/8.17 lifts: 11%/1.28 ring: 91%/7.96 sngspa: 76%/6.44 sngspa: 76%/7.96 tunnel: 69%/11.14
[it  2780/3000           ppo] rew +0.0173 vl    4.472 ent -1.021 kl 0.0025 spd 0.886 jmp 0.333 lo 0.0 3844s | window: 98%/4.21 ralow: 85%/8.22 lifts: 10%/1.19 ring: 88%/8.00 sngspa: 75%/6.44 sngspa: 73%/7.95 tunnel: 69%/11.12
[it  2790/3000           ppo] rew +0.0172 vl    4.336 ent -1.018 kl 0.0025 spd 0.876 jmp 0.334 lo 0.0 3858s | window: 98%/4.19 ralow: 87%/8.26 lifts:  9%/1.33 ring: 91%/7.92 sngspa: 71%/6.43 sngspa: 72%/7.92 tunnel: 68%/11.14
[it  2800/3000           ppo] rew +0.0182 vl    4.477 ent -1.030 kl 0.0024 spd 0.885 jmp 0.332 lo 0.0 3871s | window: 98%/4.18 ralow: 86%/8.18 lifts: 11%/1.29 ring: 89%/7.95 sngspa: 69%/6.44 sngspa: 70%/7.94 tunnel: 68%/11.14
[it  2810/3000           ppo] rew +0.0175 vl    4.485 ent -1.011 kl 0.0024 spd 0.870 jmp 0.344 lo 0.0 3885s | window: 98%/4.18 ralow: 86%/8.14 lifts: 10%/1.35 ring: 91%/7.94 sngspa: 71%/6.43 sngspa: 73%/7.96 tunnel: 68%/11.04
[it  2820/3000           ppo] rew +0.0171 vl    4.395 ent -1.031 kl 0.0025 spd 0.881 jmp 0.345 lo 0.0 3899s | window: 98%/4.18 ralow: 85%/8.14 lifts: 11%/1.25 ring: 90%/7.94 sngspa: 70%/6.44 sngspa: 68%/7.95 tunnel: 68%/11.13
[it  2830/3000           ppo] rew +0.0183 vl    4.270 ent -1.047 kl 0.0026 spd 0.887 jmp 0.347 lo 0.0 3913s | window: 98%/4.18 ralow: 85%/8.12 lifts: 10%/1.17 ring: 90%/7.91 sngspa: 69%/6.42 sngspa: 72%/7.95 tunnel: 70%/11.06
[it  2840/3000           ppo] rew +0.0188 vl    4.244 ent -1.052 kl 0.0024 spd 0.879 jmp 0.347 lo 0.0 3927s | window: 98%/4.17 ralow: 86%/8.14 lifts: 12%/1.40 ring: 90%/7.96 sngspa: 74%/6.43 sngspa: 72%/7.95 tunnel: 70%/11.08
[it  2850/3000           ppo] rew +0.0192 vl    4.329 ent -1.053 kl 0.0023 spd 0.877 jmp 0.350 lo 0.0 3941s | window: 98%/4.17 ralow: 86%/8.16 lifts: 12%/1.23 ring: 91%/7.92 sngspa: 70%/6.43 sngspa: 70%/7.92 tunnel: 69%/11.13
[it  2860/3000           ppo] rew +0.0189 vl    4.431 ent -1.053 kl 0.0024 spd 0.881 jmp 0.356 lo 0.0 3955s | window: 98%/4.17 ralow: 85%/8.17 lifts: 10%/1.30 ring: 90%/7.94 sngspa: 71%/6.47 sngspa: 70%/7.99 tunnel: 69%/11.03
[it  2870/3000           ppo] rew +0.0184 vl    4.342 ent -1.050 kl 0.0026 spd 0.882 jmp 0.353 lo 0.0 3968s | window: 98%/4.18 ralow: 86%/8.12 lifts:  9%/1.31 ring: 91%/7.92 sngspa: 70%/6.48 sngspa: 73%/7.99 tunnel: 69%/11.05
[it  2880/3000           ppo] rew +0.0174 vl    4.151 ent -1.056 kl 0.0024 spd 0.877 jmp 0.353 lo 0.0 3982s | window: 98%/4.18 ralow: 86%/8.16 lifts: 10%/1.36 ring: 90%/7.92 sngspa: 72%/6.45 sngspa: 72%/7.95 tunnel: 71%/11.11
[it  2890/3000           ppo] rew +0.0197 vl    4.332 ent -1.062 kl 0.0024 spd 0.890 jmp 0.350 lo 0.0 3996s | window: 98%/4.18 ralow: 86%/8.17 lifts: 11%/1.28 ring: 90%/7.88 sngspa: 71%/6.42 sngspa: 70%/7.95 tunnel: 68%/11.06
[it  2900/3000           ppo] rew +0.0195 vl    4.401 ent -1.062 kl 0.0022 spd 0.900 jmp 0.350 lo 0.0 4009s | window: 98%/4.18 ralow: 86%/8.18 lifts:  9%/1.31 ring: 91%/7.87 sngspa: 74%/6.39 sngspa: 73%/7.92 tunnel: 67%/10.99
[it  2910/3000           ppo] rew +0.0200 vl    4.332 ent -1.057 kl 0.0023 spd 0.890 jmp 0.349 lo 0.0 4023s | window: 98%/4.17 ralow: 85%/8.13 lifts: 10%/1.21 ring: 92%/7.96 sngspa: 76%/6.45 sngspa: 76%/7.92 tunnel: 73%/11.10
[it  2920/3000           ppo] rew +0.0196 vl    4.394 ent -1.067 kl 0.0024 spd 0.896 jmp 0.358 lo 0.0 4037s | window: 98%/4.17 ralow: 85%/8.14 lifts: 10%/1.29 ring: 90%/7.99 sngspa: 75%/6.43 sngspa: 76%/7.90 tunnel: 68%/11.13
[it  2930/3000           ppo] rew +0.0211 vl    4.190 ent -1.075 kl 0.0021 spd 0.908 jmp 0.353 lo 0.0 4050s | window: 97%/4.17 ralow: 87%/8.13 lifts:  8%/1.19 ring: 89%/7.90 sngspa: 77%/6.28 sngspa: 76%/7.87 tunnel: 69%/11.12
[it  2940/3000           ppo] rew +0.0211 vl    4.294 ent -1.093 kl 0.0023 spd 0.907 jmp 0.345 lo 0.0 4064s | window: 97%/4.17 ralow: 86%/8.13 lifts: 11%/1.28 ring: 90%/7.88 sngspa: 79%/6.17 sngspa: 78%/7.87 tunnel: 71%/11.09
[it  2950/3000           ppo] rew +0.0197 vl    4.151 ent -1.082 kl 0.0020 spd 0.893 jmp 0.358 lo 0.0 4078s | window: 97%/4.17 ralow: 88%/8.12 lifts: 10%/1.29 ring: 91%/7.83 sngspa: 77%/6.16 sngspa: 78%/7.79 tunnel: 69%/11.08
[it  2960/3000           ppo] rew +0.0189 vl    4.416 ent -1.084 kl 0.0022 spd 0.893 jmp 0.351 lo 0.0 4092s | window: 97%/4.16 ralow: 86%/8.14 lifts: 10%/1.18 ring: 90%/7.84 sngspa: 74%/6.15 sngspa: 73%/7.74 tunnel: 69%/11.01
[it  2970/3000           ppo] rew +0.0190 vl    4.385 ent -1.085 kl 0.0022 spd 0.888 jmp 0.352 lo 0.0 4105s | window: 98%/4.16 ralow: 86%/8.12 lifts: 11%/1.37 ring: 90%/7.87 sngspa: 75%/6.31 sngspa: 74%/7.87 tunnel: 68%/11.00
[it  2980/3000           ppo] rew +0.0202 vl    4.277 ent -1.102 kl 0.0021 spd 0.901 jmp 0.345 lo 0.0 4119s | window: 97%/4.16 ralow: 86%/8.09 lifts: 13%/1.51 ring: 88%/7.79 sngspa: 74%/6.36 sngspa: 75%/7.92 tunnel: 68%/10.99
[it  2990/3000           ppo] rew +0.0206 vl    4.352 ent -1.111 kl 0.0021 spd 0.910 jmp 0.353 lo 0.0 4133s | window: 98%/4.16 ralow: 86%/8.12 lifts: 14%/1.57 ring: 90%/7.84 sngspa: 73%/6.10 sngspa: 75%/7.87 tunnel: 69%/11.04
[it  3000/3000           ppo] rew +0.0196 vl    4.347 ent -1.106 kl 0.0020 spd 0.896 jmp 0.351 lo 0.0 4147s | window: 98%/4.14 ralow: 85%/8.12 lifts: 15%/1.77 ring: 90%/7.84 sngspa: 76%/6.13 sngspa: 74%/7.68 tunnel: 73%/11.01
saved /home/benjamin-adm/rex-ml/pipeline/out/race/race_v7.pt
