resumed from pipeline/out/race/race_v5.pt
routes=['window_to_rl', 'ralow_to_ratop', 'lifts_to_sng_mega', 'ring_to_ratop', 'sngspawn_a_to_mega', 'sngspawn_b_to_mega', 'tunnel_to_ra']  n_per_route=2048  human_k=0  envs=7  total_slots=14336  T=64  gamma=0.999
  window_to_rl           navmesh                      path    2002 u  n= 2048  gate  2.75s  needs    728 u/s average
  ralow_to_ratop         navmesh                      path    3052 u  n= 2048  gate  7.71s  needs    396 u/s average
  lifts_to_sng_mega      navmesh                      path    2325 u  n= 2048  gate  7.93s  needs    293 u/s average
  ring_to_ratop          navmesh                      path    2842 u  n= 2048  gate  9.26s  needs    307 u/s average
  sngspawn_a_to_mega     navmesh                      path    2540 u  n= 2048  gate  9.98s  needs    255 u/s average
  sngspawn_b_to_mega     navmesh                      path    3110 u  n= 2048  gate  9.98s  needs    312 u/s average
  tunnel_to_ra           navmesh                      path    3885 u  n= 2048  gate 12.13s  needs    320 u/s average
[it     1/2500 critic_warmup] rew +0.0337 vl   11.956 ent -1.636 kl 0.0000 spd 1.028 jmp 0.214 lo 0.75 2s | window:100%/0.55 ralow:100%/0.81 lifts:100%/0.62 ring:100%/0.78 sngspa:100%/0.71 sngspa:100%/0.78 tunnel:  0%/  -  
[it    10/2500 critic_warmup] rew +0.0537 vl    2.847 ent -1.711 kl 0.0000 spd 0.386 jmp 0.133 lo 0.75 16s | window:100%/0.67 ralow:100%/2.34 lifts:100%/1.09 ring:100%/2.31 sngspa:100%/1.47 sngspa:100%/1.60 tunnel:100%/2.72
[it    20/2500           ppo] rew +0.0656 vl    4.324 ent -1.648 kl 0.0105 spd 0.369 jmp 0.172 lo 0.74 31s | window: 99%/0.63 ralow: 60%/2.04 lifts: 41%/0.70 ring:100%/2.04 sngspa:100%/1.48 sngspa:100%/1.65 tunnel:100%/2.49
[it    30/2500           ppo] rew +0.0625 vl    4.239 ent -1.592 kl 0.0097 spd 0.378 jmp 0.188 lo 0.74 46s | window:100%/0.63 ralow: 67%/2.00 lifts: 94%/1.13 ring: 52%/1.81 sngspa: 60%/1.27 sngspa: 54%/1.51 tunnel: 61%/2.25
[it    40/2500           ppo] rew +0.0596 vl    4.150 ent -1.487 kl 0.0094 spd 0.358 jmp 0.222 lo 0.73 61s | window:100%/0.64 ralow: 62%/2.03 lifts: 65%/0.94 ring: 73%/1.88 sngspa: 93%/1.37 sngspa: 96%/1.65 tunnel: 78%/2.37
[it    50/2500           ppo] rew +0.0753 vl    5.483 ent -1.466 kl 0.0086 spd 0.507 jmp 0.206 lo 0.73 76s | window:100%/0.64 ralow: 64%/2.03 lifts: 84%/1.12 ring: 53%/1.86 sngspa: 60%/1.25 sngspa: 55%/1.53 tunnel: 65%/2.35
[it    60/2500           ppo] rew +0.0684 vl    3.453 ent -1.420 kl 0.0088 spd 0.516 jmp 0.212 lo 0.72 91s | window:100%/0.63 ralow: 63%/2.06 lifts: 79%/1.22 ring: 70%/1.93 sngspa: 91%/1.46 sngspa: 87%/1.69 tunnel: 69%/2.41
[it    70/2500           ppo] rew +0.0817 vl    5.073 ent -1.374 kl 0.0085 spd 0.575 jmp 0.245 lo 0.72 106s | window:100%/0.63 ralow: 64%/2.06 lifts: 81%/1.20 ring: 57%/1.92 sngspa: 59%/1.33 sngspa: 53%/1.53 tunnel: 71%/2.53
[it    80/2500           ppo] rew +0.0749 vl    3.370 ent -1.305 kl 0.0094 spd 0.569 jmp 0.238 lo 0.71 121s | window:100%/0.64 ralow: 66%/2.09 lifts: 83%/1.23 ring: 68%/1.97 sngspa: 82%/1.50 sngspa: 78%/1.68 tunnel: 61%/2.48
[it    90/2500           ppo] rew +0.0795 vl    3.645 ent -1.219 kl 0.0097 spd 0.612 jmp 0.238 lo 0.71 136s | window:100%/0.64 ralow: 63%/2.13 lifts: 81%/1.25 ring: 61%/2.00 sngspa: 69%/1.40 sngspa: 57%/1.64 tunnel: 65%/2.63
[it   100/2500           ppo] rew +0.0779 vl    3.036 ent -1.138 kl 0.0115 spd 0.614 jmp 0.258 lo 0.7 150s | window:100%/0.64 ralow: 64%/2.14 lifts: 84%/1.37 ring: 66%/2.03 sngspa: 78%/1.53 sngspa: 72%/1.69 tunnel: 60%/2.65
[it   110/2500           ppo] rew +0.0763 vl    2.993 ent -1.068 kl 0.0096 spd 0.627 jmp 0.257 lo 0.7 164s | window:100%/0.64 ralow: 64%/2.17 lifts: 84%/1.30 ring: 64%/2.04 sngspa: 82%/1.50 sngspa: 71%/1.69 tunnel: 58%/2.63
[it   120/2500           ppo] rew +0.0806 vl    2.803 ent -1.043 kl 0.0088 spd 0.657 jmp 0.243 lo 0.69 179s | window:100%/0.63 ralow: 65%/2.14 lifts: 86%/1.27 ring: 63%/2.09 sngspa: 78%/1.43 sngspa: 72%/1.67 tunnel: 62%/2.62
[it   130/2500           ppo] rew +0.0785 vl    2.872 ent -1.085 kl 0.0086 spd 0.676 jmp 0.233 lo 0.69 194s | window:100%/0.63 ralow: 65%/2.13 lifts: 85%/1.26 ring: 66%/2.07 sngspa: 83%/1.46 sngspa: 79%/1.64 tunnel: 61%/2.44
[it   140/2500           ppo] rew +0.0823 vl    2.632 ent -1.148 kl 0.0075 spd 0.748 jmp 0.226 lo 0.68 208s | window:100%/0.63 ralow: 66%/2.18 lifts: 86%/1.27 ring: 66%/2.07 sngspa: 81%/1.41 sngspa: 73%/1.65 tunnel: 60%/2.49
[it   150/2500           ppo] rew +0.0819 vl    2.505 ent -1.134 kl 0.0085 spd 0.767 jmp 0.226 lo 0.68 223s | window:100%/0.63 ralow: 65%/2.17 lifts: 86%/1.30 ring: 67%/2.06 sngspa: 83%/1.46 sngspa: 77%/1.64 tunnel: 61%/2.52
[it   160/2500           ppo] rew +0.0824 vl    2.215 ent -1.086 kl 0.0087 spd 0.755 jmp 0.235 lo 0.67 237s | window:100%/0.64 ralow: 67%/2.23 lifts: 86%/1.33 ring: 67%/2.07 sngspa: 83%/1.50 sngspa: 80%/1.72 tunnel: 61%/2.51
[it   170/2500           ppo] rew +0.0801 vl    2.038 ent -1.055 kl 0.0073 spd 0.753 jmp 0.258 lo 0.67 252s | window:100%/0.64 ralow: 70%/2.28 lifts: 85%/1.32 ring: 66%/2.14 sngspa: 83%/1.48 sngspa: 80%/1.71 tunnel: 61%/2.53
[it   180/2500           ppo] rew +0.0825 vl    1.711 ent -0.996 kl 0.0069 spd 0.722 jmp 0.281 lo 0.66 266s | window:100%/0.64 ralow: 66%/2.37 lifts: 86%/1.33 ring: 66%/2.13 sngspa: 82%/1.44 sngspa: 78%/1.71 tunnel: 61%/2.49
[it   190/2500           ppo] rew +0.0793 vl    1.445 ent -0.887 kl 0.0074 spd 0.675 jmp 0.307 lo 0.66 280s | window:100%/0.64 ralow: 67%/2.41 lifts: 85%/1.26 ring: 66%/2.15 sngspa: 81%/1.51 sngspa: 77%/1.65 tunnel: 59%/2.46
[it   200/2500           ppo] rew +0.0788 vl    1.385 ent -0.762 kl 0.0063 spd 0.648 jmp 0.323 lo 0.65 295s | window:100%/0.64 ralow: 66%/2.45 lifts: 82%/1.33 ring: 65%/2.14 sngspa: 80%/1.50 sngspa: 77%/1.72 tunnel: 58%/2.58
[it   210/2500           ppo] rew +0.0789 vl    1.336 ent -0.687 kl 0.0070 spd 0.627 jmp 0.342 lo 0.65 309s | window:100%/0.64 ralow: 66%/2.48 lifts: 81%/1.32 ring: 65%/2.14 sngspa: 81%/1.50 sngspa: 77%/1.75 tunnel: 59%/2.46
[it   220/2500           ppo] rew +0.0753 vl    1.270 ent -0.657 kl 0.0067 spd 0.628 jmp 0.344 lo 0.64 323s | window:100%/0.64 ralow: 68%/2.51 lifts: 79%/1.34 ring: 66%/2.20 sngspa: 80%/1.53 sngspa: 75%/1.72 tunnel: 59%/2.55
[it   230/2500           ppo] rew +0.0752 vl    1.158 ent -0.596 kl 0.0068 spd 0.623 jmp 0.351 lo 0.64 338s | window:100%/0.67 ralow: 65%/2.52 lifts: 76%/1.36 ring: 66%/2.25 sngspa: 80%/1.54 sngspa: 75%/1.76 tunnel: 61%/2.53
[it   240/2500           ppo] rew +0.0718 vl    1.188 ent -0.560 kl 0.0065 spd 0.619 jmp 0.358 lo 0.63 352s | window:100%/0.66 ralow: 67%/2.66 lifts: 75%/1.39 ring: 65%/2.38 sngspa: 80%/1.51 sngspa: 76%/1.76 tunnel: 64%/2.53
[it   250/2500           ppo] rew +0.0696 vl    1.042 ent -0.507 kl 0.0066 spd 0.600 jmp 0.356 lo 0.63 366s | window:100%/0.66 ralow: 70%/2.53 lifts: 63%/1.32 ring: 69%/2.41 sngspa: 81%/1.60 sngspa: 76%/1.76 tunnel: 63%/2.56
[it   260/2500           ppo] rew +0.0700 vl    1.056 ent -0.519 kl 0.0059 spd 0.604 jmp 0.354 lo 0.62 380s | window:100%/0.66 ralow: 68%/2.62 lifts: 62%/1.36 ring: 70%/2.44 sngspa: 79%/1.61 sngspa: 72%/1.78 tunnel: 64%/2.58
[it   270/2500           ppo] rew +0.0685 vl    1.039 ent -0.443 kl 0.0064 spd 0.586 jmp 0.362 lo 0.62 394s | window: 99%/0.66 ralow: 69%/2.58 lifts: 62%/1.43 ring: 68%/2.53 sngspa: 78%/1.57 sngspa: 74%/1.83 tunnel: 63%/2.63
[it   280/2500           ppo] rew +0.0680 vl    1.050 ent -0.425 kl 0.0058 spd 0.584 jmp 0.370 lo 0.61 408s | window: 99%/0.67 ralow: 66%/2.60 lifts: 59%/1.37 ring: 67%/2.65 sngspa: 78%/1.64 sngspa: 72%/1.82 tunnel: 59%/2.60
[it   290/2500           ppo] rew +0.0662 vl    0.947 ent -0.412 kl 0.0061 spd 0.583 jmp 0.375 lo 0.61 423s | window: 99%/0.64 ralow: 66%/2.62 lifts: 59%/1.43 ring: 67%/2.51 sngspa: 76%/1.58 sngspa: 67%/1.79 tunnel: 62%/2.60
[it   300/2500           ppo] rew +0.0676 vl    0.977 ent -0.410 kl 0.0058 spd 0.595 jmp 0.374 lo 0.6 437s | window:100%/0.64 ralow: 67%/2.63 lifts: 58%/1.37 ring: 67%/2.53 sngspa: 75%/1.61 sngspa: 66%/1.81 tunnel: 57%/2.63
[it   310/2500           ppo] rew +0.0676 vl    0.922 ent -0.426 kl 0.0062 spd 0.603 jmp 0.369 lo 0.6 451s | window:100%/0.64 ralow: 67%/2.65 lifts: 59%/1.39 ring: 69%/2.63 sngspa: 74%/1.61 sngspa: 67%/1.85 tunnel: 59%/2.66
[it   320/2500           ppo] rew +0.0662 vl    0.940 ent -0.475 kl 0.0060 spd 0.621 jmp 0.360 lo 0.59 465s | window:100%/0.64 ralow: 69%/2.65 lifts: 56%/1.40 ring: 69%/2.59 sngspa: 76%/1.68 sngspa: 69%/1.82 tunnel: 59%/2.63
[it   330/2500           ppo] rew +0.0660 vl    0.891 ent -0.519 kl 0.0057 spd 0.656 jmp 0.356 lo 0.59 479s | window:100%/0.66 ralow: 71%/2.67 lifts: 57%/1.40 ring: 69%/2.60 sngspa: 74%/1.62 sngspa: 65%/1.85 tunnel: 61%/2.69
[it   340/2500           ppo] rew +0.0655 vl    0.889 ent -0.548 kl 0.0057 spd 0.669 jmp 0.349 lo 0.58 493s | window:100%/0.66 ralow: 68%/2.73 lifts: 56%/1.36 ring: 72%/2.72 sngspa: 73%/1.67 sngspa: 65%/1.90 tunnel: 59%/2.69
[it   350/2500           ppo] rew +0.0658 vl    0.935 ent -0.552 kl 0.0061 spd 0.658 jmp 0.340 lo 0.58 507s | window:100%/0.66 ralow: 69%/2.70 lifts: 58%/1.30 ring: 71%/2.69 sngspa: 73%/1.68 sngspa: 66%/1.86 tunnel: 60%/2.74
[it   360/2500           ppo] rew +0.0632 vl    0.843 ent -0.574 kl 0.0055 spd 0.653 jmp 0.332 lo 0.57 521s | window:100%/0.66 ralow: 71%/2.69 lifts: 56%/1.33 ring: 71%/2.69 sngspa: 71%/1.68 sngspa: 66%/1.85 tunnel: 60%/2.70
[it   370/2500           ppo] rew +0.0655 vl    0.853 ent -0.574 kl 0.0055 spd 0.645 jmp 0.335 lo 0.57 535s | window: 99%/0.67 ralow: 71%/2.73 lifts: 59%/1.29 ring: 72%/2.67 sngspa: 72%/1.69 sngspa: 65%/1.90 tunnel: 60%/2.76
[it   380/2500           ppo] rew +0.0648 vl    0.828 ent -0.556 kl 0.0059 spd 0.635 jmp 0.345 lo 0.56 549s | window: 99%/0.67 ralow: 72%/2.80 lifts: 57%/1.27 ring: 73%/2.76 sngspa: 69%/1.67 sngspa: 62%/1.90 tunnel: 60%/2.73
[it   390/2500           ppo] rew +0.0648 vl    0.853 ent -0.549 kl 0.0060 spd 0.623 jmp 0.349 lo 0.56 563s | window:100%/0.67 ralow: 72%/2.87 lifts: 57%/1.30 ring: 71%/2.76 sngspa: 69%/1.74 sngspa: 60%/1.92 tunnel: 63%/2.72
[it   400/2500           ppo] rew +0.0621 vl    0.833 ent -0.556 kl 0.0056 spd 0.642 jmp 0.347 lo 0.55 577s | window: 99%/0.66 ralow: 71%/2.84 lifts: 56%/1.27 ring: 70%/2.75 sngspa: 71%/1.76 sngspa: 59%/1.90 tunnel: 58%/2.65
[it   410/2500           ppo] rew +0.0628 vl    0.867 ent -0.542 kl 0.0056 spd 0.639 jmp 0.349 lo 0.55 591s | window: 99%/0.66 ralow: 71%/2.79 lifts: 57%/1.33 ring: 69%/2.70 sngspa: 68%/1.75 sngspa: 58%/1.90 tunnel: 58%/2.66
[it   420/2500           ppo] rew +0.0621 vl    0.807 ent -0.547 kl 0.0064 spd 0.631 jmp 0.341 lo 0.54 605s | window: 99%/0.66 ralow: 70%/2.80 lifts: 55%/1.34 ring: 71%/2.65 sngspa: 69%/1.76 sngspa: 56%/1.86 tunnel: 59%/2.65
[it   430/2500           ppo] rew +0.0610 vl    0.827 ent -0.528 kl 0.0058 spd 0.613 jmp 0.337 lo 0.54 619s | window: 99%/0.66 ralow: 69%/2.73 lifts: 53%/1.36 ring: 72%/2.73 sngspa: 66%/1.71 sngspa: 56%/1.86 tunnel: 57%/2.74
[it   440/2500           ppo] rew +0.0605 vl    0.806 ent -0.529 kl 0.0056 spd 0.622 jmp 0.338 lo 0.53 633s | window: 99%/0.66 ralow: 71%/2.84 lifts: 53%/1.30 ring: 71%/2.69 sngspa: 66%/1.81 sngspa: 54%/1.78 tunnel: 57%/2.88
[it   450/2500           ppo] rew +0.0593 vl    0.795 ent -0.528 kl 0.0054 spd 0.631 jmp 0.329 lo 0.53 647s | window: 99%/0.67 ralow: 73%/2.84 lifts: 54%/1.32 ring: 73%/2.81 sngspa: 62%/1.72 sngspa: 50%/1.86 tunnel: 60%/2.91
[it   460/2500           ppo] rew +0.0596 vl    0.722 ent -0.533 kl 0.0053 spd 0.631 jmp 0.323 lo 0.52 661s | window: 98%/0.66 ralow: 74%/2.79 lifts: 54%/1.33 ring: 74%/2.79 sngspa: 62%/1.78 sngspa: 53%/1.88 tunnel: 56%/2.95
[it   470/2500           ppo] rew +0.0607 vl    0.747 ent -0.524 kl 0.0054 spd 0.633 jmp 0.334 lo 0.52 675s | window: 99%/0.66 ralow: 74%/2.79 lifts: 51%/1.34 ring: 71%/2.68 sngspa: 62%/1.72 sngspa: 49%/1.92 tunnel: 58%/2.84
[it   480/2500           ppo] rew +0.0584 vl    0.682 ent -0.524 kl 0.0054 spd 0.622 jmp 0.337 lo 0.51 689s | window: 99%/0.67 ralow: 74%/2.83 lifts: 51%/1.34 ring: 74%/2.81 sngspa: 61%/1.74 sngspa: 51%/1.84 tunnel: 58%/3.02
[it   490/2500           ppo] rew +0.0575 vl    0.717 ent -0.515 kl 0.0054 spd 0.617 jmp 0.335 lo 0.51 703s | window: 99%/0.67 ralow: 73%/2.90 lifts: 47%/1.36 ring: 72%/2.80 sngspa: 59%/1.83 sngspa: 48%/1.88 tunnel: 60%/3.07
[it   500/2500           ppo] rew +0.0599 vl    0.719 ent -0.521 kl 0.0054 spd 0.628 jmp 0.337 lo 0.5 717s | window: 99%/0.66 ralow: 73%/2.91 lifts: 48%/1.37 ring: 72%/2.94 sngspa: 57%/1.76 sngspa: 47%/1.93 tunnel: 58%/3.12
[it   510/2500           ppo] rew +0.0585 vl    0.692 ent -0.502 kl 0.0051 spd 0.624 jmp 0.334 lo 0.5 730s | window: 99%/0.66 ralow: 72%/2.94 lifts: 50%/1.27 ring: 71%/2.88 sngspa: 58%/1.85 sngspa: 47%/1.86 tunnel: 57%/3.11
[it   520/2500           ppo] rew +0.0599 vl    0.693 ent -0.496 kl 0.0055 spd 0.631 jmp 0.332 lo 0.49 744s | window: 99%/0.67 ralow: 71%/2.93 lifts: 50%/1.27 ring: 73%/2.83 sngspa: 58%/1.83 sngspa: 47%/1.95 tunnel: 58%/3.21
[it   530/2500           ppo] rew +0.0569 vl    0.656 ent -0.471 kl 0.0054 spd 0.614 jmp 0.328 lo 0.49 758s | window: 99%/0.66 ralow: 71%/2.98 lifts: 50%/1.29 ring: 71%/2.79 sngspa: 59%/1.87 sngspa: 45%/1.89 tunnel: 58%/3.18
[it   540/2500           ppo] rew +0.0566 vl    0.648 ent -0.483 kl 0.0055 spd 0.622 jmp 0.328 lo 0.48 772s | window: 98%/0.67 ralow: 68%/2.86 lifts: 47%/1.29 ring: 66%/2.72 sngspa: 54%/1.79 sngspa: 43%/1.88 tunnel: 54%/3.12
[it   550/2500           ppo] rew +0.0547 vl    0.681 ent -0.491 kl 0.0052 spd 0.617 jmp 0.325 lo 0.48 786s | window: 98%/0.67 ralow: 71%/2.84 lifts: 49%/1.30 ring: 70%/2.81 sngspa: 54%/1.76 sngspa: 44%/1.93 tunnel: 55%/3.18
[it   560/2500           ppo] rew +0.0548 vl    0.687 ent -0.451 kl 0.0049 spd 0.612 jmp 0.331 lo 0.47 800s | window: 98%/0.67 ralow: 70%/2.93 lifts: 47%/1.26 ring: 70%/2.79 sngspa: 51%/1.81 sngspa: 41%/1.85 tunnel: 59%/3.27
[it   570/2500           ppo] rew +0.0513 vl    0.667 ent -0.454 kl 0.0047 spd 0.611 jmp 0.320 lo 0.47 814s | window: 99%/0.66 ralow: 68%/2.84 lifts: 48%/1.26 ring: 67%/2.86 sngspa: 51%/1.71 sngspa: 37%/1.92 tunnel: 56%/3.28
[it   580/2500           ppo] rew +0.0572 vl    0.669 ent -0.466 kl 0.0051 spd 0.614 jmp 0.328 lo 0.46 827s | window: 97%/0.67 ralow: 70%/2.93 lifts: 49%/1.25 ring: 70%/2.87 sngspa: 53%/1.74 sngspa: 39%/1.76 tunnel: 60%/3.40
[it   590/2500           ppo] rew +0.0546 vl    0.657 ent -0.503 kl 0.0053 spd 0.625 jmp 0.323 lo 0.46 841s | window: 99%/0.69 ralow: 71%/3.04 lifts: 49%/1.19 ring: 71%/3.00 sngspa: 52%/1.78 sngspa: 41%/1.81 tunnel: 61%/3.65
[it   600/2500           ppo] rew +0.0541 vl    0.639 ent -0.498 kl 0.0052 spd 0.616 jmp 0.318 lo 0.45 855s | window: 99%/0.69 ralow: 73%/3.02 lifts: 47%/1.27 ring: 73%/3.11 sngspa: 49%/1.78 sngspa: 41%/1.97 tunnel: 61%/3.67
[it   610/2500           ppo] rew +0.0567 vl    0.755 ent -0.488 kl 0.0051 spd 0.620 jmp 0.322 lo 0.45 869s | window: 99%/0.69 ralow: 71%/3.06 lifts: 46%/1.26 ring: 74%/3.05 sngspa: 49%/1.75 sngspa: 37%/1.89 tunnel: 61%/3.79
[it   620/2500           ppo] rew +0.0537 vl    0.681 ent -0.489 kl 0.0047 spd 0.612 jmp 0.325 lo 0.44 883s | window: 99%/0.69 ralow: 72%/3.14 lifts: 45%/1.33 ring: 72%/2.90 sngspa: 49%/1.85 sngspa: 39%/1.93 tunnel: 61%/3.75
[it   630/2500           ppo] rew +0.0559 vl    0.678 ent -0.483 kl 0.0053 spd 0.615 jmp 0.335 lo 0.44 896s | window: 99%/0.69 ralow: 72%/3.05 lifts: 46%/1.29 ring: 70%/2.94 sngspa: 50%/1.85 sngspa: 36%/1.87 tunnel: 58%/3.68
[it   640/2500           ppo] rew +0.0543 vl    0.647 ent -0.481 kl 0.0051 spd 0.619 jmp 0.330 lo 0.43 910s | window: 98%/0.69 ralow: 73%/3.16 lifts: 47%/1.30 ring: 73%/3.19 sngspa: 48%/1.88 sngspa: 37%/1.88 tunnel: 59%/4.03
[it   650/2500           ppo] rew +0.0533 vl    0.646 ent -0.489 kl 0.0050 spd 0.626 jmp 0.328 lo 0.43 924s | window: 98%/0.67 ralow: 73%/3.14 lifts: 48%/1.26 ring: 73%/3.21 sngspa: 50%/1.81 sngspa: 36%/1.88 tunnel: 59%/3.76
[it   660/2500           ppo] rew +0.0543 vl    0.728 ent -0.514 kl 0.0049 spd 0.616 jmp 0.320 lo 0.42 938s | window: 99%/0.69 ralow: 73%/3.21 lifts: 47%/1.25 ring: 73%/3.11 sngspa: 45%/1.75 sngspa: 35%/1.82 tunnel: 60%/4.19
[it   670/2500           ppo] rew +0.0542 vl    0.721 ent -0.543 kl 0.0050 spd 0.628 jmp 0.323 lo 0.42 952s | window: 99%/0.69 ralow: 72%/3.18 lifts: 43%/1.26 ring: 71%/3.15 sngspa: 46%/1.81 sngspa: 33%/1.88 tunnel: 60%/4.29
[it   680/2500           ppo] rew +0.0552 vl    0.724 ent -0.533 kl 0.0047 spd 0.628 jmp 0.339 lo 0.41 966s | window: 99%/0.69 ralow: 74%/3.14 lifts: 43%/1.36 ring: 76%/3.14 sngspa: 43%/1.79 sngspa: 33%/1.95 tunnel: 65%/4.34
[it   690/2500           ppo] rew +0.0532 vl    0.670 ent -0.507 kl 0.0049 spd 0.615 jmp 0.345 lo 0.41 980s | window:100%/0.69 ralow: 74%/3.23 lifts: 43%/1.29 ring: 77%/3.19 sngspa: 45%/1.74 sngspa: 36%/1.79 tunnel: 63%/5.19
[it   700/2500           ppo] rew +0.0568 vl    0.654 ent -0.501 kl 0.0045 spd 0.623 jmp 0.347 lo 0.4 994s | window:100%/0.70 ralow: 73%/3.29 lifts: 43%/1.26 ring: 76%/3.18 sngspa: 45%/1.82 sngspa: 35%/1.85 tunnel: 62%/4.27
[it   710/2500           ppo] rew +0.0534 vl    0.680 ent -0.499 kl 0.0046 spd 0.624 jmp 0.344 lo 0.4 1008s | window:100%/0.71 ralow: 74%/3.28 lifts: 44%/1.30 ring: 75%/3.28 sngspa: 42%/1.71 sngspa: 31%/1.88 tunnel: 62%/5.29
[it   720/2500           ppo] rew +0.0539 vl    0.645 ent -0.493 kl 0.0045 spd 0.627 jmp 0.336 lo 0.39 1021s | window:100%/0.70 ralow: 73%/3.32 lifts: 43%/1.25 ring: 77%/3.21 sngspa: 40%/1.72 sngspa: 29%/1.82 tunnel: 61%/5.37
[it   730/2500           ppo] rew +0.0545 vl    0.630 ent -0.480 kl 0.0050 spd 0.620 jmp 0.341 lo 0.39 1035s | window:100%/0.71 ralow: 72%/3.42 lifts: 40%/1.20 ring: 75%/3.25 sngspa: 38%/1.72 sngspa: 29%/1.79 tunnel: 62%/5.47
[it   740/2500           ppo] rew +0.0513 vl    0.749 ent -0.485 kl 0.0049 spd 0.629 jmp 0.335 lo 0.38 1049s | window:100%/0.71 ralow: 74%/3.60 lifts: 42%/1.25 ring: 73%/3.23 sngspa: 39%/1.60 sngspa: 28%/1.71 tunnel: 61%/5.24
[it   750/2500           ppo] rew +0.0526 vl    0.660 ent -0.494 kl 0.0050 spd 0.625 jmp 0.325 lo 0.38 1063s | window:100%/0.73 ralow: 70%/3.42 lifts: 42%/1.27 ring: 73%/3.28 sngspa: 38%/1.67 sngspa: 28%/1.60 tunnel: 63%/5.78
[it   760/2500           ppo] rew +0.0526 vl    0.651 ent -0.504 kl 0.0048 spd 0.638 jmp 0.325 lo 0.37 1076s | window: 99%/0.73 ralow: 70%/3.57 lifts: 43%/1.20 ring: 72%/3.44 sngspa: 38%/1.72 sngspa: 27%/1.74 tunnel: 60%/5.71
[it   770/2500           ppo] rew +0.0534 vl    0.653 ent -0.480 kl 0.0046 spd 0.630 jmp 0.340 lo 0.37 1090s | window: 99%/0.73 ralow: 72%/3.86 lifts: 43%/1.26 ring: 75%/3.44 sngspa: 35%/1.71 sngspa: 27%/1.78 tunnel: 60%/5.78
[it   780/2500           ppo] rew +0.0540 vl    0.633 ent -0.489 kl 0.0048 spd 0.641 jmp 0.340 lo 0.36 1104s | window:100%/0.74 ralow: 73%/3.74 lifts: 40%/1.25 ring: 73%/3.53 sngspa: 36%/1.60 sngspa: 26%/1.79 tunnel: 60%/5.54
[it   790/2500           ppo] rew +0.0539 vl    0.606 ent -0.504 kl 0.0051 spd 0.653 jmp 0.349 lo 0.36 1118s | window:100%/0.74 ralow: 72%/3.95 lifts: 42%/1.32 ring: 73%/3.74 sngspa: 34%/1.58 sngspa: 27%/1.74 tunnel: 61%/6.06
[it   800/2500           ppo] rew +0.0537 vl    0.602 ent -0.541 kl 0.0045 spd 0.668 jmp 0.335 lo 0.35 1132s | window:100%/0.76 ralow: 74%/4.06 lifts: 39%/1.23 ring: 75%/3.86 sngspa: 33%/1.58 sngspa: 27%/1.77 tunnel: 63%/6.29
[it   810/2500           ppo] rew +0.0539 vl    0.650 ent -0.538 kl 0.0049 spd 0.657 jmp 0.345 lo 0.35 1146s | window:100%/0.76 ralow: 75%/4.17 lifts: 38%/1.25 ring: 75%/3.74 sngspa: 35%/1.67 sngspa: 26%/1.83 tunnel: 65%/6.36
[it   820/2500           ppo] rew +0.0528 vl    0.595 ent -0.547 kl 0.0046 spd 0.658 jmp 0.340 lo 0.34 1159s | window:100%/0.76 ralow: 75%/4.12 lifts: 42%/1.19 ring: 73%/3.81 sngspa: 34%/1.65 sngspa: 25%/1.82 tunnel: 65%/6.34
[it   830/2500           ppo] rew +0.0533 vl    0.684 ent -0.541 kl 0.0052 spd 0.665 jmp 0.335 lo 0.34 1173s | window:100%/0.76 ralow: 75%/4.33 lifts: 41%/1.24 ring: 75%/3.96 sngspa: 34%/1.61 sngspa: 23%/1.65 tunnel: 62%/6.36
[it   840/2500           ppo] rew +0.0542 vl    0.595 ent -0.570 kl 0.0046 spd 0.668 jmp 0.333 lo 0.33 1187s | window:100%/0.78 ralow: 74%/4.20 lifts: 41%/1.29 ring: 73%/3.98 sngspa: 30%/1.67 sngspa: 24%/1.76 tunnel: 64%/6.54
[it   850/2500           ppo] rew +0.0540 vl    0.676 ent -0.584 kl 0.0045 spd 0.678 jmp 0.339 lo 0.33 1201s | window:100%/0.77 ralow: 77%/4.47 lifts: 39%/1.27 ring: 75%/4.07 sngspa: 29%/1.71 sngspa: 21%/1.83 tunnel: 66%/6.59
[it   860/2500           ppo] rew +0.0514 vl    0.625 ent -0.585 kl 0.0045 spd 0.664 jmp 0.332 lo 0.32 1214s | window:100%/0.77 ralow: 77%/4.72 lifts: 39%/1.32 ring: 75%/4.17 sngspa: 32%/1.59 sngspa: 24%/1.69 tunnel: 65%/6.72
[it   870/2500           ppo] rew +0.0538 vl    0.630 ent -0.597 kl 0.0045 spd 0.671 jmp 0.329 lo 0.32 1228s | window:100%/0.77 ralow: 77%/5.32 lifts: 38%/1.22 ring: 73%/4.31 sngspa: 32%/1.53 sngspa: 23%/1.69 tunnel: 65%/6.37
[it   880/2500           ppo] rew +0.0530 vl    0.654 ent -0.599 kl 0.0047 spd 0.671 jmp 0.328 lo 0.31 1242s | window:100%/0.77 ralow: 77%/5.91 lifts: 34%/1.13 ring: 76%/4.28 sngspa: 30%/1.61 sngspa: 22%/1.74 tunnel: 67%/6.69
[it   890/2500           ppo] rew +0.0532 vl    0.643 ent -0.609 kl 0.0048 spd 0.659 jmp 0.332 lo 0.31 1256s | window:100%/0.77 ralow: 80%/5.33 lifts: 35%/1.20 ring: 76%/4.45 sngspa: 28%/1.58 sngspa: 22%/1.65 tunnel: 68%/6.83
[it   900/2500           ppo] rew +0.0527 vl    0.606 ent -0.582 kl 0.0043 spd 0.663 jmp 0.329 lo 0.3 1269s | window:100%/0.76 ralow: 78%/6.19 lifts: 32%/1.22 ring: 75%/4.30 sngspa: 27%/1.58 sngspa: 20%/1.62 tunnel: 65%/7.06
[it   910/2500           ppo] rew +0.0497 vl    0.652 ent -0.608 kl 0.0051 spd 0.665 jmp 0.327 lo 0.3 1283s | window:100%/0.77 ralow: 77%/5.99 lifts: 30%/1.25 ring: 75%/4.84 sngspa: 30%/1.58 sngspa: 19%/1.72 tunnel: 67%/7.20
[it   920/2500           ppo] rew +0.0515 vl    0.593 ent -0.611 kl 0.0045 spd 0.677 jmp 0.333 lo 0.29 1297s | window:100%/0.78 ralow: 79%/5.95 lifts: 29%/1.20 ring: 75%/5.05 sngspa: 27%/1.67 sngspa: 23%/1.65 tunnel: 67%/7.14
[it   930/2500           ppo] rew +0.0530 vl    0.621 ent -0.631 kl 0.0045 spd 0.684 jmp 0.325 lo 0.29 1310s | window:100%/0.78 ralow: 79%/5.99 lifts: 31%/1.19 ring: 74%/5.36 sngspa: 25%/1.51 sngspa: 19%/1.64 tunnel: 66%/7.34
[it   940/2500           ppo] rew +0.0500 vl    0.617 ent -0.633 kl 0.0047 spd 0.686 jmp 0.326 lo 0.28 1324s | window:100%/0.78 ralow: 77%/6.05 lifts: 31%/1.23 ring: 77%/5.38 sngspa: 26%/1.58 sngspa: 19%/1.67 tunnel: 67%/7.29
[it   950/2500           ppo] rew +0.0523 vl    0.604 ent -0.631 kl 0.0046 spd 0.690 jmp 0.323 lo 0.28 1338s | window:100%/0.81 ralow: 79%/5.99 lifts: 28%/1.18 ring: 75%/5.64 sngspa: 25%/1.57 sngspa: 18%/1.66 tunnel: 66%/7.57
[it   960/2500           ppo] rew +0.0509 vl    0.641 ent -0.633 kl 0.0048 spd 0.689 jmp 0.321 lo 0.27 1351s | window:100%/0.83 ralow: 79%/6.79 lifts: 26%/1.18 ring: 75%/5.63 sngspa: 25%/1.62 sngspa: 18%/1.69 tunnel: 66%/7.34
[it   970/2500           ppo] rew +0.0491 vl    0.591 ent -0.640 kl 0.0051 spd 0.677 jmp 0.319 lo 0.27 1365s | window: 99%/1.50 ralow: 77%/6.41 lifts: 23%/1.23 ring: 76%/5.67 sngspa: 26%/1.58 sngspa: 17%/1.70 tunnel: 66%/7.28
[it   980/2500           ppo] rew +0.0491 vl    0.627 ent -0.653 kl 0.0043 spd 0.672 jmp 0.313 lo 0.26 1379s | window: 96%/1.48 ralow: 79%/6.36 lifts: 25%/1.13 ring: 77%/6.12 sngspa: 24%/1.48 sngspa: 17%/1.47 tunnel: 66%/7.23
[it   990/2500           ppo] rew +0.0462 vl    0.611 ent -0.649 kl 0.0048 spd 0.668 jmp 0.301 lo 0.26 1392s | window: 92%/2.03 ralow: 81%/6.62 lifts: 22%/1.15 ring: 77%/5.81 sngspa: 23%/1.63 sngspa: 16%/1.76 tunnel: 68%/7.46
[it  1000/2500           ppo] rew +0.0492 vl    0.633 ent -0.660 kl 0.0047 spd 0.669 jmp 0.312 lo 0.25 1406s | window: 92%/3.61 ralow: 78%/6.69 lifts: 25%/1.18 ring: 76%/6.62 sngspa: 24%/1.40 sngspa: 16%/1.52 tunnel: 69%/7.57
[it  1010/2500           ppo] rew +0.0471 vl    0.635 ent -0.628 kl 0.0050 spd 0.660 jmp 0.316 lo 0.25 1420s | window: 93%/3.35 ralow: 79%/6.51 lifts: 26%/1.22 ring: 78%/5.92 sngspa: 23%/1.61 sngspa: 15%/1.41 tunnel: 65%/7.25
[it  1020/2500           ppo] rew +0.0466 vl    0.648 ent -0.634 kl 0.0044 spd 0.659 jmp 0.319 lo 0.24 1433s | window: 92%/3.42 ralow: 77%/6.34 lifts: 23%/1.18 ring: 76%/6.48 sngspa: 22%/1.67 sngspa: 18%/1.61 tunnel: 64%/7.77
[it  1030/2500           ppo] rew +0.0475 vl    0.607 ent -0.630 kl 0.0045 spd 0.658 jmp 0.326 lo 0.24 1447s | window: 92%/4.48 ralow: 75%/6.19 lifts: 26%/1.18 ring: 74%/6.48 sngspa: 21%/1.61 sngspa: 17%/1.62 tunnel: 63%/7.91
[it  1040/2500           ppo] rew +0.0470 vl    0.627 ent -0.662 kl 0.0045 spd 0.667 jmp 0.321 lo 0.23 1461s | window: 91%/4.62 ralow: 77%/6.80 lifts: 21%/1.26 ring: 74%/6.52 sngspa: 22%/1.61 sngspa: 17%/1.55 tunnel: 62%/7.64
[it  1050/2500           ppo] rew +0.0469 vl    0.625 ent -0.662 kl 0.0046 spd 0.668 jmp 0.311 lo 0.23 1475s | window: 91%/4.05 ralow: 79%/8.53 lifts: 24%/1.25 ring: 76%/6.61 sngspa: 22%/1.58 sngspa: 18%/1.65 tunnel: 66%/8.23
[it  1060/2500           ppo] rew +0.0462 vl    0.599 ent -0.670 kl 0.0042 spd 0.670 jmp 0.310 lo 0.22 1488s | window: 91%/4.70 ralow: 79%/7.57 lifts: 24%/1.29 ring: 77%/6.38 sngspa: 22%/1.82 sngspa: 16%/1.61 tunnel: 64%/8.17
[it  1070/2500           ppo] rew +0.0465 vl    0.630 ent -0.674 kl 0.0042 spd 0.686 jmp 0.309 lo 0.22 1502s | window: 90%/4.20 ralow: 79%/7.14 lifts: 19%/1.21 ring: 75%/7.01 sngspa: 23%/1.74 sngspa: 16%/1.64 tunnel: 64%/7.81
[it  1080/2500           ppo] rew +0.0474 vl    0.595 ent -0.692 kl 0.0041 spd 0.691 jmp 0.301 lo 0.21 1516s | window: 92%/4.65 ralow: 79%/6.70 lifts: 23%/1.23 ring: 78%/7.06 sngspa: 21%/1.72 sngspa: 15%/1.69 tunnel: 68%/8.34
[it  1090/2500           ppo] rew +0.0469 vl    0.618 ent -0.681 kl 0.0047 spd 0.681 jmp 0.305 lo 0.21 1530s | window: 92%/4.66 ralow: 76%/6.96 lifts: 21%/1.27 ring: 77%/7.56 sngspa: 21%/1.68 sngspa: 15%/1.95 tunnel: 66%/8.41
[it  1100/2500           ppo] rew +0.0445 vl    0.613 ent -0.701 kl 0.0042 spd 0.681 jmp 0.304 lo 0.2 1544s | window: 91%/4.66 ralow: 75%/6.75 lifts: 22%/1.37 ring: 77%/7.91 sngspa: 19%/1.62 sngspa: 14%/1.88 tunnel: 63%/8.41
[it  1110/2500           ppo] rew +0.0471 vl    0.614 ent -0.720 kl 0.0044 spd 0.695 jmp 0.297 lo 0.2 1557s | window: 91%/4.66 ralow: 75%/6.99 lifts: 20%/1.29 ring: 75%/7.24 sngspa: 20%/1.53 sngspa: 16%/1.74 tunnel: 62%/8.27
[it  1120/2500           ppo] rew +0.0463 vl    0.587 ent -0.694 kl 0.0042 spd 0.684 jmp 0.308 lo 0.19 1571s | window: 93%/4.69 ralow: 76%/7.70 lifts: 19%/1.39 ring: 78%/7.71 sngspa: 21%/1.64 sngspa: 14%/1.82 tunnel: 62%/8.13
[it  1130/2500           ppo] rew +0.0460 vl    0.590 ent -0.693 kl 0.0042 spd 0.682 jmp 0.310 lo 0.19 1584s | window: 92%/4.69 ralow: 76%/8.57 lifts: 19%/1.33 ring: 78%/7.14 sngspa: 19%/1.48 sngspa: 13%/1.68 tunnel: 62%/8.78
[it  1140/2500           ppo] rew +0.0464 vl    0.574 ent -0.699 kl 0.0048 spd 0.681 jmp 0.312 lo 0.18 1598s | window: 92%/4.70 ralow: 76%/8.69 lifts: 20%/1.33 ring: 76%/8.19 sngspa: 16%/1.66 sngspa: 10%/1.59 tunnel: 58%/9.48
[it  1150/2500           ppo] rew +0.0456 vl    0.579 ent -0.721 kl 0.0043 spd 0.692 jmp 0.309 lo 0.18 1612s | window: 91%/4.75 ralow: 78%/8.67 lifts: 19%/1.29 ring: 77%/8.09 sngspa: 19%/1.51 sngspa: 12%/1.68 tunnel: 63%/9.73
[it  1160/2500           ppo] rew +0.0468 vl    0.587 ent -0.730 kl 0.0044 spd 0.686 jmp 0.314 lo 0.17 1626s | window: 92%/4.75 ralow: 77%/8.07 lifts: 19%/1.18 ring: 79%/8.16 sngspa: 17%/1.32 sngspa: 12%/1.37 tunnel: 64%/8.46
[it  1170/2500           ppo] rew +0.0461 vl    0.612 ent -0.722 kl 0.0043 spd 0.692 jmp 0.316 lo 0.17 1639s | window: 92%/4.75 ralow: 77%/7.42 lifts: 17%/1.20 ring: 79%/8.11 sngspa: 16%/1.42 sngspa: 12%/1.59 tunnel: 60%/8.57
[it  1180/2500           ppo] rew +0.0449 vl    0.571 ent -0.724 kl 0.0044 spd 0.686 jmp 0.308 lo 0.16 1653s | window: 91%/4.77 ralow: 76%/8.58 lifts: 19%/1.22 ring: 81%/8.15 sngspa: 17%/1.33 sngspa: 10%/1.60 tunnel: 58%/8.80
[it  1190/2500           ppo] rew +0.0450 vl    0.578 ent -0.725 kl 0.0044 spd 0.695 jmp 0.301 lo 0.16 1667s | window: 92%/4.77 ralow: 72%/8.71 lifts: 20%/1.28 ring: 77%/8.17 sngspa: 16%/1.44 sngspa: 11%/1.46 tunnel: 61%/8.69
[it  1200/2500           ppo] rew +0.0451 vl    0.618 ent -0.760 kl 0.0045 spd 0.704 jmp 0.283 lo 0.15 1681s | window: 92%/4.77 ralow: 75%/8.68 lifts: 17%/1.20 ring: 80%/8.29 sngspa: 17%/1.65 sngspa: 12%/1.76 tunnel: 60%/8.97
[it  1210/2500           ppo] rew +0.0469 vl    0.617 ent -0.771 kl 0.0049 spd 0.716 jmp 0.293 lo 0.15 1695s | window: 91%/4.79 ralow: 76%/8.75 lifts: 19%/1.16 ring: 79%/8.32 sngspa: 16%/1.53 sngspa: 12%/1.51 tunnel: 61%/9.82
[it  1220/2500           ppo] rew +0.0462 vl    0.594 ent -0.744 kl 0.0044 spd 0.700 jmp 0.289 lo 0.14 1709s | window: 91%/4.82 ralow: 76%/8.68 lifts: 18%/1.26 ring: 82%/8.05 sngspa: 12%/1.61 sngspa: 10%/1.52 tunnel: 62%/10.77
[it  1230/2500           ppo] rew +0.0465 vl    0.573 ent -0.734 kl 0.0043 spd 0.700 jmp 0.304 lo 0.14 1724s | window: 92%/4.75 ralow: 78%/8.85 lifts: 16%/1.09 ring: 81%/8.27 sngspa: 13%/1.23 sngspa: 11%/1.51 tunnel: 60%/10.54
[it  1240/2500           ppo] rew +0.0471 vl    0.564 ent -0.753 kl 0.0045 spd 0.713 jmp 0.312 lo 0.13 1738s | window: 92%/4.82 ralow: 75%/8.73 lifts: 16%/1.25 ring: 80%/8.20 sngspa: 15%/1.40 sngspa:  8%/1.61 tunnel: 60%/10.96
[it  1250/2500           ppo] rew +0.0460 vl    0.572 ent -0.772 kl 0.0044 spd 0.715 jmp 0.310 lo 0.13 1752s | window: 93%/4.90 ralow: 76%/8.75 lifts: 16%/1.18 ring: 81%/8.23 sngspa: 12%/1.48 sngspa:  9%/1.70 tunnel: 62%/11.03
[it  1260/2500           ppo] rew +0.0467 vl    0.574 ent -0.788 kl 0.0042 spd 0.722 jmp 0.310 lo 0.12 1767s | window: 93%/4.93 ralow: 78%/8.92 lifts: 17%/1.20 ring: 80%/8.19 sngspa: 14%/1.40 sngspa: 11%/1.61 tunnel: 60%/10.79
[it  1270/2500           ppo] rew +0.0459 vl    0.569 ent -0.782 kl 0.0042 spd 0.721 jmp 0.301 lo 0.12 1781s | window: 93%/4.90 ralow: 76%/8.99 lifts: 17%/1.09 ring: 81%/8.39 sngspa: 12%/1.51 sngspa:  9%/1.37 tunnel: 64%/11.00
[it  1280/2500           ppo] rew +0.0469 vl    0.582 ent -0.785 kl 0.0041 spd 0.722 jmp 0.305 lo 0.11 1795s | window: 93%/4.94 ralow: 75%/9.02 lifts: 15%/1.31 ring: 80%/8.32 sngspa: 13%/1.38 sngspa:  9%/1.67 tunnel: 62%/10.84
[it  1290/2500           ppo] rew +0.0464 vl    0.573 ent -0.790 kl 0.0041 spd 0.721 jmp 0.307 lo 0.11 1809s | window: 93%/4.96 ralow: 77%/9.06 lifts: 17%/1.22 ring: 82%/8.26 sngspa: 12%/1.48 sngspa: 11%/1.48 tunnel: 60%/10.77
[it  1300/2500           ppo] rew +0.0467 vl    0.539 ent -0.803 kl 0.0039 spd 0.723 jmp 0.304 lo 0.1 1824s | window: 94%/4.93 ralow: 80%/9.00 lifts: 16%/1.30 ring: 82%/8.29 sngspa: 12%/1.32 sngspa: 12%/1.69 tunnel: 62%/11.27
[it  1310/2500           ppo] rew +0.0464 vl    0.572 ent -0.813 kl 0.0046 spd 0.727 jmp 0.297 lo 0.1 1838s | window: 93%/4.97 ralow: 77%/9.04 lifts: 14%/1.37 ring: 83%/8.27 sngspa: 13%/1.53 sngspa:  8%/1.50 tunnel: 60%/11.06
[it  1320/2500           ppo] rew +0.0460 vl    0.566 ent -0.803 kl 0.0044 spd 0.732 jmp 0.296 lo 0.09 1852s | window: 93%/5.01 ralow: 75%/9.00 lifts: 15%/1.33 ring: 82%/8.36 sngspa: 10%/1.50 sngspa:  9%/1.31 tunnel: 61%/11.12
[it  1330/2500           ppo] rew +0.0463 vl    0.584 ent -0.787 kl 0.0043 spd 0.738 jmp 0.289 lo 0.09 1866s | window: 94%/4.97 ralow: 76%/9.03 lifts: 15%/1.39 ring: 81%/8.29 sngspa: 12%/1.27 sngspa: 11%/1.55 tunnel: 62%/11.03
[it  1340/2500           ppo] rew +0.0456 vl    0.571 ent -0.808 kl 0.0043 spd 0.737 jmp 0.295 lo 0.08 1880s | window: 94%/4.94 ralow: 76%/8.96 lifts: 13%/1.33 ring: 82%/8.30 sngspa: 12%/1.41 sngspa:  8%/1.65 tunnel: 59%/11.24
[it  1350/2500           ppo] rew +0.0455 vl    0.568 ent -0.831 kl 0.0041 spd 0.738 jmp 0.286 lo 0.08 1895s | window: 94%/4.96 ralow: 75%/9.06 lifts: 12%/1.27 ring: 80%/8.25 sngspa:  9%/1.48 sngspa:  8%/1.53 tunnel: 56%/11.23
[it  1360/2500           ppo] rew +0.0444 vl    0.568 ent -0.826 kl 0.0038 spd 0.741 jmp 0.286 lo 0.07 1909s | window: 94%/4.96 ralow: 77%/9.06 lifts: 14%/1.36 ring: 82%/8.32 sngspa:  8%/1.37 sngspa:  7%/1.61 tunnel: 58%/11.23
[it  1370/2500           ppo] rew +0.0455 vl    0.560 ent -0.838 kl 0.0040 spd 0.741 jmp 0.283 lo 0.07 1923s | window: 93%/4.91 ralow: 75%/9.07 lifts: 12%/1.30 ring: 79%/8.32 sngspa: 11%/1.37 sngspa:  7%/1.58 tunnel: 59%/11.10
[it  1380/2500           ppo] rew +0.0447 vl    0.582 ent -0.872 kl 0.0041 spd 0.748 jmp 0.278 lo 0.06 1936s | window: 94%/4.96 ralow: 74%/9.13 lifts: 13%/1.48 ring: 81%/8.41 sngspa: 10%/1.46 sngspa:  8%/1.53 tunnel: 58%/11.13
[it  1390/2500           ppo] rew +0.0466 vl    0.558 ent -0.851 kl 0.0041 spd 0.753 jmp 0.285 lo 0.06 1951s | window: 94%/5.00 ralow: 75%/9.13 lifts: 12%/1.29 ring: 81%/8.33 sngspa: 11%/1.47 sngspa:  9%/1.60 tunnel: 58%/11.05
[it  1400/2500           ppo] rew +0.0462 vl    0.556 ent -0.840 kl 0.0041 spd 0.756 jmp 0.294 lo 0.05 1965s | window: 94%/4.96 ralow: 76%/9.07 lifts: 14%/1.30 ring: 83%/8.34 sngspa: 11%/1.58 sngspa:  7%/1.40 tunnel: 60%/11.21
[it  1410/2500           ppo] rew +0.0455 vl    0.605 ent -0.839 kl 0.0040 spd 0.748 jmp 0.289 lo 0.05 1982s | window: 93%/4.93 ralow: 77%/9.07 lifts: 11%/1.40 ring: 82%/8.27 sngspa: 10%/1.44 sngspa: 10%/1.65 tunnel: 61%/11.16
[it  1420/2500           ppo] rew +0.0455 vl    0.587 ent -0.866 kl 0.0042 spd 0.754 jmp 0.290 lo 0.04 2001s | window: 92%/4.94 ralow: 74%/9.13 lifts: 11%/1.32 ring: 83%/8.39 sngspa:  9%/1.54 sngspa:  7%/1.67 tunnel: 60%/11.19
[it  1430/2500           ppo] rew +0.0458 vl    0.581 ent -0.887 kl 0.0043 spd 0.762 jmp 0.282 lo 0.04 2019s | window: 94%/4.96 ralow: 76%/9.11 lifts: 11%/1.39 ring: 82%/8.36 sngspa:  9%/1.41 sngspa:  8%/1.53 tunnel: 60%/11.31
[it  1440/2500           ppo] rew +0.0467 vl    0.577 ent -0.889 kl 0.0042 spd 0.771 jmp 0.275 lo 0.03 2038s | window: 93%/4.93 ralow: 75%/9.03 lifts: 11%/1.25 ring: 83%/8.33 sngspa: 10%/1.43 sngspa:  8%/1.65 tunnel: 60%/11.37
[it  1450/2500           ppo] rew +0.0454 vl    0.557 ent -0.900 kl 0.0039 spd 0.778 jmp 0.278 lo 0.03 2054s | window: 94%/4.93 ralow: 74%/9.17 lifts:  9%/1.37 ring: 82%/8.32 sngspa:  9%/1.60 sngspa:  9%/1.55 tunnel: 61%/11.35
[it  1460/2500           ppo] rew +0.0468 vl    0.555 ent -0.902 kl 0.0037 spd 0.776 jmp 0.271 lo 0.02 2068s | window: 95%/4.94 ralow: 75%/9.11 lifts:  9%/1.32 ring: 83%/8.36 sngspa:  9%/1.59 sngspa:  5%/1.62 tunnel: 62%/11.34
[it  1470/2500           ppo] rew +0.0465 vl    0.530 ent -0.887 kl 0.0038 spd 0.770 jmp 0.272 lo 0.02 2082s | window: 95%/4.94 ralow: 76%/9.14 lifts: 13%/1.27 ring: 82%/8.32 sngspa:  8%/1.72 sngspa:  8%/1.36 tunnel: 55%/11.24
[it  1480/2500           ppo] rew +0.0474 vl    0.561 ent -0.895 kl 0.0042 spd 0.773 jmp 0.273 lo 0.01 2096s | window: 96%/4.94 ralow: 75%/9.10 lifts: 10%/1.37 ring: 82%/8.26 sngspa:  9%/1.55 sngspa:  8%/1.46 tunnel: 57%/11.38
[it  1490/2500           ppo] rew +0.0459 vl    0.536 ent -0.906 kl 0.0037 spd 0.782 jmp 0.271 lo 0.01 2111s | window: 95%/4.94 ralow: 77%/9.13 lifts:  9%/1.26 ring: 83%/8.36 sngspa:  8%/1.29 sngspa:  7%/1.71 tunnel: 61%/11.24
[it  1500/2500           ppo] rew +0.0456 vl    0.575 ent -0.898 kl 0.0037 spd 0.784 jmp 0.274 lo 0.0 2125s | window: 95%/4.94 ralow: 77%/9.14 lifts: 10%/1.27 ring: 83%/8.32 sngspa:  9%/1.34 sngspa:  6%/1.54 tunnel: 60%/11.23
[it  1510/2500           ppo] rew +0.0473 vl    0.573 ent -0.917 kl 0.0039 spd 0.794 jmp 0.272 lo 0.0 2139s | window: 96%/4.96 ralow: 77%/9.10 lifts:  9%/1.20 ring: 84%/8.34 sngspa:  7%/1.43 sngspa:  7%/1.61 tunnel: 62%/11.31
[it  1520/2500           ppo] rew +0.0449 vl    0.567 ent -0.923 kl 0.0039 spd 0.804 jmp 0.271 lo 0.0 2153s | window: 96%/4.94 ralow: 77%/9.00 lifts:  8%/1.32 ring: 86%/8.33 sngspa:  7%/1.58 sngspa:  7%/1.39 tunnel: 62%/11.23
[it  1530/2500           ppo] rew +0.0454 vl    0.554 ent -0.936 kl 0.0041 spd 0.801 jmp 0.268 lo 0.0 2168s | window: 96%/4.94 ralow: 79%/8.97 lifts:  9%/1.22 ring: 85%/8.27 sngspa:  6%/1.56 sngspa:  6%/1.54 tunnel: 63%/11.30
[it  1540/2500           ppo] rew +0.0470 vl    0.552 ent -0.951 kl 0.0039 spd 0.801 jmp 0.263 lo 0.0 2184s | window: 96%/4.94 ralow: 78%/8.88 lifts: 10%/1.32 ring: 85%/8.27 sngspa:  7%/1.47 sngspa:  4%/1.50 tunnel: 57%/11.38
[it  1550/2500           ppo] rew +0.0467 vl    0.531 ent -0.949 kl 0.0037 spd 0.814 jmp 0.266 lo 0.0 2201s | window: 97%/4.93 ralow: 77%/9.00 lifts: 10%/1.26 ring: 85%/8.19 sngspa:  9%/1.41 sngspa:  6%/1.67 tunnel: 63%/11.29
[it  1560/2500           ppo] rew +0.0466 vl    0.534 ent -0.952 kl 0.0038 spd 0.817 jmp 0.259 lo 0.0 2216s | window: 96%/4.91 ralow: 77%/8.93 lifts:  8%/1.25 ring: 84%/8.23 sngspa:  5%/1.20 sngspa:  6%/1.61 tunnel: 61%/11.26
[it  1570/2500           ppo] rew +0.0468 vl    0.523 ent -0.965 kl 0.0040 spd 0.820 jmp 0.252 lo 0.0 2230s | window: 95%/4.90 ralow: 78%/8.99 lifts:  9%/1.12 ring: 84%/8.25 sngspa:  6%/1.25 sngspa:  7%/1.92 tunnel: 64%/11.40
[it  1580/2500           ppo] rew +0.0477 vl    0.564 ent -0.960 kl 0.0040 spd 0.815 jmp 0.255 lo 0.0 2247s | window: 96%/4.93 ralow: 76%/8.96 lifts:  7%/1.21 ring: 84%/8.26 sngspa:  6%/1.40 sngspa:  4%/1.71 tunnel: 61%/11.26
[it  1590/2500           ppo] rew +0.0473 vl    0.549 ent -0.949 kl 0.0043 spd 0.799 jmp 0.266 lo 0.0 2264s | window: 96%/4.89 ralow: 76%/8.88 lifts:  9%/1.36 ring: 86%/8.19 sngspa:  6%/1.27 sngspa:  6%/1.22 tunnel: 61%/11.35
[it  1600/2500           ppo] rew +0.0479 vl    0.578 ent -0.959 kl 0.0035 spd 0.810 jmp 0.274 lo 0.0 2279s | window: 96%/4.84 ralow: 76%/8.86 lifts: 11%/1.22 ring: 83%/8.26 sngspa:  8%/1.23 sngspa:  5%/1.57 tunnel: 61%/11.19
[it  1610/2500           ppo] rew +0.0472 vl    0.546 ent -0.950 kl 0.0037 spd 0.809 jmp 0.285 lo 0.0 2293s | window: 96%/4.89 ralow: 78%/8.95 lifts:  8%/1.08 ring: 85%/8.25 sngspa:  8%/1.44 sngspa:  6%/1.30 tunnel: 62%/11.27
[it  1620/2500           ppo] rew +0.0479 vl    0.554 ent -0.983 kl 0.0036 spd 0.808 jmp 0.275 lo 0.0 2310s | window: 97%/4.84 ralow: 77%/8.85 lifts:  9%/1.23 ring: 85%/8.29 sngspa:  7%/1.53 sngspa:  6%/1.79 tunnel: 62%/11.20
[it  1630/2500           ppo] rew +0.0482 vl    0.548 ent -0.986 kl 0.0036 spd 0.803 jmp 0.275 lo 0.0 2326s | window: 96%/4.86 ralow: 80%/8.83 lifts:  7%/1.16 ring: 84%/8.22 sngspa:  7%/1.41 sngspa:  5%/1.39 tunnel: 61%/11.13
[it  1640/2500           ppo] rew +0.0458 vl    0.525 ent -0.986 kl 0.0035 spd 0.794 jmp 0.272 lo 0.0 2342s | window: 95%/4.90 ralow: 76%/8.89 lifts:  9%/1.12 ring: 85%/8.25 sngspa:  6%/1.27 sngspa:  4%/1.50 tunnel: 61%/11.16
[it  1650/2500           ppo] rew +0.0476 vl    0.533 ent -0.970 kl 0.0036 spd 0.798 jmp 0.276 lo 0.0 2357s | window: 95%/4.87 ralow: 76%/8.88 lifts:  8%/1.30 ring: 85%/8.20 sngspa:  5%/1.23 sngspa:  5%/1.26 tunnel: 62%/11.16
[it  1660/2500           ppo] rew +0.0475 vl    0.531 ent -0.973 kl 0.0038 spd 0.797 jmp 0.278 lo 0.0 2370s | window: 95%/4.89 ralow: 77%/8.88 lifts:  8%/0.99 ring: 85%/8.26 sngspa:  5%/1.40 sngspa:  5%/1.23 tunnel: 61%/11.12
[it  1670/2500           ppo] rew +0.0487 vl    0.515 ent -0.964 kl 0.0037 spd 0.804 jmp 0.284 lo 0.0 2385s | window: 96%/4.83 ralow: 77%/8.88 lifts:  9%/1.16 ring: 84%/8.27 sngspa:  5%/1.36 sngspa:  5%/1.22 tunnel: 62%/11.19
[it  1680/2500           ppo] rew +0.0480 vl    0.554 ent -0.982 kl 0.0041 spd 0.809 jmp 0.280 lo 0.0 2399s | window: 96%/4.79 ralow: 74%/8.92 lifts:  8%/0.91 ring: 86%/8.20 sngspa:  5%/1.44 sngspa:  5%/1.60 tunnel: 60%/11.16
[it  1690/2500           ppo] rew +0.0490 vl    0.552 ent -0.975 kl 0.0035 spd 0.820 jmp 0.282 lo 0.0 2413s | window: 97%/4.82 ralow: 76%/8.85 lifts:  8%/1.16 ring: 84%/8.20 sngspa:  7%/1.23 sngspa:  3%/1.15 tunnel: 61%/11.14
[it  1700/2500           ppo] rew +0.0484 vl    0.533 ent -0.971 kl 0.0040 spd 0.814 jmp 0.275 lo 0.0 2426s | window: 96%/4.86 ralow: 77%/8.81 lifts: 10%/1.23 ring: 84%/8.16 sngspa:  5%/1.08 sngspa:  6%/1.48 tunnel: 63%/11.07
[it  1710/2500           ppo] rew +0.0466 vl    0.555 ent -1.003 kl 0.0040 spd 0.829 jmp 0.263 lo 0.0 2440s | window: 96%/4.91 ralow: 77%/8.81 lifts:  9%/1.05 ring: 84%/8.29 sngspa:  5%/1.15 sngspa:  4%/1.08 tunnel: 62%/11.12
[it  1720/2500           ppo] rew +0.0478 vl    0.526 ent -0.979 kl 0.0038 spd 0.817 jmp 0.270 lo 0.0 2454s | window: 96%/4.89 ralow: 78%/8.89 lifts:  8%/1.08 ring: 86%/8.32 sngspa:  5%/1.27 sngspa:  4%/1.29 tunnel: 64%/11.30
[it  1730/2500           ppo] rew +0.0472 vl    0.543 ent -0.978 kl 0.0037 spd 0.816 jmp 0.275 lo 0.0 2468s | window: 95%/4.90 ralow: 79%/8.86 lifts:  8%/1.18 ring: 86%/8.29 sngspa:  6%/1.34 sngspa:  4%/1.48 tunnel: 63%/11.13
[it  1740/2500           ppo] rew +0.0469 vl    0.552 ent -0.983 kl 0.0036 spd 0.813 jmp 0.280 lo 0.0 2482s | window: 96%/4.93 ralow: 77%/8.92 lifts:  8%/1.16 ring: 86%/8.25 sngspa:  5%/1.19 sngspa:  6%/1.33 tunnel: 64%/11.14
[it  1750/2500           ppo] rew +0.0482 vl    0.556 ent -0.981 kl 0.0036 spd 0.805 jmp 0.277 lo 0.0 2496s | window: 96%/4.93 ralow: 74%/8.93 lifts:  9%/1.22 ring: 82%/8.18 sngspa:  5%/1.18 sngspa:  5%/1.29 tunnel: 63%/11.17
[it  1760/2500           ppo] rew +0.0473 vl    0.541 ent -1.005 kl 0.0037 spd 0.817 jmp 0.267 lo 0.0 2510s | window: 96%/4.93 ralow: 74%/8.85 lifts:  7%/1.15 ring: 81%/8.19 sngspa:  7%/1.26 sngspa:  6%/1.32 tunnel: 63%/11.14
[it  1770/2500           ppo] rew +0.0475 vl    0.545 ent -0.990 kl 0.0035 spd 0.801 jmp 0.269 lo 0.0 2523s | window: 96%/4.96 ralow: 75%/8.89 lifts:  8%/1.22 ring: 83%/8.24 sngspa:  6%/1.40 sngspa:  4%/1.58 tunnel: 62%/11.14
[it  1780/2500           ppo] rew +0.0465 vl    0.562 ent -0.995 kl 0.0035 spd 0.810 jmp 0.272 lo 0.0 2537s | window: 96%/4.98 ralow: 75%/8.99 lifts:  8%/0.95 ring: 82%/8.25 sngspa:  5%/1.32 sngspa:  3%/1.29 tunnel: 62%/11.20
[it  1790/2500           ppo] rew +0.0468 vl    0.520 ent -0.990 kl 0.0036 spd 0.801 jmp 0.273 lo 0.0 2551s | window: 96%/4.97 ralow: 77%/8.85 lifts:  8%/1.08 ring: 83%/8.23 sngspa:  7%/1.45 sngspa:  4%/1.35 tunnel: 63%/11.07
[it  1800/2500           ppo] rew +0.0487 vl    0.541 ent -1.016 kl 0.0035 spd 0.810 jmp 0.266 lo 0.0 2565s | window: 95%/4.98 ralow: 74%/8.93 lifts: 10%/1.12 ring: 83%/8.23 sngspa:  7%/1.35 sngspa:  5%/1.47 tunnel: 64%/11.21
[it  1810/2500           ppo] rew +0.0468 vl    0.553 ent -1.017 kl 0.0035 spd 0.798 jmp 0.269 lo 0.0 2579s | window: 96%/5.00 ralow: 75%/8.92 lifts:  9%/1.19 ring: 82%/8.29 sngspa:  6%/1.39 sngspa:  6%/1.57 tunnel: 59%/11.14
[it  1820/2500           ppo] rew +0.0479 vl    0.541 ent -1.017 kl 0.0032 spd 0.811 jmp 0.262 lo 0.0 2593s | window: 96%/5.05 ralow: 73%/8.97 lifts:  9%/1.11 ring: 82%/8.27 sngspa:  6%/1.32 sngspa:  4%/1.12 tunnel: 62%/11.28
[it  1830/2500           ppo] rew +0.0473 vl    0.557 ent -1.025 kl 0.0035 spd 0.813 jmp 0.265 lo 0.0 2607s | window: 95%/5.04 ralow: 77%/8.97 lifts:  8%/1.18 ring: 82%/8.29 sngspa:  6%/1.29 sngspa:  4%/1.27 tunnel: 62%/11.21
[it  1840/2500           ppo] rew +0.0470 vl    0.547 ent -1.041 kl 0.0034 spd 0.819 jmp 0.254 lo 0.0 2621s | window: 95%/5.04 ralow: 75%/9.07 lifts:  8%/1.20 ring: 85%/8.32 sngspa:  5%/1.23 sngspa:  4%/1.28 tunnel: 65%/11.22
[it  1850/2500           ppo] rew +0.0468 vl    0.550 ent -1.044 kl 0.0032 spd 0.816 jmp 0.245 lo 0.0 2635s | window: 95%/5.01 ralow: 75%/8.97 lifts:  8%/1.05 ring: 84%/8.29 sngspa:  5%/1.13 sngspa:  3%/1.26 tunnel: 62%/11.27
[it  1860/2500           ppo] rew +0.0491 vl    0.537 ent -1.046 kl 0.0032 spd 0.822 jmp 0.255 lo 0.0 2649s | window: 95%/4.98 ralow: 76%/8.99 lifts:  8%/0.98 ring: 87%/8.32 sngspa:  6%/1.12 sngspa:  4%/1.18 tunnel: 65%/11.24
[it  1870/2500           ppo] rew +0.0483 vl    0.518 ent -1.047 kl 0.0035 spd 0.818 jmp 0.245 lo 0.0 2663s | window: 96%/5.00 ralow: 78%/8.95 lifts:  7%/1.20 ring: 85%/8.27 sngspa:  5%/1.12 sngspa:  3%/1.39 tunnel: 64%/11.31
[it  1880/2500           ppo] rew +0.0474 vl    0.535 ent -1.054 kl 0.0030 spd 0.820 jmp 0.245 lo 0.0 2677s | window: 96%/4.98 ralow: 79%/9.02 lifts:  9%/1.24 ring: 84%/8.33 sngspa:  7%/1.20 sngspa:  3%/1.23 tunnel: 64%/11.38
[it  1890/2500           ppo] rew +0.0488 vl    0.524 ent -1.045 kl 0.0034 spd 0.819 jmp 0.248 lo 0.0 2691s | window: 96%/5.01 ralow: 78%/9.09 lifts:  6%/1.22 ring: 83%/8.29 sngspa:  6%/1.52 sngspa:  5%/1.37 tunnel: 66%/11.34
[it  1900/2500           ppo] rew +0.0484 vl    0.516 ent -1.068 kl 0.0034 spd 0.830 jmp 0.246 lo 0.0 2706s | window: 96%/5.01 ralow: 80%/9.04 lifts:  8%/1.02 ring: 84%/8.25 sngspa:  6%/1.20 sngspa:  6%/1.30 tunnel: 68%/11.33
[it  1910/2500           ppo] rew +0.0481 vl    0.555 ent -1.072 kl 0.0035 spd 0.823 jmp 0.235 lo 0.0 2720s | window: 95%/5.03 ralow: 81%/9.07 lifts:  7%/1.08 ring: 86%/8.29 sngspa:  6%/1.55 sngspa:  4%/1.35 tunnel: 68%/11.30
[it  1920/2500           ppo] rew +0.0478 vl    0.532 ent -1.076 kl 0.0033 spd 0.830 jmp 0.233 lo 0.0 2734s | window: 96%/5.01 ralow: 77%/9.10 lifts:  7%/0.85 ring: 85%/8.29 sngspa:  5%/1.37 sngspa:  4%/1.36 tunnel: 65%/11.42
[it  1930/2500           ppo] rew +0.0474 vl    0.524 ent -1.057 kl 0.0031 spd 0.815 jmp 0.244 lo 0.0 2748s | window: 96%/5.05 ralow: 79%/9.10 lifts:  7%/0.94 ring: 84%/8.27 sngspa:  5%/1.33 sngspa:  5%/1.37 tunnel: 68%/11.35
[it  1940/2500           ppo] rew +0.0484 vl    0.548 ent -1.080 kl 0.0032 spd 0.819 jmp 0.240 lo 0.0 2762s | window: 96%/5.04 ralow: 78%/9.13 lifts:  7%/1.11 ring: 83%/8.27 sngspa:  5%/1.45 sngspa:  3%/1.43 tunnel: 63%/11.48
[it  1950/2500           ppo] rew +0.0487 vl    0.509 ent -1.089 kl 0.0035 spd 0.836 jmp 0.245 lo 0.0 2776s | window: 96%/5.05 ralow: 79%/9.10 lifts:  7%/0.98 ring: 82%/8.29 sngspa:  3%/1.32 sngspa:  3%/1.41 tunnel: 68%/11.44
[it  1960/2500           ppo] rew +0.0484 vl    0.526 ent -1.096 kl 0.0032 spd 0.837 jmp 0.251 lo 0.0 2791s | window: 95%/5.04 ralow: 80%/8.96 lifts:  8%/0.81 ring: 84%/8.25 sngspa:  5%/1.38 sngspa:  4%/1.42 tunnel: 68%/11.28
[it  1970/2500           ppo] rew +0.0491 vl    0.530 ent -1.082 kl 0.0032 spd 0.832 jmp 0.260 lo 0.0 2804s | window: 96%/5.03 ralow: 80%/9.02 lifts:  7%/1.05 ring: 85%/8.26 sngspa:  6%/1.41 sngspa:  5%/1.61 tunnel: 72%/11.37
[it  1980/2500           ppo] rew +0.0484 vl    0.511 ent -1.091 kl 0.0035 spd 0.830 jmp 0.257 lo 0.0 2818s | window: 96%/5.00 ralow: 80%/8.97 lifts:  7%/0.85 ring: 84%/8.22 sngspa:  6%/1.08 sngspa:  5%/1.44 tunnel: 66%/11.24
[it  1990/2500           ppo] rew +0.0486 vl    0.552 ent -1.093 kl 0.0033 spd 0.831 jmp 0.246 lo 0.0 2832s | window: 96%/5.03 ralow: 78%/8.93 lifts:  7%/0.91 ring: 86%/8.19 sngspa:  6%/1.30 sngspa:  5%/1.51 tunnel: 69%/11.21
[it  2000/2500           ppo] rew +0.0479 vl    0.514 ent -1.092 kl 0.0030 spd 0.820 jmp 0.252 lo 0.0 2846s | window: 96%/5.03 ralow: 79%/8.97 lifts:  7%/0.88 ring: 84%/8.25 sngspa:  6%/1.47 sngspa:  5%/1.54 tunnel: 67%/11.21
[it  2010/2500           ppo] rew +0.0485 vl    0.519 ent -1.089 kl 0.0032 spd 0.824 jmp 0.256 lo 0.0 2860s | window: 96%/5.03 ralow: 78%/8.92 lifts:  8%/0.97 ring: 83%/8.20 sngspa:  7%/1.29 sngspa:  5%/1.41 tunnel: 66%/11.07
[it  2020/2500           ppo] rew +0.0477 vl    0.539 ent -1.097 kl 0.0031 spd 0.826 jmp 0.257 lo 0.0 2875s | window: 96%/5.04 ralow: 78%/8.95 lifts:  8%/1.15 ring: 85%/8.19 sngspa:  7%/1.31 sngspa:  7%/1.53 tunnel: 65%/11.20
[it  2030/2500           ppo] rew +0.0484 vl    0.535 ent -1.135 kl 0.0034 spd 0.840 jmp 0.247 lo 0.0 2889s | window: 95%/5.04 ralow: 78%/8.96 lifts:  9%/1.16 ring: 85%/8.22 sngspa:  7%/1.54 sngspa:  6%/1.41 tunnel: 70%/11.26
[it  2040/2500           ppo] rew +0.0478 vl    0.534 ent -1.127 kl 0.0032 spd 0.832 jmp 0.246 lo 0.0 2904s | window: 96%/5.04 ralow: 81%/8.99 lifts:  6%/1.15 ring: 87%/8.19 sngspa:  7%/1.39 sngspa:  7%/1.26 tunnel: 68%/11.23
[it  2050/2500           ppo] rew +0.0489 vl    0.532 ent -1.128 kl 0.0032 spd 0.838 jmp 0.248 lo 0.0 2918s | window: 96%/5.04 ralow: 80%/8.99 lifts:  8%/1.12 ring: 86%/8.23 sngspa:  6%/1.39 sngspa:  7%/1.55 tunnel: 68%/11.16
[it  2060/2500           ppo] rew +0.0485 vl    0.522 ent -1.122 kl 0.0033 spd 0.836 jmp 0.249 lo 0.0 2934s | window: 97%/5.03 ralow: 80%/8.86 lifts:  7%/1.22 ring: 83%/8.20 sngspa:  8%/1.50 sngspa:  7%/1.58 tunnel: 67%/11.19
[it  2070/2500           ppo] rew +0.0478 vl    0.553 ent -1.127 kl 0.0029 spd 0.830 jmp 0.246 lo 0.0 2951s | window: 96%/5.03 ralow: 79%/8.89 lifts:  9%/1.13 ring: 86%/8.18 sngspa:  8%/1.30 sngspa:  7%/1.48 tunnel: 69%/11.24
[it  2080/2500           ppo] rew +0.0486 vl    0.528 ent -1.122 kl 0.0032 spd 0.825 jmp 0.248 lo 0.0 2967s | window: 96%/5.03 ralow: 75%/8.96 lifts:  9%/1.16 ring: 83%/8.19 sngspa:  8%/1.33 sngspa:  5%/1.65 tunnel: 63%/11.19
[it  2090/2500           ppo] rew +0.0497 vl    0.515 ent -1.121 kl 0.0031 spd 0.832 jmp 0.251 lo 0.0 2982s | window: 96%/5.03 ralow: 74%/8.92 lifts: 10%/1.15 ring: 81%/8.18 sngspa:  7%/1.50 sngspa:  8%/1.62 tunnel: 61%/11.12
[it  2100/2500           ppo] rew +0.0491 vl    0.546 ent -1.131 kl 0.0030 spd 0.840 jmp 0.248 lo 0.0 2996s | window: 96%/5.00 ralow: 79%/8.89 lifts:  9%/1.27 ring: 82%/8.13 sngspa:  7%/1.42 sngspa:  5%/1.71 tunnel: 66%/11.07
[it  2110/2500           ppo] rew +0.0483 vl    0.510 ent -1.155 kl 0.0033 spd 0.858 jmp 0.233 lo 0.0 3010s | window: 96%/5.01 ralow: 79%/8.92 lifts:  9%/1.21 ring: 83%/8.20 sngspa:  8%/1.43 sngspa:  8%/1.58 tunnel: 66%/11.06
[it  2120/2500           ppo] rew +0.0483 vl    0.531 ent -1.157 kl 0.0031 spd 0.855 jmp 0.227 lo 0.0 3025s | window: 95%/5.00 ralow: 80%/8.93 lifts:  8%/1.26 ring: 87%/8.16 sngspa:  7%/1.37 sngspa:  7%/1.54 tunnel: 68%/11.09
[it  2130/2500           ppo] rew +0.0493 vl    0.546 ent -1.158 kl 0.0031 spd 0.854 jmp 0.216 lo 0.0 3038s | window: 96%/5.03 ralow: 81%/8.99 lifts:  8%/1.30 ring: 86%/8.23 sngspa:  5%/1.27 sngspa:  5%/1.57 tunnel: 71%/11.10
[it  2140/2500           ppo] rew +0.0492 vl    0.522 ent -1.178 kl 0.0031 spd 0.849 jmp 0.210 lo 0.0 3052s | window: 97%/5.04 ralow: 81%/8.97 lifts:  9%/1.22 ring: 87%/8.23 sngspa:  8%/1.32 sngspa:  5%/1.48 tunnel: 69%/11.14
[it  2150/2500           ppo] rew +0.0495 vl    0.517 ent -1.169 kl 0.0030 spd 0.838 jmp 0.218 lo 0.0 3066s | window: 96%/5.07 ralow: 79%/9.04 lifts:  7%/1.26 ring: 86%/8.22 sngspa:  8%/1.40 sngspa:  6%/1.55 tunnel: 68%/11.28
[it  2160/2500           ppo] rew +0.0499 vl    0.534 ent -1.202 kl 0.0030 spd 0.861 jmp 0.220 lo 0.0 3080s | window: 96%/5.05 ralow: 79%/8.99 lifts:  9%/1.23 ring: 81%/8.13 sngspa:  7%/1.42 sngspa:  7%/1.58 tunnel: 66%/11.13
[it  2170/2500           ppo] rew +0.0483 vl    0.495 ent -1.199 kl 0.0031 spd 0.857 jmp 0.221 lo 0.0 3094s | window: 96%/5.05 ralow: 82%/9.02 lifts:  9%/1.12 ring: 88%/8.19 sngspa:  8%/1.64 sngspa:  7%/1.34 tunnel: 73%/11.16
[it  2180/2500           ppo] rew +0.0499 vl    0.535 ent -1.210 kl 0.0029 spd 0.884 jmp 0.216 lo 0.0 3108s | window: 96%/5.07 ralow: 80%/9.02 lifts:  8%/1.20 ring: 87%/8.15 sngspa:  8%/1.30 sngspa:  6%/1.42 tunnel: 70%/11.14
[it  2190/2500           ppo] rew +0.0497 vl    0.505 ent -1.212 kl 0.0029 spd 0.870 jmp 0.220 lo 0.0 3122s | window: 97%/5.07 ralow: 83%/8.97 lifts: 11%/1.30 ring: 88%/8.18 sngspa:  9%/1.39 sngspa:  6%/1.54 tunnel: 74%/11.19
[it  2200/2500           ppo] rew +0.0496 vl    0.488 ent -1.212 kl 0.0031 spd 0.883 jmp 0.221 lo 0.0 3136s | window: 97%/5.10 ralow: 82%/9.04 lifts: 10%/1.19 ring: 88%/8.16 sngspa:  9%/1.22 sngspa:  6%/1.55 tunnel: 71%/11.19
[it  2210/2500           ppo] rew +0.0493 vl    0.512 ent -1.210 kl 0.0031 spd 0.885 jmp 0.216 lo 0.0 3149s | window: 96%/5.12 ralow: 81%/9.00 lifts:  9%/1.21 ring: 87%/8.12 sngspa:  8%/1.23 sngspa:  6%/1.60 tunnel: 71%/11.17
[it  2220/2500           ppo] rew +0.0495 vl    0.494 ent -1.225 kl 0.0032 spd 0.890 jmp 0.213 lo 0.0 3163s | window: 96%/5.12 ralow: 82%/9.04 lifts:  9%/1.15 ring: 86%/8.19 sngspa:  6%/1.48 sngspa:  6%/1.39 tunnel: 71%/11.20
[it  2230/2500           ppo] rew +0.0498 vl    0.509 ent -1.228 kl 0.0032 spd 0.883 jmp 0.216 lo 0.0 3177s | window: 96%/5.12 ralow: 83%/9.06 lifts:  9%/1.18 ring: 88%/8.18 sngspa:  6%/1.47 sngspa:  6%/1.64 tunnel: 72%/11.21
[it  2240/2500           ppo] rew +0.0497 vl    0.526 ent -1.250 kl 0.0027 spd 0.876 jmp 0.206 lo 0.0 3191s | window: 97%/5.15 ralow: 80%/9.04 lifts:  8%/1.23 ring: 88%/8.20 sngspa:  7%/1.33 sngspa:  6%/1.44 tunnel: 72%/11.20
[it  2250/2500           ppo] rew +0.0490 vl    0.517 ent -1.247 kl 0.0031 spd 0.870 jmp 0.215 lo 0.0 3205s | window: 97%/5.17 ralow: 82%/9.10 lifts: 10%/1.23 ring: 87%/8.26 sngspa:  6%/1.43 sngspa:  3%/1.85 tunnel: 72%/11.27
[it  2260/2500           ppo] rew +0.0499 vl    0.519 ent -1.259 kl 0.0028 spd 0.868 jmp 0.214 lo 0.0 3218s | window: 97%/5.19 ralow: 82%/9.09 lifts:  9%/1.23 ring: 86%/8.26 sngspa:  6%/1.52 sngspa:  6%/1.50 tunnel: 72%/11.30
[it  2270/2500           ppo] rew +0.0501 vl    0.504 ent -1.264 kl 0.0027 spd 0.872 jmp 0.212 lo 0.0 3232s | window: 96%/5.21 ralow: 84%/9.10 lifts:  7%/1.27 ring: 88%/8.25 sngspa:  8%/1.43 sngspa:  5%/1.50 tunnel: 73%/11.33
[it  2280/2500           ppo] rew +0.0497 vl    0.536 ent -1.268 kl 0.0030 spd 0.869 jmp 0.207 lo 0.0 3246s | window: 97%/5.22 ralow: 83%/9.04 lifts:  9%/1.23 ring: 88%/8.26 sngspa:  8%/1.34 sngspa:  6%/1.46 tunnel: 75%/11.21
[it  2290/2500           ppo] rew +0.0501 vl    0.507 ent -1.270 kl 0.0031 spd 0.864 jmp 0.213 lo 0.0 3260s | window: 96%/5.25 ralow: 81%/9.04 lifts:  9%/1.14 ring: 89%/8.23 sngspa:  7%/1.36 sngspa:  7%/1.50 tunnel: 73%/11.27
[it  2300/2500           ppo] rew +0.0493 vl    0.515 ent -1.289 kl 0.0029 spd 0.855 jmp 0.205 lo 0.0 3274s | window: 96%/5.33 ralow: 83%/9.07 lifts:  9%/1.16 ring: 86%/8.27 sngspa:  7%/1.30 sngspa:  6%/1.65 tunnel: 71%/11.23
[it  2310/2500           ppo] rew +0.0481 vl    0.513 ent -1.288 kl 0.0028 spd 0.856 jmp 0.205 lo 0.0 3287s | window: 96%/5.45 ralow: 82%/9.11 lifts:  8%/1.13 ring: 86%/8.27 sngspa:  7%/1.44 sngspa:  6%/1.71 tunnel: 72%/11.30
[it  2320/2500           ppo] rew +0.0496 vl    0.534 ent -1.294 kl 0.0029 spd 0.870 jmp 0.204 lo 0.0 3301s | window: 96%/5.52 ralow: 81%/9.10 lifts:  9%/1.27 ring: 86%/8.27 sngspa:  8%/1.47 sngspa:  8%/1.59 tunnel: 72%/11.31
[it  2330/2500           ppo] rew +0.0493 vl    0.532 ent -1.295 kl 0.0028 spd 0.872 jmp 0.197 lo 0.0 3316s | window: 96%/5.53 ralow: 83%/9.06 lifts:  9%/1.13 ring: 87%/8.20 sngspa:  8%/1.46 sngspa:  6%/1.57 tunnel: 72%/11.30
[it  2340/2500           ppo] rew +0.0494 vl    0.529 ent -1.296 kl 0.0025 spd 0.870 jmp 0.201 lo 0.0 3330s | window: 97%/5.54 ralow: 79%/9.03 lifts:  9%/1.16 ring: 86%/8.18 sngspa:  7%/1.30 sngspa:  6%/1.47 tunnel: 74%/11.30
[it  2350/2500           ppo] rew +0.0486 vl    0.513 ent -1.299 kl 0.0028 spd 0.878 jmp 0.206 lo 0.0 3344s | window: 95%/5.56 ralow: 82%/9.07 lifts: 10%/1.20 ring: 86%/8.20 sngspa:  7%/1.50 sngspa:  8%/1.62 tunnel: 74%/11.28
[it  2360/2500           ppo] rew +0.0488 vl    0.507 ent -1.269 kl 0.0026 spd 0.880 jmp 0.217 lo 0.0 3358s | window: 96%/5.57 ralow: 81%/9.04 lifts:  7%/1.29 ring: 87%/8.15 sngspa:  9%/1.44 sngspa:  6%/1.63 tunnel: 71%/11.23
[it  2370/2500           ppo] rew +0.0499 vl    0.500 ent -1.290 kl 0.0028 spd 0.890 jmp 0.209 lo 0.0 3374s | window: 95%/5.54 ralow: 81%/8.90 lifts:  9%/1.25 ring: 86%/8.11 sngspa:  7%/1.53 sngspa:  7%/1.60 tunnel: 69%/11.16
[it  2380/2500           ppo] rew +0.0487 vl    0.494 ent -1.285 kl 0.0026 spd 0.889 jmp 0.212 lo 0.0 3388s | window: 95%/5.57 ralow: 82%/8.88 lifts:  8%/1.22 ring: 88%/8.06 sngspa:  6%/1.47 sngspa:  6%/1.55 tunnel: 71%/11.07
[it  2390/2500           ppo] rew +0.0489 vl    0.509 ent -1.307 kl 0.0024 spd 0.886 jmp 0.212 lo 0.0 3402s | window: 96%/5.59 ralow: 82%/8.95 lifts:  7%/1.22 ring: 87%/8.08 sngspa:  8%/1.49 sngspa:  4%/1.97 tunnel: 73%/11.14
[it  2400/2500           ppo] rew +0.0497 vl    0.525 ent -1.309 kl 0.0026 spd 0.877 jmp 0.212 lo 0.0 3417s | window: 96%/5.60 ralow: 83%/8.93 lifts:  8%/1.29 ring: 86%/8.13 sngspa:  7%/1.27 sngspa:  6%/1.65 tunnel: 74%/11.14
[it  2410/2500           ppo] rew +0.0504 vl    0.526 ent -1.320 kl 0.0023 spd 0.865 jmp 0.214 lo 0.0 3431s | window: 95%/5.63 ralow: 83%/8.93 lifts:  8%/1.08 ring: 89%/8.11 sngspa:  5%/1.46 sngspa:  6%/1.51 tunnel: 73%/11.21
[it  2420/2500           ppo] rew +0.0513 vl    0.529 ent -1.312 kl 0.0027 spd 0.861 jmp 0.222 lo 0.0 3445s | window: 96%/5.61 ralow: 84%/8.97 lifts:  7%/1.20 ring: 89%/8.15 sngspa:  8%/1.60 sngspa:  6%/1.57 tunnel: 77%/11.21
[it  2430/2500           ppo] rew +0.0507 vl    0.505 ent -1.301 kl 0.0029 spd 0.848 jmp 0.231 lo 0.0 3460s | window: 96%/5.64 ralow: 85%/8.99 lifts:  8%/1.25 ring: 90%/8.18 sngspa:  9%/1.54 sngspa:  7%/1.57 tunnel: 75%/11.20
[it  2440/2500           ppo] rew +0.0515 vl    0.497 ent -1.288 kl 0.0022 spd 0.852 jmp 0.238 lo 0.0 3474s | window: 96%/5.64 ralow: 85%/8.96 lifts:  8%/0.98 ring: 89%/8.15 sngspa:  6%/1.46 sngspa:  7%/1.60 tunnel: 78%/11.21
[it  2450/2500           ppo] rew +0.0500 vl    0.488 ent -1.272 kl 0.0023 spd 0.852 jmp 0.253 lo 0.0 3488s | window: 96%/5.63 ralow: 84%/8.99 lifts: 10%/1.18 ring: 90%/8.13 sngspa:  8%/1.44 sngspa:  7%/1.58 tunnel: 74%/11.19
[it  2460/2500           ppo] rew +0.0518 vl    0.519 ent -1.254 kl 0.0024 spd 0.854 jmp 0.265 lo 0.0 3502s | window: 96%/5.63 ralow: 85%/8.93 lifts:  8%/1.22 ring: 89%/8.11 sngspa:  8%/1.41 sngspa:  7%/1.76 tunnel: 76%/11.24
[it  2470/2500           ppo] rew +0.0513 vl    0.513 ent -1.253 kl 0.0024 spd 0.839 jmp 0.266 lo 0.0 3518s | window: 96%/5.64 ralow: 85%/8.92 lifts:  8%/1.44 ring: 89%/8.11 sngspa:  8%/1.30 sngspa:  8%/1.61 tunnel: 77%/11.21
[it  2480/2500           ppo] rew +0.0509 vl    0.484 ent -1.272 kl 0.0021 spd 0.841 jmp 0.265 lo 0.0 3532s | window: 96%/5.63 ralow: 84%/8.97 lifts: 10%/1.27 ring: 87%/8.11 sngspa:  8%/1.27 sngspa:  5%/1.53 tunnel: 74%/11.19
[it  2490/2500           ppo] rew +0.0507 vl    0.499 ent -1.280 kl 0.0022 spd 0.841 jmp 0.265 lo 0.0 3548s | window: 96%/5.63 ralow: 85%/8.95 lifts:  8%/1.18 ring: 90%/8.06 sngspa:  6%/1.32 sngspa:  5%/1.78 tunnel: 76%/11.20
[it  2500/2500           ppo] rew +0.0497 vl    0.520 ent -1.282 kl 0.0021 spd 0.826 jmp 0.252 lo 0.0 3562s | window: 96%/5.61 ralow: 82%/8.96 lifts:  9%/1.18 ring: 87%/8.15 sngspa:  8%/1.50 sngspa:  6%/1.46 tunnel: 73%/11.24
saved /home/benjamin-adm/rex-ml/pipeline/out/race/race_v6.pt
