routes=['window_to_rl', 'ralow_to_ratop', 'lifts_to_sng_mega', 'ring_to_ratop', 'sngspawn_a_to_mega', 'sngspawn_b_to_mega', 'tunnel_to_ra']  n_per_route=2048  human_k=0  envs=7  total_slots=14336  T=64  gamma=0.999
  window_to_rl           navmesh                      path    2002 u  n= 2048  gate  2.75s  needs    728 u/s average
  ralow_to_ratop         navmesh                      path    3052 u  n= 2048  gate  7.71s  needs    396 u/s average
  lifts_to_sng_mega      navmesh                      path    2325 u  n= 2048  gate  7.93s  needs    293 u/s average
  ring_to_ratop          navmesh                      path    2842 u  n= 2048  gate  9.26s  needs    307 u/s average
  sngspawn_a_to_mega     navmesh                      path    2540 u  n= 2048  gate  9.98s  needs    255 u/s average
  sngspawn_b_to_mega     navmesh                      path    3110 u  n= 2048  gate  9.98s  needs    312 u/s average
  tunnel_to_ra           navmesh                      path    3885 u  n= 2048  gate 12.13s  needs    320 u/s average
[it     1/4000 critic_warmup] rew -0.0239 vl    0.544 ent +0.305 kl 0.0000 spd 0.600 jmp 0.115 lo 0.75 3s | window:100%/0.57 ralow:  0%/  -   lifts:100%/0.85 ring:  0%/  -   sngspa:  0%/  -   sngspa:  0%/  -   tunnel:  0%/  -  
[it    10/4000 critic_warmup] rew -0.0419 vl    0.447 ent +0.312 kl 0.0000 spd 0.194 jmp 0.174 lo 0.75 18s | window:100%/2.98 ralow:100%/3.42 lifts:100%/2.58 ring:100%/2.97 sngspa:100%/3.30 sngspa:100%/2.31 tunnel:100%/5.15
[it    20/4000           ppo] rew -0.0230 vl    4.775 ent +0.191 kl 0.0131 spd 0.296 jmp 0.145 lo 0.74 34s | window: 69%/1.06 ralow:  4%/0.97 lifts:  9%/0.69 ring:  0%/  -   sngspa:  0%/  -   sngspa:  0%/  -   tunnel:  0%/  -  
[it    30/4000           ppo] rew -0.0266 vl    2.768 ent +0.097 kl 0.0147 spd 0.292 jmp 0.140 lo 0.74 50s | window: 82%/0.77 ralow: 77%/2.87 lifts: 90%/1.50 ring:  9%/1.08 sngspa: 12%/1.27 sngspa:  5%/1.43 tunnel:  1%/3.63
[it    40/4000           ppo] rew -0.0171 vl    3.975 ent +0.047 kl 0.0120 spd 0.399 jmp 0.149 lo 0.74 67s | window: 90%/0.74 ralow:  5%/0.90 lifts: 21%/0.87 ring:  0%/  -   sngspa:100%/0.98 sngspa:  0%/  -   tunnel:100%/7.13
[it    50/4000           ppo] rew -0.0102 vl    2.412 ent +0.070 kl 0.0129 spd 0.405 jmp 0.145 lo 0.73 84s | window: 93%/0.73 ralow: 10%/0.85 lifts: 60%/1.29 ring: 11%/0.96 sngspa: 19%/0.97 sngspa:  9%/1.15 tunnel:  1%/1.57
[it    60/4000           ppo] rew -0.0049 vl    2.938 ent +0.152 kl 0.0113 spd 0.409 jmp 0.150 lo 0.73 100s | window: 96%/0.71 ralow:  5%/0.84 lifts: 22%/0.88 ring:  0%/  -   sngspa: 33%/0.67 sngspa:100%/6.58 tunnel: 40%/5.32
[it    70/4000           ppo] rew +0.0187 vl   18.230 ent +0.157 kl 0.0075 spd 0.400 jmp 0.159 lo 0.73 118s | window: 96%/0.71 ralow: 33%/1.06 lifts: 63%/1.15 ring: 10%/0.95 sngspa: 21%/1.11 sngspa: 13%/1.18 tunnel:  0%/17.25
[it    80/4000           ppo] rew -0.0047 vl    2.033 ent +0.227 kl 0.0128 spd 0.332 jmp 0.152 lo 0.73 134s | window: 97%/0.73 ralow:  6%/0.91 lifts: 25%/0.99 ring:100%/11.23 sngspa: 43%/2.93 sngspa:  0%/  -   tunnel: 38%/4.06
[it    90/4000           ppo] rew -0.0044 vl    2.067 ent +0.163 kl 0.0094 spd 0.346 jmp 0.144 lo 0.72 151s | window: 97%/0.73 ralow: 50%/11.83 lifts: 55%/1.41 ring: 10%/0.99 sngspa: 23%/1.13 sngspa: 14%/1.40 tunnel: 33%/15.13
[it   100/4000           ppo] rew -0.0023 vl    1.859 ent +0.086 kl 0.0078 spd 0.412 jmp 0.144 lo 0.72 168s | window: 97%/0.71 ralow:  6%/0.89 lifts: 25%/0.98 ring: 78%/12.80 sngspa: 61%/1.68 sngspa: 80%/1.74 tunnel:  2%/4.42
[it   110/4000           ppo] rew +0.0187 vl   16.417 ent +0.017 kl 0.0082 spd 0.455 jmp 0.171 lo 0.72 186s | window: 97%/0.70 ralow:  0%/12.51 lifts: 70%/1.04 ring:  8%/0.97 sngspa: 23%/1.09 sngspa: 15%/1.32 tunnel:  0%/  -  
[it   120/4000           ppo] rew -0.0008 vl    2.857 ent -0.010 kl 0.0079 spd 0.453 jmp 0.186 lo 0.71 202s | window: 97%/0.69 ralow: 16%/0.84 lifts: 27%/0.95 ring: 44%/0.95 sngspa: 53%/1.46 sngspa: 59%/2.40 tunnel:  1%/3.81
[it   130/4000           ppo] rew +0.0168 vl   14.647 ent -0.050 kl 0.0088 spd 0.471 jmp 0.193 lo 0.71 219s | window: 97%/0.70 ralow:  4%/0.85 lifts:  7%/1.25 ring: 10%/0.96 sngspa: 19%/1.13 sngspa: 14%/1.39 tunnel: 42%/4.79
[it   140/4000           ppo] rew +0.0012 vl    4.975 ent -0.037 kl 0.0094 spd 0.402 jmp 0.204 lo 0.71 236s | window: 98%/0.70 ralow: 30%/1.57 lifts: 29%/0.95 ring: 29%/1.69 sngspa: 52%/1.34 sngspa: 45%/1.57 tunnel:  0%/  -  
[it   150/4000           ppo] rew +0.0132 vl   14.511 ent -0.094 kl 0.0061 spd 0.435 jmp 0.203 lo 0.7 253s | window: 98%/0.70 ralow:  4%/0.89 lifts:  9%/0.69 ring:  9%/0.98 sngspa: 18%/1.08 sngspa: 10%/1.27 tunnel:  7%/1.85
[it   160/4000           ppo] rew -0.0054 vl    2.039 ent -0.047 kl 0.0074 spd 0.336 jmp 0.224 lo 0.7 270s | window: 97%/0.69 ralow: 20%/2.70 lifts: 34%/0.98 ring:  0%/  -   sngspa: 43%/1.23 sngspa: 41%/1.80 tunnel:  0%/  -  
[it   170/4000           ppo] rew +0.0131 vl   13.887 ent -0.144 kl 0.0083 spd 0.441 jmp 0.212 lo 0.7 287s | window: 97%/0.69 ralow:  3%/0.85 lifts: 15%/0.91 ring: 10%/0.95 sngspa: 14%/1.04 sngspa:  9%/1.30 tunnel:  0%/2.15
[it   180/4000           ppo] rew -0.0049 vl    1.947 ent -0.015 kl 0.0080 spd 0.286 jmp 0.268 lo 0.69 304s | window: 97%/0.69 ralow:  3%/0.85 lifts: 35%/1.01 ring:  7%/0.95 sngspa: 34%/1.22 sngspa: 27%/1.47 tunnel:  0%/  -  
[it   190/4000           ppo] rew +0.0129 vl   13.347 ent -0.141 kl 0.0084 spd 0.402 jmp 0.243 lo 0.69 320s | window: 96%/0.69 ralow:  4%/0.84 lifts: 18%/0.88 ring:  7%/0.97 sngspa: 10%/0.92 sngspa:  5%/1.27 tunnel:  0%/1.85
[it   200/4000           ppo] rew -0.0079 vl    2.038 ent -0.087 kl 0.0098 spd 0.240 jmp 0.246 lo 0.69 337s | window: 96%/0.69 ralow:  0%/  -   lifts: 35%/1.00 ring:  0%/  -   sngspa: 29%/1.08 sngspa: 23%/1.43 tunnel: 10%/4.92
[it   210/4000           ppo] rew +0.0089 vl   12.628 ent -0.180 kl 0.0086 spd 0.325 jmp 0.241 lo 0.68 354s | window: 95%/0.67 ralow:  3%/0.83 lifts: 17%/0.85 ring:  7%/0.95 sngspa:  7%/0.97 sngspa:  5%/1.02 tunnel:  0%/1.60
[it   220/4000           ppo] rew +0.0063 vl   10.789 ent -0.212 kl 0.0084 spd 0.249 jmp 0.238 lo 0.68 371s | window: 95%/0.67 ralow:  0%/  -   lifts: 33%/0.98 ring: 26%/0.87 sngspa: 23%/1.08 sngspa: 16%/1.32 tunnel:  1%/2.02
[it   230/4000           ppo] rew +0.0020 vl    9.867 ent -0.136 kl 0.0069 spd 0.259 jmp 0.250 lo 0.68 388s | window: 95%/0.67 ralow:  7%/0.83 lifts: 19%/0.94 ring:  7%/0.90 sngspa:  6%/0.80 sngspa:  1%/1.26 tunnel:  0%/  -  
[it   240/4000           ppo] rew -0.0036 vl    5.653 ent -0.206 kl 0.0089 spd 0.263 jmp 0.255 lo 0.68 404s | window: 94%/0.66 ralow:  2%/0.84 lifts: 38%/0.95 ring:  0%/  -   sngspa: 19%/1.05 sngspa: 14%/1.27 tunnel:  0%/1.92
[it   250/4000           ppo] rew -0.0108 vl    3.291 ent -0.100 kl 0.0071 spd 0.221 jmp 0.266 lo 0.67 421s | window: 94%/0.66 ralow:  5%/0.92 lifts: 18%/0.85 ring:  5%/0.94 sngspa: 36%/0.95 sngspa: 19%/1.34 tunnel:  0%/  -  
[it   260/4000           ppo] rew -0.0089 vl    5.069 ent -0.164 kl 0.0081 spd 0.251 jmp 0.273 lo 0.67 438s | window: 93%/0.66 ralow:  2%/0.84 lifts: 28%/0.99 ring:  0%/  -   sngspa: 17%/0.99 sngspa:  9%/1.27 tunnel:  0%/1.86
[it   270/4000           ppo] rew -0.0137 vl    3.028 ent -0.076 kl 0.0078 spd 0.191 jmp 0.301 lo 0.67 454s | window: 93%/0.67 ralow:  6%/0.83 lifts: 19%/0.91 ring:  5%/0.90 sngspa: 32%/1.09 sngspa: 15%/3.33 tunnel:  3%/1.85
[it   280/4000           ppo] rew -0.0092 vl    6.105 ent -0.238 kl 0.0094 spd 0.254 jmp 0.290 lo 0.66 471s | window: 93%/0.66 ralow:  2%/0.88 lifts: 18%/0.94 ring:  0%/  -   sngspa: 17%/0.99 sngspa:  8%/1.20 tunnel:  0%/1.83
[it   290/4000           ppo] rew -0.0136 vl    2.599 ent -0.137 kl 0.0077 spd 0.206 jmp 0.292 lo 0.66 488s | window: 92%/0.67 ralow:  3%/0.90 lifts: 18%/0.90 ring:  5%/0.94 sngspa: 27%/1.16 sngspa: 20%/2.59 tunnel:  0%/  -  
[it   300/4000           ppo] rew -0.0084 vl    6.401 ent -0.195 kl 0.0077 spd 0.230 jmp 0.297 lo 0.66 504s | window: 93%/0.67 ralow:  1%/0.81 lifts: 12%/0.89 ring: 12%/0.75 sngspa: 12%/1.01 sngspa:  7%/1.36 tunnel:  0%/  -  
[it   310/4000           ppo] rew -0.0146 vl    2.428 ent -0.133 kl 0.0059 spd 0.178 jmp 0.317 lo 0.65 521s | window: 92%/0.66 ralow:  0%/  -   lifts: 19%/0.91 ring:  4%/0.92 sngspa: 26%/1.20 sngspa: 14%/1.36 tunnel:  0%/1.95
[it   320/4000           ppo] rew -0.0060 vl    7.267 ent -0.218 kl 0.0092 spd 0.237 jmp 0.325 lo 0.65 538s | window: 93%/0.66 ralow:  1%/0.82 lifts: 12%/0.87 ring: 12%/0.77 sngspa: 13%/1.04 sngspa:  6%/1.30 tunnel:  0%/  -  
[it   330/4000           ppo] rew -0.0038 vl    9.939 ent -0.207 kl 0.0090 spd 0.191 jmp 0.336 lo 0.65 554s | window: 92%/0.66 ralow:  0%/0.84 lifts: 24%/0.92 ring:  4%/0.93 sngspa: 22%/1.09 sngspa: 18%/1.50 tunnel:  0%/1.86
[it   340/4000           ppo] rew -0.0071 vl    7.949 ent -0.199 kl 0.0065 spd 0.241 jmp 0.342 lo 0.64 571s | window: 92%/0.66 ralow:  1%/1.02 lifts: 13%/0.81 ring:  7%/0.97 sngspa: 11%/0.92 sngspa:  7%/1.25 tunnel:  0%/  -  
[it   350/4000           ppo] rew -0.0132 vl    4.672 ent -0.374 kl 0.0071 spd 0.217 jmp 0.279 lo 0.64 587s | window: 91%/0.67 ralow:  0%/0.95 lifts: 23%/0.90 ring:  3%/0.90 sngspa: 25%/1.13 sngspa: 16%/2.30 tunnel:  0%/1.93
[it   360/4000           ppo] rew -0.0082 vl    7.734 ent -0.218 kl 0.0081 spd 0.232 jmp 0.308 lo 0.64 604s | window: 91%/0.66 ralow:  2%/1.25 lifts: 13%/0.74 ring:  7%/1.11 sngspa: 12%/0.92 sngspa:  7%/1.08 tunnel:  0%/  -  
[it   370/4000           ppo] rew +0.0049 vl   15.850 ent -0.430 kl 0.0070 spd 0.230 jmp 0.265 lo 0.63 620s | window: 90%/0.66 ralow:  1%/0.89 lifts: 24%/0.90 ring:  3%/0.90 sngspa: 18%/1.02 sngspa: 14%/1.31 tunnel:  0%/  -  
[it   380/4000           ppo] rew -0.0086 vl    8.319 ent -0.264 kl 0.0098 spd 0.225 jmp 0.307 lo 0.63 637s | window: 90%/0.66 ralow:  0%/  -   lifts: 14%/0.78 ring:  0%/  -   sngspa:  9%/0.88 sngspa:  6%/1.12 tunnel:  3%/1.84
[it   390/4000           ppo] rew -0.0188 vl    2.917 ent -0.304 kl 0.0067 spd 0.184 jmp 0.284 lo 0.63 654s | window: 89%/0.67 ralow:  0%/0.90 lifts: 16%/0.88 ring:  2%/0.91 sngspa: 16%/0.98 sngspa: 12%/1.33 tunnel:  0%/  -  
[it   400/4000           ppo] rew -0.0099 vl    7.951 ent -0.271 kl 0.0090 spd 0.218 jmp 0.290 lo 0.63 670s | window: 89%/0.66 ralow:  0%/  -   lifts: 13%/0.76 ring:  7%/0.94 sngspa:  8%/0.88 sngspa:  4%/1.02 tunnel:  0%/1.86
[it   410/4000           ppo] rew -0.0180 vl    3.343 ent -0.260 kl 0.0091 spd 0.185 jmp 0.280 lo 0.62 687s | window: 89%/0.66 ralow:  0%/1.01 lifts: 20%/0.98 ring:  2%/0.88 sngspa: 16%/0.99 sngspa: 11%/1.50 tunnel:  0%/  -  
[it   420/4000           ppo] rew -0.0120 vl    6.669 ent -0.290 kl 0.0086 spd 0.208 jmp 0.278 lo 0.62 703s | window: 88%/0.66 ralow:  0%/  -   lifts: 14%/0.76 ring:  0%/  -   sngspa: 11%/0.85 sngspa:  2%/1.04 tunnel:  1%/1.89
[it   430/4000           ppo] rew -0.0177 vl    4.065 ent -0.314 kl 0.0077 spd 0.185 jmp 0.275 lo 0.62 720s | window: 89%/0.66 ralow:  0%/0.95 lifts: 12%/0.78 ring:  2%/0.83 sngspa: 15%/0.88 sngspa:  9%/1.23 tunnel:  2%/2.21
[it   440/4000           ppo] rew -0.0002 vl   13.718 ent -0.479 kl 0.0084 spd 0.259 jmp 0.272 lo 0.61 737s | window: 88%/0.67 ralow:  0%/  -   lifts: 14%/0.73 ring: 18%/0.85 sngspa: 13%/0.88 sngspa:  5%/0.99 tunnel:  0%/  -  
[it   450/4000           ppo] rew -0.0175 vl    4.563 ent -0.386 kl 0.0062 spd 0.191 jmp 0.279 lo 0.61 753s | window: 88%/0.67 ralow:  1%/0.90 lifts: 13%/0.67 ring:  3%/0.78 sngspa: 15%/0.80 sngspa: 11%/1.13 tunnel:  2%/1.83
[it   460/4000           ppo] rew -0.0138 vl    7.339 ent -0.522 kl 0.0082 spd 0.193 jmp 0.246 lo 0.61 770s | window: 87%/0.66 ralow:  0%/0.67 lifts: 18%/0.70 ring:  7%/0.85 sngspa: 14%/0.90 sngspa:  5%/0.99 tunnel:  0%/  -  
[it   470/4000           ppo] rew -0.0177 vl    4.821 ent -0.437 kl 0.0060 spd 0.192 jmp 0.259 lo 0.6 787s | window: 87%/0.67 ralow:  2%/0.92 lifts: 14%/0.63 ring:  4%/0.71 sngspa: 14%/0.77 sngspa: 11%/0.95 tunnel:  0%/1.85
[it   480/4000           ppo] rew -0.0186 vl    4.824 ent -0.490 kl 0.0121 spd 0.172 jmp 0.254 lo 0.6 803s | window: 87%/0.66 ralow:  1%/0.73 lifts: 18%/0.69 ring:  0%/  -   sngspa: 20%/0.81 sngspa:  7%/2.58 tunnel:  0%/  -  
[it   490/4000           ppo] rew -0.0159 vl    5.652 ent -0.456 kl 0.0083 spd 0.201 jmp 0.281 lo 0.6 820s | window: 87%/0.64 ralow:  1%/0.74 lifts: 14%/0.63 ring:  4%/0.74 sngspa: 14%/0.71 sngspa:  8%/0.80 tunnel:  0%/1.90
[it   500/4000           ppo] rew -0.0217 vl    2.477 ent -0.454 kl 0.0067 spd 0.160 jmp 0.277 lo 0.59 836s | window: 87%/0.66 ralow:  1%/0.64 lifts: 22%/0.64 ring:  0%/  -   sngspa: 21%/1.09 sngspa: 16%/1.32 tunnel:  1%/1.88
[it   510/4000           ppo] rew -0.0142 vl    6.288 ent -0.513 kl 0.0064 spd 0.238 jmp 0.289 lo 0.59 853s | window: 87%/0.64 ralow:  0%/  -   lifts: 16%/0.62 ring:  4%/0.73 sngspa: 12%/0.73 sngspa:  8%/0.84 tunnel:  0%/1.65
[it   520/4000           ppo] rew -0.0222 vl    2.143 ent -0.396 kl 0.0061 spd 0.160 jmp 0.338 lo 0.59 870s | window: 86%/0.64 ralow:  1%/0.69 lifts: 20%/0.64 ring:  0%/  -   sngspa: 17%/0.80 sngspa: 10%/1.58 tunnel:  1%/1.93
[it   530/4000           ppo] rew -0.0155 vl    5.628 ent -0.414 kl 0.0061 spd 0.208 jmp 0.328 lo 0.58 886s | window: 85%/0.64 ralow:  0%/  -   lifts: 15%/0.63 ring:  3%/0.68 sngspa: 11%/0.73 sngspa:  7%/0.81 tunnel:  0%/  -  
[it   540/4000           ppo] rew -0.0243 vl    2.306 ent -0.454 kl 0.0074 spd 0.148 jmp 0.309 lo 0.58 903s | window: 85%/0.64 ralow:  1%/0.64 lifts: 17%/0.62 ring:  0%/  -   sngspa: 19%/0.77 sngspa: 15%/0.77 tunnel:  0%/  -  
[it   550/4000           ppo] rew -0.0044 vl   13.650 ent -0.515 kl 0.0114 spd 0.229 jmp 0.306 lo 0.58 920s | window: 84%/0.64 ralow:  0%/0.56 lifts: 15%/0.63 ring:  4%/0.73 sngspa: 11%/0.71 sngspa:  5%/0.78 tunnel:  0%/  -  
[it   560/4000           ppo] rew -0.0239 vl    3.299 ent -0.539 kl 0.0073 spd 0.157 jmp 0.257 lo 0.58 936s | window: 85%/0.66 ralow:  2%/0.67 lifts: 14%/0.63 ring:  0%/  -   sngspa: 16%/0.77 sngspa: 12%/0.77 tunnel:  0%/1.93
[it   570/4000           ppo] rew -0.0098 vl    8.100 ent -0.644 kl 0.0066 spd 0.251 jmp 0.237 lo 0.57 953s | window: 84%/0.64 ralow:  1%/0.73 lifts: 15%/0.66 ring:  4%/0.78 sngspa: 12%/0.73 sngspa:  7%/0.92 tunnel:  0%/  -  
[it   580/4000           ppo] rew -0.0218 vl    4.314 ent -0.564 kl 0.0071 spd 0.178 jmp 0.261 lo 0.57 970s | window: 85%/0.63 ralow:  2%/0.73 lifts: 13%/0.67 ring: 17%/0.78 sngspa: 19%/0.78 sngspa: 17%/1.08 tunnel:  0%/  -  
[it   590/4000           ppo] rew -0.0136 vl    6.598 ent -0.658 kl 0.0071 spd 0.240 jmp 0.241 lo 0.57 986s | window: 84%/0.64 ralow:  1%/0.77 lifts: 19%/0.69 ring:  5%/0.78 sngspa: 13%/0.77 sngspa:  8%/0.90 tunnel:  0%/  -  
[it   600/4000           ppo] rew -0.0221 vl    4.028 ent -0.598 kl 0.0074 spd 0.164 jmp 0.264 lo 0.56 1003s | window: 84%/0.63 ralow:  3%/1.18 lifts: 15%/0.74 ring:  6%/0.87 sngspa: 22%/0.90 sngspa: 18%/1.02 tunnel:  0%/  -  
[it   610/4000           ppo] rew -0.0165 vl    5.908 ent -0.655 kl 0.0053 spd 0.222 jmp 0.245 lo 0.56 1019s | window: 83%/0.66 ralow:  2%/0.65 lifts: 18%/0.70 ring:  5%/0.73 sngspa: 11%/0.86 sngspa:  7%/0.92 tunnel:  0%/1.88
[it   620/4000           ppo] rew -0.0217 vl    4.066 ent -0.576 kl 0.0058 spd 0.170 jmp 0.272 lo 0.56 1036s | window: 83%/0.64 ralow:  7%/0.84 lifts: 15%/0.71 ring:  6%/0.67 sngspa: 17%/0.85 sngspa: 14%/0.92 tunnel:  0%/  -  
[it   630/4000           ppo] rew -0.0189 vl    5.106 ent -0.594 kl 0.0062 spd 0.201 jmp 0.287 lo 0.55 1052s | window: 82%/0.64 ralow:  1%/0.69 lifts: 21%/0.74 ring:  4%/0.73 sngspa: 16%/0.81 sngspa:  9%/0.85 tunnel:  0%/1.94
[it   640/4000           ppo] rew -0.0197 vl    4.231 ent -0.557 kl 0.0064 spd 0.186 jmp 0.319 lo 0.55 1069s | window: 82%/0.66 ralow:  7%/0.66 lifts: 18%/0.71 ring:  0%/  -   sngspa: 21%/0.84 sngspa: 15%/0.92 tunnel:  0%/  -  
[it   650/4000           ppo] rew -0.0195 vl    4.586 ent -0.627 kl 0.0063 spd 0.201 jmp 0.303 lo 0.55 1086s | window: 83%/0.66 ralow:  2%/0.69 lifts: 27%/0.76 ring:  5%/0.71 sngspa: 17%/0.81 sngspa:  7%/0.88 tunnel:  0%/1.88
[it   660/4000           ppo] rew -0.0054 vl   10.948 ent -0.641 kl 0.0101 spd 0.227 jmp 0.300 lo 0.54 1102s | window: 83%/0.64 ralow:  1%/0.62 lifts: 22%/0.71 ring:  0%/  -   sngspa: 23%/0.87 sngspa: 16%/1.02 tunnel:  0%/  -  
[it   670/4000           ppo] rew -0.0004 vl   17.550 ent -0.658 kl 0.0071 spd 0.196 jmp 0.305 lo 0.54 1119s | window: 83%/0.64 ralow:  3%/0.70 lifts: 28%/0.83 ring:  4%/0.74 sngspa: 31%/1.18 sngspa: 10%/0.91 tunnel:  0%/  -  
[it   680/4000           ppo] rew -0.0150 vl    6.420 ent -0.685 kl 0.0068 spd 0.235 jmp 0.286 lo 0.54 1136s | window: 82%/0.66 ralow:  2%/0.71 lifts: 19%/0.73 ring:  6%/0.76 sngspa: 20%/0.91 sngspa: 17%/1.43 tunnel:  1%/2.15
[it   690/4000           ppo] rew -0.0214 vl    3.947 ent -0.597 kl 0.0089 spd 0.162 jmp 0.306 lo 0.53 1152s | window: 82%/0.66 ralow:  2%/0.86 lifts: 24%/0.79 ring:  6%/0.74 sngspa: 29%/1.06 sngspa: 13%/1.07 tunnel:  0%/  -  
[it   700/4000           ppo] rew -0.0181 vl    4.965 ent -0.653 kl 0.0052 spd 0.243 jmp 0.301 lo 0.53 1169s | window: 82%/0.64 ralow:  2%/0.71 lifts: 20%/0.70 ring: 16%/0.73 sngspa: 17%/0.85 sngspa: 15%/0.99 tunnel:  0%/1.01
[it   710/4000           ppo] rew -0.0218 vl    3.722 ent -0.585 kl 0.0077 spd 0.164 jmp 0.342 lo 0.53 1185s | window: 81%/0.64 ralow:  5%/0.87 lifts: 22%/0.71 ring:  5%/0.74 sngspa: 28%/1.32 sngspa: 16%/1.18 tunnel:  8%/1.11
[it   720/4000           ppo] rew -0.0172 vl    4.951 ent -0.644 kl 0.0056 spd 0.255 jmp 0.322 lo 0.53 1202s | window: 81%/0.64 ralow:  2%/0.69 lifts: 25%/0.74 ring:  0%/  -   sngspa: 18%/0.91 sngspa: 15%/1.25 tunnel:  0%/1.48
[it   730/4000           ppo] rew -0.0242 vl    3.588 ent -0.585 kl 0.0079 spd 0.166 jmp 0.331 lo 0.52 1218s | window: 80%/0.63 ralow:  0%/  -   lifts: 24%/0.82 ring:  4%/0.78 sngspa: 31%/1.33 sngspa: 26%/1.92 tunnel:  0%/  -  
[it   740/4000           ppo] rew -0.0142 vl    5.725 ent -0.709 kl 0.0060 spd 0.316 jmp 0.343 lo 0.52 1235s | window: 80%/0.64 ralow:  2%/0.77 lifts: 24%/0.77 ring:  0%/  -   sngspa: 20%/0.94 sngspa: 14%/1.20 tunnel:  0%/  -  
[it   750/4000           ppo] rew -0.0220 vl    4.186 ent -0.611 kl 0.0057 spd 0.188 jmp 0.371 lo 0.52 1251s | window: 80%/0.64 ralow:  0%/  -   lifts: 28%/0.88 ring:  5%/0.80 sngspa: 38%/1.76 sngspa: 34%/2.07 tunnel:  0%/2.07
[it   760/4000           ppo] rew -0.0161 vl    6.094 ent -0.631 kl 0.0055 spd 0.238 jmp 0.385 lo 0.51 1268s | window: 80%/0.64 ralow:  2%/0.74 lifts: 41%/1.23 ring: 15%/0.88 sngspa: 33%/1.51 sngspa: 24%/1.76 tunnel:  0%/  -  
[it   770/4000           ppo] rew -0.0063 vl   10.806 ent -0.690 kl 0.0066 spd 0.240 jmp 0.403 lo 0.51 1285s | window: 79%/0.64 ralow:  1%/0.70 lifts: 38%/1.25 ring:  4%/0.77 sngspa: 52%/1.79 sngspa: 52%/2.06 tunnel:  0%/3.46
[it   780/4000           ppo] rew -0.0170 vl    5.511 ent -0.637 kl 0.0060 spd 0.221 jmp 0.412 lo 0.51 1301s | window: 79%/0.63 ralow:  3%/0.84 lifts: 49%/1.32 ring:  0%/  -   sngspa: 42%/1.71 sngspa: 26%/1.85 tunnel:  0%/  -  
[it   790/4000           ppo] rew -0.0110 vl    7.403 ent -0.807 kl 0.0069 spd 0.282 jmp 0.358 lo 0.5 1318s | window: 80%/0.66 ralow:  2%/0.73 lifts: 38%/1.19 ring:  5%/0.76 sngspa: 46%/1.72 sngspa: 44%/2.11 tunnel:  0%/2.06
[it   800/4000           ppo] rew -0.0180 vl    4.897 ent -0.649 kl 0.0057 spd 0.204 jmp 0.404 lo 0.5 1334s | window: 81%/0.67 ralow:  7%/1.13 lifts: 49%/1.33 ring: 10%/0.77 sngspa: 48%/1.90 sngspa: 28%/1.79 tunnel:  2%/2.58
[it   810/4000           ppo] rew -0.0103 vl    7.001 ent -0.861 kl 0.0055 spd 0.334 jmp 0.311 lo 0.5 1351s | window: 80%/0.67 ralow:  2%/0.74 lifts: 44%/1.26 ring:  5%/0.76 sngspa: 43%/1.69 sngspa: 45%/1.95 tunnel:  0%/  -  
[it   820/4000           ppo] rew -0.0197 vl    4.535 ent -0.667 kl 0.0051 spd 0.199 jmp 0.356 lo 0.49 1367s | window: 79%/0.66 ralow:  4%/1.39 lifts: 52%/1.37 ring: 10%/0.79 sngspa: 57%/1.83 sngspa: 33%/1.86 tunnel:  0%/3.49
[it   830/4000           ppo] rew -0.0108 vl    6.041 ent -0.815 kl 0.0084 spd 0.280 jmp 0.330 lo 0.49 1384s | window: 79%/0.67 ralow:  2%/0.80 lifts: 47%/1.27 ring:  4%/0.84 sngspa: 45%/1.68 sngspa: 40%/1.87 tunnel:  0%/  -  
[it   840/4000           ppo] rew -0.0188 vl    4.227 ent -0.726 kl 0.0059 spd 0.204 jmp 0.342 lo 0.49 1400s | window: 79%/0.66 ralow:  3%/2.28 lifts: 52%/1.41 ring: 17%/1.52 sngspa: 58%/1.89 sngspa: 43%/1.95 tunnel:  1%/1.62
[it   850/4000           ppo] rew -0.0118 vl    5.761 ent -0.816 kl 0.0052 spd 0.276 jmp 0.315 lo 0.48 1417s | window: 79%/0.67 ralow:  4%/1.06 lifts: 47%/1.26 ring:  6%/0.80 sngspa: 48%/1.68 sngspa: 39%/1.89 tunnel:  0%/  -  
[it   860/4000           ppo] rew -0.0172 vl    4.479 ent -0.782 kl 0.0054 spd 0.226 jmp 0.333 lo 0.48 1433s | window: 79%/0.66 ralow: 12%/1.68 lifts: 54%/1.40 ring: 21%/1.33 sngspa: 55%/1.79 sngspa: 47%/2.02 tunnel:  1%/1.55
[it   870/4000           ppo] rew -0.0106 vl    5.606 ent -0.858 kl 0.0060 spd 0.281 jmp 0.342 lo 0.48 1450s | window: 80%/0.66 ralow:  3%/1.09 lifts: 49%/1.32 ring:  6%/0.81 sngspa: 48%/1.74 sngspa: 38%/1.74 tunnel:  5%/4.61
[it   880/4000           ppo] rew -0.0084 vl    8.838 ent -0.877 kl 0.0058 spd 0.289 jmp 0.330 lo 0.48 1467s | window: 82%/0.66 ralow:  1%/0.67 lifts: 53%/1.29 ring: 19%/1.80 sngspa: 51%/1.71 sngspa: 43%/1.99 tunnel:  1%/1.31
[it   890/4000           ppo] rew -0.0134 vl    5.800 ent -0.867 kl 0.0062 spd 0.271 jmp 0.355 lo 0.47 1483s | window: 80%/0.66 ralow: 10%/1.37 lifts: 44%/1.23 ring:  7%/0.87 sngspa: 50%/1.71 sngspa: 32%/1.69 tunnel:  8%/2.86
[it   900/4000           ppo] rew -0.0071 vl    7.588 ent -0.879 kl 0.0050 spd 0.291 jmp 0.338 lo 0.47 1500s | window: 82%/0.67 ralow:  4%/1.27 lifts: 51%/1.33 ring: 31%/2.30 sngspa: 46%/1.79 sngspa: 42%/1.93 tunnel:  0%/  -  
[it   910/4000           ppo] rew -0.0097 vl    5.603 ent -0.892 kl 0.0051 spd 0.307 jmp 0.324 lo 0.47 1516s | window: 88%/0.70 ralow: 25%/1.73 lifts: 48%/1.22 ring:  9%/1.22 sngspa: 51%/1.81 sngspa: 35%/1.83 tunnel:  2%/1.93
[it   920/4000           ppo] rew -0.0130 vl    5.397 ent -0.859 kl 0.0063 spd 0.285 jmp 0.356 lo 0.46 1533s | window: 89%/0.71 ralow:  7%/1.66 lifts: 53%/1.28 ring: 31%/3.22 sngspa: 47%/1.74 sngspa: 40%/1.86 tunnel: 33%/2.52
[it   930/4000           ppo] rew -0.0106 vl    5.460 ent -0.879 kl 0.0056 spd 0.301 jmp 0.354 lo 0.46 1549s | window: 89%/0.70 ralow: 37%/2.63 lifts: 47%/1.22 ring: 10%/1.36 sngspa: 48%/1.81 sngspa: 35%/1.85 tunnel:  4%/2.32
[it   940/4000           ppo] rew -0.0123 vl    5.170 ent -0.876 kl 0.0060 spd 0.291 jmp 0.344 lo 0.46 1566s | window: 90%/0.71 ralow:  9%/1.57 lifts: 49%/1.23 ring: 35%/3.79 sngspa: 43%/1.76 sngspa: 35%/1.86 tunnel: 20%/3.18
[it   950/4000           ppo] rew -0.0088 vl    6.016 ent -0.945 kl 0.0055 spd 0.338 jmp 0.354 lo 0.45 1582s | window: 91%/0.71 ralow: 35%/2.57 lifts: 46%/1.19 ring: 10%/1.41 sngspa: 46%/1.82 sngspa: 36%/1.92 tunnel:  2%/1.86
[it   960/4000           ppo] rew -0.0115 vl    4.870 ent -0.913 kl 0.0049 spd 0.309 jmp 0.354 lo 0.45 1599s | window: 91%/0.71 ralow: 10%/1.77 lifts: 47%/1.29 ring: 32%/2.59 sngspa: 45%/1.79 sngspa: 35%/1.79 tunnel: 25%/3.43
[it   970/4000           ppo] rew +0.0049 vl   15.832 ent -0.901 kl 0.0060 spd 0.288 jmp 0.370 lo 0.45 1616s | window: 91%/0.71 ralow: 40%/3.08 lifts: 46%/1.25 ring: 12%/1.69 sngspa: 46%/1.78 sngspa: 35%/1.92 tunnel:  0%/6.29
[it   980/4000           ppo] rew -0.0124 vl    4.834 ent -0.923 kl 0.0052 spd 0.307 jmp 0.358 lo 0.44 1632s | window: 89%/0.71 ralow: 11%/1.95 lifts: 50%/1.26 ring: 31%/2.63 sngspa: 46%/1.77 sngspa: 31%/1.90 tunnel: 16%/2.55
[it   990/4000           ppo] rew -0.0088 vl    8.108 ent -0.924 kl 0.0067 spd 0.301 jmp 0.377 lo 0.44 1649s | window: 87%/0.71 ralow:  4%/2.82 lifts: 44%/1.20 ring: 12%/1.60 sngspa: 39%/1.76 sngspa: 33%/1.90 tunnel: 31%/7.76
[it  1000/4000           ppo] rew -0.0128 vl    5.259 ent -0.905 kl 0.0053 spd 0.314 jmp 0.368 lo 0.44 1666s | window: 89%/0.73 ralow: 18%/1.86 lifts: 48%/1.26 ring: 43%/2.45 sngspa: 43%/1.72 sngspa: 29%/1.85 tunnel:  6%/2.58
[it  1010/4000           ppo] rew -0.0051 vl    8.169 ent -0.951 kl 0.0053 spd 0.339 jmp 0.345 lo 0.43 1682s | window: 89%/0.73 ralow:  6%/1.57 lifts: 45%/1.22 ring: 14%/1.62 sngspa: 44%/1.71 sngspa: 35%/1.97 tunnel: 43%/4.44
[it  1020/4000           ppo] rew -0.0108 vl    5.750 ent -0.936 kl 0.0055 spd 0.327 jmp 0.367 lo 0.43 1699s | window: 89%/0.74 ralow: 23%/2.53 lifts: 45%/1.36 ring: 39%/2.60 sngspa: 43%/1.85 sngspa: 30%/1.90 tunnel:  5%/2.06
[it  1030/4000           ppo] rew -0.0052 vl    7.797 ent -1.008 kl 0.0053 spd 0.368 jmp 0.355 lo 0.43 1715s | window: 89%/0.73 ralow:  9%/1.71 lifts: 43%/1.25 ring: 14%/1.62 sngspa: 42%/1.78 sngspa: 34%/1.83 tunnel: 25%/4.06
[it  1040/4000           ppo] rew +0.0036 vl   13.175 ent -0.946 kl 0.0049 spd 0.335 jmp 0.403 lo 0.43 1732s | window: 92%/0.76 ralow: 29%/2.53 lifts: 46%/1.30 ring: 38%/2.24 sngspa: 45%/1.76 sngspa: 31%/1.82 tunnel:  1%/7.36
[it  1050/4000           ppo] rew -0.0046 vl    7.400 ent -1.050 kl 0.0067 spd 0.375 jmp 0.373 lo 0.42 1748s | window: 93%/0.74 ralow: 10%/1.74 lifts: 41%/1.25 ring: 14%/1.72 sngspa: 40%/1.75 sngspa: 30%/1.95 tunnel: 18%/2.70
[it  1060/4000           ppo] rew -0.0114 vl    4.951 ent -0.940 kl 0.0049 spd 0.288 jmp 0.423 lo 0.42 1765s | window: 92%/0.76 ralow: 26%/2.77 lifts: 44%/1.32 ring: 28%/2.49 sngspa: 39%/1.76 sngspa: 30%/1.92 tunnel: 28%/4.50
[it  1070/4000           ppo] rew -0.0046 vl    7.291 ent -1.052 kl 0.0064 spd 0.387 jmp 0.364 lo 0.42 1781s | window: 93%/0.74 ralow: 10%/1.89 lifts: 45%/1.30 ring: 12%/1.74 sngspa: 45%/1.85 sngspa: 33%/1.86 tunnel:  7%/2.61
[it  1080/4000           ppo] rew -0.0150 vl    4.664 ent -0.921 kl 0.0053 spd 0.281 jmp 0.442 lo 0.41 1798s | window: 91%/0.76 ralow: 29%/2.88 lifts: 44%/1.26 ring: 26%/2.59 sngspa: 39%/1.75 sngspa: 31%/1.90 tunnel: 20%/5.24
[it  1090/4000           ppo] rew -0.0048 vl    7.661 ent -1.068 kl 0.0045 spd 0.391 jmp 0.376 lo 0.41 1814s | window: 89%/0.76 ralow: 12%/1.89 lifts: 41%/1.23 ring: 13%/1.95 sngspa: 39%/1.65 sngspa: 28%/1.76 tunnel:  5%/2.31
[it  1100/4000           ppo] rew -0.0097 vl    6.000 ent -0.997 kl 0.0057 spd 0.320 jmp 0.393 lo 0.41 1831s | window: 89%/0.73 ralow: 19%/2.59 lifts: 44%/1.27 ring: 30%/2.69 sngspa: 39%/1.71 sngspa: 32%/1.81 tunnel: 23%/3.96
[it  1110/4000           ppo] rew -0.0039 vl    7.524 ent -1.081 kl 0.0047 spd 0.384 jmp 0.349 lo 0.4 1848s | window: 89%/0.73 ralow: 14%/1.97 lifts: 41%/1.19 ring: 15%/1.92 sngspa: 41%/1.65 sngspa: 30%/1.76 tunnel:  3%/5.08
[it  1120/4000           ppo] rew -0.0077 vl    6.213 ent -1.048 kl 0.0049 spd 0.346 jmp 0.351 lo 0.4 1864s | window: 90%/0.74 ralow: 15%/2.49 lifts: 42%/1.26 ring: 36%/2.46 sngspa: 38%/1.71 sngspa: 30%/1.79 tunnel: 15%/2.80
[it  1130/4000           ppo] rew -0.0076 vl    6.351 ent -1.076 kl 0.0051 spd 0.343 jmp 0.350 lo 0.4 1881s | window: 91%/0.77 ralow: 18%/2.09 lifts: 42%/1.23 ring: 15%/2.12 sngspa: 39%/1.78 sngspa: 28%/1.82 tunnel: 27%/4.57
[it  1140/4000           ppo] rew -0.0048 vl    6.897 ent -1.117 kl 0.0046 spd 0.378 jmp 0.340 lo 0.39 1897s | window: 93%/0.77 ralow: 11%/1.88 lifts: 43%/1.29 ring: 30%/2.59 sngspa: 39%/1.85 sngspa: 30%/1.87 tunnel:  7%/2.57
[it  1150/4000           ppo] rew -0.0057 vl    5.993 ent -1.091 kl 0.0052 spd 0.360 jmp 0.348 lo 0.39 1913s | window: 94%/0.78 ralow: 20%/2.26 lifts: 45%/1.20 ring: 18%/1.88 sngspa: 40%/1.79 sngspa: 31%/1.88 tunnel: 27%/4.65
[it  1160/4000           ppo] rew -0.0023 vl    7.147 ent -1.122 kl 0.0052 spd 0.394 jmp 0.344 lo 0.39 1930s | window: 94%/0.78 ralow: 14%/1.97 lifts: 47%/1.27 ring: 27%/2.54 sngspa: 41%/1.80 sngspa: 31%/1.88 tunnel:  7%/2.56
[it  1170/4000           ppo] rew -0.0047 vl    6.268 ent -1.115 kl 0.0044 spd 0.381 jmp 0.349 lo 0.38 1947s | window: 95%/0.78 ralow: 22%/2.72 lifts: 46%/1.25 ring: 18%/2.34 sngspa: 45%/1.89 sngspa: 32%/1.89 tunnel: 24%/3.53
[it  1180/4000           ppo] rew -0.0007 vl    7.783 ent -1.139 kl 0.0053 spd 0.388 jmp 0.343 lo 0.38 1964s | window: 95%/0.78 ralow: 14%/2.30 lifts: 44%/1.30 ring: 31%/2.60 sngspa: 41%/1.92 sngspa: 32%/1.88 tunnel:  6%/3.82
[it  1190/4000           ppo] rew -0.0049 vl    6.146 ent -1.134 kl 0.0051 spd 0.386 jmp 0.340 lo 0.38 1980s | window: 95%/0.80 ralow: 25%/2.76 lifts: 42%/1.27 ring: 20%/2.80 sngspa: 38%/1.85 sngspa: 29%/1.93 tunnel: 18%/3.28
[it  1200/4000           ppo] rew -0.0053 vl    6.115 ent -1.120 kl 0.0053 spd 0.364 jmp 0.370 lo 0.38 1997s | window: 95%/0.80 ralow: 14%/2.62 lifts: 43%/1.33 ring: 27%/2.72 sngspa: 36%/1.85 sngspa: 26%/1.88 tunnel: 27%/5.96
[it  1210/4000           ppo] rew -0.0029 vl    7.107 ent -1.154 kl 0.0043 spd 0.382 jmp 0.358 lo 0.37 2014s | window: 94%/0.80 ralow: 24%/3.33 lifts: 42%/1.25 ring: 24%/2.86 sngspa: 38%/1.74 sngspa: 28%/2.00 tunnel: 10%/3.07
[it  1220/4000           ppo] rew -0.0063 vl    6.100 ent -1.143 kl 0.0049 spd 0.369 jmp 0.356 lo 0.37 2030s | window: 94%/0.80 ralow: 17%/2.65 lifts: 44%/1.23 ring: 27%/2.39 sngspa: 40%/1.83 sngspa: 29%/1.85 tunnel: 24%/4.49
[it  1230/4000           ppo] rew -0.0044 vl    7.128 ent -1.165 kl 0.0050 spd 0.375 jmp 0.359 lo 0.37 2047s | window: 93%/0.78 ralow: 19%/2.84 lifts: 45%/1.27 ring: 22%/2.75 sngspa: 39%/1.80 sngspa: 32%/1.93 tunnel:  8%/2.77
[it  1240/4000           ppo] rew -0.0072 vl    5.996 ent -1.155 kl 0.0058 spd 0.371 jmp 0.377 lo 0.36 2063s | window: 92%/0.77 ralow: 15%/2.72 lifts: 43%/1.26 ring: 25%/2.81 sngspa: 37%/1.79 sngspa: 29%/1.78 tunnel: 17%/4.00
[it  1250/4000           ppo] rew -0.0052 vl    7.494 ent -1.147 kl 0.0045 spd 0.368 jmp 0.376 lo 0.36 2080s | window: 92%/0.78 ralow: 18%/2.81 lifts: 45%/1.25 ring: 23%/2.67 sngspa: 35%/1.75 sngspa: 28%/1.96 tunnel:  7%/3.43
[it  1260/4000           ppo] rew -0.0067 vl    6.021 ent -1.180 kl 0.0050 spd 0.396 jmp 0.358 lo 0.36 2097s | window: 93%/0.80 ralow: 21%/2.62 lifts: 42%/1.30 ring: 29%/2.56 sngspa: 38%/1.83 sngspa: 26%/1.79 tunnel: 15%/3.44
[it  1270/4000           ppo] rew -0.0064 vl    6.758 ent -1.175 kl 0.0049 spd 0.364 jmp 0.358 lo 0.35 2114s | window: 93%/0.80 ralow: 24%/3.18 lifts: 41%/1.26 ring: 28%/3.22 sngspa: 35%/1.79 sngspa: 28%/1.87 tunnel: 32%/7.11
[it  1280/4000           ppo] rew -0.0028 vl    6.949 ent -1.209 kl 0.0053 spd 0.396 jmp 0.330 lo 0.35 2130s | window: 93%/0.81 ralow: 23%/3.12 lifts: 44%/1.26 ring: 28%/2.65 sngspa: 33%/1.70 sngspa: 27%/1.92 tunnel: 13%/3.44
[it  1290/4000           ppo] rew -0.0041 vl    6.918 ent -1.201 kl 0.0059 spd 0.387 jmp 0.351 lo 0.35 2147s | window: 94%/0.78 ralow: 22%/2.84 lifts: 40%/1.19 ring: 26%/3.27 sngspa: 34%/1.84 sngspa: 27%/1.88 tunnel: 26%/4.54
[it  1300/4000           ppo] rew -0.0040 vl    6.574 ent -1.202 kl 0.0079 spd 0.403 jmp 0.358 lo 0.34 2164s | window: 94%/0.81 ralow: 28%/3.28 lifts: 42%/1.30 ring: 29%/3.19 sngspa: 36%/1.86 sngspa: 27%/1.96 tunnel: 13%/3.76
[it  1310/4000           ppo] rew -0.0043 vl    6.618 ent -1.198 kl 0.0055 spd 0.404 jmp 0.348 lo 0.34 2180s | window: 94%/0.81 ralow: 26%/3.28 lifts: 41%/1.33 ring: 30%/3.51 sngspa: 34%/1.71 sngspa: 26%/1.89 tunnel: 25%/4.12
[it  1320/4000           ppo] rew -0.0039 vl    6.983 ent -1.202 kl 0.0055 spd 0.392 jmp 0.336 lo 0.34 2197s | window: 94%/0.80 ralow: 26%/3.68 lifts: 42%/1.25 ring: 32%/2.91 sngspa: 32%/1.62 sngspa: 25%/1.74 tunnel: 18%/4.70
[it  1330/4000           ppo] rew -0.0018 vl    6.766 ent -1.231 kl 0.0046 spd 0.412 jmp 0.309 lo 0.33 2214s | window: 92%/0.80 ralow: 25%/3.32 lifts: 40%/1.27 ring: 34%/3.62 sngspa: 33%/1.65 sngspa: 24%/1.62 tunnel: 18%/3.95
[it  1340/4000           ppo] rew -0.0022 vl    7.381 ent -1.226 kl 0.0050 spd 0.400 jmp 0.300 lo 0.33 2230s | window: 94%/0.81 ralow: 30%/3.67 lifts: 41%/1.22 ring: 36%/3.23 sngspa: 32%/1.69 sngspa: 25%/1.76 tunnel: 30%/5.05
[it  1350/4000           ppo] rew -0.0026 vl    6.529 ent -1.246 kl 0.0063 spd 0.421 jmp 0.300 lo 0.33 2247s | window: 95%/0.84 ralow: 28%/3.83 lifts: 40%/1.27 ring: 40%/3.72 sngspa: 33%/1.69 sngspa: 22%/1.76 tunnel: 22%/3.65
[it  1360/4000           ppo] rew -0.0028 vl    6.599 ent -1.237 kl 0.0048 spd 0.408 jmp 0.293 lo 0.33 2263s | window: 95%/0.81 ralow: 37%/3.75 lifts: 39%/1.20 ring: 42%/3.70 sngspa: 31%/1.68 sngspa: 24%/1.71 tunnel: 32%/5.21
[it  1370/4000           ppo] rew -0.0038 vl    6.273 ent -1.239 kl 0.0049 spd 0.420 jmp 0.318 lo 0.32 2280s | window: 94%/0.81 ralow: 36%/3.37 lifts: 38%/1.32 ring: 41%/3.66 sngspa: 28%/1.51 sngspa: 22%/1.76 tunnel: 22%/4.11
[it  1380/4000           ppo] rew -0.0027 vl    6.361 ent -1.248 kl 0.0053 spd 0.445 jmp 0.309 lo 0.32 2297s | window: 95%/0.83 ralow: 37%/3.70 lifts: 38%/1.26 ring: 43%/3.75 sngspa: 30%/1.48 sngspa: 21%/1.63 tunnel: 30%/4.16
[it  1390/4000           ppo] rew -0.0022 vl    6.164 ent -1.245 kl 0.0050 spd 0.445 jmp 0.298 lo 0.32 2313s | window: 95%/0.81 ralow: 38%/3.89 lifts: 39%/1.19 ring: 46%/3.64 sngspa: 29%/1.53 sngspa: 18%/1.69 tunnel: 26%/5.98
[it  1400/4000           ppo] rew -0.0003 vl    6.177 ent -1.236 kl 0.0094 spd 0.448 jmp 0.314 lo 0.31 2330s | window: 95%/0.83 ralow: 36%/4.05 lifts: 38%/1.26 ring: 46%/4.00 sngspa: 32%/1.67 sngspa: 21%/1.73 tunnel: 27%/4.76
[it  1410/4000           ppo] rew -0.0005 vl    6.071 ent -1.242 kl 0.0046 spd 0.452 jmp 0.321 lo 0.31 2346s | window: 95%/0.83 ralow: 37%/3.92 lifts: 34%/1.25 ring: 47%/4.10 sngspa: 29%/1.60 sngspa: 20%/1.79 tunnel: 30%/4.50
[it  1420/4000           ppo] rew -0.0024 vl    5.900 ent -1.255 kl 0.0051 spd 0.455 jmp 0.329 lo 0.31 2363s | window: 96%/0.81 ralow: 34%/3.84 lifts: 35%/1.20 ring: 44%/3.90 sngspa: 27%/1.60 sngspa: 20%/1.81 tunnel: 24%/4.49
[it  1430/4000           ppo] rew -0.0014 vl    5.934 ent -1.258 kl 0.0056 spd 0.462 jmp 0.344 lo 0.3 2380s | window: 95%/0.84 ralow: 37%/3.84 lifts: 33%/1.24 ring: 47%/4.09 sngspa: 27%/1.65 sngspa: 22%/1.85 tunnel: 30%/4.79
[it  1440/4000           ppo] rew -0.0003 vl    6.143 ent -1.252 kl 0.0048 spd 0.452 jmp 0.340 lo 0.3 2396s | window: 97%/0.81 ralow: 36%/4.12 lifts: 32%/1.26 ring: 43%/4.26 sngspa: 28%/1.63 sngspa: 20%/1.76 tunnel: 25%/4.31
[it  1450/4000           ppo] rew -0.0002 vl    6.318 ent -1.263 kl 0.0047 spd 0.459 jmp 0.341 lo 0.3 2413s | window: 97%/0.81 ralow: 35%/3.71 lifts: 31%/1.19 ring: 45%/4.16 sngspa: 28%/1.74 sngspa: 21%/1.73 tunnel: 25%/4.69
[it  1460/4000           ppo] rew -0.0030 vl    5.805 ent -1.258 kl 0.0044 spd 0.438 jmp 0.331 lo 0.29 2430s | window: 96%/0.83 ralow: 34%/3.81 lifts: 30%/1.16 ring: 42%/4.16 sngspa: 25%/1.67 sngspa: 17%/1.54 tunnel: 25%/5.07
[it  1470/4000           ppo] rew -0.0013 vl    6.034 ent -1.261 kl 0.0041 spd 0.444 jmp 0.332 lo 0.29 2446s | window: 96%/0.81 ralow: 29%/3.40 lifts: 28%/1.11 ring: 38%/3.60 sngspa: 27%/1.60 sngspa: 18%/1.60 tunnel: 20%/3.64
[it  1480/4000           ppo] rew +0.0003 vl    6.044 ent -1.268 kl 0.0052 spd 0.453 jmp 0.325 lo 0.29 2463s | window: 96%/0.81 ralow: 33%/3.36 lifts: 28%/1.16 ring: 40%/3.30 sngspa: 27%/1.67 sngspa: 21%/1.82 tunnel: 21%/4.25
[it  1490/4000           ppo] rew -0.0013 vl    6.079 ent -1.269 kl 0.0062 spd 0.461 jmp 0.310 lo 0.28 2480s | window: 97%/0.83 ralow: 35%/3.78 lifts: 29%/1.09 ring: 43%/3.84 sngspa: 27%/1.59 sngspa: 18%/1.69 tunnel: 24%/4.54
[it  1500/4000           ppo] rew +0.0006 vl    6.023 ent -1.273 kl 0.0044 spd 0.471 jmp 0.315 lo 0.28 2496s | window: 98%/0.84 ralow: 36%/4.13 lifts: 27%/1.25 ring: 40%/4.21 sngspa: 26%/1.48 sngspa: 20%/1.77 tunnel: 27%/4.37
[it  1510/4000           ppo] rew +0.0008 vl    6.174 ent -1.268 kl 0.0056 spd 0.472 jmp 0.309 lo 0.28 2513s | window: 98%/0.83 ralow: 40%/4.52 lifts: 26%/1.13 ring: 45%/4.56 sngspa: 26%/1.60 sngspa: 19%/1.62 tunnel: 23%/5.29
[it  1520/4000           ppo] rew -0.0005 vl    5.917 ent -1.264 kl 0.0056 spd 0.477 jmp 0.326 lo 0.28 2529s | window: 99%/0.84 ralow: 37%/4.56 lifts: 26%/1.15 ring: 43%/4.39 sngspa: 28%/1.69 sngspa: 18%/1.65 tunnel: 25%/4.35
[it  1530/4000           ppo] rew -0.0015 vl    5.926 ent -1.261 kl 0.0052 spd 0.453 jmp 0.296 lo 0.27 2546s | window: 99%/0.87 ralow: 34%/3.68 lifts: 26%/1.16 ring: 37%/3.93 sngspa: 22%/1.58 sngspa: 17%/1.60 tunnel: 22%/4.52
[it  1540/4000           ppo] rew -0.0022 vl    6.056 ent -1.269 kl 0.0070 spd 0.457 jmp 0.308 lo 0.27 2563s | window: 98%/0.92 ralow: 32%/3.58 lifts: 26%/1.12 ring: 35%/3.47 sngspa: 22%/1.64 sngspa: 18%/1.58 tunnel: 20%/3.70
[it  1550/4000           ppo] rew -0.0080 vl    5.714 ent -1.266 kl 0.0052 spd 0.430 jmp 0.321 lo 0.27 2579s | window: 96%/5.01 ralow: 36%/3.75 lifts: 26%/1.17 ring: 36%/3.49 sngspa: 22%/1.58 sngspa: 17%/1.57 tunnel: 22%/3.51
[it  1560/4000           ppo] rew -0.0082 vl    6.036 ent -1.273 kl 0.0070 spd 0.415 jmp 0.313 lo 0.26 2596s | window: 86%/5.12 ralow: 32%/3.84 lifts: 27%/1.13 ring: 38%/3.57 sngspa: 22%/1.53 sngspa: 16%/1.43 tunnel: 22%/3.88
[it  1570/4000           ppo] rew -0.0097 vl    5.752 ent -1.274 kl 0.0054 spd 0.406 jmp 0.339 lo 0.26 2612s | window: 80%/3.03 ralow: 34%/3.60 lifts: 26%/1.06 ring: 37%/3.64 sngspa: 21%/1.41 sngspa: 14%/1.46 tunnel: 23%/3.82
[it  1580/4000           ppo] rew -0.0090 vl    5.709 ent -1.292 kl 0.0051 spd 0.428 jmp 0.316 lo 0.26 2629s | window: 75%/4.34 ralow: 37%/3.91 lifts: 23%/1.06 ring: 41%/3.96 sngspa: 20%/1.60 sngspa: 14%/1.67 tunnel: 21%/4.14
[it  1590/4000           ppo] rew -0.0072 vl    5.803 ent -1.303 kl 0.0052 spd 0.433 jmp 0.312 lo 0.25 2646s | window: 82%/5.12 ralow: 37%/4.30 lifts: 22%/1.11 ring: 43%/4.06 sngspa: 20%/1.46 sngspa: 15%/1.52 tunnel: 26%/4.03
[it  1600/4000           ppo] rew -0.0063 vl    6.222 ent -1.322 kl 0.0048 spd 0.443 jmp 0.282 lo 0.25 2662s | window: 85%/5.18 ralow: 39%/4.42 lifts: 23%/1.20 ring: 44%/4.41 sngspa: 22%/1.57 sngspa: 15%/1.37 tunnel: 27%/4.82
[it  1610/4000           ppo] rew -0.0059 vl    5.917 ent -1.326 kl 0.0052 spd 0.451 jmp 0.279 lo 0.25 2679s | window: 86%/4.49 ralow: 41%/5.00 lifts: 22%/1.13 ring: 46%/4.72 sngspa: 23%/1.51 sngspa: 15%/1.53 tunnel: 28%/4.97
[it  1620/4000           ppo] rew -0.0045 vl    6.147 ent -1.321 kl 0.0044 spd 0.459 jmp 0.311 lo 0.24 2696s | window: 86%/4.45 ralow: 44%/6.11 lifts: 25%/1.15 ring: 48%/5.88 sngspa: 22%/1.58 sngspa: 14%/1.61 tunnel: 32%/4.90
[it  1630/4000           ppo] rew -0.0044 vl    6.131 ent -1.322 kl 0.0051 spd 0.466 jmp 0.309 lo 0.24 2713s | window: 85%/4.45 ralow: 51%/6.45 lifts: 23%/1.08 ring: 52%/6.43 sngspa: 22%/1.54 sngspa: 16%/1.65 tunnel: 33%/6.73
[it  1640/4000           ppo] rew -0.0050 vl    6.047 ent -1.335 kl 0.0044 spd 0.472 jmp 0.310 lo 0.24 2729s | window: 84%/5.07 ralow: 52%/6.54 lifts: 22%/1.15 ring: 51%/6.15 sngspa: 20%/1.29 sngspa: 16%/1.55 tunnel: 35%/6.15
[it  1650/4000           ppo] rew -0.0037 vl    6.043 ent -1.341 kl 0.0043 spd 0.486 jmp 0.286 lo 0.23 2746s | window: 88%/4.80 ralow: 49%/7.00 lifts: 22%/1.18 ring: 54%/6.20 sngspa: 22%/1.44 sngspa: 18%/1.60 tunnel: 32%/6.38
[it  1660/4000           ppo] rew -0.0041 vl    6.205 ent -1.353 kl 0.0046 spd 0.487 jmp 0.279 lo 0.23 2763s | window: 88%/5.00 ralow: 54%/7.04 lifts: 21%/1.12 ring: 56%/7.48 sngspa: 21%/1.52 sngspa: 16%/1.59 tunnel: 33%/6.85
[it  1670/4000           ppo] rew -0.0038 vl    6.114 ent -1.349 kl 0.0046 spd 0.490 jmp 0.291 lo 0.23 2780s | window: 85%/4.59 ralow: 56%/6.97 lifts: 22%/1.09 ring: 59%/7.48 sngspa: 21%/1.51 sngspa: 15%/1.72 tunnel: 31%/6.69
[it  1680/4000           ppo] rew -0.0043 vl    6.086 ent -1.366 kl 0.0048 spd 0.486 jmp 0.270 lo 0.23 2796s | window: 86%/4.97 ralow: 55%/7.36 lifts: 24%/1.06 ring: 55%/7.42 sngspa: 21%/1.52 sngspa: 14%/1.58 tunnel: 33%/6.58
[it  1690/4000           ppo] rew -0.0047 vl    5.812 ent -1.368 kl 0.0042 spd 0.493 jmp 0.269 lo 0.22 2813s | window: 87%/4.86 ralow: 54%/7.15 lifts: 24%/1.09 ring: 56%/7.50 sngspa: 20%/1.44 sngspa: 16%/1.71 tunnel: 33%/6.89
[it  1700/4000           ppo] rew -0.0051 vl    5.835 ent -1.368 kl 0.0052 spd 0.492 jmp 0.279 lo 0.22 2830s | window: 87%/4.97 ralow: 53%/7.64 lifts: 21%/1.16 ring: 56%/7.38 sngspa: 17%/1.72 sngspa: 15%/1.64 tunnel: 33%/6.69
[it  1710/4000           ppo] rew -0.0038 vl    5.791 ent -1.370 kl 0.0043 spd 0.502 jmp 0.293 lo 0.22 2847s | window: 86%/4.98 ralow: 52%/7.89 lifts: 20%/1.11 ring: 57%/7.38 sngspa: 18%/1.71 sngspa: 16%/1.88 tunnel: 34%/6.44
[it  1720/4000           ppo] rew -0.0057 vl    5.751 ent -1.385 kl 0.0058 spd 0.497 jmp 0.278 lo 0.21 2864s | window: 88%/4.76 ralow: 55%/7.43 lifts: 18%/1.01 ring: 56%/8.65 sngspa: 23%/1.79 sngspa: 14%/1.72 tunnel: 30%/6.95
[it  1730/4000           ppo] rew -0.0045 vl    5.957 ent -1.388 kl 0.0049 spd 0.488 jmp 0.270 lo 0.21 2880s | window: 85%/4.90 ralow: 50%/7.08 lifts: 22%/1.22 ring: 58%/8.43 sngspa: 21%/1.72 sngspa: 14%/1.69 tunnel: 34%/6.52
[it  1740/4000           ppo] rew -0.0045 vl    6.154 ent -1.395 kl 0.0041 spd 0.495 jmp 0.286 lo 0.21 2897s | window: 86%/4.97 ralow: 51%/7.24 lifts: 19%/1.18 ring: 55%/7.73 sngspa: 20%/1.70 sngspa: 14%/1.74 tunnel: 31%/6.02
[it  1750/4000           ppo] rew -0.0040 vl    5.974 ent -1.401 kl 0.0047 spd 0.485 jmp 0.270 lo 0.2 2914s | window: 90%/4.89 ralow: 50%/6.81 lifts: 21%/1.06 ring: 54%/7.32 sngspa: 21%/1.67 sngspa: 14%/1.55 tunnel: 31%/6.86
[it  1760/4000           ppo] rew -0.0039 vl    5.959 ent -1.408 kl 0.0045 spd 0.492 jmp 0.264 lo 0.2 2930s | window: 90%/4.90 ralow: 47%/6.31 lifts: 19%/1.11 ring: 54%/7.47 sngspa: 17%/1.60 sngspa: 13%/1.60 tunnel: 29%/6.03
[it  1770/4000           ppo] rew -0.0034 vl    5.753 ent -1.399 kl 0.0041 spd 0.500 jmp 0.278 lo 0.2 2947s | window: 90%/4.83 ralow: 47%/7.13 lifts: 19%/1.16 ring: 54%/7.97 sngspa: 19%/1.69 sngspa: 15%/1.67 tunnel: 30%/6.62
[it  1780/4000           ppo] rew -0.0040 vl    5.623 ent -1.406 kl 0.0043 spd 0.493 jmp 0.282 lo 0.19 2964s | window: 90%/5.05 ralow: 50%/7.03 lifts: 20%/1.12 ring: 53%/8.32 sngspa: 19%/1.48 sngspa: 15%/1.81 tunnel: 28%/6.45
[it  1790/4000           ppo] rew -0.0041 vl    5.797 ent -1.398 kl 0.0046 spd 0.490 jmp 0.284 lo 0.19 2981s | window: 90%/5.04 ralow: 48%/6.86 lifts: 20%/1.10 ring: 52%/7.15 sngspa: 19%/1.71 sngspa: 13%/1.57 tunnel: 25%/6.22
[it  1800/4000           ppo] rew -0.0043 vl    5.737 ent -1.397 kl 0.0043 spd 0.494 jmp 0.290 lo 0.19 2997s | window: 90%/4.82 ralow: 45%/6.87 lifts: 21%/1.09 ring: 51%/8.50 sngspa: 17%/1.58 sngspa: 13%/1.86 tunnel: 25%/4.79
[it  1810/4000           ppo] rew -0.0055 vl    5.806 ent -1.415 kl 0.0050 spd 0.494 jmp 0.265 lo 0.18 3014s | window: 90%/4.86 ralow: 47%/7.25 lifts: 18%/1.05 ring: 52%/8.48 sngspa: 18%/1.60 sngspa: 13%/1.64 tunnel: 25%/5.84
[it  1820/4000           ppo] rew -0.0048 vl    5.832 ent -1.420 kl 0.0046 spd 0.502 jmp 0.270 lo 0.18 3031s | window: 89%/5.11 ralow: 46%/7.94 lifts: 18%/1.22 ring: 50%/8.05 sngspa: 16%/1.54 sngspa: 14%/1.40 tunnel: 24%/5.73
[it  1830/4000           ppo] rew -0.0043 vl    6.085 ent -1.429 kl 0.0045 spd 0.499 jmp 0.262 lo 0.18 3048s | window: 90%/5.08 ralow: 47%/7.13 lifts: 19%/1.23 ring: 52%/7.69 sngspa: 19%/1.58 sngspa: 12%/1.52 tunnel: 27%/6.08
[it  1840/4000           ppo] rew -0.0046 vl    5.653 ent -1.440 kl 0.0048 spd 0.505 jmp 0.257 lo 0.18 3064s | window: 89%/4.90 ralow: 49%/7.14 lifts: 16%/1.11 ring: 55%/8.20 sngspa: 18%/1.62 sngspa: 12%/1.65 tunnel: 25%/6.21
[it  1850/4000           ppo] rew -0.0049 vl    5.812 ent -1.439 kl 0.0046 spd 0.502 jmp 0.263 lo 0.17 3081s | window: 88%/5.18 ralow: 47%/7.15 lifts: 19%/1.05 ring: 55%/8.95 sngspa: 17%/1.48 sngspa: 11%/1.46 tunnel: 27%/6.64
[it  1860/4000           ppo] rew -0.0036 vl    5.650 ent -1.455 kl 0.0042 spd 0.506 jmp 0.242 lo 0.17 3098s | window: 90%/5.22 ralow: 49%/6.92 lifts: 19%/1.04 ring: 55%/8.30 sngspa: 18%/1.53 sngspa: 12%/1.65 tunnel: 26%/6.79
[it  1870/4000           ppo] rew -0.0055 vl    5.632 ent -1.452 kl 0.0046 spd 0.496 jmp 0.250 lo 0.17 3115s | window: 89%/4.98 ralow: 45%/7.10 lifts: 16%/1.26 ring: 53%/8.74 sngspa: 16%/1.50 sngspa: 11%/1.78 tunnel: 25%/6.54
[it  1880/4000           ppo] rew -0.0049 vl    5.750 ent -1.459 kl 0.0049 spd 0.507 jmp 0.249 lo 0.16 3131s | window: 89%/5.10 ralow: 43%/8.93 lifts: 17%/1.16 ring: 51%/8.01 sngspa: 14%/1.52 sngspa: 11%/1.71 tunnel: 23%/6.57
[it  1890/4000           ppo] rew -0.0061 vl    5.578 ent -1.456 kl 0.0047 spd 0.500 jmp 0.242 lo 0.16 3148s | window: 89%/5.07 ralow: 44%/8.05 lifts: 19%/1.13 ring: 52%/9.03 sngspa: 17%/1.60 sngspa: 13%/1.60 tunnel: 24%/6.64
[it  1900/4000           ppo] rew -0.0055 vl    5.639 ent -1.468 kl 0.0046 spd 0.503 jmp 0.235 lo 0.16 3165s | window: 88%/5.15 ralow: 45%/8.37 lifts: 18%/1.08 ring: 52%/9.29 sngspa: 16%/1.81 sngspa: 12%/1.79 tunnel: 23%/7.35
[it  1910/4000           ppo] rew -0.0047 vl    5.575 ent -1.470 kl 0.0042 spd 0.511 jmp 0.229 lo 0.15 3182s | window: 90%/5.17 ralow: 50%/8.79 lifts: 17%/1.09 ring: 53%/9.11 sngspa: 18%/1.68 sngspa: 10%/1.56 tunnel: 23%/6.79
[it  1920/4000           ppo] rew -0.0031 vl    5.571 ent -1.476 kl 0.0046 spd 0.512 jmp 0.227 lo 0.15 3198s | window: 90%/5.07 ralow: 49%/8.57 lifts: 18%/1.23 ring: 56%/9.20 sngspa: 15%/1.47 sngspa: 13%/1.69 tunnel: 27%/6.87
[it  1930/4000           ppo] rew -0.0039 vl    5.456 ent -1.482 kl 0.0048 spd 0.504 jmp 0.223 lo 0.15 3215s | window: 91%/5.18 ralow: 45%/8.63 lifts: 14%/1.13 ring: 54%/9.18 sngspa: 15%/1.48 sngspa: 11%/1.72 tunnel: 27%/6.96
[it  1940/4000           ppo] rew -0.0052 vl    5.315 ent -1.479 kl 0.0042 spd 0.504 jmp 0.228 lo 0.14 3232s | window: 90%/5.21 ralow: 45%/7.95 lifts: 15%/1.32 ring: 56%/8.88 sngspa: 14%/1.60 sngspa: 11%/1.70 tunnel: 25%/7.41
[it  1950/4000           ppo] rew -0.0055 vl    5.575 ent -1.481 kl 0.0042 spd 0.500 jmp 0.227 lo 0.14 3248s | window: 90%/5.12 ralow: 46%/7.43 lifts: 15%/1.20 ring: 54%/9.23 sngspa: 16%/1.50 sngspa: 10%/1.88 tunnel: 22%/6.78
[it  1960/4000           ppo] rew -0.0052 vl    5.369 ent -1.501 kl 0.0042 spd 0.506 jmp 0.207 lo 0.14 3265s | window: 91%/5.12 ralow: 46%/8.29 lifts: 16%/1.25 ring: 53%/8.83 sngspa: 14%/1.45 sngspa: 12%/1.54 tunnel: 23%/6.71
[it  1970/4000           ppo] rew -0.0056 vl    5.297 ent -1.486 kl 0.0045 spd 0.507 jmp 0.220 lo 0.13 3282s | window: 90%/5.18 ralow: 44%/9.16 lifts: 17%/1.20 ring: 54%/9.12 sngspa: 15%/1.67 sngspa: 10%/1.54 tunnel: 23%/6.34
[it  1980/4000           ppo] rew -0.0042 vl    5.752 ent -1.484 kl 0.0049 spd 0.513 jmp 0.233 lo 0.13 3299s | window: 91%/5.17 ralow: 44%/8.79 lifts: 16%/1.16 ring: 52%/9.37 sngspa: 14%/1.75 sngspa:  8%/1.83 tunnel: 22%/7.03
[it  1990/4000           ppo] rew -0.0052 vl    5.152 ent -1.482 kl 0.0044 spd 0.512 jmp 0.234 lo 0.13 3316s | window: 91%/5.24 ralow: 47%/9.21 lifts: 16%/1.29 ring: 55%/9.21 sngspa: 15%/1.62 sngspa: 10%/1.85 tunnel: 23%/6.52
[it  2000/4000           ppo] rew -0.0035 vl    5.641 ent -1.484 kl 0.0041 spd 0.519 jmp 0.237 lo 0.13 3332s | window: 91%/5.14 ralow: 47%/9.39 lifts: 15%/1.30 ring: 53%/9.21 sngspa: 14%/1.58 sngspa: 10%/1.82 tunnel: 21%/5.39
[it  2010/4000           ppo] rew -0.0042 vl    5.299 ent -1.494 kl 0.0042 spd 0.527 jmp 0.246 lo 0.12 3349s | window: 91%/5.24 ralow: 48%/9.31 lifts: 18%/1.30 ring: 55%/9.55 sngspa: 14%/1.54 sngspa: 11%/1.88 tunnel: 24%/6.31
[it  2020/4000           ppo] rew -0.0034 vl    5.354 ent -1.491 kl 0.0045 spd 0.532 jmp 0.231 lo 0.12 3366s | window: 91%/5.19 ralow: 49%/9.59 lifts: 14%/1.18 ring: 56%/9.35 sngspa: 14%/1.71 sngspa: 11%/1.57 tunnel: 25%/7.78
[it  2030/4000           ppo] rew -0.0034 vl    5.367 ent -1.496 kl 0.0044 spd 0.532 jmp 0.218 lo 0.12 3383s | window: 91%/5.21 ralow: 50%/9.48 lifts: 16%/1.27 ring: 59%/9.32 sngspa: 12%/1.85 sngspa: 11%/1.64 tunnel: 24%/6.81
[it  2040/4000           ppo] rew -0.0042 vl    5.352 ent -1.484 kl 0.0044 spd 0.521 jmp 0.223 lo 0.11 3399s | window: 91%/5.24 ralow: 51%/9.28 lifts: 15%/1.34 ring: 56%/9.16 sngspa: 12%/1.54 sngspa: 11%/1.74 tunnel: 23%/7.46
[it  2050/4000           ppo] rew -0.0026 vl    5.388 ent -1.490 kl 0.0041 spd 0.534 jmp 0.221 lo 0.11 3416s | window: 93%/5.24 ralow: 49%/9.02 lifts: 15%/1.23 ring: 55%/9.41 sngspa: 14%/1.46 sngspa: 11%/1.69 tunnel: 21%/7.00
[it  2060/4000           ppo] rew -0.0024 vl    5.302 ent -1.496 kl 0.0048 spd 0.535 jmp 0.215 lo 0.11 3433s | window: 94%/5.18 ralow: 47%/9.37 lifts: 15%/1.20 ring: 58%/9.30 sngspa: 12%/1.75 sngspa:  7%/1.60 tunnel: 22%/7.34
[it  2070/4000           ppo] rew -0.0039 vl    5.421 ent -1.501 kl 0.0046 spd 0.538 jmp 0.218 lo 0.1 3450s | window: 94%/5.17 ralow: 46%/9.19 lifts: 14%/1.27 ring: 59%/9.36 sngspa: 10%/1.64 sngspa:  9%/1.74 tunnel: 24%/6.76
[it  2080/4000           ppo] rew -0.0032 vl    5.457 ent -1.501 kl 0.0040 spd 0.533 jmp 0.219 lo 0.1 3466s | window: 95%/5.25 ralow: 49%/9.31 lifts: 13%/1.16 ring: 60%/9.41 sngspa: 13%/1.64 sngspa: 10%/1.58 tunnel: 22%/6.47
[it  2090/4000           ppo] rew -0.0022 vl    5.393 ent -1.508 kl 0.0040 spd 0.540 jmp 0.210 lo 0.1 3483s | window: 94%/5.21 ralow: 51%/9.66 lifts: 13%/1.34 ring: 61%/9.30 sngspa: 13%/1.56 sngspa:  9%/1.68 tunnel: 23%/6.68
[it  2100/4000           ppo] rew -0.0021 vl    5.315 ent -1.506 kl 0.0042 spd 0.539 jmp 0.206 lo 0.09 3500s | window: 95%/5.18 ralow: 51%/9.56 lifts: 12%/1.13 ring: 60%/9.41 sngspa: 11%/1.48 sngspa: 10%/1.67 tunnel: 24%/6.45
[it  2110/4000           ppo] rew -0.0020 vl    5.600 ent -1.513 kl 0.0042 spd 0.549 jmp 0.203 lo 0.09 3516s | window: 95%/5.15 ralow: 56%/9.77 lifts: 15%/1.08 ring: 63%/9.37 sngspa: 11%/1.58 sngspa:  8%/1.71 tunnel: 24%/6.72
[it  2120/4000           ppo] rew -0.0037 vl    5.127 ent -1.513 kl 0.0045 spd 0.538 jmp 0.198 lo 0.09 3533s | window: 94%/5.22 ralow: 55%/9.61 lifts: 12%/1.08 ring: 59%/9.47 sngspa: 11%/1.34 sngspa:  9%/1.81 tunnel: 26%/6.99
[it  2130/4000           ppo] rew -0.0019 vl    5.333 ent -1.524 kl 0.0042 spd 0.546 jmp 0.200 lo 0.08 3550s | window: 94%/5.26 ralow: 57%/9.53 lifts: 13%/1.13 ring: 59%/9.35 sngspa: 11%/1.48 sngspa:  8%/1.71 tunnel: 23%/7.10
[it  2140/4000           ppo] rew -0.0034 vl    5.104 ent -1.520 kl 0.0040 spd 0.539 jmp 0.199 lo 0.08 3567s | window: 95%/5.28 ralow: 55%/9.44 lifts: 12%/1.16 ring: 61%/9.23 sngspa: 11%/1.25 sngspa:  7%/1.43 tunnel: 21%/6.45
[it  2150/4000           ppo] rew -0.0019 vl    5.420 ent -1.532 kl 0.0044 spd 0.555 jmp 0.199 lo 0.08 3583s | window: 95%/5.22 ralow: 51%/9.58 lifts: 11%/1.19 ring: 63%/9.34 sngspa:  9%/1.71 sngspa:  8%/1.41 tunnel: 21%/7.08
[it  2160/4000           ppo] rew -0.0039 vl    5.200 ent -1.532 kl 0.0038 spd 0.550 jmp 0.193 lo 0.08 3600s | window: 94%/5.28 ralow: 56%/9.63 lifts: 13%/1.18 ring: 63%/9.35 sngspa:  9%/1.51 sngspa:  9%/1.93 tunnel: 23%/7.38
[it  2170/4000           ppo] rew -0.0018 vl    5.325 ent -1.525 kl 0.0039 spd 0.552 jmp 0.192 lo 0.07 3617s | window: 95%/5.37 ralow: 55%/9.58 lifts: 10%/1.20 ring: 63%/9.35 sngspa:  9%/1.39 sngspa:  9%/1.64 tunnel: 26%/7.41
[it  2180/4000           ppo] rew -0.0036 vl    5.126 ent -1.514 kl 0.0046 spd 0.553 jmp 0.199 lo 0.07 3634s | window: 95%/5.25 ralow: 54%/9.55 lifts:  9%/1.02 ring: 60%/9.21 sngspa:  9%/1.55 sngspa:  7%/1.71 tunnel: 23%/7.01
[it  2190/4000           ppo] rew -0.0023 vl    5.418 ent -1.509 kl 0.0045 spd 0.546 jmp 0.212 lo 0.07 3650s | window: 96%/5.29 ralow: 52%/9.36 lifts: 12%/1.05 ring: 60%/9.19 sngspa:  7%/1.34 sngspa:  7%/1.60 tunnel: 22%/6.43
[it  2200/4000           ppo] rew -0.0020 vl    5.357 ent -1.520 kl 0.0040 spd 0.563 jmp 0.208 lo 0.06 3667s | window: 95%/5.31 ralow: 53%/9.48 lifts: 11%/1.08 ring: 60%/9.25 sngspa:  8%/1.25 sngspa:  6%/1.54 tunnel: 21%/6.90
[it  2210/4000           ppo] rew -0.0036 vl    5.265 ent -1.520 kl 0.0041 spd 0.545 jmp 0.206 lo 0.06 3684s | window: 96%/5.31 ralow: 56%/9.50 lifts: 11%/1.09 ring: 62%/9.32 sngspa:  9%/1.26 sngspa:  7%/1.62 tunnel: 22%/7.02
[it  2220/4000           ppo] rew -0.0028 vl    5.326 ent -1.524 kl 0.0045 spd 0.554 jmp 0.202 lo 0.06 3701s | window: 95%/5.39 ralow: 53%/9.58 lifts: 10%/1.17 ring: 60%/9.17 sngspa:  9%/1.45 sngspa:  7%/1.33 tunnel: 20%/6.83
[it  2230/4000           ppo] rew -0.0030 vl    5.181 ent -1.526 kl 0.0042 spd 0.552 jmp 0.206 lo 0.05 3717s | window: 96%/5.38 ralow: 56%/9.58 lifts: 12%/1.06 ring: 59%/9.32 sngspa: 10%/1.25 sngspa:  8%/1.40 tunnel: 23%/7.24
[it  2240/4000           ppo] rew -0.0034 vl    5.298 ent -1.531 kl 0.0041 spd 0.548 jmp 0.197 lo 0.05 3734s | window: 95%/5.43 ralow: 54%/9.55 lifts: 11%/1.19 ring: 59%/9.35 sngspa: 10%/1.26 sngspa:  6%/1.41 tunnel: 24%/8.68
[it  2250/4000           ppo] rew -0.0028 vl    5.080 ent -1.526 kl 0.0041 spd 0.547 jmp 0.206 lo 0.05 3751s | window: 95%/5.29 ralow: 52%/9.52 lifts: 11%/1.07 ring: 60%/9.46 sngspa:  8%/1.67 sngspa:  6%/1.32 tunnel: 24%/7.71
[it  2260/4000           ppo] rew -0.0014 vl    5.619 ent -1.530 kl 0.0041 spd 0.557 jmp 0.205 lo 0.04 3767s | window: 94%/5.32 ralow: 55%/9.59 lifts: 12%/1.22 ring: 61%/9.39 sngspa: 10%/1.47 sngspa:  6%/1.72 tunnel: 20%/8.30
[it  2270/4000           ppo] rew -0.0024 vl    5.195 ent -1.536 kl 0.0038 spd 0.556 jmp 0.209 lo 0.04 3784s | window: 94%/5.29 ralow: 55%/9.73 lifts: 13%/1.18 ring: 63%/9.30 sngspa:  9%/1.47 sngspa:  6%/1.50 tunnel: 24%/7.11
[it  2280/4000           ppo] rew -0.0032 vl    5.199 ent -1.542 kl 0.0043 spd 0.560 jmp 0.190 lo 0.04 3800s | window: 95%/5.33 ralow: 54%/9.81 lifts: 10%/1.13 ring: 61%/9.37 sngspa:  9%/1.55 sngspa:  8%/1.44 tunnel: 26%/8.06
[it  2290/4000           ppo] rew -0.0045 vl    5.026 ent -1.528 kl 0.0043 spd 0.547 jmp 0.194 lo 0.03 3817s | window: 93%/5.39 ralow: 54%/9.66 lifts: 10%/1.18 ring: 59%/9.37 sngspa:  9%/1.51 sngspa:  7%/1.67 tunnel: 24%/8.29
[it  2300/4000           ppo] rew -0.0021 vl    5.335 ent -1.535 kl 0.0045 spd 0.562 jmp 0.193 lo 0.03 3834s | window: 92%/5.42 ralow: 54%/9.72 lifts:  9%/1.16 ring: 62%/9.42 sngspa:  7%/1.51 sngspa:  7%/1.76 tunnel: 20%/8.48
[it  2310/4000           ppo] rew -0.0033 vl    5.155 ent -1.551 kl 0.0050 spd 0.551 jmp 0.183 lo 0.03 3850s | window: 94%/5.39 ralow: 54%/9.69 lifts: 10%/1.23 ring: 61%/9.44 sngspa:  8%/1.30 sngspa:  6%/1.58 tunnel: 22%/7.72
[it  2320/4000           ppo] rew -0.0024 vl    5.246 ent -1.554 kl 0.0038 spd 0.558 jmp 0.179 lo 0.03 3867s | window: 93%/5.41 ralow: 53%/9.56 lifts:  9%/1.13 ring: 61%/9.41 sngspa:  6%/1.45 sngspa:  5%/1.41 tunnel: 24%/7.53
[it  2330/4000           ppo] rew -0.0036 vl    4.885 ent -1.563 kl 0.0039 spd 0.563 jmp 0.180 lo 0.02 3884s | window: 94%/5.40 ralow: 53%/9.52 lifts: 11%/1.02 ring: 60%/9.41 sngspa:  7%/1.13 sngspa:  6%/1.38 tunnel: 24%/8.09
[it  2340/4000           ppo] rew -0.0028 vl    5.173 ent -1.572 kl 0.0041 spd 0.571 jmp 0.175 lo 0.02 3901s | window: 95%/5.46 ralow: 55%/9.73 lifts: 10%/0.99 ring: 63%/9.45 sngspa:  7%/1.18 sngspa:  5%/1.52 tunnel: 26%/8.06
[it  2350/4000           ppo] rew -0.0035 vl    5.031 ent -1.578 kl 0.0040 spd 0.562 jmp 0.169 lo 0.02 3917s | window: 95%/5.45 ralow: 58%/9.58 lifts: 10%/1.24 ring: 62%/9.38 sngspa:  7%/1.40 sngspa:  4%/1.32 tunnel: 25%/9.06
[it  2360/4000           ppo] rew -0.0019 vl    5.288 ent -1.579 kl 0.0041 spd 0.557 jmp 0.162 lo 0.01 3934s | window: 94%/5.43 ralow: 54%/9.74 lifts:  9%/1.19 ring: 63%/9.37 sngspa:  8%/1.05 sngspa:  4%/1.57 tunnel: 21%/8.61
[it  2370/4000           ppo] rew -0.0021 vl    5.140 ent -1.575 kl 0.0041 spd 0.573 jmp 0.170 lo 0.01 3951s | window: 93%/5.36 ralow: 55%/9.77 lifts:  9%/1.03 ring: 62%/9.41 sngspa:  6%/1.26 sngspa:  6%/1.36 tunnel: 22%/7.52
[it  2380/4000           ppo] rew -0.0021 vl    5.297 ent -1.570 kl 0.0042 spd 0.556 jmp 0.167 lo 0.01 3968s | window: 95%/5.45 ralow: 56%/9.84 lifts:  8%/1.12 ring: 61%/9.51 sngspa:  7%/1.48 sngspa:  5%/1.48 tunnel: 21%/7.88
[it  2390/4000           ppo] rew -0.0019 vl    5.337 ent -1.576 kl 0.0037 spd 0.575 jmp 0.171 lo 0.0 3984s | window: 95%/5.45 ralow: 54%/9.96 lifts:  8%/0.99 ring: 59%/9.43 sngspa:  6%/1.36 sngspa:  6%/1.46 tunnel: 20%/8.02
[it  2400/4000           ppo] rew -0.0029 vl    5.057 ent -1.568 kl 0.0040 spd 0.567 jmp 0.179 lo 0.0 4001s | window: 96%/5.45 ralow: 56%/9.73 lifts:  9%/1.18 ring: 59%/9.59 sngspa:  8%/1.16 sngspa:  5%/1.23 tunnel: 23%/7.42
[it  2410/4000           ppo] rew -0.0018 vl    5.177 ent -1.556 kl 0.0038 spd 0.575 jmp 0.180 lo 0.0 4018s | window: 95%/5.42 ralow: 55%/9.88 lifts:  7%/1.16 ring: 61%/9.58 sngspa:  6%/1.46 sngspa:  4%/1.34 tunnel: 22%/7.63
[it  2420/4000           ppo] rew -0.0019 vl    5.143 ent -1.570 kl 0.0041 spd 0.575 jmp 0.177 lo 0.0 4035s | window: 95%/5.45 ralow: 56%/9.94 lifts:  8%/1.13 ring: 63%/9.51 sngspa:  6%/1.39 sngspa:  3%/0.99 tunnel: 20%/7.74
[it  2430/4000           ppo] rew -0.0029 vl    5.057 ent -1.577 kl 0.0043 spd 0.578 jmp 0.172 lo 0.0 4052s | window: 95%/5.46 ralow: 57%/9.73 lifts:  9%/1.05 ring: 62%/9.49 sngspa:  7%/1.39 sngspa:  4%/1.41 tunnel: 23%/8.47
[it  2440/4000           ppo] rew -0.0017 vl    5.013 ent -1.575 kl 0.0038 spd 0.575 jmp 0.166 lo 0.0 4068s | window: 93%/5.43 ralow: 58%/9.79 lifts:  8%/1.06 ring: 64%/9.38 sngspa:  5%/1.34 sngspa:  5%/1.32 tunnel: 18%/9.28
[it  2450/4000           ppo] rew -0.0019 vl    4.995 ent -1.583 kl 0.0043 spd 0.575 jmp 0.164 lo 0.0 4085s | window: 94%/5.38 ralow: 55%/9.70 lifts:  8%/1.21 ring: 66%/9.37 sngspa:  4%/1.18 sngspa:  6%/1.41 tunnel: 18%/7.81
[it  2460/4000           ppo] rew -0.0024 vl    5.099 ent -1.579 kl 0.0040 spd 0.568 jmp 0.168 lo 0.0 4102s | window: 94%/5.31 ralow: 55%/9.81 lifts:  8%/1.14 ring: 65%/9.42 sngspa:  7%/1.49 sngspa:  6%/1.55 tunnel: 15%/7.41
[it  2470/4000           ppo] rew -0.0030 vl    4.760 ent -1.576 kl 0.0040 spd 0.578 jmp 0.175 lo 0.0 4119s | window: 95%/5.36 ralow: 53%/9.72 lifts:  8%/1.09 ring: 62%/9.38 sngspa:  6%/1.63 sngspa:  5%/1.67 tunnel: 16%/7.20
[it  2480/4000           ppo] rew -0.0005 vl    4.934 ent -1.576 kl 0.0035 spd 0.577 jmp 0.174 lo 0.0 4135s | window: 96%/5.31 ralow: 57%/9.73 lifts:  8%/1.25 ring: 62%/9.34 sngspa:  6%/1.15 sngspa:  6%/1.41 tunnel: 16%/6.68
[it  2490/4000           ppo] rew -0.0005 vl    4.814 ent -1.567 kl 0.0041 spd 0.572 jmp 0.183 lo 0.0 4152s | window: 96%/5.17 ralow: 55%/9.67 lifts:  8%/1.41 ring: 65%/9.35 sngspa:  7%/1.11 sngspa:  4%/1.20 tunnel: 17%/7.07
[it  2500/4000           ppo] rew -0.0014 vl    5.181 ent -1.571 kl 0.0048 spd 0.574 jmp 0.186 lo 0.0 4169s | window: 95%/5.07 ralow: 57%/9.65 lifts:  9%/1.11 ring: 65%/9.35 sngspa:  7%/1.29 sngspa:  3%/1.39 tunnel: 17%/7.25
[it  2510/4000           ppo] rew -0.0010 vl    5.276 ent -1.579 kl 0.0039 spd 0.574 jmp 0.177 lo 0.0 4185s | window: 94%/5.24 ralow: 60%/9.62 lifts: 10%/1.05 ring: 66%/9.41 sngspa:  7%/1.13 sngspa:  5%/1.39 tunnel: 15%/6.36
[it  2520/4000           ppo] rew -0.0028 vl    4.886 ent -1.572 kl 0.0040 spd 0.567 jmp 0.177 lo 0.0 4202s | window: 95%/5.29 ralow: 58%/9.55 lifts:  7%/1.06 ring: 66%/9.32 sngspa:  7%/1.23 sngspa:  5%/1.47 tunnel: 15%/6.05
[it  2530/4000           ppo] rew -0.0001 vl    5.190 ent -1.579 kl 0.0039 spd 0.584 jmp 0.169 lo 0.0 4219s | window: 94%/5.22 ralow: 56%/9.67 lifts:  7%/0.93 ring: 66%/9.37 sngspa:  6%/1.23 sngspa:  5%/1.32 tunnel: 16%/6.80
[it  2540/4000           ppo] rew -0.0030 vl    4.868 ent -1.570 kl 0.0042 spd 0.572 jmp 0.174 lo 0.0 4235s | window: 96%/5.18 ralow: 59%/9.68 lifts:  8%/1.13 ring: 66%/9.42 sngspa:  6%/1.18 sngspa:  5%/1.25 tunnel: 17%/6.64
[it  2550/4000           ppo] rew -0.0012 vl    5.160 ent -1.576 kl 0.0037 spd 0.583 jmp 0.175 lo 0.0 4252s | window: 95%/5.23 ralow: 57%/9.69 lifts: 10%/1.09 ring: 66%/9.41 sngspa:  6%/1.13 sngspa:  5%/1.41 tunnel: 17%/6.08
[it  2560/4000           ppo] rew -0.0025 vl    5.098 ent -1.573 kl 0.0038 spd 0.571 jmp 0.178 lo 0.0 4269s | window: 95%/5.19 ralow: 60%/9.69 lifts:  7%/1.06 ring: 63%/9.44 sngspa:  5%/1.34 sngspa:  5%/1.55 tunnel: 17%/7.01
[it  2570/4000           ppo] rew -0.0018 vl    5.406 ent -1.575 kl 0.0035 spd 0.575 jmp 0.174 lo 0.0 4286s | window: 94%/5.15 ralow: 56%/9.69 lifts:  7%/1.16 ring: 65%/9.39 sngspa:  6%/1.32 sngspa:  4%/1.57 tunnel: 17%/7.39
[it  2580/4000           ppo] rew -0.0026 vl    4.889 ent -1.568 kl 0.0039 spd 0.569 jmp 0.177 lo 0.0 4302s | window: 92%/5.18 ralow: 58%/9.74 lifts: 10%/1.08 ring: 64%/9.28 sngspa:  6%/1.27 sngspa:  5%/1.16 tunnel: 20%/7.11
[it  2590/4000           ppo] rew -0.0025 vl    5.199 ent -1.575 kl 0.0038 spd 0.577 jmp 0.167 lo 0.0 4319s | window: 92%/5.25 ralow: 59%/9.69 lifts:  7%/1.09 ring: 64%/9.37 sngspa:  5%/1.23 sngspa:  6%/1.27 tunnel: 17%/7.04
[it  2600/4000           ppo] rew -0.0032 vl    5.003 ent -1.580 kl 0.0038 spd 0.568 jmp 0.168 lo 0.0 4336s | window: 93%/5.31 ralow: 56%/9.70 lifts:  8%/1.19 ring: 66%/9.34 sngspa:  7%/1.39 sngspa:  4%/1.60 tunnel: 18%/7.11
[it  2610/4000           ppo] rew -0.0023 vl    5.089 ent -1.575 kl 0.0040 spd 0.581 jmp 0.181 lo 0.0 4353s | window: 93%/5.28 ralow: 58%/9.65 lifts:  7%/0.89 ring: 64%/9.49 sngspa:  6%/1.57 sngspa:  5%/1.60 tunnel: 17%/7.62
[it  2620/4000           ppo] rew -0.0009 vl    4.852 ent -1.581 kl 0.0038 spd 0.583 jmp 0.172 lo 0.0 4370s | window: 94%/5.08 ralow: 60%/9.49 lifts:  8%/1.07 ring: 69%/9.32 sngspa:  6%/1.25 sngspa:  5%/1.30 tunnel: 18%/7.04
[it  2630/4000           ppo] rew -0.0001 vl    5.387 ent -1.586 kl 0.0039 spd 0.585 jmp 0.175 lo 0.0 4386s | window: 95%/5.01 ralow: 59%/9.45 lifts:  9%/1.18 ring: 69%/9.37 sngspa:  5%/1.06 sngspa:  4%/1.52 tunnel: 16%/6.87
[it  2640/4000           ppo] rew -0.0011 vl    5.050 ent -1.577 kl 0.0039 spd 0.583 jmp 0.181 lo 0.0 4403s | window: 95%/5.00 ralow: 57%/9.41 lifts:  8%/0.99 ring: 67%/9.32 sngspa:  5%/1.23 sngspa:  5%/1.26 tunnel: 17%/6.43
[it  2650/4000           ppo] rew -0.0014 vl    5.319 ent -1.588 kl 0.0037 spd 0.578 jmp 0.176 lo 0.0 4420s | window: 95%/5.00 ralow: 58%/9.39 lifts:  8%/1.19 ring: 65%/9.41 sngspa:  6%/1.37 sngspa:  5%/1.62 tunnel: 16%/6.44
[it  2660/4000           ppo] rew -0.0013 vl    5.170 ent -1.595 kl 0.0046 spd 0.584 jmp 0.169 lo 0.0 4436s | window: 95%/4.91 ralow: 56%/9.51 lifts:  6%/1.19 ring: 64%/9.31 sngspa:  5%/1.16 sngspa:  4%/1.16 tunnel: 16%/7.34
[it  2670/4000           ppo] rew -0.0014 vl    5.196 ent -1.596 kl 0.0035 spd 0.585 jmp 0.163 lo 0.0 4453s | window: 95%/4.89 ralow: 61%/9.60 lifts:  8%/1.02 ring: 67%/9.14 sngspa:  6%/1.25 sngspa:  5%/1.23 tunnel: 20%/6.76
[it  2680/4000           ppo] rew +0.0010 vl    5.136 ent -1.602 kl 0.0039 spd 0.595 jmp 0.160 lo 0.0 4470s | window: 95%/4.90 ralow: 63%/9.62 lifts:  8%/0.97 ring: 68%/9.28 sngspa:  7%/1.16 sngspa:  3%/1.65 tunnel: 19%/6.30
[it  2690/4000           ppo] rew +0.0013 vl    4.959 ent -1.601 kl 0.0036 spd 0.595 jmp 0.162 lo 0.0 4486s | window: 95%/4.86 ralow: 64%/9.64 lifts:  7%/0.88 ring: 69%/9.25 sngspa:  3%/0.94 sngspa:  4%/1.25 tunnel: 17%/6.73
[it  2700/4000           ppo] rew +0.0026 vl    5.109 ent -1.611 kl 0.0036 spd 0.612 jmp 0.160 lo 0.0 4503s | window: 96%/4.84 ralow: 65%/9.48 lifts:  9%/1.01 ring: 68%/9.34 sngspa:  6%/1.25 sngspa:  6%/1.17 tunnel: 19%/7.78
[it  2710/4000           ppo] rew -0.0001 vl    5.061 ent -1.617 kl 0.0035 spd 0.596 jmp 0.158 lo 0.0 4520s | window: 97%/4.87 ralow: 65%/9.55 lifts:  7%/0.99 ring: 68%/9.20 sngspa:  7%/1.33 sngspa:  4%/1.34 tunnel: 19%/7.17
[it  2720/4000           ppo] rew +0.0010 vl    5.016 ent -1.621 kl 0.0036 spd 0.607 jmp 0.153 lo 0.0 4537s | window: 96%/4.84 ralow: 66%/9.58 lifts:  6%/0.84 ring: 68%/9.32 sngspa:  5%/1.01 sngspa:  6%/1.19 tunnel: 18%/8.19
[it  2730/4000           ppo] rew -0.0005 vl    5.303 ent -1.620 kl 0.0035 spd 0.578 jmp 0.150 lo 0.0 4553s | window: 95%/4.83 ralow: 66%/9.38 lifts:  6%/0.90 ring: 69%/9.21 sngspa:  5%/1.04 sngspa:  5%/1.44 tunnel: 18%/7.55
[it  2740/4000           ppo] rew -0.0003 vl    5.129 ent -1.619 kl 0.0037 spd 0.599 jmp 0.150 lo 0.0 4570s | window: 95%/4.79 ralow: 60%/9.38 lifts:  6%/0.87 ring: 67%/9.30 sngspa:  5%/1.40 sngspa:  4%/1.11 tunnel: 19%/7.69
[it  2750/4000           ppo] rew +0.0014 vl    5.139 ent -1.621 kl 0.0037 spd 0.598 jmp 0.150 lo 0.0 4587s | window: 94%/4.82 ralow: 62%/9.32 lifts:  7%/0.95 ring: 70%/9.38 sngspa:  5%/0.96 sngspa:  6%/1.29 tunnel: 21%/7.53
[it  2760/4000           ppo] rew +0.0009 vl    5.234 ent -1.614 kl 0.0039 spd 0.600 jmp 0.157 lo 0.0 4603s | window: 95%/4.82 ralow: 65%/9.30 lifts:  6%/1.03 ring: 72%/9.44 sngspa:  4%/1.27 sngspa:  4%/1.22 tunnel: 21%/7.15
[it  2770/4000           ppo] rew +0.0018 vl    4.860 ent -1.615 kl 0.0036 spd 0.607 jmp 0.158 lo 0.0 4620s | window: 96%/4.77 ralow: 66%/9.60 lifts:  8%/1.00 ring: 71%/9.24 sngspa:  5%/1.37 sngspa:  3%/1.16 tunnel: 19%/7.32
[it  2780/4000           ppo] rew +0.0017 vl    5.186 ent -1.621 kl 0.0036 spd 0.615 jmp 0.160 lo 0.0 4637s | window: 96%/4.77 ralow: 68%/9.65 lifts:  7%/0.98 ring: 69%/9.27 sngspa:  5%/1.14 sngspa:  3%/1.18 tunnel: 23%/7.88
[it  2790/4000           ppo] rew -0.0003 vl    4.966 ent -1.614 kl 0.0037 spd 0.602 jmp 0.160 lo 0.0 4653s | window: 96%/4.76 ralow: 67%/9.77 lifts:  7%/0.98 ring: 71%/9.34 sngspa:  6%/1.09 sngspa:  5%/1.26 tunnel: 26%/9.16
[it  2800/4000           ppo] rew +0.0016 vl    5.158 ent -1.613 kl 0.0035 spd 0.609 jmp 0.166 lo 0.0 4670s | window: 96%/4.75 ralow: 69%/9.71 lifts:  7%/1.11 ring: 67%/9.28 sngspa:  6%/1.01 sngspa:  4%/1.15 tunnel: 26%/10.00
[it  2810/4000           ppo] rew +0.0012 vl    5.023 ent -1.617 kl 0.0035 spd 0.598 jmp 0.166 lo 0.0 4687s | window: 96%/4.75 ralow: 66%/9.62 lifts:  8%/1.07 ring: 70%/9.31 sngspa:  7%/1.32 sngspa:  6%/1.37 tunnel: 24%/10.82
[it  2820/4000           ppo] rew +0.0021 vl    5.405 ent -1.614 kl 0.0042 spd 0.600 jmp 0.172 lo 0.0 4703s | window: 95%/4.73 ralow: 67%/9.67 lifts:  8%/1.19 ring: 72%/9.38 sngspa:  5%/1.63 sngspa:  5%/1.23 tunnel: 25%/8.34
[it  2830/4000           ppo] rew +0.0018 vl    5.226 ent -1.607 kl 0.0037 spd 0.596 jmp 0.173 lo 0.0 4720s | window: 95%/4.73 ralow: 63%/9.59 lifts:  8%/1.11 ring: 67%/9.35 sngspa:  6%/1.19 sngspa:  5%/1.46 tunnel: 21%/8.04
[it  2840/4000           ppo] rew +0.0011 vl    5.300 ent -1.609 kl 0.0036 spd 0.599 jmp 0.171 lo 0.0 4737s | window: 96%/4.75 ralow: 63%/9.55 lifts:  8%/1.04 ring: 68%/9.30 sngspa:  7%/1.37 sngspa:  4%/1.52 tunnel: 16%/7.08
[it  2850/4000           ppo] rew +0.0009 vl    5.095 ent -1.611 kl 0.0039 spd 0.610 jmp 0.174 lo 0.0 4753s | window: 97%/4.72 ralow: 65%/9.59 lifts:  8%/1.13 ring: 69%/9.31 sngspa:  7%/1.23 sngspa:  6%/1.33 tunnel: 18%/7.13
[it  2860/4000           ppo] rew +0.0023 vl    5.089 ent -1.611 kl 0.0034 spd 0.604 jmp 0.170 lo 0.0 4770s | window: 96%/4.76 ralow: 67%/9.69 lifts:  9%/1.06 ring: 70%/9.27 sngspa:  6%/1.25 sngspa:  5%/1.25 tunnel: 20%/7.78
[it  2870/4000           ppo] rew +0.0016 vl    4.964 ent -1.622 kl 0.0040 spd 0.613 jmp 0.165 lo 0.0 4787s | window: 95%/4.70 ralow: 66%/9.58 lifts:  8%/1.12 ring: 71%/9.28 sngspa:  5%/1.47 sngspa:  5%/1.46 tunnel: 23%/7.81
[it  2880/4000           ppo] rew +0.0017 vl    5.175 ent -1.629 kl 0.0037 spd 0.611 jmp 0.170 lo 0.0 4804s | window: 96%/4.70 ralow: 67%/9.62 lifts:  7%/1.09 ring: 69%/9.30 sngspa:  7%/1.04 sngspa:  5%/1.50 tunnel: 23%/11.86
[it  2890/4000           ppo] rew +0.0023 vl    5.163 ent -1.632 kl 0.0037 spd 0.614 jmp 0.164 lo 0.0 4820s | window: 97%/4.76 ralow: 68%/9.51 lifts:  9%/1.10 ring: 71%/9.21 sngspa:  8%/1.23 sngspa:  6%/1.50 tunnel: 21%/8.27
[it  2900/4000           ppo] rew +0.0017 vl    5.114 ent -1.632 kl 0.0037 spd 0.611 jmp 0.160 lo 0.0 4837s | window: 96%/4.72 ralow: 68%/9.55 lifts: 10%/1.05 ring: 74%/9.20 sngspa:  7%/1.22 sngspa:  6%/1.72 tunnel: 22%/7.47
[it  2910/4000           ppo] rew +0.0015 vl    5.029 ent -1.626 kl 0.0036 spd 0.618 jmp 0.163 lo 0.0 4854s | window: 96%/4.69 ralow: 69%/9.51 lifts:  8%/1.22 ring: 71%/9.30 sngspa:  7%/1.09 sngspa:  5%/1.48 tunnel: 22%/7.94
[it  2920/4000           ppo] rew +0.0023 vl    5.014 ent -1.618 kl 0.0040 spd 0.616 jmp 0.162 lo 0.0 4871s | window: 95%/4.72 ralow: 67%/9.52 lifts:  9%/1.26 ring: 73%/9.20 sngspa:  5%/1.43 sngspa:  5%/1.30 tunnel: 27%/10.40
[it  2930/4000           ppo] rew +0.0031 vl    5.237 ent -1.621 kl 0.0038 spd 0.622 jmp 0.161 lo 0.0 4887s | window: 96%/4.72 ralow: 70%/9.44 lifts:  9%/1.19 ring: 73%/9.28 sngspa:  7%/1.34 sngspa:  4%/1.48 tunnel: 30%/8.93
[it  2940/4000           ppo] rew +0.0032 vl    5.082 ent -1.618 kl 0.0037 spd 0.618 jmp 0.165 lo 0.0 4904s | window: 96%/4.70 ralow: 67%/9.51 lifts:  7%/1.37 ring: 72%/9.21 sngspa:  6%/1.19 sngspa:  5%/1.26 tunnel: 30%/9.04
[it  2950/4000           ppo] rew +0.0029 vl    5.186 ent -1.619 kl 0.0035 spd 0.628 jmp 0.166 lo 0.0 4921s | window: 97%/4.65 ralow: 72%/9.58 lifts:  8%/1.19 ring: 72%/9.20 sngspa:  7%/1.32 sngspa:  6%/1.50 tunnel: 29%/10.70
[it  2960/4000           ppo] rew +0.0030 vl    5.038 ent -1.612 kl 0.0037 spd 0.621 jmp 0.171 lo 0.0 4938s | window: 96%/4.66 ralow: 68%/9.45 lifts:  7%/1.04 ring: 73%/9.21 sngspa:  7%/1.46 sngspa:  7%/1.66 tunnel: 30%/11.96
[it  2970/4000           ppo] rew +0.0018 vl    5.073 ent -1.614 kl 0.0039 spd 0.624 jmp 0.171 lo 0.0 4954s | window: 97%/4.63 ralow: 68%/9.30 lifts:  8%/1.15 ring: 74%/9.21 sngspa:  8%/1.24 sngspa:  4%/1.45 tunnel: 28%/12.17
[it  2980/4000           ppo] rew +0.0018 vl    5.131 ent -1.619 kl 0.0038 spd 0.613 jmp 0.170 lo 0.0 4971s | window: 96%/4.58 ralow: 66%/9.31 lifts:  7%/1.12 ring: 74%/9.10 sngspa:  7%/1.34 sngspa:  6%/1.37 tunnel: 27%/11.96
[it  2990/4000           ppo] rew +0.0015 vl    5.178 ent -1.625 kl 0.0034 spd 0.620 jmp 0.168 lo 0.0 4988s | window: 96%/4.61 ralow: 65%/9.45 lifts: 10%/1.29 ring: 74%/9.17 sngspa:  8%/1.27 sngspa:  4%/1.29 tunnel: 26%/8.40
[it  3000/4000           ppo] rew +0.0026 vl    4.899 ent -1.628 kl 0.0034 spd 0.619 jmp 0.172 lo 0.0 5004s | window: 96%/4.61 ralow: 69%/9.41 lifts:  8%/1.26 ring: 73%/9.21 sngspa:  7%/1.25 sngspa:  6%/1.48 tunnel: 27%/9.58
[it  3010/4000           ppo] rew +0.0014 vl    4.910 ent -1.622 kl 0.0039 spd 0.618 jmp 0.177 lo 0.0 5021s | window: 96%/4.61 ralow: 67%/9.28 lifts:  7%/1.18 ring: 75%/9.09 sngspa:  5%/1.40 sngspa:  5%/1.41 tunnel: 28%/11.61
[it  3020/4000           ppo] rew +0.0017 vl    5.248 ent -1.626 kl 0.0038 spd 0.619 jmp 0.174 lo 0.0 5037s | window: 96%/4.65 ralow: 64%/9.44 lifts:  8%/1.05 ring: 73%/9.21 sngspa:  5%/1.26 sngspa:  5%/1.50 tunnel: 26%/12.03
[it  3030/4000           ppo] rew +0.0019 vl    4.914 ent -1.635 kl 0.0034 spd 0.628 jmp 0.173 lo 0.0 5054s | window: 96%/4.61 ralow: 68%/9.55 lifts:  8%/1.25 ring: 74%/9.17 sngspa:  6%/1.22 sngspa:  4%/1.44 tunnel: 30%/12.30
[it  3040/4000           ppo] rew +0.0021 vl    4.935 ent -1.635 kl 0.0041 spd 0.625 jmp 0.172 lo 0.0 5071s | window: 96%/4.66 ralow: 69%/9.55 lifts:  9%/1.20 ring: 76%/9.30 sngspa:  4%/1.21 sngspa:  3%/1.68 tunnel: 33%/11.96
[it  3050/4000           ppo] rew +0.0021 vl    5.106 ent -1.637 kl 0.0035 spd 0.623 jmp 0.170 lo 0.0 5087s | window: 95%/4.65 ralow: 72%/9.56 lifts:  7%/1.23 ring: 73%/9.36 sngspa:  5%/1.34 sngspa:  4%/1.58 tunnel: 32%/10.54
[it  3060/4000           ppo] rew +0.0031 vl    4.930 ent -1.631 kl 0.0042 spd 0.628 jmp 0.177 lo 0.0 5104s | window: 95%/4.61 ralow: 70%/9.62 lifts:  7%/1.21 ring: 74%/9.25 sngspa:  5%/1.20 sngspa:  5%/1.65 tunnel: 29%/9.35
[it  3070/4000           ppo] rew +0.0030 vl    5.087 ent -1.634 kl 0.0034 spd 0.630 jmp 0.176 lo 0.0 5121s | window: 95%/4.59 ralow: 74%/9.51 lifts:  8%/1.16 ring: 75%/9.30 sngspa:  4%/1.20 sngspa:  5%/1.62 tunnel: 31%/9.38
[it  3080/4000           ppo] rew +0.0031 vl    4.969 ent -1.637 kl 0.0040 spd 0.627 jmp 0.166 lo 0.0 5138s | window: 96%/4.62 ralow: 73%/9.41 lifts:  9%/1.22 ring: 75%/9.24 sngspa:  6%/1.18 sngspa:  5%/1.94 tunnel: 31%/11.23
[it  3090/4000           ppo] rew +0.0032 vl    5.147 ent -1.642 kl 0.0036 spd 0.623 jmp 0.164 lo 0.0 5154s | window: 96%/4.62 ralow: 69%/9.28 lifts:  9%/1.15 ring: 76%/9.21 sngspa:  5%/1.08 sngspa:  5%/1.50 tunnel: 33%/12.00
[it  3100/4000           ppo] rew +0.0038 vl    4.893 ent -1.645 kl 0.0037 spd 0.636 jmp 0.168 lo 0.0 5171s | window: 96%/4.65 ralow: 70%/9.28 lifts:  8%/1.20 ring: 76%/9.27 sngspa:  7%/1.51 sngspa:  7%/1.55 tunnel: 28%/10.93
[it  3110/4000           ppo] rew +0.0029 vl    5.294 ent -1.650 kl 0.0039 spd 0.620 jmp 0.168 lo 0.0 5188s | window: 96%/4.61 ralow: 69%/9.25 lifts:  7%/1.27 ring: 77%/9.18 sngspa:  8%/1.18 sngspa:  5%/1.85 tunnel: 29%/9.77
[it  3120/4000           ppo] rew +0.0036 vl    5.348 ent -1.647 kl 0.0033 spd 0.631 jmp 0.170 lo 0.0 5205s | window: 96%/4.62 ralow: 69%/9.17 lifts:  9%/1.20 ring: 76%/9.25 sngspa:  6%/1.42 sngspa:  6%/1.41 tunnel: 28%/10.85
[it  3130/4000           ppo] rew +0.0034 vl    5.228 ent -1.651 kl 0.0036 spd 0.628 jmp 0.163 lo 0.0 5221s | window: 96%/4.62 ralow: 69%/9.23 lifts:  9%/1.23 ring: 74%/9.18 sngspa:  8%/1.34 sngspa:  5%/1.17 tunnel: 30%/10.60
[it  3140/4000           ppo] rew +0.0036 vl    5.089 ent -1.651 kl 0.0032 spd 0.635 jmp 0.159 lo 0.0 5238s | window: 95%/4.55 ralow: 70%/9.11 lifts:  9%/1.25 ring: 78%/9.16 sngspa:  5%/1.32 sngspa:  5%/1.46 tunnel: 32%/11.89
[it  3150/4000           ppo] rew +0.0032 vl    5.151 ent -1.654 kl 0.0035 spd 0.629 jmp 0.160 lo 0.0 5255s | window: 96%/4.51 ralow: 68%/9.13 lifts:  9%/1.04 ring: 77%/9.13 sngspa:  6%/1.34 sngspa:  6%/1.29 tunnel: 32%/12.22
[it  3160/4000           ppo] rew +0.0056 vl    5.294 ent -1.655 kl 0.0034 spd 0.640 jmp 0.160 lo 0.0 5272s | window: 97%/4.55 ralow: 68%/9.17 lifts:  7%/1.25 ring: 76%/9.14 sngspa:  6%/1.50 sngspa:  5%/1.62 tunnel: 29%/11.38
[it  3170/4000           ppo] rew +0.0027 vl    5.188 ent -1.649 kl 0.0033 spd 0.626 jmp 0.171 lo 0.0 5288s | window: 97%/4.56 ralow: 69%/9.11 lifts:  9%/1.20 ring: 77%/9.13 sngspa:  5%/1.32 sngspa:  4%/1.39 tunnel: 31%/11.93
[it  3180/4000           ppo] rew +0.0025 vl    5.257 ent -1.649 kl 0.0033 spd 0.629 jmp 0.177 lo 0.0 5305s | window: 96%/4.56 ralow: 68%/9.10 lifts:  8%/1.18 ring: 74%/9.13 sngspa:  8%/1.57 sngspa:  4%/1.49 tunnel: 32%/8.79
[it  3190/4000           ppo] rew +0.0039 vl    4.999 ent -1.650 kl 0.0032 spd 0.633 jmp 0.177 lo 0.0 5322s | window: 95%/4.56 ralow: 67%/9.17 lifts:  8%/1.25 ring: 76%/9.25 sngspa:  5%/1.44 sngspa:  5%/1.25 tunnel: 34%/11.97
[it  3200/4000           ppo] rew +0.0041 vl    4.983 ent -1.647 kl 0.0034 spd 0.639 jmp 0.180 lo 0.0 5338s | window: 96%/4.54 ralow: 67%/9.25 lifts: 10%/1.26 ring: 77%/9.16 sngspa:  5%/1.47 sngspa:  6%/1.77 tunnel: 35%/11.86
[it  3210/4000           ppo] rew +0.0053 vl    5.200 ent -1.657 kl 0.0038 spd 0.640 jmp 0.172 lo 0.0 5355s | window: 97%/4.54 ralow: 71%/9.20 lifts:  8%/1.16 ring: 76%/9.18 sngspa:  6%/1.10 sngspa:  5%/1.50 tunnel: 37%/12.03
[it  3220/4000           ppo] rew +0.0048 vl    4.983 ent -1.660 kl 0.0034 spd 0.645 jmp 0.172 lo 0.0 5372s | window: 97%/4.48 ralow: 71%/9.17 lifts:  8%/1.23 ring: 76%/9.28 sngspa:  6%/1.37 sngspa:  6%/1.47 tunnel: 36%/11.79
[it  3230/4000           ppo] rew +0.0037 vl    4.938 ent -1.658 kl 0.0033 spd 0.631 jmp 0.170 lo 0.0 5389s | window: 97%/4.45 ralow: 72%/9.13 lifts:  8%/1.23 ring: 77%/9.25 sngspa:  7%/1.57 sngspa:  7%/1.37 tunnel: 35%/12.19
[it  3240/4000           ppo] rew +0.0041 vl    5.163 ent -1.654 kl 0.0036 spd 0.640 jmp 0.171 lo 0.0 5406s | window: 97%/4.55 ralow: 70%/9.12 lifts:  9%/1.24 ring: 78%/9.24 sngspa:  7%/1.50 sngspa:  5%/1.48 tunnel: 29%/11.89
[it  3250/4000           ppo] rew +0.0028 vl    5.094 ent -1.660 kl 0.0032 spd 0.635 jmp 0.168 lo 0.0 5422s | window: 97%/4.49 ralow: 69%/9.18 lifts:  9%/1.22 ring: 77%/9.27 sngspa:  7%/1.45 sngspa:  7%/1.41 tunnel: 32%/11.72
[it  3260/4000           ppo] rew +0.0039 vl    5.141 ent -1.667 kl 0.0033 spd 0.645 jmp 0.172 lo 0.0 5439s | window: 97%/4.54 ralow: 69%/9.23 lifts:  8%/1.10 ring: 75%/9.23 sngspa:  7%/1.23 sngspa:  6%/1.20 tunnel: 31%/12.42
[it  3270/4000           ppo] rew +0.0054 vl    5.101 ent -1.672 kl 0.0038 spd 0.648 jmp 0.168 lo 0.0 5456s | window: 96%/4.48 ralow: 71%/9.20 lifts:  7%/1.16 ring: 77%/9.21 sngspa:  5%/1.36 sngspa:  4%/1.61 tunnel: 38%/12.05
[it  3280/4000           ppo] rew +0.0042 vl    5.061 ent -1.674 kl 0.0043 spd 0.645 jmp 0.168 lo 0.0 5473s | window: 97%/4.55 ralow: 71%/9.16 lifts:  7%/1.20 ring: 78%/9.23 sngspa:  8%/1.27 sngspa:  5%/1.44 tunnel: 34%/12.24
[it  3290/4000           ppo] rew +0.0048 vl    4.548 ent -1.678 kl 0.0033 spd 0.648 jmp 0.163 lo 0.0 5490s | window: 97%/4.42 ralow: 70%/9.17 lifts:  9%/1.14 ring: 78%/9.20 sngspa:  8%/1.15 sngspa:  5%/1.29 tunnel: 37%/12.28
[it  3300/4000           ppo] rew +0.0055 vl    5.162 ent -1.680 kl 0.0035 spd 0.647 jmp 0.162 lo 0.0 5506s | window: 96%/4.47 ralow: 69%/9.07 lifts:  9%/1.25 ring: 79%/9.14 sngspa:  6%/1.11 sngspa:  5%/1.34 tunnel: 36%/11.94
[it  3310/4000           ppo] rew +0.0057 vl    5.006 ent -1.678 kl 0.0034 spd 0.647 jmp 0.163 lo 0.0 5523s | window: 96%/4.42 ralow: 69%/9.04 lifts:  9%/1.06 ring: 79%/9.13 sngspa:  9%/1.23 sngspa:  6%/1.63 tunnel: 36%/12.24
[it  3320/4000           ppo] rew +0.0054 vl    4.949 ent -1.682 kl 0.0031 spd 0.647 jmp 0.161 lo 0.0 5540s | window: 97%/4.47 ralow: 69%/9.10 lifts:  9%/1.16 ring: 79%/9.21 sngspa:  5%/1.53 sngspa:  5%/1.36 tunnel: 40%/12.01
[it  3330/4000           ppo] rew +0.0040 vl    5.029 ent -1.681 kl 0.0031 spd 0.644 jmp 0.162 lo 0.0 5557s | window: 96%/4.55 ralow: 74%/9.10 lifts:  9%/1.08 ring: 79%/9.23 sngspa:  7%/1.30 sngspa:  4%/1.58 tunnel: 40%/12.24
[it  3340/4000           ppo] rew +0.0055 vl    5.048 ent -1.679 kl 0.0032 spd 0.648 jmp 0.163 lo 0.0 5574s | window: 96%/4.45 ralow: 71%/9.08 lifts:  8%/1.08 ring: 79%/9.14 sngspa:  7%/1.34 sngspa:  5%/1.51 tunnel: 38%/12.08
[it  3350/4000           ppo] rew +0.0041 vl    4.918 ent -1.678 kl 0.0031 spd 0.648 jmp 0.160 lo 0.0 5590s | window: 96%/4.44 ralow: 71%/9.07 lifts:  8%/1.20 ring: 79%/9.10 sngspa:  7%/1.58 sngspa:  6%/1.64 tunnel: 40%/12.21
[it  3360/4000           ppo] rew +0.0046 vl    5.055 ent -1.674 kl 0.0033 spd 0.644 jmp 0.165 lo 0.0 5607s | window: 96%/4.49 ralow: 71%/9.02 lifts: 10%/1.27 ring: 79%/9.10 sngspa:  7%/1.34 sngspa:  6%/1.72 tunnel: 38%/12.28
[it  3370/4000           ppo] rew +0.0054 vl    5.174 ent -1.673 kl 0.0030 spd 0.644 jmp 0.167 lo 0.0 5624s | window: 97%/4.47 ralow: 67%/9.20 lifts: 10%/1.21 ring: 79%/9.10 sngspa:  7%/1.39 sngspa:  5%/1.51 tunnel: 36%/12.05
[it  3380/4000           ppo] rew +0.0049 vl    5.049 ent -1.671 kl 0.0033 spd 0.640 jmp 0.164 lo 0.0 5641s | window: 97%/4.41 ralow: 68%/9.20 lifts:  8%/1.26 ring: 80%/9.10 sngspa:  8%/1.20 sngspa:  7%/1.49 tunnel: 32%/9.28
[it  3390/4000           ppo] rew +0.0051 vl    4.934 ent -1.667 kl 0.0028 spd 0.656 jmp 0.165 lo 0.0 5658s | window: 96%/4.44 ralow: 69%/9.17 lifts:  8%/1.00 ring: 78%/9.13 sngspa:  8%/1.27 sngspa:  5%/1.61 tunnel: 38%/12.18
[it  3400/4000           ppo] rew +0.0060 vl    5.119 ent -1.668 kl 0.0035 spd 0.645 jmp 0.167 lo 0.0 5675s | window: 97%/4.37 ralow: 67%/9.10 lifts:  8%/1.26 ring: 78%/9.13 sngspa:  7%/1.28 sngspa:  5%/1.44 tunnel: 40%/12.33
[it  3410/4000           ppo] rew +0.0051 vl    5.014 ent -1.663 kl 0.0032 spd 0.660 jmp 0.166 lo 0.0 5692s | window: 97%/4.35 ralow: 67%/9.13 lifts:  8%/1.20 ring: 78%/9.09 sngspa:  7%/1.44 sngspa:  4%/1.33 tunnel: 38%/12.42
[it  3420/4000           ppo] rew +0.0041 vl    4.896 ent -1.670 kl 0.0031 spd 0.645 jmp 0.164 lo 0.0 5708s | window: 97%/4.41 ralow: 72%/9.14 lifts: 10%/1.30 ring: 80%/9.10 sngspa:  6%/1.46 sngspa:  5%/1.47 tunnel: 39%/12.18
[it  3430/4000           ppo] rew +0.0052 vl    5.190 ent -1.665 kl 0.0030 spd 0.652 jmp 0.166 lo 0.0 5725s | window: 97%/4.42 ralow: 69%/9.09 lifts:  8%/1.12 ring: 79%/9.14 sngspa:  7%/1.34 sngspa:  5%/1.40 tunnel: 38%/11.96
[it  3440/4000           ppo] rew +0.0043 vl    4.875 ent -1.670 kl 0.0033 spd 0.642 jmp 0.167 lo 0.0 5742s | window: 97%/4.44 ralow: 69%/9.04 lifts:  8%/1.11 ring: 77%/9.16 sngspa:  6%/1.43 sngspa:  5%/1.53 tunnel: 38%/12.15
[it  3450/4000           ppo] rew +0.0055 vl    5.308 ent -1.670 kl 0.0031 spd 0.660 jmp 0.169 lo 0.0 5759s | window: 96%/4.45 ralow: 69%/9.16 lifts:  7%/1.12 ring: 79%/9.14 sngspa:  5%/1.53 sngspa:  5%/1.72 tunnel: 37%/12.29
[it  3460/4000           ppo] rew +0.0051 vl    5.070 ent -1.679 kl 0.0031 spd 0.649 jmp 0.164 lo 0.0 5776s | window: 96%/4.47 ralow: 73%/9.16 lifts:  8%/1.18 ring: 79%/9.13 sngspa:  5%/1.41 sngspa:  5%/1.47 tunnel: 41%/12.24
[it  3470/4000           ppo] rew +0.0058 vl    5.202 ent -1.679 kl 0.0032 spd 0.657 jmp 0.162 lo 0.0 5793s | window: 97%/4.47 ralow: 72%/9.16 lifts:  8%/1.15 ring: 79%/9.23 sngspa:  5%/1.04 sngspa:  5%/1.36 tunnel: 40%/12.25
[it  3480/4000           ppo] rew +0.0049 vl    4.907 ent -1.678 kl 0.0032 spd 0.658 jmp 0.170 lo 0.0 5809s | window: 97%/4.41 ralow: 72%/9.23 lifts:  8%/1.27 ring: 79%/9.16 sngspa:  6%/1.53 sngspa:  3%/1.53 tunnel: 41%/12.26
[it  3490/4000           ppo] rew +0.0065 vl    5.269 ent -1.680 kl 0.0032 spd 0.658 jmp 0.165 lo 0.0 5826s | window: 97%/4.42 ralow: 71%/9.17 lifts:  8%/1.18 ring: 79%/9.14 sngspa:  5%/1.36 sngspa:  4%/1.16 tunnel: 44%/12.31
[it  3500/4000           ppo] rew +0.0045 vl    4.896 ent -1.686 kl 0.0037 spd 0.656 jmp 0.159 lo 0.0 5843s | window: 97%/4.42 ralow: 70%/9.23 lifts:  9%/1.18 ring: 78%/9.19 sngspa:  5%/1.60 sngspa:  6%/1.53 tunnel: 45%/12.32
[it  3510/4000           ppo] rew +0.0049 vl    5.498 ent -1.688 kl 0.0029 spd 0.656 jmp 0.160 lo 0.0 5860s | window: 97%/4.40 ralow: 69%/9.25 lifts:  7%/1.23 ring: 78%/9.18 sngspa:  6%/1.55 sngspa:  5%/1.48 tunnel: 44%/12.13
[it  3520/4000           ppo] rew +0.0057 vl    4.822 ent -1.693 kl 0.0031 spd 0.656 jmp 0.159 lo 0.0 5877s | window: 96%/4.40 ralow: 72%/9.18 lifts:  9%/1.25 ring: 79%/9.13 sngspa:  8%/1.43 sngspa:  5%/1.55 tunnel: 44%/12.05
[it  3530/4000           ppo] rew +0.0052 vl    5.099 ent -1.689 kl 0.0031 spd 0.658 jmp 0.163 lo 0.0 5893s | window: 96%/4.40 ralow: 70%/9.10 lifts:  8%/1.26 ring: 81%/9.11 sngspa:  5%/1.69 sngspa:  5%/1.46 tunnel: 43%/12.21
[it  3540/4000           ppo] rew +0.0052 vl    4.992 ent -1.689 kl 0.0032 spd 0.655 jmp 0.158 lo 0.0 5910s | window: 96%/4.41 ralow: 70%/9.18 lifts:  8%/1.17 ring: 81%/9.16 sngspa:  6%/1.34 sngspa:  6%/1.57 tunnel: 44%/12.36
[it  3550/4000           ppo] rew +0.0048 vl    4.888 ent -1.690 kl 0.0029 spd 0.662 jmp 0.166 lo 0.0 5927s | window: 96%/4.44 ralow: 70%/9.20 lifts:  8%/1.20 ring: 78%/9.23 sngspa:  5%/1.30 sngspa:  4%/1.37 tunnel: 43%/12.40
[it  3560/4000           ppo] rew +0.0057 vl    5.155 ent -1.687 kl 0.0028 spd 0.675 jmp 0.170 lo 0.0 5944s | window: 96%/4.44 ralow: 74%/9.34 lifts:  8%/0.95 ring: 80%/9.13 sngspa:  5%/1.29 sngspa:  5%/1.53 tunnel: 46%/12.35
[it  3570/4000           ppo] rew +0.0052 vl    4.973 ent -1.690 kl 0.0029 spd 0.655 jmp 0.164 lo 0.0 5961s | window: 97%/4.42 ralow: 74%/9.30 lifts: 10%/1.19 ring: 80%/9.09 sngspa:  4%/1.36 sngspa:  4%/1.47 tunnel: 45%/12.42
[it  3580/4000           ppo] rew +0.0056 vl    5.226 ent -1.692 kl 0.0032 spd 0.665 jmp 0.166 lo 0.0 5978s | window: 97%/4.42 ralow: 75%/9.27 lifts:  9%/1.11 ring: 80%/9.18 sngspa:  7%/1.27 sngspa:  3%/1.29 tunnel: 40%/12.24
[it  3590/4000           ppo] rew +0.0053 vl    4.698 ent -1.693 kl 0.0031 spd 0.668 jmp 0.167 lo 0.0 5994s | window: 97%/4.44 ralow: 73%/9.20 lifts: 10%/1.11 ring: 79%/9.10 sngspa:  5%/1.37 sngspa:  5%/1.61 tunnel: 41%/12.38
[it  3600/4000           ppo] rew +0.0059 vl    4.935 ent -1.694 kl 0.0033 spd 0.668 jmp 0.165 lo 0.0 6011s | window: 97%/4.42 ralow: 74%/9.20 lifts:  8%/1.36 ring: 81%/9.11 sngspa:  6%/1.36 sngspa:  6%/1.62 tunnel: 43%/12.44
[it  3610/4000           ppo] rew +0.0058 vl    4.775 ent -1.696 kl 0.0028 spd 0.668 jmp 0.163 lo 0.0 6028s | window: 97%/4.47 ralow: 73%/9.16 lifts:  8%/1.46 ring: 81%/9.09 sngspa:  8%/1.44 sngspa:  5%/1.75 tunnel: 44%/12.16
[it  3620/4000           ppo] rew +0.0060 vl    4.973 ent -1.698 kl 0.0030 spd 0.669 jmp 0.153 lo 0.0 6045s | window: 96%/4.47 ralow: 73%/9.11 lifts:  8%/1.37 ring: 81%/9.06 sngspa:  6%/1.53 sngspa:  4%/1.43 tunnel: 43%/12.15
[it  3630/4000           ppo] rew +0.0055 vl    4.857 ent -1.706 kl 0.0028 spd 0.660 jmp 0.146 lo 0.0 6061s | window: 96%/4.47 ralow: 72%/9.13 lifts:  8%/1.25 ring: 80%/9.09 sngspa:  6%/1.44 sngspa:  3%/1.69 tunnel: 43%/12.19
[it  3640/4000           ppo] rew +0.0064 vl    5.218 ent -1.706 kl 0.0029 spd 0.681 jmp 0.143 lo 0.0 6078s | window: 96%/4.45 ralow: 73%/9.18 lifts:  7%/1.32 ring: 80%/8.97 sngspa:  5%/1.43 sngspa:  4%/1.82 tunnel: 43%/12.12
[it  3650/4000           ppo] rew +0.0070 vl    5.152 ent -1.704 kl 0.0028 spd 0.672 jmp 0.148 lo 0.0 6095s | window: 97%/4.44 ralow: 78%/9.16 lifts:  8%/1.23 ring: 81%/9.00 sngspa:  7%/1.40 sngspa:  4%/1.72 tunnel: 42%/12.14
[it  3660/4000           ppo] rew +0.0069 vl    5.136 ent -1.702 kl 0.0029 spd 0.687 jmp 0.145 lo 0.0 6112s | window: 98%/4.42 ralow: 78%/9.23 lifts:  9%/1.41 ring: 81%/8.96 sngspa:  5%/1.40 sngspa:  4%/1.74 tunnel: 47%/12.21
[it  3670/4000           ppo] rew +0.0066 vl    4.979 ent -1.704 kl 0.0029 spd 0.675 jmp 0.149 lo 0.0 6129s | window: 97%/4.45 ralow: 77%/9.25 lifts:  7%/1.27 ring: 82%/9.02 sngspa:  4%/1.06 sngspa:  4%/1.51 tunnel: 48%/12.22
[it  3680/4000           ppo] rew +0.0062 vl    4.993 ent -1.706 kl 0.0028 spd 0.683 jmp 0.147 lo 0.0 6145s | window: 97%/4.45 ralow: 79%/9.27 lifts:  8%/1.34 ring: 83%/9.06 sngspa:  5%/1.32 sngspa:  4%/1.63 tunnel: 47%/12.33
[it  3690/4000           ppo] rew +0.0055 vl    5.093 ent -1.712 kl 0.0029 spd 0.669 jmp 0.146 lo 0.0 6162s | window: 96%/4.47 ralow: 76%/9.16 lifts:  9%/1.50 ring: 82%/9.00 sngspa:  5%/1.53 sngspa:  3%/1.63 tunnel: 48%/12.26
[it  3700/4000           ppo] rew +0.0058 vl    4.864 ent -1.714 kl 0.0028 spd 0.677 jmp 0.145 lo 0.0 6179s | window: 96%/4.49 ralow: 80%/9.14 lifts:  7%/1.47 ring: 83%/9.02 sngspa:  6%/1.58 sngspa:  3%/1.55 tunnel: 46%/12.12
[it  3710/4000           ppo] rew +0.0073 vl    4.947 ent -1.713 kl 0.0028 spd 0.676 jmp 0.146 lo 0.0 6196s | window: 95%/4.48 ralow: 78%/9.13 lifts:  8%/1.56 ring: 83%/9.01 sngspa:  5%/1.33 sngspa:  3%/1.94 tunnel: 48%/12.14
[it  3720/4000           ppo] rew +0.0065 vl    4.918 ent -1.712 kl 0.0030 spd 0.672 jmp 0.144 lo 0.0 6212s | window: 96%/4.45 ralow: 78%/9.04 lifts:  7%/1.39 ring: 83%/8.95 sngspa:  5%/1.67 sngspa:  5%/1.60 tunnel: 48%/12.07
[it  3730/4000           ppo] rew +0.0060 vl    4.817 ent -1.713 kl 0.0028 spd 0.677 jmp 0.144 lo 0.0 6229s | window: 97%/4.45 ralow: 75%/9.06 lifts:  7%/1.49 ring: 80%/8.90 sngspa:  5%/1.57 sngspa:  4%/1.62 tunnel: 47%/12.17
[it  3740/4000           ppo] rew +0.0064 vl    4.860 ent -1.712 kl 0.0028 spd 0.677 jmp 0.148 lo 0.0 6246s | window: 98%/4.45 ralow: 76%/8.99 lifts:  8%/1.56 ring: 83%/8.92 sngspa:  6%/1.32 sngspa:  4%/1.74 tunnel: 45%/12.17
[it  3750/4000           ppo] rew +0.0058 vl    5.005 ent -1.707 kl 0.0030 spd 0.684 jmp 0.146 lo 0.0 6264s | window: 97%/4.45 ralow: 79%/9.06 lifts:  8%/1.39 ring: 81%/8.86 sngspa:  6%/1.40 sngspa:  4%/1.81 tunnel: 48%/12.21
[it  3760/4000           ppo] rew +0.0061 vl    4.981 ent -1.712 kl 0.0027 spd 0.673 jmp 0.153 lo 0.0 6280s | window: 97%/4.44 ralow: 74%/9.02 lifts:  8%/1.50 ring: 82%/8.88 sngspa:  6%/1.49 sngspa:  4%/1.54 tunnel: 49%/12.15
[it  3770/4000           ppo] rew +0.0074 vl    4.992 ent -1.712 kl 0.0027 spd 0.683 jmp 0.152 lo 0.0 6297s | window: 97%/4.44 ralow: 74%/8.93 lifts:  7%/1.33 ring: 80%/8.82 sngspa:  5%/1.53 sngspa:  5%/1.69 tunnel: 46%/12.10
[it  3780/4000           ppo] rew +0.0068 vl    5.006 ent -1.718 kl 0.0029 spd 0.675 jmp 0.144 lo 0.0 6314s | window: 98%/4.42 ralow: 72%/8.95 lifts:  9%/1.42 ring: 83%/8.82 sngspa:  4%/1.43 sngspa:  4%/1.62 tunnel: 44%/12.15
[it  3790/4000           ppo] rew +0.0071 vl    4.874 ent -1.723 kl 0.0026 spd 0.691 jmp 0.148 lo 0.0 6331s | window: 97%/4.45 ralow: 76%/9.00 lifts:  8%/1.19 ring: 82%/8.86 sngspa:  7%/1.57 sngspa:  5%/1.72 tunnel: 45%/12.07
[it  3800/4000           ppo] rew +0.0060 vl    4.876 ent -1.723 kl 0.0028 spd 0.679 jmp 0.148 lo 0.0 6347s | window: 97%/4.45 ralow: 78%/8.97 lifts:  9%/1.41 ring: 81%/8.86 sngspa:  5%/1.78 sngspa:  4%/1.67 tunnel: 50%/12.22
[it  3810/4000           ppo] rew +0.0072 vl    4.946 ent -1.724 kl 0.0029 spd 0.683 jmp 0.149 lo 0.0 6364s | window: 97%/4.44 ralow: 75%/9.03 lifts:  9%/1.60 ring: 82%/8.85 sngspa:  5%/1.58 sngspa:  5%/1.60 tunnel: 47%/12.08
[it  3820/4000           ppo] rew +0.0080 vl    4.798 ent -1.726 kl 0.0027 spd 0.689 jmp 0.147 lo 0.0 6381s | window: 97%/4.44 ralow: 77%/8.97 lifts:  7%/1.58 ring: 82%/8.83 sngspa:  5%/1.36 sngspa:  3%/1.43 tunnel: 44%/12.03
[it  3830/4000           ppo] rew +0.0082 vl    4.891 ent -1.721 kl 0.0027 spd 0.689 jmp 0.153 lo 0.0 6398s | window: 97%/4.42 ralow: 79%/8.96 lifts:  9%/1.45 ring: 82%/8.82 sngspa:  4%/1.64 sngspa:  4%/1.73 tunnel: 49%/12.03
[it  3840/4000           ppo] rew +0.0081 vl    4.948 ent -1.725 kl 0.0026 spd 0.689 jmp 0.153 lo 0.0 6415s | window: 97%/4.42 ralow: 79%/8.89 lifts:  8%/1.39 ring: 82%/8.83 sngspa:  7%/1.51 sngspa:  4%/1.61 tunnel: 50%/11.93
[it  3850/4000           ppo] rew +0.0087 vl    4.856 ent -1.718 kl 0.0028 spd 0.692 jmp 0.155 lo 0.0 6432s | window: 97%/4.42 ralow: 79%/8.93 lifts:  6%/1.44 ring: 83%/8.79 sngspa:  6%/1.38 sngspa:  4%/1.59 tunnel: 50%/12.11
[it  3860/4000           ppo] rew +0.0080 vl    4.919 ent -1.723 kl 0.0030 spd 0.691 jmp 0.151 lo 0.0 6449s | window: 98%/4.44 ralow: 78%/8.93 lifts:  8%/1.40 ring: 82%/8.83 sngspa:  6%/1.57 sngspa:  5%/1.83 tunnel: 50%/11.98
[it  3870/4000           ppo] rew +0.0078 vl    4.918 ent -1.724 kl 0.0025 spd 0.690 jmp 0.152 lo 0.0 6465s | window: 98%/4.42 ralow: 78%/9.00 lifts: 10%/1.26 ring: 82%/8.85 sngspa:  5%/1.44 sngspa:  4%/1.58 tunnel: 50%/12.01
[it  3880/4000           ppo] rew +0.0076 vl    5.027 ent -1.719 kl 0.0023 spd 0.684 jmp 0.153 lo 0.0 6482s | window: 97%/4.41 ralow: 77%/8.99 lifts:  9%/1.39 ring: 81%/8.81 sngspa:  5%/1.51 sngspa:  5%/1.63 tunnel: 50%/12.11
[it  3890/4000           ppo] rew +0.0087 vl    4.967 ent -1.721 kl 0.0027 spd 0.696 jmp 0.153 lo 0.0 6499s | window: 97%/4.41 ralow: 76%/8.97 lifts: 11%/1.58 ring: 83%/8.75 sngspa:  7%/1.47 sngspa:  6%/1.61 tunnel: 49%/12.04
[it  3900/4000           ppo] rew +0.0076 vl    4.963 ent -1.723 kl 0.0031 spd 0.685 jmp 0.156 lo 0.0 6516s | window: 98%/4.42 ralow: 78%/8.93 lifts:  8%/1.36 ring: 83%/8.71 sngspa:  6%/1.54 sngspa:  4%/1.62 tunnel: 52%/12.08
[it  3910/4000           ppo] rew +0.0078 vl    4.954 ent -1.722 kl 0.0025 spd 0.690 jmp 0.159 lo 0.0 6533s | window: 98%/4.41 ralow: 74%/8.89 lifts:  9%/1.41 ring: 81%/8.64 sngspa:  6%/1.53 sngspa:  4%/1.61 tunnel: 49%/12.01
[it  3920/4000           ppo] rew +0.0067 vl    4.687 ent -1.727 kl 0.0024 spd 0.683 jmp 0.157 lo 0.0 6550s | window: 98%/4.41 ralow: 76%/8.88 lifts:  8%/1.39 ring: 82%/8.68 sngspa:  7%/1.46 sngspa:  5%/1.53 tunnel: 47%/11.97
[it  3930/4000           ppo] rew +0.0077 vl    4.901 ent -1.730 kl 0.0028 spd 0.690 jmp 0.157 lo 0.0 6567s | window: 97%/4.41 ralow: 73%/8.93 lifts: 11%/1.46 ring: 82%/8.68 sngspa:  7%/1.70 sngspa:  4%/1.67 tunnel: 46%/12.07
[it  3940/4000           ppo] rew +0.0094 vl    4.909 ent -1.729 kl 0.0032 spd 0.694 jmp 0.155 lo 0.0 6584s | window: 97%/4.40 ralow: 74%/8.88 lifts:  9%/1.48 ring: 81%/8.72 sngspa:  7%/1.50 sngspa:  5%/1.97 tunnel: 48%/12.00
[it  3950/4000           ppo] rew +0.0073 vl    4.901 ent -1.730 kl 0.0027 spd 0.683 jmp 0.155 lo 0.0 6600s | window: 98%/4.41 ralow: 76%/8.86 lifts:  7%/1.34 ring: 82%/8.69 sngspa:  5%/1.47 sngspa:  5%/1.67 tunnel: 47%/11.83
[it  3960/4000           ppo] rew +0.0074 vl    5.044 ent -1.735 kl 0.0025 spd 0.679 jmp 0.153 lo 0.0 6618s | window: 97%/4.41 ralow: 75%/8.83 lifts:  8%/1.41 ring: 81%/8.68 sngspa:  6%/1.31 sngspa:  4%/1.68 tunnel: 48%/12.04
[it  3970/4000           ppo] rew +0.0072 vl    5.033 ent -1.738 kl 0.0023 spd 0.681 jmp 0.152 lo 0.0 6634s | window: 97%/4.42 ralow: 74%/8.82 lifts:  9%/1.33 ring: 81%/8.69 sngspa:  6%/1.37 sngspa:  3%/1.51 tunnel: 44%/11.89
[it  3980/4000           ppo] rew +0.0076 vl    4.891 ent -1.737 kl 0.0024 spd 0.694 jmp 0.151 lo 0.0 6651s | window: 97%/4.41 ralow: 75%/8.79 lifts:  8%/1.27 ring: 81%/8.64 sngspa:  5%/1.25 sngspa:  4%/1.62 tunnel: 45%/11.85
[it  3990/4000           ppo] rew +0.0088 vl    5.081 ent -1.742 kl 0.0024 spd 0.693 jmp 0.148 lo 0.0 6668s | window: 97%/4.41 ralow: 75%/8.81 lifts:  9%/1.41 ring: 83%/8.67 sngspa:  7%/1.51 sngspa:  4%/1.58 tunnel: 48%/12.01
[it  4000/4000           ppo] rew +0.0080 vl    4.756 ent -1.742 kl 0.0023 spd 0.693 jmp 0.144 lo 0.0 6685s | window: 97%/4.40 ralow: 76%/8.88 lifts:  8%/1.39 ring: 82%/8.65 sngspa:  5%/1.32 sngspa:  4%/1.43 tunnel: 53%/11.97
saved /home/benjamin-adm/rex-ml/pipeline/out/race/race_v5.pt
