### [1/3] rtx repo
5df7da8 Merge pull request #10 from Xerialen/meganav-plus-telemetry
### [2/3] uv env + torch
Using CPython 3.12.3 interpreter at: /usr/bin/python3.12
Creating virtual environment at: .venv
Activate with: source .venv/bin/activate
Resolved 34 packages in 429ms
Downloading networkx (2.0MiB)
Downloading nvidia-cufile (1.2MiB)
Downloading nvidia-cuda-cupti (10.2MiB)
Downloading nvidia-curand (56.8MiB)
Downloading sympy (6.0MiB)
Downloading nvidia-cuda-runtime (2.1MiB)
Downloading numpy (15.9MiB)
Downloading polars-runtime-32 (54.6MiB)
Downloading nvidia-cusolver (191.6MiB)
Downloading nvidia-cuda-nvrtc (86.0MiB)
Downloading torch (502.2MiB)
Downloading nvidia-cufft (204.2MiB)
Downloading triton (188.6MiB)
Downloading nvidia-nvshmem-cu13 (57.6MiB)
Downloading nvidia-cudnn-cu13 (349.2MiB)
Downloading nvidia-cusparselt-cu13 (162.3MiB)
Downloading nvidia-cusparse (139.2MiB)
Downloading nvidia-cublas (403.5MiB)
Downloading pyarrow (47.8MiB)
Downloading nvidia-nvjitlink (38.9MiB)
Downloading cuda-bindings (6.3MiB)
Downloading nvidia-nccl-cu13 (196.4MiB)
 Downloaded nvidia-cufile
 Downloaded nvidia-cuda-runtime
 Downloaded networkx
 Downloaded cuda-bindings
 Downloaded nvidia-cuda-cupti
 Downloaded numpy
 Downloaded sympy
 Downloaded nvidia-nvjitlink
 Downloaded pyarrow
 Downloaded polars-runtime-32
 Downloaded nvidia-curand
 Downloaded nvidia-nvshmem-cu13
 Downloaded nvidia-cuda-nvrtc
 Downloaded nvidia-cusparse
 Downloaded nvidia-cusparselt-cu13
 Downloaded triton
 Downloaded nvidia-cusolver
 Downloaded nvidia-nccl-cu13
 Downloaded nvidia-cufft
 Downloaded nvidia-cudnn-cu13
 Downloaded nvidia-cublas
 Downloaded torch
Prepared 34 packages in 29.02s
Installed 34 packages in 3.28s
 + cuda-bindings==13.3.1
 + cuda-pathfinder==1.6.0
 + cuda-toolkit==13.0.3.0
 + filelock==3.32.0
 + fsspec==2026.6.0
 + jinja2==3.1.6
 + markupsafe==3.0.3
 + mpmath==1.3.0
 + networkx==3.6.1
 + numpy==2.5.1
 + nvidia-cublas==13.1.1.3
 + nvidia-cuda-cupti==13.0.85
 + nvidia-cuda-nvrtc==13.0.88
 + nvidia-cuda-runtime==13.0.96
 + nvidia-cudnn-cu13==9.20.0.48
 + nvidia-cufft==12.0.0.61
 + nvidia-cufile==1.15.1.6
 + nvidia-curand==10.4.0.35
 + nvidia-cusolver==12.0.4.66
 + nvidia-cusparse==12.6.3.3
 + nvidia-cusparselt-cu13==0.8.1
 + nvidia-nccl-cu13==2.29.7
 + nvidia-nvjitlink==13.3.33
 + nvidia-nvshmem-cu13==3.4.5
 + nvidia-nvtx==13.0.85
 + polars==1.43.1
 + polars-runtime-32==1.43.1
 + pyarrow==25.0.0
 + setuptools==83.0.0
 + sympy==1.14.0
 + torch==2.13.0
 + tqdm==4.70.0
 + triton==3.7.1
 + typing-extensions==4.16.0
### [3/3] verify
torch 2.13.0+cu130 cuda True NVIDIA H100 NVL
    Finished `dev` profile [unoptimized + debuginfo] target(s) in 16.37s
warning: the following packages contain code that will be rejected by a future version of Rust: binrw v0.15.1
note: to see what the problems were, use the option `--future-incompat-report`, or run `cargo report future-incompatibilities --id 1`
/dev/mapper/ubuntu--vg-ubuntu--root  891G  704G  187G  80% /
### STEP1-SETUP-DONE
