rutt                   källa      körn       n  tick<1u   EP<1u   EP<2u   EP<4u  ep-min
lifts_to_sng_mega      människa     24    4039    2.87%   95.8%   95.8%  100.0%     0.5
lifts_to_sng_mega      bot           8    3050   29.64%  100.0%  100.0%  100.0%     0.5
ralow_to_ratop         människa     24    3070   13.32%  100.0%  100.0%  100.0%     0.5
ralow_to_ratop         bot           8    4753   11.11%  100.0%  100.0%  100.0%     0.5
ring_to_ratop          människa     24    2869   11.19%  100.0%  100.0%  100.0%     0.5
ring_to_ratop          bot           8    4468   19.18%  100.0%  100.0%  100.0%     0.5
sngspawn_a_to_mega     människa     24    9906   10.29%  100.0%  100.0%  100.0%     0.5
sngspawn_a_to_mega     bot           8    3103   21.72%  100.0%  100.0%  100.0%     0.5
sngspawn_b_to_mega     människa     24    9906   10.29%  100.0%  100.0%  100.0%     0.5
sngspawn_b_to_mega     bot           8    3955   21.26%  100.0%  100.0%  100.0%     0.5
tunnel_to_ra           människa      8    3445   12.10%  100.0%  100.0%  100.0%     0.5
tunnel_to_ra           bot           8    6366   13.34%  100.0%  100.0%  100.0%     0.5
window_to_rl           människa     24    2520    0.91%   33.3%   41.7%   45.8%     4.0
window_to_rl           bot           8    2438    0.25%   62.5%  100.0%  100.0%     0.5

rutt                     H p50   H p95  BOT p50  BOT p95     utfall
lifts_to_sng_mega        2.19%   4.61%   30.67%   32.20%    utanför
ralow_to_ratop          15.03%  19.39%   11.13%   12.25%   INNANFÖR
ring_to_ratop           11.11%  17.10%   19.84%   20.43%    utanför
sngspawn_a_to_mega       6.86%  22.03%   21.63%   25.95%   INNANFÖR
sngspawn_b_to_mega       6.86%  22.03%   21.20%   25.41%   INNANFÖR
tunnel_to_ra            14.82%  24.05%   13.88%   14.30%   INNANFÖR
window_to_rl             0.00%   5.50%    0.33%    0.55%   INNANFÖR
skrev /home/benjamin-adm/rex-ml/evidence/wall_band.json

skrev /home/benjamin-adm/rex-ml/evidence/wall_clearance.json
