rutt                   källa      körn       n  tick<1u   EP<1u   EP<2u   EP<4u  ep-min
lifts_to_sng_mega      människa     24    4039    2.87%   95.8%   95.8%  100.0%     0.5
lifts_to_sng_mega      bot          24    9231   27.64%  100.0%  100.0%  100.0%     0.5
ralow_to_ratop         människa     24    3070   13.32%  100.0%  100.0%  100.0%     0.5
ralow_to_ratop         bot          24   14229   11.10%  100.0%  100.0%  100.0%     0.5
ring_to_ratop          människa     24    2869   11.19%  100.0%  100.0%  100.0%     0.5
ring_to_ratop          bot          24   13453   19.77%  100.0%  100.0%  100.0%     0.5
sngspawn_a_to_mega     människa     24    9906   10.29%  100.0%  100.0%  100.0%     0.5
sngspawn_a_to_mega     bot          24    9400   21.83%  100.0%  100.0%  100.0%     0.5
sngspawn_b_to_mega     människa     24    9906   10.29%  100.0%  100.0%  100.0%     0.5
sngspawn_b_to_mega     bot          24   12124   23.33%  100.0%  100.0%  100.0%     0.5
tunnel_to_ra           människa      8    3445   12.10%  100.0%  100.0%  100.0%     0.5
tunnel_to_ra           bot          24   19059   14.04%  100.0%  100.0%  100.0%     0.5
window_to_rl           människa     24    2520    0.91%   33.3%   41.7%   45.8%     4.0
window_to_rl           bot          24    7277    0.26%   54.2%   91.7%  100.0%     0.5

rutt                     H p50   H p95  BOT p50  BOT p95     utfall
lifts_to_sng_mega        2.19%   4.61%   27.94%   33.30%    utanför
ralow_to_ratop          15.03%  19.39%   11.09%   12.29%   INNANFÖR
ring_to_ratop           11.11%  17.10%   19.88%   21.02%    utanför
sngspawn_a_to_mega       6.86%  22.03%   21.83%   26.22%   INNANFÖR
sngspawn_b_to_mega       6.86%  22.03%   23.36%   27.45%    utanför
tunnel_to_ra            14.82%  24.05%   14.21%   14.95%   INNANFÖR
window_to_rl             0.00%   5.50%    0.33%    0.66%   INNANFÖR

skrev /home/benjamin-adm/rex-ml/evidence/wall_clearance.json
