rutt                    ingång   arr%  median            ci95     p90  värsta   skrap    band  luft%  n_eff
window_to_rl                 0  100.0    4.06  [4.065, 4.078]    4.09    4.13   0.00%   5.50%  69.2%     48
window_to_rl                 1  100.0    0.88  [0.883, 0.896]    0.94    1.45   0.00%   5.50%  59.6%     45
ralow_to_ratop               0  100.0    7.92  [7.916, 7.935]    7.96    8.01  16.00%  19.39%  55.1%     48
ralow_to_ratop               1  100.0    5.65  [5.636, 5.662]    5.71    5.77  10.33%  19.39%  55.4%     48
ralow_to_ratop               2   93.8    2.26   [2.26, 2.273]    2.27    2.30  12.67%  19.39%  67.9%     48
ralow_to_ratop               3  100.0    3.21  [3.195, 3.221]    3.67    3.73  13.33%  19.39%  55.3%     48
lifts_to_sng_mega            0   47.9    5.87  [5.857, 5.883]    5.90    6.27  19.33%   4.61%  73.8%     48
lifts_to_sng_mega            1   89.6    5.75   [5.74, 5.766]    6.14    6.18  10.00%   4.61%  68.4%     48
lifts_to_sng_mega            2   route start Vec3(-501.3, 265.3, 154.7) does not 
lifts_to_sng_mega            3  100.0    1.16  [1.149, 1.156]    1.17    1.18   6.29%   4.61%  59.1%     48
ring_to_ratop                0  100.0    7.57  [7.545, 7.571]    7.64    7.78  11.33%  17.10%  49.9%     48
ring_to_ratop                1  100.0    5.65  [5.636, 5.662]    5.71    5.77  10.00%  17.10%  55.3%     48
ring_to_ratop                2   91.7    2.25   [2.247, 2.26]    2.27    2.31  12.00%  17.10%  70.8%     48
ring_to_ratop                3  100.0    3.21  [3.195, 3.221]    3.26    3.75  13.67%  17.10%  56.0%     48
sngspawn_a_to_mega           0   93.8    5.95  [5.909, 6.312]    6.35    6.94  10.67%  22.03%  63.9%     48
sngspawn_a_to_mega           1   79.2    5.77  [5.753, 5.909]    6.16    6.18  11.00%  22.03%  73.7%     48
sngspawn_a_to_mega           2   route start Vec3(-501.3, 265.3, 154.7) does not 
sngspawn_a_to_mega           3  100.0    1.15  [1.091, 1.156]    1.17    1.18   5.23%  22.03%  59.4%     46
sngspawn_b_to_mega           0   91.7    7.42  [7.403, 7.513]    7.81    7.83  11.67%  22.03%  61.4%     48
sngspawn_b_to_mega           1   85.4    5.77   [5.74, 5.961]    6.16    6.30  10.00%  22.03%  70.4%     48
sngspawn_b_to_mega           2   route start Vec3(-501.3, 265.3, 154.7) does not 
sngspawn_b_to_mega           3  100.0    1.14  [1.097, 1.156]    1.17    1.17   3.21%  22.03%  59.4%     46
tunnel_to_ra                 0   75.0   10.55 [10.532, 10.558]   10.58   10.69  17.33%  24.05%  45.0%     48
tunnel_to_ra                 1  100.0    5.65  [5.636, 5.662]    5.69    5.73  10.00%  24.05%  55.4%     48
tunnel_to_ra                 2  100.0    2.26   [2.26, 2.273]    2.28    2.31  12.67%  24.05%  55.1%     48
tunnel_to_ra                 3  100.0    3.21  [3.195, 3.221]    3.36    3.73  13.33%  24.05%  56.3%     48

COVERAGE WARNINGS
  window_to_rl: the navmesh models a single approach to this target, so no route table built on it can test more than one way in; the map itself has more
  lifts_to_sng_mega: 3 of 4 modelled approaches to the target were exercised
  sngspawn_a_to_mega: 3 of 4 modelled approaches to the target were exercised
  sngspawn_b_to_mega: 3 of 4 modelled approaches to the target were exercised

1/7 rutter klarar det strikta provet; skrev /home/benjamin-adm/rex-ml/pipeline/out/strict/strict_race_v7.json
