rutt                    ingång   arr%  median            ci95     p90  värsta   skrap    band  luft%  n_eff
window_to_rl                 0  100.0    5.65  [5.649, 5.649]    5.66    5.82  37.33%   5.50%  27.6%     48
window_to_rl                 1  100.0    0.77  [0.766, 0.766]    0.78    0.81   0.00%   5.50%   1.7%     28
ralow_to_ratop               0  100.0    8.81  [8.779, 8.825]    8.99    9.09  41.33%  19.39%  34.7%     48
ralow_to_ratop               1   97.9    5.86  [5.844, 5.896]    6.02    6.18  38.00%  19.39%  37.6%     48
ralow_to_ratop               2    0.0       -    [None, None]       -       -  35.00%  19.39%   6.4%     48
ralow_to_ratop               3  100.0    3.50  [3.429, 3.513]    3.58    3.70  22.00%  19.39%  52.8%     48
lifts_to_sng_mega            0    0.0       -    [None, None]       -       -  50.67%   4.61%   5.8%     48
lifts_to_sng_mega            1    0.0       -    [None, None]       -       -   7.33%   4.61%  78.9%     48
lifts_to_sng_mega            2   route start Vec3(-501.3, 265.3, 154.7) does not 
lifts_to_sng_mega            3    0.0       -    [None, None]       -       -  30.00%   4.61%  71.3%     48
ring_to_ratop                0  100.0    8.02  [7.968, 8.091]    8.26    8.38  37.33%  17.10%  28.4%     48
ring_to_ratop                1  100.0    5.86  [5.857, 5.948]    6.04    6.18  38.67%  17.10%  39.1%     48
ring_to_ratop                2    0.0       -    [None, None]       -       -  38.71%  17.10%   7.2%     48
ring_to_ratop                3  100.0    3.50  [3.461, 3.519]    3.61    3.69  24.00%  17.10%  52.5%     48
sngspawn_a_to_mega           0    0.0       -    [None, None]       -       -   6.33%  22.03%  79.6%     48
sngspawn_a_to_mega           1    0.0       -    [None, None]       -       -   7.33%  22.03%  80.2%     48
sngspawn_a_to_mega           2   route start Vec3(-501.3, 265.3, 154.7) does not 
sngspawn_a_to_mega           3    0.0       -    [None, None]       -       -  30.77%  22.03%  75.5%     48
sngspawn_b_to_mega           0    0.0       -    [None, None]       -       -  17.00%  22.03%  71.9%     48
sngspawn_b_to_mega           1    0.0       -    [None, None]       -       -   7.00%  22.03%  81.0%     48
sngspawn_b_to_mega           2   route start Vec3(-501.3, 265.3, 154.7) does not 
sngspawn_b_to_mega           3    0.0       -    [None, None]       -       -  29.11%  22.03%  65.7%     48
tunnel_to_ra                 0  100.0   10.91 [10.883, 10.968]   11.05   11.13  35.00%  24.05%  28.0%     48
tunnel_to_ra                 1  100.0    5.88  [5.857, 5.974]    6.05    6.18  38.33%  24.05%  38.3%     48
tunnel_to_ra                 2    0.0       -    [None, None]       -       -  38.88%  24.05%   4.5%     48
tunnel_to_ra                 3  100.0    3.52  [3.429, 3.532]    3.65    3.71  22.00%  24.05%  51.3%     48

COVERAGE WARNINGS
  window_to_rl: the navmesh models a single approach to this target, so no route table built on it can test more than one way in; the map itself has more
  lifts_to_sng_mega: 3 of 4 modelled approaches to the target were exercised
  sngspawn_a_to_mega: 3 of 4 modelled approaches to the target were exercised
  sngspawn_b_to_mega: 3 of 4 modelled approaches to the target were exercised

0/7 rutter klarar det strikta provet; skrev /home/benjamin-adm/rex-ml/pipeline/out/strict/strict_race_v6.json
