rutt                    ingång   arr%  median            ci95     p90  värsta   skrap    band   hölje ev.band  luft%  n_eff
window_to_rl                 0  100.0    4.08  [4.065, 4.078]    4.10    4.40   0.00%   5.50%   355.0    40.2  69.1%     48
window_to_rl                 1  100.0    0.88   [0.87, 0.883]    0.91    1.25   0.00%   5.50%    34.9    40.2  63.5%     47
ralow_to_ratop               0  100.0    7.94  [7.922, 7.948]    7.97    8.05  16.00%  19.39%   248.5    47.8  55.0%     48
ralow_to_ratop               1  100.0    5.66  [5.649, 5.675]    5.70    5.74  10.67%  19.39%   248.6    47.8  55.3%     48
ralow_to_ratop               2  100.0    2.26   [2.26, 2.273]    2.28    2.30  12.67%  19.39%    50.9    47.8  55.1%     48
ralow_to_ratop               3  100.0    3.21  [3.201, 3.221]    3.66    3.74  12.67%  19.39%    50.8    47.8  55.5%     48
lifts_to_sng_mega            0   31.2    5.87   [5.857, 5.87]    5.89    5.90  17.00%   4.61%   323.2    23.6  78.1%     48
lifts_to_sng_mega            1   91.7    5.74  [5.727, 5.747]    6.14    6.18  10.00%   4.61%    34.0    23.6  67.7%     48
lifts_to_sng_mega            2   route start Vec3(-501.3, 265.3, 154.7) does not 
lifts_to_sng_mega            3  100.0    1.15  [1.084, 1.156]    1.17    1.18   6.45%   4.61%    20.9    23.6  59.6%     42
ring_to_ratop                0  100.0    7.56  [7.545, 7.578]    7.64    7.66  11.33%  17.10%   250.4    84.3  49.9%     48
ring_to_ratop                1  100.0    5.66  [5.649, 5.675]    5.73    5.74  10.00%  17.10%   252.0    84.3  55.3%     48
ring_to_ratop                2   97.9    2.26   [2.26, 2.273]    2.29    2.31  12.67%  17.10%    27.3    84.3  60.4%     48
ring_to_ratop                3  100.0    3.21  [3.208, 3.221]    3.32    3.66  14.00%  17.10%    28.1    84.3  56.0%     48
sngspawn_a_to_mega           0   89.6    5.96  [5.922, 6.286]    6.35    6.95  10.00%  22.03%    33.6    51.2  65.7%     48
sngspawn_a_to_mega           1   89.6    5.74  [5.727, 5.753]    6.14    6.19  10.00%  22.03%    44.5    51.2  69.6%     48
sngspawn_a_to_mega           2   route start Vec3(-501.3, 265.3, 154.7) does not 
sngspawn_a_to_mega           3  100.0    1.16  [1.143, 1.156]    1.17    1.18   5.06%  22.03%    49.0    51.2  59.3%     46
sngspawn_b_to_mega           0   91.7    7.42  [7.403, 7.429]    7.81    7.83  11.33%  22.03%    49.8    51.2  61.4%     48
sngspawn_b_to_mega           1   91.7    5.75  [5.727, 5.792]    6.15    6.21  11.33%  22.03%    44.7    51.2  67.2%     48
sngspawn_b_to_mega           2   route start Vec3(-501.3, 265.3, 154.7) does not 
sngspawn_b_to_mega           3  100.0    1.16  [1.039, 1.156]    1.17    1.18   6.33%  22.03%    49.0    51.2  59.6%     44
tunnel_to_ra                 0   79.2   10.55 [10.532, 10.571]   10.63   10.66  18.33%  24.05%   161.3   110.7  44.3%     48
tunnel_to_ra                 1  100.0    5.65  [5.636, 5.662]    5.69    5.71  10.00%  24.05%   163.6   110.7  55.4%     48
tunnel_to_ra                 2   93.8    2.26   [2.26, 2.273]    2.28    2.29  12.49%  24.05%    41.2   110.7  70.2%     48
tunnel_to_ra                 3  100.0    3.21  [3.208, 3.221]    3.26    3.65  13.33%  24.05%    37.3   110.7  56.0%     48

COVERAGE WARNINGS
  window_to_rl: the navmesh models a single approach to this target, so no route table built on it can test more than one way in; the map itself has more
  lifts_to_sng_mega: 3 of 4 modelled approaches to the target were exercised
  sngspawn_a_to_mega: 3 of 4 modelled approaches to the target were exercised
  sngspawn_b_to_mega: 3 of 4 modelled approaches to the target were exercised

0/7 rutter klarar det strikta provet; skrev /home/benjamin-adm/rex-ml/pipeline/out/strict/strict_race_v7_env2.json
