rutt                    ingång   arr%  median            ci95     p90  värsta   skrap    band  luft%  n_eff
window_to_rl                 0  100.0    4.52  [4.441, 4.571]    4.64    5.17   6.00%   5.50%  62.9%     48
window_to_rl                 1  100.0    1.25  [0.877, 1.273]    1.29    1.32   6.28%   5.50%  59.3%     44
ralow_to_ratop               0  100.0    8.31  [8.299, 8.318]    8.36    8.39  10.67%  19.39%  52.5%     48
ralow_to_ratop               1  100.0    5.62   [5.61, 5.636]    5.72    5.82  12.67%  19.39%  55.5%     48
ralow_to_ratop               2    2.1    2.26    [2.26, 2.26]    2.26    2.26  10.00%  19.39%  79.9%     48
ralow_to_ratop               3  100.0    3.20  [3.182, 3.221]    3.25    3.64  18.00%  19.39%  57.0%     48
lifts_to_sng_mega            0    0.0       -    [None, None]       -       -  30.67%   4.61%  16.2%     48
lifts_to_sng_mega            1    0.0       -    [None, None]       -       -  27.33%   4.61%   9.8%     48
lifts_to_sng_mega            2   route start Vec3(-501.3, 265.3, 154.7) does not 
lifts_to_sng_mega            3  100.0    1.47  [1.455, 1.481]    1.49    1.56  19.39%   4.61%  46.4%     48
ring_to_ratop                0  100.0    8.02  [7.987, 8.052]    8.55    9.21  19.67%  17.10%  46.5%     48
ring_to_ratop                1   97.9    5.65  [5.636, 5.675]    5.73    5.86  12.67%  17.10%  56.8%     48
ring_to_ratop                2    2.1    2.21  [2.208, 2.208]    2.21    2.21  11.33%  17.10%  80.7%     48
ring_to_ratop                3  100.0    3.21  [3.195, 3.221]    3.25    3.30  18.00%  17.10%  57.1%     48
sngspawn_a_to_mega           0    0.0       -    [None, None]       -       -  23.33%  22.03%  10.0%     48
sngspawn_a_to_mega           1    0.0       -    [None, None]       -       -  27.33%  22.03%   8.9%     48
sngspawn_a_to_mega           2   route start Vec3(-501.3, 265.3, 154.7) does not 
sngspawn_a_to_mega           3  100.0    1.49  [1.474, 1.494]    1.52    1.65  19.19%  22.03%  45.2%     48
sngspawn_b_to_mega           0    0.0       -    [None, None]       -       -  24.33%  22.03%  15.0%     48
sngspawn_b_to_mega           1    0.0       -    [None, None]       -       -  25.67%  22.03%   8.5%     48
sngspawn_b_to_mega           2   route start Vec3(-501.3, 265.3, 154.7) does not 
sngspawn_b_to_mega           3  100.0    1.48  [1.468, 1.481]    1.51    1.74  19.15%  22.03%  46.2%     48
tunnel_to_ra                 0  100.0   11.38 [11.338, 11.403]   11.44   11.48  14.00%  24.05%  40.9%     48
tunnel_to_ra                 1   97.9    5.64  [5.623, 5.649]    5.74    5.94  12.67%  24.05%  57.5%     48
tunnel_to_ra                 2    8.3    2.23  [2.221, 2.234]    2.23    2.23  10.67%  24.05%  81.5%     48
tunnel_to_ra                 3  100.0    3.19  [3.195, 3.208]    3.25    3.26  17.33%  24.05%  57.1%     48

COVERAGE WARNINGS
  window_to_rl: the navmesh models a single approach to this target, so no route table built on it can test more than one way in; the map itself has more
  lifts_to_sng_mega: 3 of 4 modelled approaches to the target were exercised
  sngspawn_a_to_mega: 3 of 4 modelled approaches to the target were exercised
  sngspawn_b_to_mega: 3 of 4 modelled approaches to the target were exercised

0/7 rutter klarar det strikta provet; skrev /home/benjamin-adm/rex-ml/pipeline/out/strict/strict_race_v5_77hz.json
