rutt                    ingång   arr%  median            ci95     p90  värsta   skrap    band   hölje ev.band  luft%  n_eff
window_to_rl                 0  100.0    4.06  [4.065, 4.078]    4.09    4.52   0.00%   5.50%   351.4    40.2  69.1%     48
window_to_rl                 1  100.0    0.88    [0.87, 0.89]    0.94    1.45   0.00%   5.50%   177.9    40.2  52.6%     45
ralow_to_ratop               0  100.0    7.94  [7.922, 7.942]    7.96    8.00  16.67%  19.39%   247.0    47.8  55.0%     48
ralow_to_ratop               1  100.0    5.65  [5.636, 5.662]    5.71    5.75  10.33%  19.39%   247.7    47.8  55.3%     48
ralow_to_ratop               2  100.0    2.26   [2.26, 2.266]    2.29    2.31  12.33%  19.39%    51.1    47.8  55.0%     48
ralow_to_ratop               3  100.0    3.21  [3.195, 3.221]    3.68    3.84  13.33%  19.39%    51.0    47.8  55.9%     48
lifts_to_sng_mega            0   27.1    5.86   [5.844, 5.87]    5.93    6.09  18.00%   4.61%   324.7    23.6  76.6%     48
lifts_to_sng_mega            1   85.4    5.75  [5.727, 5.896]    6.16    6.25  10.33%   4.61%   527.8    23.6  70.2%     48
lifts_to_sng_mega            2   route start Vec3(-501.3, 265.3, 154.7) does not 
lifts_to_sng_mega            3  100.0    1.14  [1.039, 1.156]    1.17    1.17   5.10%   4.61%    98.7    23.6  60.1%     44
ring_to_ratop                0  100.0    7.55  [7.545, 7.565]    7.65    7.71  12.00%  17.10%   250.8    84.3  50.0%     48
ring_to_ratop                1  100.0    5.65  [5.636, 5.662]    5.71    5.79  10.00%  17.10%   251.5    84.3  55.3%     48
ring_to_ratop                2   93.8    2.26   [2.26, 2.273]    2.28    2.30  12.67%  17.10%    27.4    84.3  69.2%     48
ring_to_ratop                3  100.0    3.21  [3.195, 3.221]    3.66    3.73  13.33%  17.10%    28.6    84.3  55.9%     48
sngspawn_a_to_mega           0   83.3    5.95  [5.909, 6.299]    6.35    6.96   9.67%  22.03%    35.9    51.2  69.7%     48
sngspawn_a_to_mega           1   83.3    5.75  [5.727, 5.766]    6.14    6.25  10.00%  22.03%    44.5    51.2  71.9%     48
sngspawn_a_to_mega           2   route start Vec3(-501.3, 265.3, 154.7) does not 
sngspawn_a_to_mega           3  100.0    1.14  [1.052, 1.156]    1.17    1.18   5.77%  22.03%    73.7    51.2  59.6%     45
sngspawn_b_to_mega           0   79.2    7.44  [7.416, 7.799]    7.84    8.27  12.00%  22.03%    50.3    51.2  66.4%     48
sngspawn_b_to_mega           1   87.5    5.73  [5.714, 5.753]    6.13    6.45  10.67%  22.03%    44.6    51.2  69.9%     48
sngspawn_b_to_mega           2   route start Vec3(-501.3, 265.3, 154.7) does not 
sngspawn_b_to_mega           3  100.0    1.16  [1.052, 1.156]    1.17    1.18   6.49%  22.03%    73.7    51.2  59.6%     40
tunnel_to_ra                 0   83.3   10.55 [10.532, 10.565]   10.60   10.62  18.67%  24.05%   164.1   110.7  44.5%     48
tunnel_to_ra                 1  100.0    5.66  [5.656, 5.675]    5.70    5.73  10.00%  24.05%   167.2   110.7  55.3%     48
tunnel_to_ra                 2   95.8    2.27   [2.26, 2.273]    2.27    2.30  12.67%  24.05%    41.2   110.7  66.6%     48
tunnel_to_ra                 3  100.0    3.21  [3.195, 3.221]    3.68    3.75  13.33%  24.05%    36.8   110.7  55.7%     48

COVERAGE WARNINGS
  window_to_rl: the navmesh models a single approach to this target, so no route table built on it can test more than one way in; the map itself has more
  lifts_to_sng_mega: 3 of 4 modelled approaches to the target were exercised
  sngspawn_a_to_mega: 3 of 4 modelled approaches to the target were exercised
  sngspawn_b_to_mega: 3 of 4 modelled approaches to the target were exercised

0/7 rutter klarar det strikta provet; skrev /home/benjamin-adm/rex-ml/pipeline/out/strict/strict_race_v7_env.json
