rutt                    ingång   arr%  median            ci95     p90  värsta   skrap    band  luft%  n_eff
window_to_rl                 0  100.0    4.29  [4.284, 4.298]    4.33    4.34   0.00%   5.50%  66.0%     48
window_to_rl                 1  100.0    1.09  [0.882, 1.302]    1.31    1.79   3.41%   5.50%  60.1%     40
ralow_to_ratop               0   97.9    8.34   [8.33, 8.372]    8.40    8.43  10.67%  19.39%  52.8%     48
ralow_to_ratop               1  100.0    5.63  [5.628, 5.649]    5.68    5.91  12.33%  19.39%  55.6%     48
ralow_to_ratop               2   33.3    2.25   [2.24, 2.261]    2.27    2.28  10.65%  19.39%  79.2%     48
ralow_to_ratop               3  100.0    3.21   [3.192, 3.22]    3.27    3.61  17.33%  19.39%  57.1%     48
lifts_to_sng_mega            0    0.0       -    [None, None]       -       -  28.00%   4.61%  16.0%     48
lifts_to_sng_mega            1    0.0       -    [None, None]       -       -  24.00%   4.61%   8.1%     41
lifts_to_sng_mega            2   route start Vec3(-501.3, 265.3, 154.7) does not 
lifts_to_sng_mega            3  100.0    1.50  [1.484, 1.505]    1.53    1.55  18.89%   4.61%  44.5%     47
ring_to_ratop                0  100.0    8.01  [7.994, 8.036]    8.09    8.39  20.00%  17.10%  47.1%     48
ring_to_ratop                1  100.0    5.63  [5.614, 5.649]    5.70    5.77  12.67%  17.10%  55.6%     48
ring_to_ratop                2   31.2    2.25   [2.24, 2.268]    2.27    2.27  10.67%  17.10%  80.9%     48
ring_to_ratop                3  100.0    3.21  [3.192, 3.234]    3.26    3.33  18.33%  17.10%  57.3%     48
sngspawn_a_to_mega           0    0.0       -    [None, None]       -       -  21.33%  22.03%   9.1%     48
sngspawn_a_to_mega           1    0.0       -    [None, None]       -       -  24.67%  22.03%   7.6%     42
sngspawn_a_to_mega           2   route start Vec3(-501.3, 265.3, 154.7) does not 
sngspawn_a_to_mega           3  100.0    1.47  [1.428, 1.498]    1.53    1.55  17.86%  22.03%  45.2%     48
sngspawn_b_to_mega           0    0.0       -    [None, None]       -       -  22.00%  22.03%  14.6%     48
sngspawn_b_to_mega           1    0.0       -    [None, None]       -       -  25.33%  22.03%   8.6%     47
sngspawn_b_to_mega           2   route start Vec3(-501.3, 265.3, 154.7) does not 
sngspawn_b_to_mega           3   97.9    1.50  [1.484, 1.512]    1.54    1.83  19.53%  22.03%  36.4%     48
tunnel_to_ra                 0   97.9   11.20 [11.13, 11.256]   11.40   11.49  12.67%  24.05%  41.6%     48
tunnel_to_ra                 1  100.0    5.63  [5.628, 5.656]    5.68    5.84  12.67%  24.05%  55.6%     48
tunnel_to_ra                 2   22.9    2.24   [2.24, 2.268]    2.28    2.30  10.00%  24.05%  82.9%     48
tunnel_to_ra                 3  100.0    3.21  [3.206, 3.234]    3.28    3.58  18.00%  24.05%  56.8%     48

COVERAGE WARNINGS
  window_to_rl: the navmesh models a single approach to this target, so no route table built on it can test more than one way in; the map itself has more
  lifts_to_sng_mega: 3 of 4 modelled approaches to the target were exercised
  sngspawn_a_to_mega: 3 of 4 modelled approaches to the target were exercised
  sngspawn_b_to_mega: 3 of 4 modelled approaches to the target were exercised

1/7 rutter klarar det strikta provet; skrev /home/benjamin-adm/rex-ml/pipeline/out/strict/strict_race_v5_band.json
