rutt                    ingång   arr%  median            ci95     p90  värsta  vägg  luft%  n_eff
window_to_rl                 0  100.0    4.28  [4.263, 4.298]    4.32    4.35    23  66.1%     48
window_to_rl                 1  100.0    1.27  [0.889, 1.302]    1.32    1.36    28  57.8%     42
ralow_to_ratop               0  100.0    8.34   [8.33, 8.372]    8.40    8.51    48  52.3%     48
ralow_to_ratop               1  100.0    5.63  [5.628, 5.649]    5.70    5.84    48  55.6%     48
ralow_to_ratop               2   22.9    2.24   [2.24, 2.254]    2.25    2.27    48  80.5%     48
ralow_to_ratop               3  100.0    3.21   [3.192, 3.22]    3.25    3.64    48  57.0%     48
lifts_to_sng_mega            0    0.0       -    [None, None]       -       -    48  15.1%     48
lifts_to_sng_mega            1    0.0       -    [None, None]       -       -    48   8.2%     41
lifts_to_sng_mega            2   route start Vec3(-501.3, 265.3, 154.7) does not 
lifts_to_sng_mega            3  100.0    1.48  [1.463, 1.498]    1.53    1.93    48  44.7%     48
ring_to_ratop                0  100.0    8.04   [8.008, 8.05]    8.10    8.22    48  47.0%     48
ring_to_ratop                1  100.0    5.64  [5.614, 5.656]    5.72    5.85    48  55.5%     48
ring_to_ratop                2   41.7    2.25  [2.233, 2.254]    2.27    2.30    48  79.9%     48
ring_to_ratop                3  100.0    3.19  [3.185, 3.213]    3.23    3.37    48  57.3%     48
sngspawn_a_to_mega           0    0.0       -    [None, None]       -       -    48   8.8%     48
sngspawn_a_to_mega           1    0.0       -    [None, None]       -       -    48   8.2%     46
sngspawn_a_to_mega           2   route start Vec3(-501.3, 265.3, 154.7) does not 
sngspawn_a_to_mega           3  100.0    1.48   [1.47, 1.498]    1.53    1.55    48  44.9%     48
sngspawn_b_to_mega           0    0.0       -    [None, None]       -       -    48  14.9%     48
sngspawn_b_to_mega           1    0.0       -    [None, None]       -       -    48   8.6%     45
sngspawn_b_to_mega           2   route start Vec3(-501.3, 265.3, 154.7) does not 
sngspawn_b_to_mega           3   95.8    1.50  [1.484, 1.512]    1.54    1.79    48  30.6%     48
tunnel_to_ra                 0   97.9   11.27 [11.144, 11.312]   11.38   11.45    48  42.9%     48
tunnel_to_ra                 1  100.0    5.64  [5.628, 5.656]    5.70    5.74    48  55.6%     48
tunnel_to_ra                 2   29.2    2.24  [2.226, 2.254]    2.25    2.25    48  80.7%     48
tunnel_to_ra                 3  100.0    3.19   [3.192, 3.22]    3.26    3.64    48  56.9%     48

COVERAGE WARNINGS
  window_to_rl: the navmesh models a single approach to this target, so no route table built on it can test more than one way in; the map itself has more
  lifts_to_sng_mega: 3 of 4 modelled approaches to the target were exercised
  sngspawn_a_to_mega: 3 of 4 modelled approaches to the target were exercised
  sngspawn_b_to_mega: 3 of 4 modelled approaches to the target were exercised

0/7 rutter klarar det strikta provet; skrev /home/benjamin-adm/rex-ml/pipeline/out/strict/strict_race_v5.json
